已生成: /Users/ray/Documents/New project/dsr-pet/assets/icon.ico（尺寸 (256, 128, 96, 64, 48, 40, 32, 24, 20, 16)）
预览图: /Users/ray/Documents/New project/dsr-pet/assets/icon-preview.png
已生成 iconset: /Users/ray/Documents/New project/dsr-pet/assets/icon.iconset（10 个尺寸）
已生成: /Users/ray/Documents/New project/dsr-pet/assets/icon.icns
==> 构建 seeky· pet.app
53 INFO: PyInstaller: 6.22.3, contrib hooks: 2026.8
53 INFO: Python: 3.13.2
71 INFO: Platform: macOS-26.6.2-arm64-arm-64bit-Mach-O
71 INFO: Python environment: /Users/ray/Library/Caches/dsr-pet-runtime-20261002
72 INFO: wrote /Users/ray/Documents/New project/dsr-pet/seeky· pet.spec
79 INFO: Removing temporary files and cleaning cache in /Users/ray/Library/Application Support/pyinstaller
624 WARNING: collect_data_files - skipping data collection for module 'PySide6.QtMultimedia' as it is not a package.
721 WARNING: collect_dynamic_libs - skipping library collection for module 'PySide6.QtMultimedia' as it is not a package.
1407 INFO: Module search paths (PYTHONPATH):
['/Users/ray/Documents/New project/dsr-pet',
 '/Library/Frameworks/Python.framework/Versions/3.13/lib/python313.zip',
 '/Library/Frameworks/Python.framework/Versions/3.13/lib/python3.13',
 '/Library/Frameworks/Python.framework/Versions/3.13/lib/python3.13/lib-dynload',
 '/Users/ray/Library/Caches/dsr-pet-runtime-20261002/lib/python3.13/site-packages',
 '/Users/ray/Documents/New project/dsr-pet/packaging',
 '/Users/ray/Documents/New project/dsr-pet']
1522 INFO: Appending 'datas' from .spec
1528 INFO: checking Analysis
1529 INFO: Building Analysis because Analysis-00.toc is non existent
1529 INFO: Looking for Python shared library...
1532 INFO: Using Python shared library: /Library/Frameworks/Python.framework/Versions/3.13/Python
1532 INFO: Running Analysis Analysis-00.toc
1532 INFO: Target bytecode optimization level: 0
1532 INFO: Initializing module dependency graph...
1533 INFO: Initializing module graph hook caches...
1540 INFO: Analyzing modules for base_library.zip ...
2051 INFO: Processing standard module hook 'hook-heapq.py' from '/Users/ray/Library/Caches/dsr-pet-runtime-20261002/lib/python3.13/site-packages/PyInstaller/hooks'
2121 INFO: Processing standard module hook 'hook-encodings.py' from '/Users/ray/Library/Caches/dsr-pet-runtime-20261002/lib/python3.13/site-packages/PyInstaller/hooks'
2519 INFO: Processing standard module hook 'hook-math.py' from '/Users/ray/Library/Caches/dsr-pet-runtime-20261002/lib/python3.13/site-packages/PyInstaller/hooks'
3970 INFO: Processing standard module hook 'hook-pickle.py' from '/Users/ray/Library/Caches/dsr-pet-runtime-20261002/lib/python3.13/site-packages/PyInstaller/hooks'
5253 INFO: Caching module dependency graph...
5324 INFO: Analyzing /Users/ray/Documents/New project/dsr-pet/packaging/pet_entry_no_chat.py
5330 INFO: Processing standard module hook 'hook-PySide6.py' from '/Users/ray/Library/Caches/dsr-pet-runtime-20261002/lib/python3.13/site-packages/PyInstaller/hooks'
5445 INFO: Processing standard module hook 'hook-shiboken6.py' from '/Users/ray/Library/Caches/dsr-pet-runtime-20261002/lib/python3.13/site-packages/PyInstaller/hooks'
5571 INFO: Processing standard module hook 'hook-PySide6.QtNetwork.py' from '/Users/ray/Library/Caches/dsr-pet-runtime-20261002/lib/python3.13/site-packages/PyInstaller/hooks'
6612 INFO: Processing standard module hook 'hook-PySide6.QtCore.py' from '/Users/ray/Library/Caches/dsr-pet-runtime-20261002/lib/python3.13/site-packages/PyInstaller/hooks'
7939 INFO: Processing standard module hook 'hook-PySide6.QtGui.py' from '/Users/ray/Library/Caches/dsr-pet-runtime-20261002/lib/python3.13/site-packages/PyInstaller/hooks'
9206 INFO: Processing standard module hook 'hook-PySide6.QtWidgets.py' from '/Users/ray/Library/Caches/dsr-pet-runtime-20261002/lib/python3.13/site-packages/PyInstaller/hooks'
9469 INFO: Processing standard module hook 'hook-_ctypes.py' from '/Users/ray/Library/Caches/dsr-pet-runtime-20261002/lib/python3.13/site-packages/PyInstaller/hooks'
9982 INFO: Processing standard module hook 'hook-multiprocessing.util.py' from '/Users/ray/Library/Caches/dsr-pet-runtime-20261002/lib/python3.13/site-packages/PyInstaller/hooks'
10130 INFO: Processing standard module hook 'hook-xml.py' from '/Users/ray/Library/Caches/dsr-pet-runtime-20261002/lib/python3.13/site-packages/PyInstaller/hooks'
10895 INFO: Processing standard module hook 'hook-psutil.py' from '/Users/ray/Library/Caches/dsr-pet-runtime-20261002/lib/python3.13/site-packages/_pyinstaller_hooks_contrib/stdhooks'
11164 INFO: Processing standard module hook 'hook-platform.py' from '/Users/ray/Library/Caches/dsr-pet-runtime-20261002/lib/python3.13/site-packages/PyInstaller/hooks'
11306 INFO: Processing standard module hook 'hook-PySide6.QtMultimedia.py' from '/Users/ray/Library/Caches/dsr-pet-runtime-20261002/lib/python3.13/site-packages/PyInstaller/hooks'
11457 INFO: Processing standard module hook 'hook-webbrowser.py' from '/Users/ray/Library/Caches/dsr-pet-runtime-20261002/lib/python3.13/site-packages/PyInstaller/hooks'
11539 INFO: Processing standard module hook 'hook-PIL.py' from '/Users/ray/Library/Caches/dsr-pet-runtime-20261002/lib/python3.13/site-packages/PyInstaller/hooks'
11603 INFO: Processing standard module hook 'hook-PIL.Image.py' from '/Users/ray/Library/Caches/dsr-pet-runtime-20261002/lib/python3.13/site-packages/PyInstaller/hooks'
11772 INFO: Processing standard module hook 'hook-xml.etree.cElementTree.py' from '/Users/ray/Library/Caches/dsr-pet-runtime-20261002/lib/python3.13/site-packages/PyInstaller/hooks'
11872 INFO: Processing standard module hook 'hook-PIL.ImageFilter.py' from '/Users/ray/Library/Caches/dsr-pet-runtime-20261002/lib/python3.13/site-packages/PyInstaller/hooks'
12382 INFO: Processing standard module hook 'hook-sqlite3.py' from '/Users/ray/Library/Caches/dsr-pet-runtime-20261002/lib/python3.13/site-packages/PyInstaller/hooks'
12770 INFO: Processing standard module hook 'hook-imageio_ffmpeg.py' from '/Users/ray/Library/Caches/dsr-pet-runtime-20261002/lib/python3.13/site-packages/_pyinstaller_hooks_contrib/stdhooks'
13014 INFO: Processing standard module hook 'hook-zoneinfo.py' from '/Users/ray/Library/Caches/dsr-pet-runtime-20261002/lib/python3.13/site-packages/_pyinstaller_hooks_contrib/stdhooks'
13026 INFO: Processing standard module hook 'hook-sysconfig.py' from '/Users/ray/Library/Caches/dsr-pet-runtime-20261002/lib/python3.13/site-packages/PyInstaller/hooks'
13033 INFO: Processing standard module hook 'hook-_osx_support.py' from '/Users/ray/Library/Caches/dsr-pet-runtime-20261002/lib/python3.13/site-packages/PyInstaller/hooks'
13336 INFO: Processing pre-safe-import-module hook 'hook-typing_extensions.py' from '/Users/ray/Library/Caches/dsr-pet-runtime-20261002/lib/python3.13/site-packages/PyInstaller/hooks/pre_safe_import_module'
13336 INFO: SetuptoolsInfo: initializing cached setuptools info...
13963 INFO: Processing pre-safe-import-module hook 'hook-backports.py' from '/Users/ray/Library/Caches/dsr-pet-runtime-20261002/lib/python3.13/site-packages/PyInstaller/hooks/pre_safe_import_module'
13964 INFO: Setuptools: 'backports' appears to be a full setuptools-vendored copy - creating alias to 'setuptools._vendor.backports'!
13967 INFO: Processing standard module hook 'hook-setuptools.py' from '/Users/ray/Library/Caches/dsr-pet-runtime-20261002/lib/python3.13/site-packages/PyInstaller/hooks'
13973 INFO: Processing pre-safe-import-module hook 'hook-distutils.py' from '/Users/ray/Library/Caches/dsr-pet-runtime-20261002/lib/python3.13/site-packages/PyInstaller/hooks/pre_safe_import_module'
13988 INFO: Processing pre-safe-import-module hook 'hook-jaraco.py' from '/Users/ray/Library/Caches/dsr-pet-runtime-20261002/lib/python3.13/site-packages/PyInstaller/hooks/pre_safe_import_module'
13989 INFO: Setuptools: 'jaraco' appears to be a partial setuptools-vendored copy - extending search paths to ['/Users/ray/Library/Caches/dsr-pet-runtime-20261002/lib/python3.13/site-packages/jaraco', '/Users/ray/Library/Caches/dsr-pet-runtime-20261002/lib/python3.13/site-packages/setuptools/_vendor/jaraco']!
13989 INFO: Processing pre-safe-import-module hook 'hook-jaraco.functools.py' from '/Users/ray/Library/Caches/dsr-pet-runtime-20261002/lib/python3.13/site-packages/PyInstaller/hooks/pre_safe_import_module'
14002 INFO: Processing pre-safe-import-module hook 'hook-more_itertools.py' from '/Users/ray/Library/Caches/dsr-pet-runtime-20261002/lib/python3.13/site-packages/PyInstaller/hooks/pre_safe_import_module'
14114 INFO: Processing pre-safe-import-module hook 'hook-packaging.py' from '/Users/ray/Library/Caches/dsr-pet-runtime-20261002/lib/python3.13/site-packages/PyInstaller/hooks/pre_safe_import_module'
14352 INFO: Processing pre-safe-import-module hook 'hook-jaraco.text.py' from '/Users/ray/Library/Caches/dsr-pet-runtime-20261002/lib/python3.13/site-packages/PyInstaller/hooks/pre_safe_import_module'
14353 INFO: Setuptools: 'jaraco.text' appears to be a setuptools-vendored copy - creating alias to 'setuptools._vendor.jaraco.text'!
14361 INFO: Processing standard module hook 'hook-setuptools._vendor.jaraco.text.py' from '/Users/ray/Library/Caches/dsr-pet-runtime-20261002/lib/python3.13/site-packages/PyInstaller/hooks'
14362 INFO: Processing pre-safe-import-module hook 'hook-importlib_resources.py' from '/Users/ray/Library/Caches/dsr-pet-runtime-20261002/lib/python3.13/site-packages/PyInstaller/hooks/pre_safe_import_module'
14363 INFO: Processing pre-safe-import-module hook 'hook-jaraco.context.py' from '/Users/ray/Library/Caches/dsr-pet-runtime-20261002/lib/python3.13/site-packages/PyInstaller/hooks/pre_safe_import_module'
14760 INFO: Processing pre-safe-import-module hook 'hook-tomli.py' from '/Users/ray/Library/Caches/dsr-pet-runtime-20261002/lib/python3.13/site-packages/PyInstaller/hooks/pre_safe_import_module'
14760 INFO: Setuptools: 'tomli' appears to be a setuptools-vendored copy - creating alias to 'setuptools._vendor.tomli'!
15122 INFO: Processing pre-safe-import-module hook 'hook-wheel.py' from '/Users/ray/Library/Caches/dsr-pet-runtime-20261002/lib/python3.13/site-packages/PyInstaller/hooks/pre_safe_import_module'
15122 INFO: Setuptools: 'wheel' appears to be a setuptools-vendored copy - creating alias to 'setuptools._vendor.wheel'!
15549 INFO: Processing standard module hook 'hook-certifi.py' from '/Users/ray/Library/Caches/dsr-pet-runtime-20261002/lib/python3.13/site-packages/_pyinstaller_hooks_contrib/stdhooks'
15792 INFO: Analyzing hidden import 'imageio_ffmpeg.binaries'
15792 INFO: Analyzing hidden import 'certifi.__main__'
15793 INFO: Analyzing hidden import 'certifi.tests'
15793 INFO: Analyzing hidden import 'certifi.tests.test_certify'
15842 INFO: Processing standard module hook 'hook-difflib.py' from '/Users/ray/Library/Caches/dsr-pet-runtime-20261002/lib/python3.13/site-packages/PyInstaller/hooks'
15874 INFO: Analyzing hidden import 'edge_tts.__main__'
15912 INFO: Analyzing hidden import 'psutil._psaix'
15920 INFO: Analyzing hidden import 'psutil._psbsd'
15933 INFO: Analyzing hidden import 'psutil._pslinux'
15969 INFO: Analyzing hidden import 'psutil._pssunos'
15981 INFO: Analyzing hidden import 'psutil._pswindows'
15996 INFO: Processing module hooks (post-graph stage)...
16253 INFO: Processing standard module hook 'hook-PySide6.QtConcurrent.py' from '/Users/ray/Library/Caches/dsr-pet-runtime-20261002/lib/python3.13/site-packages/PyInstaller/hooks'
16386 INFO: Processing standard module hook 'hook-PySide6.QtMultimediaWidgets.py' from '/Users/ray/Library/Caches/dsr-pet-runtime-20261002/lib/python3.13/site-packages/PyInstaller/hooks'
16746 INFO: Processing standard module hook 'hook-PIL.SpiderImagePlugin.py' from '/Users/ray/Library/Caches/dsr-pet-runtime-20261002/lib/python3.13/site-packages/PyInstaller/hooks'
16849 INFO: Processing standard module hook 'hook-PySide6.QtDBus.py' from '/Users/ray/Library/Caches/dsr-pet-runtime-20261002/lib/python3.13/site-packages/PyInstaller/hooks'
16987 INFO: Performing binary vs. data reclassification (381 entries)
17144 INFO: Looking for ctypes DLLs
17162 WARNING: Library winmm required via ctypes not found
17220 INFO: Analyzing run-time hooks ...
17222 INFO: Including run-time hook 'pyi_rth_inspect.py' from '/Users/ray/Library/Caches/dsr-pet-runtime-20261002/lib/python3.13/site-packages/PyInstaller/hooks/rthooks'
17224 INFO: Including run-time hook 'pyi_rth_pkgutil.py' from '/Users/ray/Library/Caches/dsr-pet-runtime-20261002/lib/python3.13/site-packages/PyInstaller/hooks/rthooks'
17227 INFO: Including run-time hook 'pyi_rth_multiprocessing.py' from '/Users/ray/Library/Caches/dsr-pet-runtime-20261002/lib/python3.13/site-packages/PyInstaller/hooks/rthooks'
17232 INFO: Including run-time hook 'pyi_rth_pyside6.py' from '/Users/ray/Library/Caches/dsr-pet-runtime-20261002/lib/python3.13/site-packages/PyInstaller/hooks/rthooks'
17235 INFO: Processing pre-find-module-path hook 'hook-_pyi_rth_utils.py' from '/Users/ray/Library/Caches/dsr-pet-runtime-20261002/lib/python3.13/site-packages/PyInstaller/hooks/pre_find_module_path'
17237 INFO: Processing standard module hook 'hook-_pyi_rth_utils.py' from '/Users/ray/Library/Caches/dsr-pet-runtime-20261002/lib/python3.13/site-packages/PyInstaller/hooks'
17255 INFO: Creating base_library.zip...
17271 INFO: Looking for dynamic libraries
18030 INFO: Warnings written to /Users/ray/Documents/New project/dsr-pet/build/.pyinstaller/macos/seeky· pet/warn-seeky· pet.txt
18070 INFO: Graph cross-reference written to /Users/ray/Documents/New project/dsr-pet/build/.pyinstaller/macos/seeky· pet/xref-seeky· pet.html
18314 INFO: checking PYZ
18314 INFO: Building PYZ because PYZ-00.toc is non existent
18314 INFO: Building PYZ (ZlibArchive) /Users/ray/Documents/New project/dsr-pet/build/.pyinstaller/macos/seeky· pet/PYZ-00.pyz
18913 INFO: Building PYZ (ZlibArchive) /Users/ray/Documents/New project/dsr-pet/build/.pyinstaller/macos/seeky· pet/PYZ-00.pyz completed successfully.
18924 INFO: EXE target arch: arm64
18924 INFO: Code signing identity: None
18926 INFO: checking PKG
18926 INFO: Building PKG because PKG-00.toc is non existent
18926 INFO: Building PKG (CArchive) seeky· pet.pkg
18943 INFO: Building PKG (CArchive) seeky· pet.pkg completed successfully.
18944 INFO: Bootloader /Users/ray/Library/Caches/dsr-pet-runtime-20261002/lib/python3.13/site-packages/PyInstaller/bootloader/Darwin-64bit/runw
18944 INFO: checking EXE
18944 INFO: Building EXE because EXE-00.toc is non existent
18944 INFO: Building EXE from EXE-00.toc
18944 INFO: Copying bootloader EXE to /Users/ray/Documents/New project/dsr-pet/build/.pyinstaller/macos/seeky· pet/seeky· pet
18945 INFO: Converting EXE to target arch (arm64)
18998 INFO: Removing signature(s) from EXE
19031 INFO: Modifying Mach-O image UUID(s) in EXE
19037 INFO: Appending PKG archive to EXE
19039 INFO: Fixing EXE headers for code signing
19045 INFO: Rewriting the executable's macOS SDK version (26.2.0) to match the SDK version of the Python library (14.5.0) in order to avoid inconsistent behavior and potential UI issues in the frozen application.
19045 INFO: Re-signing the EXE
19071 INFO: Building EXE from EXE-00.toc completed successfully.
19077 INFO: checking COLLECT
19077 INFO: Building COLLECT because COLLECT-00.toc is non existent
19077 INFO: Building COLLECT COLLECT-00.toc
27534 INFO: Building COLLECT COLLECT-00.toc completed successfully.
27545 INFO: checking BUNDLE
27545 INFO: Building BUNDLE because BUNDLE-00.toc is non existent
27545 INFO: Building BUNDLE BUNDLE-00.toc
31188 INFO: Signing the BUNDLE...
33270 INFO: Building BUNDLE BUNDLE-00.toc completed successfully.
33277 INFO: Build complete! The results are available in: /Users/ray/Library/Caches/dsr-pet-build/macos
[encoding-check] 扫描产物目录: /Users/ray/Library/Caches/dsr-pet-build/macos/seeky· pet.app
[encoding-check] PASS: 中文编码检查全部通过（字面量/资源/文件名原样保持 UTF-8）
bridge zero-dependency smoke: import + envelope + source bans OK
[bridge] running zero-dependency import smoke on bundle copy...
[bridge] zero-dependency bundle OK
/Users/ray/Library/Caches/dsr-pet-build/macos/seeky· pet.app: replacing existing signature
macOS 构建完成：/Users/ray/Library/Caches/dsr-pet-build/macos
