已生成: /Users/ray/Documents/New project/dsr-pet/assets/icon.ico（尺寸 (256, 128, 96, 64, 48, 40, 32, 24, 20, 16)）
预览图: /Users/ray/Documents/New project/dsr-pet/assets/icon-preview.png
已生成 iconset: /Users/ray/Documents/New project/dsr-pet/assets/icon.iconset（10 个尺寸）
已生成: /Users/ray/Documents/New project/dsr-pet/assets/icon.icns
==> 构建 dsr · pet.app
55 INFO: PyInstaller: 6.22.3, contrib hooks: 2026.8
55 INFO: Python: 3.13.2
65 INFO: Platform: macOS-26.6.2-arm64-arm-64bit-Mach-O
65 INFO: Python environment: /Users/ray/Library/Caches/dsr-pet-runtime-20261002
66 INFO: wrote /Users/ray/Documents/New project/dsr-pet/dsr · pet.spec
68 INFO: Removing temporary files and cleaning cache in /Users/ray/Library/Application Support/pyinstaller
432 WARNING: collect_data_files - skipping data collection for module 'PySide6.QtMultimedia' as it is not a package.
488 WARNING: collect_dynamic_libs - skipping library collection for module 'PySide6.QtMultimedia' as it is not a package.
943 INFO: Module search paths (PYTHONPATH):
['/Users/ray/Documents/New project/dsr-pet',
 '/Library/Frameworks/Python.framework/Versions/3.13/lib/python313.zip',
 '/Library/Frameworks/Python.framework/Versions/3.13/lib/python3.13',
 '/Library/Frameworks/Python.framework/Versions/3.13/lib/python3.13/lib-dynload',
 '/Users/ray/Library/Caches/dsr-pet-runtime-20261002/lib/python3.13/site-packages',
 '/Users/ray/Documents/New project/dsr-pet/packaging',
 '/Users/ray/Documents/New project/dsr-pet']
1019 INFO: Appending 'datas' from .spec
1026 INFO: checking Analysis
1026 INFO: Building Analysis because Analysis-00.toc is non existent
1026 INFO: Looking for Python shared library...
1028 INFO: Using Python shared library: /Library/Frameworks/Python.framework/Versions/3.13/Python
1028 INFO: Running Analysis Analysis-00.toc
1028 INFO: Target bytecode optimization level: 0
1029 INFO: Initializing module dependency graph...
1029 INFO: Initializing module graph hook caches...
1036 INFO: Analyzing modules for base_library.zip ...
1401 INFO: Processing standard module hook 'hook-encodings.py' from '/Users/ray/Library/Caches/dsr-pet-runtime-20261002/lib/python3.13/site-packages/PyInstaller/hooks'
1633 INFO: Processing standard module hook 'hook-math.py' from '/Users/ray/Library/Caches/dsr-pet-runtime-20261002/lib/python3.13/site-packages/PyInstaller/hooks'
2189 INFO: Processing standard module hook 'hook-pickle.py' from '/Users/ray/Library/Caches/dsr-pet-runtime-20261002/lib/python3.13/site-packages/PyInstaller/hooks'
2643 INFO: Processing standard module hook 'hook-heapq.py' from '/Users/ray/Library/Caches/dsr-pet-runtime-20261002/lib/python3.13/site-packages/PyInstaller/hooks'
2865 INFO: Caching module dependency graph...
2881 INFO: Analyzing /Users/ray/Documents/New project/dsr-pet/packaging/pet_entry_no_chat.py
2886 INFO: Processing standard module hook 'hook-PySide6.py' from '/Users/ray/Library/Caches/dsr-pet-runtime-20261002/lib/python3.13/site-packages/PyInstaller/hooks'
2969 INFO: Processing standard module hook 'hook-shiboken6.py' from '/Users/ray/Library/Caches/dsr-pet-runtime-20261002/lib/python3.13/site-packages/PyInstaller/hooks'
3057 INFO: Processing standard module hook 'hook-PySide6.QtNetwork.py' from '/Users/ray/Library/Caches/dsr-pet-runtime-20261002/lib/python3.13/site-packages/PyInstaller/hooks'
3574 INFO: Processing standard module hook 'hook-PySide6.QtCore.py' from '/Users/ray/Library/Caches/dsr-pet-runtime-20261002/lib/python3.13/site-packages/PyInstaller/hooks'
4106 INFO: Processing standard module hook 'hook-PySide6.QtGui.py' from '/Users/ray/Library/Caches/dsr-pet-runtime-20261002/lib/python3.13/site-packages/PyInstaller/hooks'
4626 INFO: Processing standard module hook 'hook-PySide6.QtWidgets.py' from '/Users/ray/Library/Caches/dsr-pet-runtime-20261002/lib/python3.13/site-packages/PyInstaller/hooks'
4815 INFO: Processing standard module hook 'hook-_ctypes.py' from '/Users/ray/Library/Caches/dsr-pet-runtime-20261002/lib/python3.13/site-packages/PyInstaller/hooks'
5082 INFO: Processing standard module hook 'hook-multiprocessing.util.py' from '/Users/ray/Library/Caches/dsr-pet-runtime-20261002/lib/python3.13/site-packages/PyInstaller/hooks'
5126 INFO: Processing standard module hook 'hook-xml.py' from '/Users/ray/Library/Caches/dsr-pet-runtime-20261002/lib/python3.13/site-packages/PyInstaller/hooks'
5477 INFO: Processing standard module hook 'hook-psutil.py' from '/Users/ray/Library/Caches/dsr-pet-runtime-20261002/lib/python3.13/site-packages/_pyinstaller_hooks_contrib/stdhooks'
5593 INFO: Processing standard module hook 'hook-platform.py' from '/Users/ray/Library/Caches/dsr-pet-runtime-20261002/lib/python3.13/site-packages/PyInstaller/hooks'
5655 INFO: Processing standard module hook 'hook-PySide6.QtMultimedia.py' from '/Users/ray/Library/Caches/dsr-pet-runtime-20261002/lib/python3.13/site-packages/PyInstaller/hooks'
5785 INFO: Processing standard module hook 'hook-webbrowser.py' from '/Users/ray/Library/Caches/dsr-pet-runtime-20261002/lib/python3.13/site-packages/PyInstaller/hooks'
5851 INFO: Processing standard module hook 'hook-PIL.py' from '/Users/ray/Library/Caches/dsr-pet-runtime-20261002/lib/python3.13/site-packages/PyInstaller/hooks'
5908 INFO: Processing standard module hook 'hook-PIL.Image.py' from '/Users/ray/Library/Caches/dsr-pet-runtime-20261002/lib/python3.13/site-packages/PyInstaller/hooks'
6045 INFO: Processing standard module hook 'hook-xml.etree.cElementTree.py' from '/Users/ray/Library/Caches/dsr-pet-runtime-20261002/lib/python3.13/site-packages/PyInstaller/hooks'
6135 INFO: Processing standard module hook 'hook-PIL.ImageFilter.py' from '/Users/ray/Library/Caches/dsr-pet-runtime-20261002/lib/python3.13/site-packages/PyInstaller/hooks'
6528 INFO: Processing standard module hook 'hook-sqlite3.py' from '/Users/ray/Library/Caches/dsr-pet-runtime-20261002/lib/python3.13/site-packages/PyInstaller/hooks'
6834 INFO: Processing standard module hook 'hook-imageio_ffmpeg.py' from '/Users/ray/Library/Caches/dsr-pet-runtime-20261002/lib/python3.13/site-packages/_pyinstaller_hooks_contrib/stdhooks'
7054 INFO: Processing standard module hook 'hook-zoneinfo.py' from '/Users/ray/Library/Caches/dsr-pet-runtime-20261002/lib/python3.13/site-packages/_pyinstaller_hooks_contrib/stdhooks'
7064 INFO: Processing standard module hook 'hook-sysconfig.py' from '/Users/ray/Library/Caches/dsr-pet-runtime-20261002/lib/python3.13/site-packages/PyInstaller/hooks'
7071 INFO: Processing standard module hook 'hook-_osx_support.py' from '/Users/ray/Library/Caches/dsr-pet-runtime-20261002/lib/python3.13/site-packages/PyInstaller/hooks'
7347 INFO: Processing pre-safe-import-module hook 'hook-typing_extensions.py' from '/Users/ray/Library/Caches/dsr-pet-runtime-20261002/lib/python3.13/site-packages/PyInstaller/hooks/pre_safe_import_module'
7348 INFO: SetuptoolsInfo: initializing cached setuptools info...
7881 INFO: Processing pre-safe-import-module hook 'hook-backports.py' from '/Users/ray/Library/Caches/dsr-pet-runtime-20261002/lib/python3.13/site-packages/PyInstaller/hooks/pre_safe_import_module'
7881 INFO: Setuptools: 'backports' appears to be a full setuptools-vendored copy - creating alias to 'setuptools._vendor.backports'!
7884 INFO: Processing standard module hook 'hook-setuptools.py' from '/Users/ray/Library/Caches/dsr-pet-runtime-20261002/lib/python3.13/site-packages/PyInstaller/hooks'
7890 INFO: Processing pre-safe-import-module hook 'hook-distutils.py' from '/Users/ray/Library/Caches/dsr-pet-runtime-20261002/lib/python3.13/site-packages/PyInstaller/hooks/pre_safe_import_module'
7904 INFO: Processing pre-safe-import-module hook 'hook-jaraco.py' from '/Users/ray/Library/Caches/dsr-pet-runtime-20261002/lib/python3.13/site-packages/PyInstaller/hooks/pre_safe_import_module'
7904 INFO: Setuptools: 'jaraco' appears to be a partial setuptools-vendored copy - extending search paths to ['/Users/ray/Library/Caches/dsr-pet-runtime-20261002/lib/python3.13/site-packages/jaraco', '/Users/ray/Library/Caches/dsr-pet-runtime-20261002/lib/python3.13/site-packages/setuptools/_vendor/jaraco']!
7904 INFO: Processing pre-safe-import-module hook 'hook-jaraco.functools.py' from '/Users/ray/Library/Caches/dsr-pet-runtime-20261002/lib/python3.13/site-packages/PyInstaller/hooks/pre_safe_import_module'
7916 INFO: Processing pre-safe-import-module hook 'hook-more_itertools.py' from '/Users/ray/Library/Caches/dsr-pet-runtime-20261002/lib/python3.13/site-packages/PyInstaller/hooks/pre_safe_import_module'
7988 INFO: Processing pre-safe-import-module hook 'hook-packaging.py' from '/Users/ray/Library/Caches/dsr-pet-runtime-20261002/lib/python3.13/site-packages/PyInstaller/hooks/pre_safe_import_module'
8116 INFO: Processing pre-safe-import-module hook 'hook-jaraco.text.py' from '/Users/ray/Library/Caches/dsr-pet-runtime-20261002/lib/python3.13/site-packages/PyInstaller/hooks/pre_safe_import_module'
8117 INFO: Setuptools: 'jaraco.text' appears to be a setuptools-vendored copy - creating alias to 'setuptools._vendor.jaraco.text'!
8122 INFO: Processing standard module hook 'hook-setuptools._vendor.jaraco.text.py' from '/Users/ray/Library/Caches/dsr-pet-runtime-20261002/lib/python3.13/site-packages/PyInstaller/hooks'
8122 INFO: Processing pre-safe-import-module hook 'hook-importlib_resources.py' from '/Users/ray/Library/Caches/dsr-pet-runtime-20261002/lib/python3.13/site-packages/PyInstaller/hooks/pre_safe_import_module'
8122 INFO: Processing pre-safe-import-module hook 'hook-jaraco.context.py' from '/Users/ray/Library/Caches/dsr-pet-runtime-20261002/lib/python3.13/site-packages/PyInstaller/hooks/pre_safe_import_module'
8416 INFO: Processing pre-safe-import-module hook 'hook-tomli.py' from '/Users/ray/Library/Caches/dsr-pet-runtime-20261002/lib/python3.13/site-packages/PyInstaller/hooks/pre_safe_import_module'
8417 INFO: Setuptools: 'tomli' appears to be a setuptools-vendored copy - creating alias to 'setuptools._vendor.tomli'!
8690 INFO: Processing pre-safe-import-module hook 'hook-wheel.py' from '/Users/ray/Library/Caches/dsr-pet-runtime-20261002/lib/python3.13/site-packages/PyInstaller/hooks/pre_safe_import_module'
8691 INFO: Setuptools: 'wheel' appears to be a setuptools-vendored copy - creating alias to 'setuptools._vendor.wheel'!
8966 INFO: Processing standard module hook 'hook-certifi.py' from '/Users/ray/Library/Caches/dsr-pet-runtime-20261002/lib/python3.13/site-packages/_pyinstaller_hooks_contrib/stdhooks'
9182 INFO: Analyzing hidden import 'imageio_ffmpeg.binaries'
9182 INFO: Analyzing hidden import 'certifi.__main__'
9183 INFO: Analyzing hidden import 'certifi.tests'
9183 INFO: Analyzing hidden import 'certifi.tests.test_certify'
9229 INFO: Processing standard module hook 'hook-difflib.py' from '/Users/ray/Library/Caches/dsr-pet-runtime-20261002/lib/python3.13/site-packages/PyInstaller/hooks'
9258 INFO: Analyzing hidden import 'edge_tts.__main__'
9294 INFO: Analyzing hidden import 'psutil._psaix'
9303 INFO: Analyzing hidden import 'psutil._psbsd'
9315 INFO: Analyzing hidden import 'psutil._pslinux'
9348 INFO: Analyzing hidden import 'psutil._pssunos'
9360 INFO: Analyzing hidden import 'psutil._pswindows'
9375 INFO: Processing module hooks (post-graph stage)...
9626 INFO: Processing standard module hook 'hook-PySide6.QtConcurrent.py' from '/Users/ray/Library/Caches/dsr-pet-runtime-20261002/lib/python3.13/site-packages/PyInstaller/hooks'
9711 INFO: Processing standard module hook 'hook-PySide6.QtMultimediaWidgets.py' from '/Users/ray/Library/Caches/dsr-pet-runtime-20261002/lib/python3.13/site-packages/PyInstaller/hooks'
9933 INFO: Processing standard module hook 'hook-PIL.SpiderImagePlugin.py' from '/Users/ray/Library/Caches/dsr-pet-runtime-20261002/lib/python3.13/site-packages/PyInstaller/hooks'
9990 INFO: Processing standard module hook 'hook-PySide6.QtDBus.py' from '/Users/ray/Library/Caches/dsr-pet-runtime-20261002/lib/python3.13/site-packages/PyInstaller/hooks'
10080 INFO: Performing binary vs. data reclassification (381 entries)
10177 INFO: Looking for ctypes DLLs
10188 WARNING: Library winmm required via ctypes not found
10225 INFO: Analyzing run-time hooks ...
10227 INFO: Including run-time hook 'pyi_rth_inspect.py' from '/Users/ray/Library/Caches/dsr-pet-runtime-20261002/lib/python3.13/site-packages/PyInstaller/hooks/rthooks'
10228 INFO: Including run-time hook 'pyi_rth_pkgutil.py' from '/Users/ray/Library/Caches/dsr-pet-runtime-20261002/lib/python3.13/site-packages/PyInstaller/hooks/rthooks'
10229 INFO: Including run-time hook 'pyi_rth_multiprocessing.py' from '/Users/ray/Library/Caches/dsr-pet-runtime-20261002/lib/python3.13/site-packages/PyInstaller/hooks/rthooks'
10230 INFO: Including run-time hook 'pyi_rth_pyside6.py' from '/Users/ray/Library/Caches/dsr-pet-runtime-20261002/lib/python3.13/site-packages/PyInstaller/hooks/rthooks'
10231 INFO: Processing pre-find-module-path hook 'hook-_pyi_rth_utils.py' from '/Users/ray/Library/Caches/dsr-pet-runtime-20261002/lib/python3.13/site-packages/PyInstaller/hooks/pre_find_module_path'
10231 INFO: Processing standard module hook 'hook-_pyi_rth_utils.py' from '/Users/ray/Library/Caches/dsr-pet-runtime-20261002/lib/python3.13/site-packages/PyInstaller/hooks'
10240 INFO: Creating base_library.zip...
10249 INFO: Looking for dynamic libraries
10690 INFO: Warnings written to /Users/ray/Documents/New project/dsr-pet/build/.pyinstaller/macos/dsr · pet/warn-dsr · pet.txt
10707 INFO: Graph cross-reference written to /Users/ray/Documents/New project/dsr-pet/build/.pyinstaller/macos/dsr · pet/xref-dsr · pet.html
10856 INFO: checking PYZ
10856 INFO: Building PYZ because PYZ-00.toc is non existent
10856 INFO: Building PYZ (ZlibArchive) /Users/ray/Documents/New project/dsr-pet/build/.pyinstaller/macos/dsr · pet/PYZ-00.pyz
11208 INFO: Building PYZ (ZlibArchive) /Users/ray/Documents/New project/dsr-pet/build/.pyinstaller/macos/dsr · pet/PYZ-00.pyz completed successfully.
11214 INFO: EXE target arch: arm64
11214 INFO: Code signing identity: None
11215 INFO: checking PKG
11215 INFO: Building PKG because PKG-00.toc is non existent
11215 INFO: Building PKG (CArchive) dsr · pet.pkg
11223 INFO: Building PKG (CArchive) dsr · pet.pkg completed successfully.
11223 INFO: Bootloader /Users/ray/Library/Caches/dsr-pet-runtime-20261002/lib/python3.13/site-packages/PyInstaller/bootloader/Darwin-64bit/runw
11223 INFO: checking EXE
11223 INFO: Building EXE because EXE-00.toc is non existent
11223 INFO: Building EXE from EXE-00.toc
11223 INFO: Copying bootloader EXE to /Users/ray/Documents/New project/dsr-pet/build/.pyinstaller/macos/dsr · pet/dsr · pet
11229 INFO: Converting EXE to target arch (arm64)
11248 INFO: Removing signature(s) from EXE
11264 INFO: Modifying Mach-O image UUID(s) in EXE
11268 INFO: Appending PKG archive to EXE
11270 INFO: Fixing EXE headers for code signing
11273 INFO: Rewriting the executable's macOS SDK version (26.2.0) to match the SDK version of the Python library (14.5.0) in order to avoid inconsistent behavior and potential UI issues in the frozen application.
11274 INFO: Re-signing the EXE
11294 INFO: Building EXE from EXE-00.toc completed successfully.
11297 INFO: checking COLLECT
11297 INFO: Building COLLECT because COLLECT-00.toc is non existent
11297 INFO: Removing dir /Users/ray/Library/Caches/dsr-pet-build/macos/dsr · pet
11363 INFO: Building COLLECT COLLECT-00.toc
18579 INFO: Building COLLECT COLLECT-00.toc completed successfully.
18587 INFO: checking BUNDLE
18587 INFO: Building BUNDLE because BUNDLE-00.toc is non existent
18587 INFO: Removing dir /Users/ray/Library/Caches/dsr-pet-build/macos/dsr · pet.app
18659 INFO: Building BUNDLE BUNDLE-00.toc
21900 INFO: Signing the BUNDLE...
24151 INFO: Building BUNDLE BUNDLE-00.toc completed successfully.
24158 INFO: Build complete! The results are available in: /Users/ray/Library/Caches/dsr-pet-build/macos
[encoding-check] 扫描产物目录: /Users/ray/Library/Caches/dsr-pet-build/macos/dsr · pet.app
[encoding-check] PASS: 中文编码检查全部通过（字面量/资源/文件名原样保持 UTF-8）
bridge zero-dependency smoke: import + envelope + source bans OK
[bridge] running zero-dependency import smoke on bundle copy...
[bridge] zero-dependency bundle OK
/Users/ray/Library/Caches/dsr-pet-build/macos/dsr · pet.app: replacing existing signature
macOS 构建完成：/Users/ray/Library/Caches/dsr-pet-build/macos
