已生成: /Users/ray/Documents/New project/dsr-pet/assets/icon.ico（尺寸 (256, 128, 96, 64, 48, 40, 32, 24, 20, 16)）
预览图: /Users/ray/Documents/New project/dsr-pet/assets/icon-preview.png
已生成 iconset: /Users/ray/Documents/New project/dsr-pet/assets/icon.iconset（10 个尺寸）
已生成: /Users/ray/Documents/New project/dsr-pet/assets/icon.icns
==> 构建 dsr · pet.app
70 INFO: PyInstaller: 6.22.3, contrib hooks: 2026.8
70 INFO: Python: 3.13.2
80 INFO: Platform: macOS-26.6.2-arm64-arm-64bit-Mach-O
80 INFO: Python environment: /Users/ray/Library/Caches/dsr-pet-runtime-20261002
82 INFO: wrote /Users/ray/Documents/New project/dsr-pet/dsr · pet.spec
89 INFO: Removing temporary files and cleaning cache in /Users/ray/Library/Application Support/pyinstaller
490 WARNING: collect_data_files - skipping data collection for module 'PySide6.QtMultimedia' as it is not a package.
558 WARNING: collect_dynamic_libs - skipping library collection for module 'PySide6.QtMultimedia' as it is not a package.
1092 INFO: Module search paths (PYTHONPATH):
['/Users/ray/Documents/New project/dsr-pet',
 '/Library/Frameworks/Python.framework/Versions/3.13/lib/python313.zip',
 '/Library/Frameworks/Python.framework/Versions/3.13/lib/python3.13',
 '/Library/Frameworks/Python.framework/Versions/3.13/lib/python3.13/lib-dynload',
 '/Users/ray/Library/Caches/dsr-pet-runtime-20261002/lib/python3.13/site-packages',
 '/Users/ray/Documents/New project/dsr-pet/packaging',
 '/Users/ray/Documents/New project/dsr-pet']
1173 INFO: Appending 'datas' from .spec
1180 INFO: checking Analysis
1180 INFO: Building Analysis because Analysis-00.toc is non existent
1180 INFO: Looking for Python shared library...
1183 INFO: Using Python shared library: /Library/Frameworks/Python.framework/Versions/3.13/Python
1183 INFO: Running Analysis Analysis-00.toc
1183 INFO: Target bytecode optimization level: 0
1183 INFO: Initializing module dependency graph...
1184 INFO: Initializing module graph hook caches...
1192 INFO: Analyzing modules for base_library.zip ...
1540 INFO: Processing standard module hook 'hook-heapq.py' from '/Users/ray/Library/Caches/dsr-pet-runtime-20261002/lib/python3.13/site-packages/PyInstaller/hooks'
1589 INFO: Processing standard module hook 'hook-encodings.py' from '/Users/ray/Library/Caches/dsr-pet-runtime-20261002/lib/python3.13/site-packages/PyInstaller/hooks'
1833 INFO: Processing standard module hook 'hook-math.py' from '/Users/ray/Library/Caches/dsr-pet-runtime-20261002/lib/python3.13/site-packages/PyInstaller/hooks'
2482 INFO: Processing standard module hook 'hook-pickle.py' from '/Users/ray/Library/Caches/dsr-pet-runtime-20261002/lib/python3.13/site-packages/PyInstaller/hooks'
3171 INFO: Caching module dependency graph...
3189 INFO: Analyzing /Users/ray/Documents/New project/dsr-pet/packaging/pet_entry_no_chat.py
3194 INFO: Processing standard module hook 'hook-PySide6.py' from '/Users/ray/Library/Caches/dsr-pet-runtime-20261002/lib/python3.13/site-packages/PyInstaller/hooks'
3286 INFO: Processing standard module hook 'hook-shiboken6.py' from '/Users/ray/Library/Caches/dsr-pet-runtime-20261002/lib/python3.13/site-packages/PyInstaller/hooks'
3376 INFO: Processing standard module hook 'hook-PySide6.QtNetwork.py' from '/Users/ray/Library/Caches/dsr-pet-runtime-20261002/lib/python3.13/site-packages/PyInstaller/hooks'
3942 INFO: Processing standard module hook 'hook-PySide6.QtCore.py' from '/Users/ray/Library/Caches/dsr-pet-runtime-20261002/lib/python3.13/site-packages/PyInstaller/hooks'
4485 INFO: Processing standard module hook 'hook-PySide6.QtGui.py' from '/Users/ray/Library/Caches/dsr-pet-runtime-20261002/lib/python3.13/site-packages/PyInstaller/hooks'
5046 INFO: Processing standard module hook 'hook-PySide6.QtWidgets.py' from '/Users/ray/Library/Caches/dsr-pet-runtime-20261002/lib/python3.13/site-packages/PyInstaller/hooks'
5246 INFO: Processing standard module hook 'hook-_ctypes.py' from '/Users/ray/Library/Caches/dsr-pet-runtime-20261002/lib/python3.13/site-packages/PyInstaller/hooks'
5542 INFO: Processing standard module hook 'hook-multiprocessing.util.py' from '/Users/ray/Library/Caches/dsr-pet-runtime-20261002/lib/python3.13/site-packages/PyInstaller/hooks'
5587 INFO: Processing standard module hook 'hook-xml.py' from '/Users/ray/Library/Caches/dsr-pet-runtime-20261002/lib/python3.13/site-packages/PyInstaller/hooks'
5963 INFO: Processing standard module hook 'hook-psutil.py' from '/Users/ray/Library/Caches/dsr-pet-runtime-20261002/lib/python3.13/site-packages/_pyinstaller_hooks_contrib/stdhooks'
6092 INFO: Processing standard module hook 'hook-platform.py' from '/Users/ray/Library/Caches/dsr-pet-runtime-20261002/lib/python3.13/site-packages/PyInstaller/hooks'
6156 INFO: Processing standard module hook 'hook-PySide6.QtMultimedia.py' from '/Users/ray/Library/Caches/dsr-pet-runtime-20261002/lib/python3.13/site-packages/PyInstaller/hooks'
6300 INFO: Processing standard module hook 'hook-webbrowser.py' from '/Users/ray/Library/Caches/dsr-pet-runtime-20261002/lib/python3.13/site-packages/PyInstaller/hooks'
6376 INFO: Processing standard module hook 'hook-PIL.py' from '/Users/ray/Library/Caches/dsr-pet-runtime-20261002/lib/python3.13/site-packages/PyInstaller/hooks'
6453 INFO: Processing standard module hook 'hook-PIL.Image.py' from '/Users/ray/Library/Caches/dsr-pet-runtime-20261002/lib/python3.13/site-packages/PyInstaller/hooks'
6637 INFO: Processing standard module hook 'hook-xml.etree.cElementTree.py' from '/Users/ray/Library/Caches/dsr-pet-runtime-20261002/lib/python3.13/site-packages/PyInstaller/hooks'
6730 INFO: Processing standard module hook 'hook-PIL.ImageFilter.py' from '/Users/ray/Library/Caches/dsr-pet-runtime-20261002/lib/python3.13/site-packages/PyInstaller/hooks'
7143 INFO: Processing standard module hook 'hook-sqlite3.py' from '/Users/ray/Library/Caches/dsr-pet-runtime-20261002/lib/python3.13/site-packages/PyInstaller/hooks'
7481 INFO: Processing standard module hook 'hook-imageio_ffmpeg.py' from '/Users/ray/Library/Caches/dsr-pet-runtime-20261002/lib/python3.13/site-packages/_pyinstaller_hooks_contrib/stdhooks'
7694 INFO: Processing standard module hook 'hook-zoneinfo.py' from '/Users/ray/Library/Caches/dsr-pet-runtime-20261002/lib/python3.13/site-packages/_pyinstaller_hooks_contrib/stdhooks'
7705 INFO: Processing standard module hook 'hook-sysconfig.py' from '/Users/ray/Library/Caches/dsr-pet-runtime-20261002/lib/python3.13/site-packages/PyInstaller/hooks'
7713 INFO: Processing standard module hook 'hook-_osx_support.py' from '/Users/ray/Library/Caches/dsr-pet-runtime-20261002/lib/python3.13/site-packages/PyInstaller/hooks'
8011 INFO: Processing pre-safe-import-module hook 'hook-typing_extensions.py' from '/Users/ray/Library/Caches/dsr-pet-runtime-20261002/lib/python3.13/site-packages/PyInstaller/hooks/pre_safe_import_module'
8012 INFO: SetuptoolsInfo: initializing cached setuptools info...
8570 INFO: Processing pre-safe-import-module hook 'hook-backports.py' from '/Users/ray/Library/Caches/dsr-pet-runtime-20261002/lib/python3.13/site-packages/PyInstaller/hooks/pre_safe_import_module'
8570 INFO: Setuptools: 'backports' appears to be a full setuptools-vendored copy - creating alias to 'setuptools._vendor.backports'!
8573 INFO: Processing standard module hook 'hook-setuptools.py' from '/Users/ray/Library/Caches/dsr-pet-runtime-20261002/lib/python3.13/site-packages/PyInstaller/hooks'
8583 INFO: Processing pre-safe-import-module hook 'hook-distutils.py' from '/Users/ray/Library/Caches/dsr-pet-runtime-20261002/lib/python3.13/site-packages/PyInstaller/hooks/pre_safe_import_module'
8598 INFO: Processing pre-safe-import-module hook 'hook-jaraco.py' from '/Users/ray/Library/Caches/dsr-pet-runtime-20261002/lib/python3.13/site-packages/PyInstaller/hooks/pre_safe_import_module'
8598 INFO: Setuptools: 'jaraco' appears to be a partial setuptools-vendored copy - extending search paths to ['/Users/ray/Library/Caches/dsr-pet-runtime-20261002/lib/python3.13/site-packages/jaraco', '/Users/ray/Library/Caches/dsr-pet-runtime-20261002/lib/python3.13/site-packages/setuptools/_vendor/jaraco']!
8598 INFO: Processing pre-safe-import-module hook 'hook-jaraco.functools.py' from '/Users/ray/Library/Caches/dsr-pet-runtime-20261002/lib/python3.13/site-packages/PyInstaller/hooks/pre_safe_import_module'
8612 INFO: Processing pre-safe-import-module hook 'hook-more_itertools.py' from '/Users/ray/Library/Caches/dsr-pet-runtime-20261002/lib/python3.13/site-packages/PyInstaller/hooks/pre_safe_import_module'
8689 INFO: Processing pre-safe-import-module hook 'hook-packaging.py' from '/Users/ray/Library/Caches/dsr-pet-runtime-20261002/lib/python3.13/site-packages/PyInstaller/hooks/pre_safe_import_module'
8835 INFO: Processing pre-safe-import-module hook 'hook-jaraco.text.py' from '/Users/ray/Library/Caches/dsr-pet-runtime-20261002/lib/python3.13/site-packages/PyInstaller/hooks/pre_safe_import_module'
8835 INFO: Setuptools: 'jaraco.text' appears to be a setuptools-vendored copy - creating alias to 'setuptools._vendor.jaraco.text'!
8841 INFO: Processing standard module hook 'hook-setuptools._vendor.jaraco.text.py' from '/Users/ray/Library/Caches/dsr-pet-runtime-20261002/lib/python3.13/site-packages/PyInstaller/hooks'
8843 INFO: Processing pre-safe-import-module hook 'hook-importlib_resources.py' from '/Users/ray/Library/Caches/dsr-pet-runtime-20261002/lib/python3.13/site-packages/PyInstaller/hooks/pre_safe_import_module'
8843 INFO: Processing pre-safe-import-module hook 'hook-jaraco.context.py' from '/Users/ray/Library/Caches/dsr-pet-runtime-20261002/lib/python3.13/site-packages/PyInstaller/hooks/pre_safe_import_module'
9174 INFO: Processing pre-safe-import-module hook 'hook-tomli.py' from '/Users/ray/Library/Caches/dsr-pet-runtime-20261002/lib/python3.13/site-packages/PyInstaller/hooks/pre_safe_import_module'
9174 INFO: Setuptools: 'tomli' appears to be a setuptools-vendored copy - creating alias to 'setuptools._vendor.tomli'!
9463 INFO: Processing pre-safe-import-module hook 'hook-wheel.py' from '/Users/ray/Library/Caches/dsr-pet-runtime-20261002/lib/python3.13/site-packages/PyInstaller/hooks/pre_safe_import_module'
9463 INFO: Setuptools: 'wheel' appears to be a setuptools-vendored copy - creating alias to 'setuptools._vendor.wheel'!
9756 INFO: Processing standard module hook 'hook-certifi.py' from '/Users/ray/Library/Caches/dsr-pet-runtime-20261002/lib/python3.13/site-packages/_pyinstaller_hooks_contrib/stdhooks'
9975 INFO: Analyzing hidden import 'imageio_ffmpeg.binaries'
9975 INFO: Analyzing hidden import 'certifi.__main__'
9976 INFO: Analyzing hidden import 'certifi.tests'
9976 INFO: Analyzing hidden import 'certifi.tests.test_certify'
10024 INFO: Processing standard module hook 'hook-difflib.py' from '/Users/ray/Library/Caches/dsr-pet-runtime-20261002/lib/python3.13/site-packages/PyInstaller/hooks'
10053 INFO: Analyzing hidden import 'edge_tts.__main__'
10090 INFO: Analyzing hidden import 'psutil._psaix'
10099 INFO: Analyzing hidden import 'psutil._psbsd'
10111 INFO: Analyzing hidden import 'psutil._pslinux'
10145 INFO: Analyzing hidden import 'psutil._pssunos'
10156 INFO: Analyzing hidden import 'psutil._pswindows'
10171 INFO: Processing module hooks (post-graph stage)...
10421 INFO: Processing standard module hook 'hook-PySide6.QtConcurrent.py' from '/Users/ray/Library/Caches/dsr-pet-runtime-20261002/lib/python3.13/site-packages/PyInstaller/hooks'
10500 INFO: Processing standard module hook 'hook-PySide6.QtMultimediaWidgets.py' from '/Users/ray/Library/Caches/dsr-pet-runtime-20261002/lib/python3.13/site-packages/PyInstaller/hooks'
10740 INFO: Processing standard module hook 'hook-PIL.SpiderImagePlugin.py' from '/Users/ray/Library/Caches/dsr-pet-runtime-20261002/lib/python3.13/site-packages/PyInstaller/hooks'
10802 INFO: Processing standard module hook 'hook-PySide6.QtDBus.py' from '/Users/ray/Library/Caches/dsr-pet-runtime-20261002/lib/python3.13/site-packages/PyInstaller/hooks'
10888 INFO: Performing binary vs. data reclassification (381 entries)
11010 INFO: Looking for ctypes DLLs
11022 WARNING: Library winmm required via ctypes not found
11059 INFO: Analyzing run-time hooks ...
11060 INFO: Including run-time hook 'pyi_rth_inspect.py' from '/Users/ray/Library/Caches/dsr-pet-runtime-20261002/lib/python3.13/site-packages/PyInstaller/hooks/rthooks'
11062 INFO: Including run-time hook 'pyi_rth_pkgutil.py' from '/Users/ray/Library/Caches/dsr-pet-runtime-20261002/lib/python3.13/site-packages/PyInstaller/hooks/rthooks'
11063 INFO: Including run-time hook 'pyi_rth_multiprocessing.py' from '/Users/ray/Library/Caches/dsr-pet-runtime-20261002/lib/python3.13/site-packages/PyInstaller/hooks/rthooks'
11064 INFO: Including run-time hook 'pyi_rth_pyside6.py' from '/Users/ray/Library/Caches/dsr-pet-runtime-20261002/lib/python3.13/site-packages/PyInstaller/hooks/rthooks'
11064 INFO: Processing pre-find-module-path hook 'hook-_pyi_rth_utils.py' from '/Users/ray/Library/Caches/dsr-pet-runtime-20261002/lib/python3.13/site-packages/PyInstaller/hooks/pre_find_module_path'
11066 INFO: Processing standard module hook 'hook-_pyi_rth_utils.py' from '/Users/ray/Library/Caches/dsr-pet-runtime-20261002/lib/python3.13/site-packages/PyInstaller/hooks'
11074 INFO: Creating base_library.zip...
11085 INFO: Looking for dynamic libraries
11613 INFO: Warnings written to /Users/ray/Documents/New project/dsr-pet/build/.pyinstaller/macos/dsr · pet/warn-dsr · pet.txt
11633 INFO: Graph cross-reference written to /Users/ray/Documents/New project/dsr-pet/build/.pyinstaller/macos/dsr · pet/xref-dsr · pet.html
11797 INFO: checking PYZ
11797 INFO: Building PYZ because PYZ-00.toc is non existent
11797 INFO: Building PYZ (ZlibArchive) /Users/ray/Documents/New project/dsr-pet/build/.pyinstaller/macos/dsr · pet/PYZ-00.pyz
12183 INFO: Building PYZ (ZlibArchive) /Users/ray/Documents/New project/dsr-pet/build/.pyinstaller/macos/dsr · pet/PYZ-00.pyz completed successfully.
12188 INFO: EXE target arch: arm64
12188 INFO: Code signing identity: None
12190 INFO: checking PKG
12190 INFO: Building PKG because PKG-00.toc is non existent
12190 INFO: Building PKG (CArchive) dsr · pet.pkg
12199 INFO: Building PKG (CArchive) dsr · pet.pkg completed successfully.
12200 INFO: Bootloader /Users/ray/Library/Caches/dsr-pet-runtime-20261002/lib/python3.13/site-packages/PyInstaller/bootloader/Darwin-64bit/runw
12200 INFO: checking EXE
12200 INFO: Building EXE because EXE-00.toc is non existent
12200 INFO: Building EXE from EXE-00.toc
12200 INFO: Copying bootloader EXE to /Users/ray/Documents/New project/dsr-pet/build/.pyinstaller/macos/dsr · pet/dsr · pet
12201 INFO: Converting EXE to target arch (arm64)
12244 INFO: Removing signature(s) from EXE
12271 INFO: Modifying Mach-O image UUID(s) in EXE
12275 INFO: Appending PKG archive to EXE
12279 INFO: Fixing EXE headers for code signing
12301 INFO: Rewriting the executable's macOS SDK version (26.2.0) to match the SDK version of the Python library (14.5.0) in order to avoid inconsistent behavior and potential UI issues in the frozen application.
12302 INFO: Re-signing the EXE
12355 INFO: Building EXE from EXE-00.toc completed successfully.
12362 INFO: checking COLLECT
12362 INFO: Building COLLECT because COLLECT-00.toc is non existent
12362 INFO: Removing dir /Users/ray/Library/Caches/dsr-pet-build/macos/dsr · pet
12447 INFO: Building COLLECT COLLECT-00.toc
20589 INFO: Building COLLECT COLLECT-00.toc completed successfully.
20601 INFO: checking BUNDLE
20601 INFO: Building BUNDLE because BUNDLE-00.toc is non existent
20601 INFO: Removing dir /Users/ray/Library/Caches/dsr-pet-build/macos/dsr · pet.app
20726 INFO: Building BUNDLE BUNDLE-00.toc
23962 INFO: Signing the BUNDLE...
26083 INFO: Building BUNDLE BUNDLE-00.toc completed successfully.
26089 INFO: Build complete! The results are available in: /Users/ray/Library/Caches/dsr-pet-build/macos
[encoding-check] 扫描产物目录: /Users/ray/Library/Caches/dsr-pet-build/macos/dsr · pet.app
[encoding-check] PASS: 中文编码检查全部通过（字面量/资源/文件名原样保持 UTF-8）
bridge zero-dependency smoke: import + envelope + source bans OK
[bridge] running zero-dependency import smoke on bundle copy...
[bridge] zero-dependency bundle OK
/Users/ray/Library/Caches/dsr-pet-build/macos/dsr · pet.app: replacing existing signature
macOS 构建完成：/Users/ray/Library/Caches/dsr-pet-build/macos
