QSystemTrayIcon::setVisible: No Icon set
WARNING:root:GUI 卡顿 872ms state=IDLE anim=待机呼吸休闲 physics=None
WARNING:pet.gui_stall_sampler:GUI 冻结现场（872ms，9 个采样点，旧→新）：
WARNING:pet.gui_stall_sampler:  [t-756ms] verify_seeky_multi.py:57:main <- app.py:1703:start <- app.py:1812:_create_ui_with_character_fallback <- app.py:572:_create_ui <- app.py:537:_build_window <- enum.py:695:__call__
WARNING:pet.gui_stall_sampler:  [t-634ms] app.py:539:_build_window <- app.py:3174:_build_tray <- catalog.py:229:list_available_characters <- catalog.py:195:external_character_dirs <- _abc.py:746:cwd <- _local.py:649:absolute
WARNING:pet.gui_stall_sampler:  [t-567ms] app.py:404:_create_library <- library.py:201:__init__ <- library.py:313:_load_all <- glob.py:478:select_recursive <- glob.py:502:select_recursive_step <- glob.py:428:select_wildcard
WARNING:pet.gui_stall_sampler:  [t-506ms] verify_seeky_multi.py:305:<module> <- verify_seeky_multi.py:113:main <- app.py:2627:spawn_pet <- app.py:2768:spawn_in_process_window <- app.py:537:_build_window <- file_eater.py:150:eventFilter
WARNING:pet.gui_stall_sampler:  [t-389ms] verify_seeky_multi.py:305:<module> <- verify_seeky_multi.py:241:main
WARNING:root:GUI 卡顿 615ms state=IDLE anim=待机呼吸休闲 physics=None
WARNING:pet.gui_stall_sampler:GUI 冻结现场（615ms，7 个采样点，旧→新）：
WARNING:pet.gui_stall_sampler:  [t-613ms] app.py:404:_create_library <- library.py:201:__init__ <- library.py:313:_load_all <- glob.py:478:select_recursive <- glob.py:502:select_recursive_step <- glob.py:428:select_wildcard
WARNING:pet.gui_stall_sampler:  [t-551ms] verify_seeky_multi.py:305:<module> <- verify_seeky_multi.py:113:main <- app.py:2627:spawn_pet <- app.py:2768:spawn_in_process_window <- app.py:537:_build_window <- file_eater.py:150:eventFilter
WARNING:pet.gui_stall_sampler:  [t-434ms] verify_seeky_multi.py:305:<module> <- verify_seeky_multi.py:241:main
WARNING:root:GUI 卡顿 553ms state=IDLE anim=待机呼吸休闲 physics=None
WARNING:pet.gui_stall_sampler:GUI 冻结现场（553ms，7 个采样点，旧→新）：
WARNING:pet.gui_stall_sampler:  [t-575ms] verify_seeky_multi.py:305:<module> <- verify_seeky_multi.py:113:main <- app.py:2627:spawn_pet <- app.py:2768:spawn_in_process_window <- app.py:537:_build_window <- file_eater.py:150:eventFilter
WARNING:pet.gui_stall_sampler:  [t-458ms] verify_seeky_multi.py:305:<module> <- verify_seeky_multi.py:241:main
WARNING:pet.gui_stall_sampler:  [t-8ms] inspect.py:1074:findsource <- linecache.py:41:getlines <- linecache.py:148:updatecache <- tokenize.py:457:open <- tokenize.py:426:detect_encoding <- tokenize.py:384:read_or_stop
WARNING:root:GUI 卡顿 124ms state=IDLE anim=待机呼吸休闲 physics=None
WARNING:pet.gui_stall_sampler:GUI 冻结现场（124ms，3 个采样点，旧→新）：
WARNING:pet.gui_stall_sampler:  [t-129ms] verify_seeky_multi.py:305:<module> <- verify_seeky_multi.py:241:main
WARNING:pet.gui_stall_sampler:  [t-61ms] inspect.py:1074:findsource <- linecache.py:41:getlines <- linecache.py:148:updatecache <- tokenize.py:457:open <- tokenize.py:426:detect_encoding <- tokenize.py:384:read_or_stop
WARNING:pet.gui_stall_sampler:  [t-3ms] verify_seeky_multi.py:305:<module> <- verify_seeky_multi.py:241:main
WARNING:root:GUI 卡顿 151ms state=IDLE anim=待机呼吸休闲 physics=None
WARNING:pet.gui_stall_sampler:GUI 冻结现场（151ms，4 个采样点，旧→新）：
WARNING:pet.gui_stall_sampler:  [t-185ms] verify_seeky_multi.py:305:<module> <- verify_seeky_multi.py:241:main
WARNING:pet.gui_stall_sampler:  [t-126ms] window.py:2124:_rebuild_frame <- window.py:2270:_sync_mask <- window_optional_services.py:42:effects_coverage <- frame_edges.py:18:coverage_region <- Image.py:3274:frombytes <- Image.py:3239:new
WARNING:pet.gui_stall_sampler:  [t-73ms] verify_seeky_multi.py:305:<module> <- verify_seeky_multi.py:241:main
WARNING:pet.gui_stall_sampler:  [t-5ms] webm_clip.py:2439:_poll <- webm_clip.py:2690:_process_frame <- window_optional_services.py:62:<lambda> <- verify_seeky_multi.py:92:observed_frame <- window.py:1917:_on_frame <- window.py:2114:_rebuild_frame
WARNING:root:GUI 卡顿 152ms state=IDLE anim=待机呼吸休闲 physics=None
WARNING:pet.gui_stall_sampler:GUI 冻结现场（152ms，4 个采样点，旧→新）：
WARNING:pet.gui_stall_sampler:  [t-185ms] verify_seeky_multi.py:305:<module> <- verify_seeky_multi.py:241:main
WARNING:pet.gui_stall_sampler:  [t-126ms] window.py:2124:_rebuild_frame <- window.py:2270:_sync_mask <- window_optional_services.py:42:effects_coverage <- frame_edges.py:18:coverage_region <- Image.py:3274:frombytes <- Image.py:3239:new
WARNING:pet.gui_stall_sampler:  [t-73ms] verify_seeky_multi.py:305:<module> <- verify_seeky_multi.py:241:main
WARNING:pet.gui_stall_sampler:  [t-6ms] webm_clip.py:2439:_poll <- webm_clip.py:2690:_process_frame <- window_optional_services.py:62:<lambda> <- verify_seeky_multi.py:92:observed_frame <- window.py:1917:_on_frame <- window.py:2114:_rebuild_frame
WARNING:root:GUI 卡顿 152ms state=IDLE anim=待机呼吸休闲 physics=None
WARNING:pet.gui_stall_sampler:GUI 冻结现场（152ms，4 个采样点，旧→新）：
WARNING:pet.gui_stall_sampler:  [t-185ms] verify_seeky_multi.py:305:<module> <- verify_seeky_multi.py:241:main
WARNING:pet.gui_stall_sampler:  [t-126ms] window.py:2124:_rebuild_frame <- window.py:2270:_sync_mask <- window_optional_services.py:42:effects_coverage <- frame_edges.py:18:coverage_region <- Image.py:3274:frombytes <- Image.py:3239:new
WARNING:pet.gui_stall_sampler:  [t-73ms] verify_seeky_multi.py:305:<module> <- verify_seeky_multi.py:241:main
WARNING:pet.gui_stall_sampler:  [t-6ms] webm_clip.py:2439:_poll <- webm_clip.py:2690:_process_frame <- window_optional_services.py:62:<lambda> <- verify_seeky_multi.py:92:observed_frame <- window.py:1917:_on_frame <- window.py:2114:_rebuild_frame
WARNING:root:GUI 卡顿 109ms state=IDLE anim=待机呼吸休闲 physics=None
WARNING:pet.gui_stall_sampler:GUI 冻结现场（109ms，2 个采样点，旧→新）：
WARNING:pet.gui_stall_sampler:  [t-123ms] verify_seeky_multi.py:305:<module> <- verify_seeky_multi.py:241:main
WARNING:pet.gui_stall_sampler:  [t-31ms] webm_clip.py:2439:_poll <- webm_clip.py:2690:_process_frame <- window_optional_services.py:62:<lambda> <- verify_seeky_multi.py:92:observed_frame <- window.py:1917:_on_frame <- window.py:2106:_rebuild_frame
WARNING:root:GUI 卡顿 110ms state=IDLE anim=待机呼吸休闲 physics=None
WARNING:pet.gui_stall_sampler:GUI 冻结现场（110ms，2 个采样点，旧→新）：
WARNING:pet.gui_stall_sampler:  [t-123ms] verify_seeky_multi.py:305:<module> <- verify_seeky_multi.py:241:main
WARNING:pet.gui_stall_sampler:  [t-31ms] webm_clip.py:2439:_poll <- webm_clip.py:2690:_process_frame <- window_optional_services.py:62:<lambda> <- verify_seeky_multi.py:92:observed_frame <- window.py:1917:_on_frame <- window.py:2106:_rebuild_frame
WARNING:root:GUI 卡顿 110ms state=IDLE anim=待机呼吸休闲 physics=None
WARNING:pet.gui_stall_sampler:GUI 冻结现场（110ms，2 个采样点，旧→新）：
WARNING:pet.gui_stall_sampler:  [t-123ms] verify_seeky_multi.py:305:<module> <- verify_seeky_multi.py:241:main
WARNING:pet.gui_stall_sampler:  [t-31ms] webm_clip.py:2439:_poll <- webm_clip.py:2690:_process_frame <- window_optional_services.py:62:<lambda> <- verify_seeky_multi.py:92:observed_frame <- window.py:1917:_on_frame <- window.py:2106:_rebuild_frame
WARNING:root:GUI 卡顿 262ms state=IDLE anim=待机呼吸休闲 physics=None
WARNING:pet.gui_stall_sampler:GUI 冻结现场（262ms，2 个采样点，旧→新）：
WARNING:pet.gui_stall_sampler:  [t-300ms] verify_seeky_multi.py:305:<module> <- verify_seeky_multi.py:241:main
WARNING:pet.gui_stall_sampler:  [t-136ms] webm_clip.py:2439:_poll <- webm_clip.py:2690:_process_frame <- window_optional_services.py:62:<lambda> <- verify_seeky_multi.py:92:observed_frame <- window.py:1917:_on_frame <- window.py:2106:_rebuild_frame
WARNING:root:GUI 卡顿 263ms state=IDLE anim=待机呼吸休闲 physics=None
WARNING:pet.gui_stall_sampler:GUI 冻结现场（263ms，2 个采样点，旧→新）：
WARNING:pet.gui_stall_sampler:  [t-300ms] verify_seeky_multi.py:305:<module> <- verify_seeky_multi.py:241:main
WARNING:pet.gui_stall_sampler:  [t-136ms] webm_clip.py:2439:_poll <- webm_clip.py:2690:_process_frame <- window_optional_services.py:62:<lambda> <- verify_seeky_multi.py:92:observed_frame <- window.py:1917:_on_frame <- window.py:2106:_rebuild_frame
WARNING:root:GUI 卡顿 263ms state=IDLE anim=待机呼吸休闲 physics=None
WARNING:pet.gui_stall_sampler:GUI 冻结现场（263ms，2 个采样点，旧→新）：
WARNING:pet.gui_stall_sampler:  [t-300ms] verify_seeky_multi.py:305:<module> <- verify_seeky_multi.py:241:main
WARNING:pet.gui_stall_sampler:  [t-136ms] webm_clip.py:2439:_poll <- webm_clip.py:2690:_process_frame <- window_optional_services.py:62:<lambda> <- verify_seeky_multi.py:92:observed_frame <- window.py:1917:_on_frame <- window.py:2106:_rebuild_frame
WARNING:root:GUI 卡顿 116ms state=IDLE anim=待机呼吸休闲 physics=None
WARNING:pet.gui_stall_sampler:GUI 冻结现场（116ms，2 个采样点，旧→新）：
WARNING:pet.gui_stall_sampler:  [t-150ms] verify_seeky_multi.py:305:<module> <- verify_seeky_multi.py:241:main
WARNING:pet.gui_stall_sampler:  [t-34ms] verify_seeky_multi.py:305:<module> <- verify_seeky_multi.py:241:main <- webm_clip.py:2439:_poll <- webm_clip.py:2663:_process_frame
WARNING:root:GUI 卡顿 117ms state=IDLE anim=待机呼吸休闲 physics=None
WARNING:pet.gui_stall_sampler:GUI 冻结现场（117ms，2 个采样点，旧→新）：
WARNING:pet.gui_stall_sampler:  [t-150ms] verify_seeky_multi.py:305:<module> <- verify_seeky_multi.py:241:main
WARNING:pet.gui_stall_sampler:  [t-34ms] verify_seeky_multi.py:305:<module> <- verify_seeky_multi.py:241:main <- webm_clip.py:2439:_poll <- webm_clip.py:2663:_process_frame
WARNING:root:GUI 卡顿 117ms state=IDLE anim=待机呼吸休闲 physics=None
WARNING:pet.gui_stall_sampler:GUI 冻结现场（117ms，2 个采样点，旧→新）：
WARNING:pet.gui_stall_sampler:  [t-150ms] verify_seeky_multi.py:305:<module> <- verify_seeky_multi.py:241:main
WARNING:pet.gui_stall_sampler:  [t-34ms] verify_seeky_multi.py:305:<module> <- verify_seeky_multi.py:241:main <- webm_clip.py:2439:_poll <- webm_clip.py:2663:_process_frame
WARNING:root:GUI 卡顿 114ms state=IDLE anim=待机呼吸休闲 physics=None
WARNING:pet.gui_stall_sampler:GUI 冻结现场（114ms，3 个采样点，旧→新）：
WARNING:pet.gui_stall_sampler:  [t-147ms] verify_seeky_multi.py:305:<module> <- verify_seeky_multi.py:241:main <- webm_clip.py:2439:_poll <- webm_clip.py:2663:_process_frame
WARNING:pet.gui_stall_sampler:  [t-55ms] verify_seeky_multi.py:305:<module> <- verify_seeky_multi.py:241:main <- webm_clip.py:2439:_poll <- webm_clip.py:2664:_process_frame
WARNING:pet.gui_stall_sampler:  [t-0ms] verify_seeky_multi.py:305:<module> <- verify_seeky_multi.py:241:main
WARNING:root:GUI 卡顿 113ms state=IDLE anim=待机呼吸休闲 physics=None
WARNING:pet.gui_stall_sampler:GUI 冻结现场（113ms，3 个采样点，旧→新）：
WARNING:pet.gui_stall_sampler:  [t-147ms] verify_seeky_multi.py:305:<module> <- verify_seeky_multi.py:241:main <- webm_clip.py:2439:_poll <- webm_clip.py:2663:_process_frame
WARNING:pet.gui_stall_sampler:  [t-55ms] verify_seeky_multi.py:305:<module> <- verify_seeky_multi.py:241:main <- webm_clip.py:2439:_poll <- webm_clip.py:2664:_process_frame
WARNING:pet.gui_stall_sampler:  [t-0ms] verify_seeky_multi.py:305:<module> <- verify_seeky_multi.py:241:main
WARNING:root:GUI 卡顿 113ms state=IDLE anim=待机呼吸休闲 physics=None
WARNING:pet.gui_stall_sampler:GUI 冻结现场（113ms，3 个采样点，旧→新）：
WARNING:pet.gui_stall_sampler:  [t-147ms] verify_seeky_multi.py:305:<module> <- verify_seeky_multi.py:241:main <- webm_clip.py:2439:_poll <- webm_clip.py:2663:_process_frame
WARNING:pet.gui_stall_sampler:  [t-55ms] verify_seeky_multi.py:305:<module> <- verify_seeky_multi.py:241:main <- webm_clip.py:2439:_poll <- webm_clip.py:2664:_process_frame
WARNING:pet.gui_stall_sampler:  [t-0ms] verify_seeky_multi.py:305:<module> <- verify_seeky_multi.py:241:main
WARNING:root:GUI 卡顿 383ms state=IDLE anim=待机呼吸休闲 physics=None
WARNING:pet.gui_stall_sampler:GUI 冻结现场（383ms，3 个采样点，旧→新）：
WARNING:pet.gui_stall_sampler:  [t-405ms] verify_seeky_multi.py:305:<module> <- verify_seeky_multi.py:241:main
WARNING:pet.gui_stall_sampler:  [t-132ms] verify_seeky_multi.py:92:observed_frame <- window.py:1917:_on_frame <- window.py:2124:_rebuild_frame <- window.py:2270:_sync_mask <- window_optional_services.py:42:effects_coverage <- frame_edges.py:31:coverage_region
WARNING:pet.gui_stall_sampler:  [t-38ms] window.py:1919:_on_frame <- window.py:2126:_rebuild_frame <- window.py:2291:_sync_mask <- window_optional_services.py:44:effects_coverage <- frame_edges.py:36:coverage_region <- Image.py:2046:point
WARNING:root:GUI 卡顿 387ms state=IDLE anim=待机呼吸休闲 physics=None
WARNING:pet.gui_stall_sampler:GUI 冻结现场（387ms，3 个采样点，旧→新）：
WARNING:pet.gui_stall_sampler:  [t-405ms] verify_seeky_multi.py:305:<module> <- verify_seeky_multi.py:241:main
WARNING:pet.gui_stall_sampler:  [t-133ms] verify_seeky_multi.py:92:observed_frame <- window.py:1917:_on_frame <- window.py:2124:_rebuild_frame <- window.py:2270:_sync_mask <- window_optional_services.py:42:effects_coverage <- frame_edges.py:31:coverage_region
WARNING:pet.gui_stall_sampler:  [t-38ms] window.py:1919:_on_frame <- window.py:2126:_rebuild_frame <- window.py:2291:_sync_mask <- window_optional_services.py:44:effects_coverage <- frame_edges.py:36:coverage_region <- Image.py:2046:point
WARNING:root:GUI 卡顿 387ms state=IDLE anim=待机呼吸休闲 physics=None
WARNING:pet.gui_stall_sampler:GUI 冻结现场（387ms，3 个采样点，旧→新）：
WARNING:pet.gui_stall_sampler:  [t-405ms] verify_seeky_multi.py:305:<module> <- verify_seeky_multi.py:241:main
WARNING:pet.gui_stall_sampler:  [t-133ms] verify_seeky_multi.py:92:observed_frame <- window.py:1917:_on_frame <- window.py:2124:_rebuild_frame <- window.py:2270:_sync_mask <- window_optional_services.py:42:effects_coverage <- frame_edges.py:31:coverage_region
WARNING:pet.gui_stall_sampler:  [t-38ms] window.py:1919:_on_frame <- window.py:2126:_rebuild_frame <- window.py:2291:_sync_mask <- window_optional_services.py:44:effects_coverage <- frame_edges.py:36:coverage_region <- Image.py:2046:point
WARNING:root:GUI 卡顿 667ms state=IDLE anim=待机呼吸休闲 physics=None
WARNING:pet.gui_stall_sampler:GUI 冻结现场（667ms，5 个采样点，旧→新）：
WARNING:pet.gui_stall_sampler:  [t-693ms] verify_seeky_multi.py:305:<module> <- verify_seeky_multi.py:241:main
WARNING:pet.gui_stall_sampler:  [t-635ms] verify_seeky_multi.py:305:<module> <- verify_seeky_multi.py:241:main <- webm_clip.py:2439:_poll <- webm_clip.py:2664:_process_frame
WARNING:pet.gui_stall_sampler:  [t-560ms] verify_seeky_multi.py:305:<module> <- verify_seeky_multi.py:241:main <- webm_clip.py:2439:_poll <- webm_clip.py:2663:_process_frame
WARNING:pet.gui_stall_sampler:  [t-143ms] verify_seeky_multi.py:305:<module> <- verify_seeky_multi.py:241:main <- webm_clip.py:2439:_poll <- webm_clip.py:2664:_process_frame
WARNING:pet.gui_stall_sampler:  [t-28ms] window.py:2124:_rebuild_frame <- window.py:2270:_sync_mask <- window_optional_services.py:42:effects_coverage <- frame_edges.py:18:coverage_region <- Image.py:3274:frombytes <- Image.py:3239:new
WARNING:root:GUI 卡顿 668ms state=IDLE anim=待机呼吸休闲 physics=None
WARNING:pet.gui_stall_sampler:GUI 冻结现场（668ms，5 个采样点，旧→新）：
WARNING:pet.gui_stall_sampler:  [t-693ms] verify_seeky_multi.py:305:<module> <- verify_seeky_multi.py:241:main
WARNING:pet.gui_stall_sampler:  [t-636ms] verify_seeky_multi.py:305:<module> <- verify_seeky_multi.py:241:main <- webm_clip.py:2439:_poll <- webm_clip.py:2664:_process_frame
WARNING:pet.gui_stall_sampler:  [t-561ms] verify_seeky_multi.py:305:<module> <- verify_seeky_multi.py:241:main <- webm_clip.py:2439:_poll <- webm_clip.py:2663:_process_frame
WARNING:pet.gui_stall_sampler:  [t-143ms] verify_seeky_multi.py:305:<module> <- verify_seeky_multi.py:241:main <- webm_clip.py:2439:_poll <- webm_clip.py:2664:_process_frame
WARNING:pet.gui_stall_sampler:  [t-29ms] window.py:2124:_rebuild_frame <- window.py:2270:_sync_mask <- window_optional_services.py:42:effects_coverage <- frame_edges.py:18:coverage_region <- Image.py:3274:frombytes <- Image.py:3239:new
WARNING:root:GUI 卡顿 668ms state=IDLE anim=待机呼吸休闲 physics=None
WARNING:pet.gui_stall_sampler:GUI 冻结现场（668ms，5 个采样点，旧→新）：
WARNING:pet.gui_stall_sampler:  [t-693ms] verify_seeky_multi.py:305:<module> <- verify_seeky_multi.py:241:main
WARNING:pet.gui_stall_sampler:  [t-636ms] verify_seeky_multi.py:305:<module> <- verify_seeky_multi.py:241:main <- webm_clip.py:2439:_poll <- webm_clip.py:2664:_process_frame
WARNING:pet.gui_stall_sampler:  [t-561ms] verify_seeky_multi.py:305:<module> <- verify_seeky_multi.py:241:main <- webm_clip.py:2439:_poll <- webm_clip.py:2663:_process_frame
WARNING:pet.gui_stall_sampler:  [t-143ms] verify_seeky_multi.py:305:<module> <- verify_seeky_multi.py:241:main <- webm_clip.py:2439:_poll <- webm_clip.py:2664:_process_frame
WARNING:pet.gui_stall_sampler:  [t-29ms] window.py:2124:_rebuild_frame <- window.py:2270:_sync_mask <- window_optional_services.py:42:effects_coverage <- frame_edges.py:18:coverage_region <- Image.py:3274:frombytes <- Image.py:3239:new
WARNING:root:GUI 卡顿 155ms state=IDLE anim=待机呼吸休闲 physics=None
WARNING:pet.gui_stall_sampler:GUI 冻结现场（155ms，3 个采样点，旧→新）：
WARNING:pet.gui_stall_sampler:  [t-182ms] verify_seeky_multi.py:305:<module> <- verify_seeky_multi.py:241:main
WARNING:pet.gui_stall_sampler:  [t-119ms] verify_seeky_multi.py:305:<module> <- verify_seeky_multi.py:241:main <- webm_clip.py:2439:_poll <- webm_clip.py:2664:_process_frame
WARNING:root:GUI 卡顿 157ms state=IDLE anim=待机呼吸休闲 physics=None
WARNING:pet.gui_stall_sampler:GUI 冻结现场（157ms，3 个采样点，旧→新）：
WARNING:pet.gui_stall_sampler:  [t-183ms] verify_seeky_multi.py:305:<module> <- verify_seeky_multi.py:241:main
WARNING:pet.gui_stall_sampler:  [t-120ms] verify_seeky_multi.py:305:<module> <- verify_seeky_multi.py:241:main <- webm_clip.py:2439:_poll <- webm_clip.py:2664:_process_frame
WARNING:root:GUI 卡顿 158ms state=IDLE anim=待机呼吸休闲 physics=None
WARNING:pet.gui_stall_sampler:GUI 冻结现场（158ms，3 个采样点，旧→新）：
WARNING:pet.gui_stall_sampler:  [t-183ms] verify_seeky_multi.py:305:<module> <- verify_seeky_multi.py:241:main
WARNING:pet.gui_stall_sampler:  [t-120ms] verify_seeky_multi.py:305:<module> <- verify_seeky_multi.py:241:main <- webm_clip.py:2439:_poll <- webm_clip.py:2664:_process_frame
WARNING:root:GUI 卡顿 166ms state=IDLE anim=待机呼吸休闲 physics=None
WARNING:pet.gui_stall_sampler:GUI 冻结现场（166ms，1 个采样点，旧→新）：
WARNING:pet.gui_stall_sampler:  [t-3ms] verify_seeky_multi.py:92:observed_frame <- window.py:1917:_on_frame <- window.py:2124:_rebuild_frame <- window.py:2270:_sync_mask <- window_optional_services.py:42:effects_coverage <- frame_edges.py:30:coverage_region
WARNING:root:GUI 卡顿 167ms state=IDLE anim=待机呼吸休闲 physics=None
WARNING:pet.gui_stall_sampler:GUI 冻结现场（167ms，1 个采样点，旧→新）：
WARNING:pet.gui_stall_sampler:  [t-3ms] verify_seeky_multi.py:92:observed_frame <- window.py:1917:_on_frame <- window.py:2124:_rebuild_frame <- window.py:2270:_sync_mask <- window_optional_services.py:42:effects_coverage <- frame_edges.py:30:coverage_region
WARNING:root:GUI 卡顿 167ms state=IDLE anim=待机呼吸休闲 physics=None
WARNING:pet.gui_stall_sampler:GUI 冻结现场（167ms，1 个采样点，旧→新）：
WARNING:pet.gui_stall_sampler:  [t-3ms] verify_seeky_multi.py:92:observed_frame <- window.py:1917:_on_frame <- window.py:2124:_rebuild_frame <- window.py:2270:_sync_mask <- window_optional_services.py:42:effects_coverage <- frame_edges.py:30:coverage_region
WARNING:root:GUI 卡顿 162ms state=IDLE anim=待机呼吸休闲 physics=None
WARNING:pet.gui_stall_sampler:GUI 冻结现场（162ms，2 个采样点，旧→新）：
WARNING:pet.gui_stall_sampler:  [t-206ms] verify_seeky_multi.py:305:<module> <- verify_seeky_multi.py:241:main <- webm_clip.py:2439:_poll <- webm_clip.py:2690:_process_frame
WARNING:pet.gui_stall_sampler:  [t-107ms] verify_seeky_multi.py:305:<module> <- verify_seeky_multi.py:241:main <- webm_clip.py:2439:_poll <- webm_clip.py:2664:_process_frame
WARNING:root:GUI 卡顿 163ms state=IDLE anim=待机呼吸休闲 physics=None
WARNING:pet.gui_stall_sampler:GUI 冻结现场（163ms，2 个采样点，旧→新）：
WARNING:pet.gui_stall_sampler:  [t-206ms] verify_seeky_multi.py:305:<module> <- verify_seeky_multi.py:241:main <- webm_clip.py:2439:_poll <- webm_clip.py:2690:_process_frame
WARNING:pet.gui_stall_sampler:  [t-107ms] verify_seeky_multi.py:305:<module> <- verify_seeky_multi.py:241:main <- webm_clip.py:2439:_poll <- webm_clip.py:2664:_process_frame
WARNING:root:GUI 卡顿 164ms state=IDLE anim=待机呼吸休闲 physics=None
WARNING:pet.gui_stall_sampler:GUI 冻结现场（164ms，2 个采样点，旧→新）：
WARNING:pet.gui_stall_sampler:  [t-207ms] verify_seeky_multi.py:305:<module> <- verify_seeky_multi.py:241:main <- webm_clip.py:2439:_poll <- webm_clip.py:2690:_process_frame
WARNING:pet.gui_stall_sampler:  [t-108ms] verify_seeky_multi.py:305:<module> <- verify_seeky_multi.py:241:main <- webm_clip.py:2439:_poll <- webm_clip.py:2664:_process_frame
WARNING:root:GUI 卡顿 108ms state=IDLE anim=待机呼吸休闲 physics=None
WARNING:pet.gui_stall_sampler:GUI 冻结现场（108ms，2 个采样点，旧→新）：
WARNING:pet.gui_stall_sampler:  [t-114ms] verify_seeky_multi.py:305:<module> <- verify_seeky_multi.py:241:main
WARNING:pet.gui_stall_sampler:  [t-40ms] webm_clip.py:2439:_poll <- webm_clip.py:2690:_process_frame <- window_optional_services.py:62:<lambda> <- verify_seeky_multi.py:92:observed_frame <- window.py:1917:_on_frame <- window.py:2106:_rebuild_frame
WARNING:root:GUI 卡顿 108ms state=IDLE anim=待机呼吸休闲 physics=None
WARNING:pet.gui_stall_sampler:GUI 冻结现场（108ms，2 个采样点，旧→新）：
WARNING:pet.gui_stall_sampler:  [t-114ms] verify_seeky_multi.py:305:<module> <- verify_seeky_multi.py:241:main
WARNING:pet.gui_stall_sampler:  [t-40ms] webm_clip.py:2439:_poll <- webm_clip.py:2690:_process_frame <- window_optional_services.py:62:<lambda> <- verify_seeky_multi.py:92:observed_frame <- window.py:1917:_on_frame <- window.py:2106:_rebuild_frame
WARNING:root:GUI 卡顿 108ms state=IDLE anim=待机呼吸休闲 physics=None
WARNING:pet.gui_stall_sampler:GUI 冻结现场（108ms，2 个采样点，旧→新）：
WARNING:pet.gui_stall_sampler:  [t-114ms] verify_seeky_multi.py:305:<module> <- verify_seeky_multi.py:241:main
WARNING:pet.gui_stall_sampler:  [t-40ms] webm_clip.py:2439:_poll <- webm_clip.py:2690:_process_frame <- window_optional_services.py:62:<lambda> <- verify_seeky_multi.py:92:observed_frame <- window.py:1917:_on_frame <- window.py:2106:_rebuild_frame
WARNING:root:GUI 卡顿 184ms state=IDLE anim=待机呼吸休闲 physics=None
WARNING:pet.gui_stall_sampler:GUI 冻结现场（184ms，3 个采样点，旧→新）：
WARNING:pet.gui_stall_sampler:  [t-228ms] verify_seeky_multi.py:305:<module> <- verify_seeky_multi.py:241:main
WARNING:pet.gui_stall_sampler:  [t-170ms] window.py:1917:_on_frame <- window.py:2124:_rebuild_frame <- window.py:2270:_sync_mask <- window_optional_services.py:42:effects_coverage <- frame_edges.py:25:coverage_region <- Image.py:2046:point
WARNING:pet.gui_stall_sampler:  [t-15ms] verify_seeky_multi.py:305:<module> <- verify_seeky_multi.py:241:main <- webm_clip.py:2439:_poll <- webm_clip.py:2690:_process_frame
WARNING:root:GUI 卡顿 184ms state=IDLE anim=待机呼吸休闲 physics=None
WARNING:pet.gui_stall_sampler:GUI 冻结现场（184ms，3 个采样点，旧→新）：
WARNING:pet.gui_stall_sampler:  [t-228ms] verify_seeky_multi.py:305:<module> <- verify_seeky_multi.py:241:main
WARNING:pet.gui_stall_sampler:  [t-171ms] window.py:1917:_on_frame <- window.py:2124:_rebuild_frame <- window.py:2270:_sync_mask <- window_optional_services.py:42:effects_coverage <- frame_edges.py:25:coverage_region <- Image.py:2046:point
WARNING:pet.gui_stall_sampler:  [t-15ms] verify_seeky_multi.py:305:<module> <- verify_seeky_multi.py:241:main <- webm_clip.py:2439:_poll <- webm_clip.py:2690:_process_frame
WARNING:root:GUI 卡顿 184ms state=IDLE anim=待机呼吸休闲 physics=None
WARNING:pet.gui_stall_sampler:GUI 冻结现场（184ms，3 个采样点，旧→新）：
WARNING:pet.gui_stall_sampler:  [t-228ms] verify_seeky_multi.py:305:<module> <- verify_seeky_multi.py:241:main
WARNING:pet.gui_stall_sampler:  [t-171ms] window.py:1917:_on_frame <- window.py:2124:_rebuild_frame <- window.py:2270:_sync_mask <- window_optional_services.py:42:effects_coverage <- frame_edges.py:25:coverage_region <- Image.py:2046:point
WARNING:pet.gui_stall_sampler:  [t-15ms] verify_seeky_multi.py:305:<module> <- verify_seeky_multi.py:241:main <- webm_clip.py:2439:_poll <- webm_clip.py:2690:_process_frame
WARNING:root:GUI 卡顿 110ms state=IDLE anim=待机呼吸休闲 physics=None
WARNING:pet.gui_stall_sampler:GUI 冻结现场（110ms，2 个采样点，旧→新）：
WARNING:pet.gui_stall_sampler:  [t-148ms] verify_seeky_multi.py:305:<module> <- verify_seeky_multi.py:241:main
WARNING:pet.gui_stall_sampler:  [t-37ms] webm_clip.py:2439:_poll <- webm_clip.py:2690:_process_frame <- window_optional_services.py:62:<lambda> <- verify_seeky_multi.py:92:observed_frame <- window.py:1917:_on_frame <- window.py:2106:_rebuild_frame
WARNING:root:GUI 卡顿 110ms state=IDLE anim=待机呼吸休闲 physics=None
WARNING:pet.gui_stall_sampler:GUI 冻结现场（110ms，2 个采样点，旧→新）：
WARNING:pet.gui_stall_sampler:  [t-148ms] verify_seeky_multi.py:305:<module> <- verify_seeky_multi.py:241:main
WARNING:pet.gui_stall_sampler:  [t-37ms] webm_clip.py:2439:_poll <- webm_clip.py:2690:_process_frame <- window_optional_services.py:62:<lambda> <- verify_seeky_multi.py:92:observed_frame <- window.py:1917:_on_frame <- window.py:2106:_rebuild_frame
WARNING:root:GUI 卡顿 110ms state=IDLE anim=待机呼吸休闲 physics=None
WARNING:pet.gui_stall_sampler:GUI 冻结现场（110ms，2 个采样点，旧→新）：
WARNING:pet.gui_stall_sampler:  [t-148ms] verify_seeky_multi.py:305:<module> <- verify_seeky_multi.py:241:main
WARNING:pet.gui_stall_sampler:  [t-37ms] webm_clip.py:2439:_poll <- webm_clip.py:2690:_process_frame <- window_optional_services.py:62:<lambda> <- verify_seeky_multi.py:92:observed_frame <- window.py:1917:_on_frame <- window.py:2106:_rebuild_frame
WARNING:root:GUI 卡顿 160ms state=IDLE anim=待机呼吸休闲 physics=None
WARNING:pet.gui_stall_sampler:GUI 冻结现场（160ms，3 个采样点，旧→新）：
WARNING:pet.gui_stall_sampler:  [t-205ms] window.py:2126:_rebuild_frame <- window.py:2291:_sync_mask <- window_optional_services.py:44:effects_coverage <- frame_edges.py:36:coverage_region <- Image.py:3285:frombytes <- Image.py:3239:new
WARNING:pet.gui_stall_sampler:  [t-140ms] window.py:2124:_rebuild_frame <- window.py:2270:_sync_mask <- window_optional_services.py:42:effects_coverage <- frame_edges.py:18:coverage_region <- Image.py:3274:frombytes <- Image.py:3239:new
WARNING:pet.gui_stall_sampler:  [t-2ms] window_optional_services.py:62:<lambda> <- verify_seeky_multi.py:92:observed_frame <- window.py:1919:_on_frame <- window.py:2126:_rebuild_frame <- window.py:2291:_sync_mask <- window_optional_services.py:44:effects_coverage
WARNING:root:GUI 卡顿 161ms state=IDLE anim=待机呼吸休闲 physics=None
WARNING:pet.gui_stall_sampler:GUI 冻结现场（161ms，3 个采样点，旧→新）：
WARNING:pet.gui_stall_sampler:  [t-205ms] window.py:2126:_rebuild_frame <- window.py:2291:_sync_mask <- window_optional_services.py:44:effects_coverage <- frame_edges.py:36:coverage_region <- Image.py:3285:frombytes <- Image.py:3239:new
WARNING:pet.gui_stall_sampler:  [t-140ms] window.py:2124:_rebuild_frame <- window.py:2270:_sync_mask <- window_optional_services.py:42:effects_coverage <- frame_edges.py:18:coverage_region <- Image.py:3274:frombytes <- Image.py:3239:new
WARNING:pet.gui_stall_sampler:  [t-2ms] window_optional_services.py:62:<lambda> <- verify_seeky_multi.py:92:observed_frame <- window.py:1919:_on_frame <- window.py:2126:_rebuild_frame <- window.py:2291:_sync_mask <- window_optional_services.py:44:effects_coverage
WARNING:root:GUI 卡顿 161ms state=IDLE anim=待机呼吸休闲 physics=None
WARNING:pet.gui_stall_sampler:GUI 冻结现场（161ms，3 个采样点，旧→新）：
WARNING:pet.gui_stall_sampler:  [t-206ms] window.py:2126:_rebuild_frame <- window.py:2291:_sync_mask <- window_optional_services.py:44:effects_coverage <- frame_edges.py:36:coverage_region <- Image.py:3285:frombytes <- Image.py:3239:new
WARNING:pet.gui_stall_sampler:  [t-140ms] window.py:2124:_rebuild_frame <- window.py:2270:_sync_mask <- window_optional_services.py:42:effects_coverage <- frame_edges.py:18:coverage_region <- Image.py:3274:frombytes <- Image.py:3239:new
WARNING:pet.gui_stall_sampler:  [t-2ms] window_optional_services.py:62:<lambda> <- verify_seeky_multi.py:92:observed_frame <- window.py:1919:_on_frame <- window.py:2126:_rebuild_frame <- window.py:2291:_sync_mask <- window_optional_services.py:44:effects_coverage
WARNING:root:GUI 卡顿 107ms state=IDLE anim=待机呼吸休闲 physics=None
WARNING:pet.gui_stall_sampler:GUI 冻结现场（107ms，2 个采样点，旧→新）：
WARNING:pet.gui_stall_sampler:  [t-122ms] verify_seeky_multi.py:305:<module> <- verify_seeky_multi.py:241:main
WARNING:pet.gui_stall_sampler:  [t-58ms] webm_clip.py:2439:_poll <- webm_clip.py:2690:_process_frame <- window_optional_services.py:62:<lambda> <- verify_seeky_multi.py:92:observed_frame <- window.py:1917:_on_frame <- window.py:2106:_rebuild_frame
WARNING:root:GUI 卡顿 109ms state=IDLE anim=待机呼吸休闲 physics=None
WARNING:pet.gui_stall_sampler:GUI 冻结现场（109ms，2 个采样点，旧→新）：
WARNING:pet.gui_stall_sampler:  [t-122ms] verify_seeky_multi.py:305:<module> <- verify_seeky_multi.py:241:main
WARNING:pet.gui_stall_sampler:  [t-58ms] webm_clip.py:2439:_poll <- webm_clip.py:2690:_process_frame <- window_optional_services.py:62:<lambda> <- verify_seeky_multi.py:92:observed_frame <- window.py:1917:_on_frame <- window.py:2106:_rebuild_frame
WARNING:root:GUI 卡顿 109ms state=IDLE anim=待机呼吸休闲 physics=None
WARNING:pet.gui_stall_sampler:GUI 冻结现场（109ms，2 个采样点，旧→新）：
WARNING:pet.gui_stall_sampler:  [t-122ms] verify_seeky_multi.py:305:<module> <- verify_seeky_multi.py:241:main
WARNING:pet.gui_stall_sampler:  [t-58ms] webm_clip.py:2439:_poll <- webm_clip.py:2690:_process_frame <- window_optional_services.py:62:<lambda> <- verify_seeky_multi.py:92:observed_frame <- window.py:1917:_on_frame <- window.py:2106:_rebuild_frame
WARNING:root:GUI 卡顿 212ms state=IDLE anim=待机呼吸休闲 physics=None
WARNING:root:GUI 卡顿 212ms state=IDLE anim=待机呼吸休闲 physics=None
WARNING:root:GUI 卡顿 215ms state=IDLE anim=待机呼吸休闲 physics=None
WARNING:root:GUI 卡顿 169ms state=IDLE anim=待机呼吸休闲 physics=None
WARNING:pet.gui_stall_sampler:GUI 冻结现场（169ms，2 个采样点，旧→新）：
WARNING:pet.gui_stall_sampler:  [t-179ms] verify_seeky_multi.py:305:<module> <- verify_seeky_multi.py:241:main
WARNING:pet.gui_stall_sampler:  [t-35ms] verify_seeky_multi.py:305:<module> <- verify_seeky_multi.py:241:main <- webm_clip.py:2439:_poll <- webm_clip.py:2664:_process_frame
WARNING:root:GUI 卡顿 170ms state=IDLE anim=待机呼吸休闲 physics=None
WARNING:pet.gui_stall_sampler:GUI 冻结现场（170ms，2 个采样点，旧→新）：
WARNING:pet.gui_stall_sampler:  [t-180ms] verify_seeky_multi.py:305:<module> <- verify_seeky_multi.py:241:main
WARNING:pet.gui_stall_sampler:  [t-35ms] verify_seeky_multi.py:305:<module> <- verify_seeky_multi.py:241:main <- webm_clip.py:2439:_poll <- webm_clip.py:2664:_process_frame
WARNING:root:GUI 卡顿 170ms state=IDLE anim=待机呼吸休闲 physics=None
WARNING:pet.gui_stall_sampler:GUI 冻结现场（170ms，2 个采样点，旧→新）：
WARNING:pet.gui_stall_sampler:  [t-180ms] verify_seeky_multi.py:305:<module> <- verify_seeky_multi.py:241:main
WARNING:pet.gui_stall_sampler:  [t-35ms] verify_seeky_multi.py:305:<module> <- verify_seeky_multi.py:241:main <- webm_clip.py:2439:_poll <- webm_clip.py:2664:_process_frame
WARNING:root:GUI 卡顿 105ms state=IDLE anim=待机呼吸休闲 physics=None
WARNING:pet.gui_stall_sampler:GUI 冻结现场（105ms，2 个采样点，旧→新）：
WARNING:pet.gui_stall_sampler:  [t-124ms] verify_seeky_multi.py:305:<module> <- verify_seeky_multi.py:241:main
WARNING:pet.gui_stall_sampler:  [t-10ms] webm_clip.py:2690:_process_frame <- window_optional_services.py:62:<lambda> <- verify_seeky_multi.py:92:observed_frame <- window.py:1917:_on_frame <- window.py:2124:_rebuild_frame <- window.py:2266:_sync_mask
WARNING:root:GUI 卡顿 105ms state=IDLE anim=待机呼吸休闲 physics=None
WARNING:pet.gui_stall_sampler:GUI 冻结现场（105ms，2 个采样点，旧→新）：
WARNING:pet.gui_stall_sampler:  [t-124ms] verify_seeky_multi.py:305:<module> <- verify_seeky_multi.py:241:main
WARNING:pet.gui_stall_sampler:  [t-10ms] webm_clip.py:2690:_process_frame <- window_optional_services.py:62:<lambda> <- verify_seeky_multi.py:92:observed_frame <- window.py:1917:_on_frame <- window.py:2124:_rebuild_frame <- window.py:2266:_sync_mask
WARNING:root:GUI 卡顿 105ms state=IDLE anim=待机呼吸休闲 physics=None
WARNING:pet.gui_stall_sampler:GUI 冻结现场（105ms，2 个采样点，旧→新）：
WARNING:pet.gui_stall_sampler:  [t-124ms] verify_seeky_multi.py:305:<module> <- verify_seeky_multi.py:241:main
WARNING:pet.gui_stall_sampler:  [t-10ms] webm_clip.py:2690:_process_frame <- window_optional_services.py:62:<lambda> <- verify_seeky_multi.py:92:observed_frame <- window.py:1917:_on_frame <- window.py:2124:_rebuild_frame <- window.py:2266:_sync_mask
WARNING:root:GUI 卡顿 135ms state=IDLE anim=待机呼吸休闲 physics=None
WARNING:root:GUI 卡顿 135ms state=IDLE anim=待机呼吸休闲 physics=None
WARNING:root:GUI 卡顿 135ms state=IDLE anim=待机呼吸休闲 physics=None
WARNING:root:GUI 卡顿 101ms state=IDLE anim=待机呼吸休闲 physics=None
WARNING:pet.gui_stall_sampler:GUI 冻结现场（101ms，2 个采样点，旧→新）：
WARNING:pet.gui_stall_sampler:  [t-104ms] verify_seeky_multi.py:305:<module> <- verify_seeky_multi.py:241:main
WARNING:pet.gui_stall_sampler:  [t-31ms] webm_clip.py:2439:_poll <- webm_clip.py:2690:_process_frame <- window_optional_services.py:62:<lambda> <- verify_seeky_multi.py:92:observed_frame <- window.py:1917:_on_frame <- window.py:2106:_rebuild_frame
WARNING:root:GUI 卡顿 102ms state=IDLE anim=待机呼吸休闲 physics=None
WARNING:pet.gui_stall_sampler:GUI 冻结现场（102ms，2 个采样点，旧→新）：
WARNING:pet.gui_stall_sampler:  [t-104ms] verify_seeky_multi.py:305:<module> <- verify_seeky_multi.py:241:main
WARNING:pet.gui_stall_sampler:  [t-31ms] webm_clip.py:2439:_poll <- webm_clip.py:2690:_process_frame <- window_optional_services.py:62:<lambda> <- verify_seeky_multi.py:92:observed_frame <- window.py:1917:_on_frame <- window.py:2106:_rebuild_frame
WARNING:root:GUI 卡顿 102ms state=IDLE anim=待机呼吸休闲 physics=None
WARNING:pet.gui_stall_sampler:GUI 冻结现场（102ms，2 个采样点，旧→新）：
WARNING:pet.gui_stall_sampler:  [t-104ms] verify_seeky_multi.py:305:<module> <- verify_seeky_multi.py:241:main
WARNING:pet.gui_stall_sampler:  [t-32ms] webm_clip.py:2439:_poll <- webm_clip.py:2690:_process_frame <- window_optional_services.py:62:<lambda> <- verify_seeky_multi.py:92:observed_frame <- window.py:1917:_on_frame <- window.py:2106:_rebuild_frame
WARNING:root:GUI 卡顿 118ms state=IDLE anim=待机呼吸休闲 physics=None
WARNING:pet.gui_stall_sampler:GUI 冻结现场（118ms，3 个采样点，旧→新）：
WARNING:pet.gui_stall_sampler:  [t-125ms] verify_seeky_multi.py:305:<module> <- verify_seeky_multi.py:241:main
WARNING:pet.gui_stall_sampler:  [t-58ms] verify_seeky_multi.py:305:<module> <- verify_seeky_multi.py:241:main <- webm_clip.py:2439:_poll <- webm_clip.py:2664:_process_frame
WARNING:pet.gui_stall_sampler:  [t-3ms] verify_seeky_multi.py:305:<module> <- verify_seeky_multi.py:241:main
WARNING:root:GUI 卡顿 121ms state=IDLE anim=待机呼吸休闲 physics=None
WARNING:pet.gui_stall_sampler:GUI 冻结现场（121ms，3 个采样点，旧→新）：
WARNING:pet.gui_stall_sampler:  [t-126ms] verify_seeky_multi.py:305:<module> <- verify_seeky_multi.py:241:main
WARNING:pet.gui_stall_sampler:  [t-58ms] verify_seeky_multi.py:305:<module> <- verify_seeky_multi.py:241:main <- webm_clip.py:2439:_poll <- webm_clip.py:2664:_process_frame
WARNING:pet.gui_stall_sampler:  [t-4ms] verify_seeky_multi.py:305:<module> <- verify_seeky_multi.py:241:main
WARNING:root:GUI 卡顿 122ms state=IDLE anim=待机呼吸休闲 physics=None
WARNING:pet.gui_stall_sampler:GUI 冻结现场（122ms，3 个采样点，旧→新）：
WARNING:pet.gui_stall_sampler:  [t-126ms] verify_seeky_multi.py:305:<module> <- verify_seeky_multi.py:241:main
WARNING:pet.gui_stall_sampler:  [t-58ms] verify_seeky_multi.py:305:<module> <- verify_seeky_multi.py:241:main <- webm_clip.py:2439:_poll <- webm_clip.py:2664:_process_frame
WARNING:pet.gui_stall_sampler:  [t-4ms] verify_seeky_multi.py:305:<module> <- verify_seeky_multi.py:241:main
WARNING:root:GUI 卡顿 349ms state=IDLE anim=待机呼吸休闲 physics=None
WARNING:pet.gui_stall_sampler:GUI 冻结现场（349ms，2 个采样点，旧→新）：
WARNING:pet.gui_stall_sampler:  [t-303ms] window.py:1917:_on_frame <- window.py:2124:_rebuild_frame <- window.py:2270:_sync_mask <- window_optional_services.py:42:effects_coverage <- frame_edges.py:26:coverage_region <- Image.py:2046:point
WARNING:pet.gui_stall_sampler:  [t-33ms] verify_seeky_multi.py:305:<module> <- verify_seeky_multi.py:241:main <- webm_clip.py:2439:_poll <- webm_clip.py:2690:_process_frame
WARNING:root:GUI 卡顿 350ms state=IDLE anim=待机呼吸休闲 physics=None
WARNING:pet.gui_stall_sampler:GUI 冻结现场（350ms，2 个采样点，旧→新）：
WARNING:pet.gui_stall_sampler:  [t-304ms] window.py:1917:_on_frame <- window.py:2124:_rebuild_frame <- window.py:2270:_sync_mask <- window_optional_services.py:42:effects_coverage <- frame_edges.py:26:coverage_region <- Image.py:2046:point
WARNING:pet.gui_stall_sampler:  [t-33ms] verify_seeky_multi.py:305:<module> <- verify_seeky_multi.py:241:main <- webm_clip.py:2439:_poll <- webm_clip.py:2690:_process_frame
WARNING:root:GUI 卡顿 350ms state=IDLE anim=待机呼吸休闲 physics=None
WARNING:pet.gui_stall_sampler:GUI 冻结现场（350ms，2 个采样点，旧→新）：
WARNING:pet.gui_stall_sampler:  [t-304ms] window.py:1917:_on_frame <- window.py:2124:_rebuild_frame <- window.py:2270:_sync_mask <- window_optional_services.py:42:effects_coverage <- frame_edges.py:26:coverage_region <- Image.py:2046:point
WARNING:pet.gui_stall_sampler:  [t-33ms] verify_seeky_multi.py:305:<module> <- verify_seeky_multi.py:241:main <- webm_clip.py:2439:_poll <- webm_clip.py:2690:_process_frame
WARNING:root:GUI 卡顿 168ms state=IDLE anim=待机呼吸休闲 physics=None
WARNING:pet.gui_stall_sampler:GUI 冻结现场（168ms，4 个采样点，旧→新）：
WARNING:pet.gui_stall_sampler:  [t-186ms] verify_seeky_multi.py:305:<module> <- verify_seeky_multi.py:241:main
WARNING:pet.gui_stall_sampler:  [t-123ms] webm_clip.py:2439:_poll <- webm_clip.py:2690:_process_frame <- window_optional_services.py:62:<lambda> <- verify_seeky_multi.py:92:observed_frame <- window.py:1917:_on_frame <- window.py:2106:_rebuild_frame
WARNING:pet.gui_stall_sampler:  [t-64ms] window.py:2124:_rebuild_frame <- window.py:2270:_sync_mask <- window_optional_services.py:42:effects_coverage <- frame_edges.py:18:coverage_region <- Image.py:3274:frombytes <- Image.py:3239:new
WARNING:pet.gui_stall_sampler:  [t-12ms] window.py:2124:_rebuild_frame <- window.py:2270:_sync_mask <- window_optional_services.py:42:effects_coverage <- frame_edges.py:26:coverage_region <- Image.py:3285:frombytes <- Image.py:964:frombytes
WARNING:root:GUI 卡顿 169ms state=IDLE anim=待机呼吸休闲 physics=None
WARNING:pet.gui_stall_sampler:GUI 冻结现场（169ms，4 个采样点，旧→新）：
WARNING:pet.gui_stall_sampler:  [t-186ms] verify_seeky_multi.py:305:<module> <- verify_seeky_multi.py:241:main
WARNING:pet.gui_stall_sampler:  [t-123ms] webm_clip.py:2439:_poll <- webm_clip.py:2690:_process_frame <- window_optional_services.py:62:<lambda> <- verify_seeky_multi.py:92:observed_frame <- window.py:1917:_on_frame <- window.py:2106:_rebuild_frame
WARNING:pet.gui_stall_sampler:  [t-64ms] window.py:2124:_rebuild_frame <- window.py:2270:_sync_mask <- window_optional_services.py:42:effects_coverage <- frame_edges.py:18:coverage_region <- Image.py:3274:frombytes <- Image.py:3239:new
WARNING:pet.gui_stall_sampler:  [t-12ms] window.py:2124:_rebuild_frame <- window.py:2270:_sync_mask <- window_optional_services.py:42:effects_coverage <- frame_edges.py:26:coverage_region <- Image.py:3285:frombytes <- Image.py:964:frombytes
WARNING:root:GUI 卡顿 169ms state=IDLE anim=待机呼吸休闲 physics=None
WARNING:pet.gui_stall_sampler:GUI 冻结现场（169ms，4 个采样点，旧→新）：
WARNING:pet.gui_stall_sampler:  [t-186ms] verify_seeky_multi.py:305:<module> <- verify_seeky_multi.py:241:main
WARNING:pet.gui_stall_sampler:  [t-123ms] webm_clip.py:2439:_poll <- webm_clip.py:2690:_process_frame <- window_optional_services.py:62:<lambda> <- verify_seeky_multi.py:92:observed_frame <- window.py:1917:_on_frame <- window.py:2106:_rebuild_frame
WARNING:pet.gui_stall_sampler:  [t-64ms] window.py:2124:_rebuild_frame <- window.py:2270:_sync_mask <- window_optional_services.py:42:effects_coverage <- frame_edges.py:18:coverage_region <- Image.py:3274:frombytes <- Image.py:3239:new
WARNING:pet.gui_stall_sampler:  [t-12ms] window.py:2124:_rebuild_frame <- window.py:2270:_sync_mask <- window_optional_services.py:42:effects_coverage <- frame_edges.py:26:coverage_region <- Image.py:3285:frombytes <- Image.py:964:frombytes
WARNING:root:GUI 卡顿 154ms state=IDLE anim=待机呼吸休闲 physics=None
WARNING:pet.gui_stall_sampler:GUI 冻结现场（154ms，2 个采样点，旧→新）：
WARNING:pet.gui_stall_sampler:  [t-193ms] verify_seeky_multi.py:305:<module> <- verify_seeky_multi.py:241:main
WARNING:pet.gui_stall_sampler:  [t-47ms] window.py:1917:_on_frame <- window.py:2124:_rebuild_frame <- window.py:2270:_sync_mask <- window_optional_services.py:42:effects_coverage <- frame_edges.py:28:coverage_region <- Image.py:2046:point
WARNING:root:GUI 卡顿 157ms state=IDLE anim=待机呼吸休闲 physics=None
WARNING:pet.gui_stall_sampler:GUI 冻结现场（157ms，2 个采样点，旧→新）：
WARNING:pet.gui_stall_sampler:  [t-194ms] verify_seeky_multi.py:305:<module> <- verify_seeky_multi.py:241:main
WARNING:pet.gui_stall_sampler:  [t-47ms] window.py:1917:_on_frame <- window.py:2124:_rebuild_frame <- window.py:2270:_sync_mask <- window_optional_services.py:42:effects_coverage <- frame_edges.py:28:coverage_region <- Image.py:2046:point
WARNING:root:GUI 卡顿 157ms state=IDLE anim=待机呼吸休闲 physics=None
WARNING:pet.gui_stall_sampler:GUI 冻结现场（157ms，2 个采样点，旧→新）：
WARNING:pet.gui_stall_sampler:  [t-194ms] verify_seeky_multi.py:305:<module> <- verify_seeky_multi.py:241:main
WARNING:pet.gui_stall_sampler:  [t-47ms] window.py:1917:_on_frame <- window.py:2124:_rebuild_frame <- window.py:2270:_sync_mask <- window_optional_services.py:42:effects_coverage <- frame_edges.py:28:coverage_region <- Image.py:2046:point
WARNING:root:GUI 卡顿 194ms state=IDLE anim=待机呼吸休闲 physics=None
WARNING:pet.gui_stall_sampler:GUI 冻结现场（194ms，2 个采样点，旧→新）：
WARNING:pet.gui_stall_sampler:  [t-241ms] webm_clip.py:2690:_process_frame <- window_optional_services.py:62:<lambda> <- verify_seeky_multi.py:92:observed_frame <- window.py:1917:_on_frame <- window.py:2068:_rebuild_frame <- window.py:1990:_frame_signature
WARNING:pet.gui_stall_sampler:  [t-7ms] window.py:1919:_on_frame <- window.py:2126:_rebuild_frame <- window.py:2291:_sync_mask <- window_optional_services.py:44:effects_coverage <- frame_edges.py:36:coverage_region <- Image.py:2046:point
WARNING:root:GUI 卡顿 195ms state=IDLE anim=待机呼吸休闲 physics=None
WARNING:pet.gui_stall_sampler:GUI 冻结现场（195ms，2 个采样点，旧→新）：
WARNING:pet.gui_stall_sampler:  [t-241ms] webm_clip.py:2690:_process_frame <- window_optional_services.py:62:<lambda> <- verify_seeky_multi.py:92:observed_frame <- window.py:1917:_on_frame <- window.py:2068:_rebuild_frame <- window.py:1990:_frame_signature
WARNING:pet.gui_stall_sampler:  [t-7ms] window.py:1919:_on_frame <- window.py:2126:_rebuild_frame <- window.py:2291:_sync_mask <- window_optional_services.py:44:effects_coverage <- frame_edges.py:36:coverage_region <- Image.py:2046:point
WARNING:root:GUI 卡顿 195ms state=IDLE anim=待机呼吸休闲 physics=None
WARNING:pet.gui_stall_sampler:GUI 冻结现场（195ms，2 个采样点，旧→新）：
WARNING:pet.gui_stall_sampler:  [t-241ms] webm_clip.py:2690:_process_frame <- window_optional_services.py:62:<lambda> <- verify_seeky_multi.py:92:observed_frame <- window.py:1917:_on_frame <- window.py:2068:_rebuild_frame <- window.py:1990:_frame_signature
WARNING:pet.gui_stall_sampler:  [t-7ms] window.py:1919:_on_frame <- window.py:2126:_rebuild_frame <- window.py:2291:_sync_mask <- window_optional_services.py:44:effects_coverage <- frame_edges.py:36:coverage_region <- Image.py:2046:point
WARNING:root:GUI 卡顿 142ms state=IDLE anim=待机呼吸休闲 physics=None
WARNING:pet.gui_stall_sampler:GUI 冻结现场（142ms，2 个采样点，旧→新）：
WARNING:pet.gui_stall_sampler:  [t-148ms] window.py:1919:_on_frame <- window.py:2126:_rebuild_frame <- window.py:2291:_sync_mask <- window_optional_services.py:44:effects_coverage <- frame_edges.py:36:coverage_region <- Image.py:2046:point
WARNING:pet.gui_stall_sampler:  [t-5ms] window.py:1917:_on_frame <- window.py:2124:_rebuild_frame <- window.py:2270:_sync_mask <- window_optional_services.py:42:effects_coverage <- frame_edges.py:28:coverage_region <- Image.py:2046:point
WARNING:root:GUI 卡顿 141ms state=IDLE anim=待机呼吸休闲 physics=None
WARNING:pet.gui_stall_sampler:GUI 冻结现场（141ms，2 个采样点，旧→新）：
WARNING:pet.gui_stall_sampler:  [t-148ms] window.py:1919:_on_frame <- window.py:2126:_rebuild_frame <- window.py:2291:_sync_mask <- window_optional_services.py:44:effects_coverage <- frame_edges.py:36:coverage_region <- Image.py:2046:point
WARNING:pet.gui_stall_sampler:  [t-5ms] window.py:1917:_on_frame <- window.py:2124:_rebuild_frame <- window.py:2270:_sync_mask <- window_optional_services.py:42:effects_coverage <- frame_edges.py:28:coverage_region <- Image.py:2046:point
WARNING:root:GUI 卡顿 141ms state=IDLE anim=待机呼吸休闲 physics=None
WARNING:pet.gui_stall_sampler:GUI 冻结现场（141ms，2 个采样点，旧→新）：
WARNING:pet.gui_stall_sampler:  [t-148ms] window.py:1919:_on_frame <- window.py:2126:_rebuild_frame <- window.py:2291:_sync_mask <- window_optional_services.py:44:effects_coverage <- frame_edges.py:36:coverage_region <- Image.py:2046:point
WARNING:pet.gui_stall_sampler:  [t-5ms] window.py:1917:_on_frame <- window.py:2124:_rebuild_frame <- window.py:2270:_sync_mask <- window_optional_services.py:42:effects_coverage <- frame_edges.py:28:coverage_region <- Image.py:2046:point
{'max_first_frame_decoders': 2, 'steady_mib': 1067.5032958984375, 'peak_mib': 2135.302688598633, 'growth_mib': -258.1648292541504, 'playback': {0: {'fps': 17.27631502322671, 'forward_gaps': 0, 'frames': 1158, 'ten_second_bins': [{'start': 0, 'fps': 18.845902622364516, 'frames': 177}, {'start': 10, 'fps': 13.521285934835472, 'frames': 135}, {'start': 20, 'fps': 13.374808750367297, 'frames': 133}, {'start': 30, 'fps': 22.06215685286859, 'frames': 220}, {'start': 40, 'fps': 21.15016617987712, 'frames': 211}, {'start': 50, 'fps': 6.704523521703357, 'frames': 67}, {'start': 60, 'fps': 8.925258481502647, 'frames': 90}, {'start': 70, 'fps': 16.95479729934301, 'frames': 169}, {'start': 80, 'fps': 22.939915452888012, 'frames': 230}, {'start': 90, 'fps': 23.464056875269478, 'frames': 235}, {'start': 100, 'fps': 22.69486453375107, 'frames': 227}]}, 1: {'fps': 17.15101860317802, 'forward_gaps': 0, 'frames': 1149, 'ten_second_bins': [{'start': 0, 'fps': 18.86873827442693, 'frames': 176}, {'start': 10, 'fps': 13.513240959238418, 'frames': 135}, {'start': 20, 'fps': 13.36495367485982, 'frames': 134}, {'start': 30, 'fps': 21.86603542698951, 'frames': 219}, {'start': 40, 'fps': 20.86112309065562, 'frames': 209}, {'start': 50, 'fps': 6.498847470018987, 'frames': 65}, {'start': 60, 'fps': 8.926126162678651, 'frames': 89}, {'start': 70, 'fps': 16.986631822293702, 'frames': 170}, {'start': 80, 'fps': 22.31738946860486, 'frames': 223}, {'start': 90, 'fps': 23.587036163443113, 'frames': 236}, {'start': 100, 'fps': 22.874341610233255, 'frames': 229}]}, 2: {'fps': 17.23167342843107, 'forward_gaps': 0, 'frames': 1155, 'ten_second_bins': [{'start': 0, 'fps': 18.78562791501123, 'frames': 175}, {'start': 10, 'fps': 13.40955607311737, 'frames': 134}, {'start': 20, 'fps': 13.430002423459086, 'frames': 134}, {'start': 30, 'fps': 22.0275394534354, 'frames': 220}, {'start': 40, 'fps': 20.587703617410167, 'frames': 206}, {'start': 50, 'fps': 6.720564928681766, 'frames': 68}, {'start': 60, 'fps': 9.035074361707531, 'frames': 90}, {'start': 70, 'fps': 16.9597609481314, 'frames': 169}, {'start': 80, 'fps': 22.915494090214672, 'frames': 229}, {'start': 90, 'fps': 23.48996657197063, 'frames': 235}, {'start': 100, 'fps': 22.922636103151863, 'frames': 229}]}}, 'queue_drops': 0, 'duplicate_first_images': [], 'lifecycle': {}, 'shared_process_enabled': True, 'source_widths': [2560, 2560, 2560], 'actions': {0: '待机呼吸休闲', 1: '待机呼吸休闲', 2: '待机呼吸休闲'}, 'initial_decode_routes': {0: {'idle_eligible': True, 'broker_active': True, 'feed': False, 'publish': True, 'path': '/Users/ray/Library/Caches/seeky-native-v6-baseline/assets/characters_hq/shenshen/videos/idle/待机呼吸休闲.webm'}, 1: {'idle_eligible': True, 'broker_active': True, 'feed': True, 'publish': False, 'path': '/Users/ray/Library/Caches/seeky-native-v6-baseline/assets/characters_hq/shenshen/videos/idle/待机呼吸休闲.webm'}, 2: {'idle_eligible': True, 'broker_active': True, 'feed': True, 'publish': False, 'path': '/Users/ray/Library/Caches/seeky-native-v6-baseline/assets/characters_hq/shenshen/videos/idle/待机呼吸休闲.webm'}}, 'live_ffmpeg_after_cleanup': []} ['Pet 0: fps=17.28, skipped source frames=0', 'Pet 1: fps=17.15, skipped source frames=0', 'Pet 2: fps=17.23, skipped source frames=0']
