QSystemTrayIcon::setVisible: No Icon set
WARNING:root:GUI 卡顿 1388ms state=IDLE anim=待机呼吸休闲 physics=None
WARNING:pet.gui_stall_sampler:GUI 冻结现场（1388ms，11 个采样点，旧→新）：
WARNING:pet.gui_stall_sampler:  [t-1185ms] verify_seeky_multi.py:57:main <- app.py:1703:start <- app.py:1812:_create_ui_with_character_fallback <- app.py:572:_create_ui <- app.py:537:_build_window <- enum.py:695:__call__
WARNING:pet.gui_stall_sampler:  [t-1092ms] verify_seeky_multi.py:57:main <- app.py:1703:start <- app.py:1812:_create_ui_with_character_fallback <- app.py:572:_create_ui <- app.py:537:_build_window <- file_eater.py:150:eventFilter
WARNING:pet.gui_stall_sampler:  [t-962ms] verify_seeky_multi.py:113:main <- app.py:2627:spawn_pet <- app.py:2740:spawn_in_process_window <- slot_manager.py:196:acquire_pet_slot <- slot_manager.py:142:_try_acquire_slot_lock <- slot_manager.py:117:_write_pid_record
WARNING:pet.gui_stall_sampler:  [t-896ms] window.py:1050:_write_runtime_marker <- window_placement.py:211:write_runtime_marker <- slot_manager.py:596:write_runtime_marker <- _local.py:555:write_text <- _abc.py:651:write_text <- _local.py:537:open
WARNING:pet.gui_stall_sampler:  [t-825ms] verify_seeky_multi.py:113:main <- app.py:2627:spawn_pet <- app.py:2768:spawn_in_process_window <- app.py:548:_build_window <- settings_commands.py:19:__init__ <- _local.py:722:mkdir
WARNING:pet.gui_stall_sampler:  [t-731ms] verify_seeky_multi.py:305:<module> <- verify_seeky_multi.py:113:main <- app.py:2627:spawn_pet <- app.py:2768:spawn_in_process_window <- app.py:537:_build_window <- file_eater.py:150:eventFilter
WARNING:pet.gui_stall_sampler:  [t-680ms] verify_seeky_multi.py:305:<module> <- verify_seeky_multi.py:241:main
WARNING:root:GUI 卡顿 1008ms state=IDLE anim=待机呼吸休闲 physics=None
WARNING:pet.gui_stall_sampler:GUI 冻结现场（1008ms，10 个采样点，旧→新）：
WARNING:pet.gui_stall_sampler:  [t-1046ms] verify_seeky_multi.py:113:main <- app.py:2627:spawn_pet <- app.py:2740:spawn_in_process_window <- slot_manager.py:196:acquire_pet_slot <- slot_manager.py:142:_try_acquire_slot_lock <- slot_manager.py:117:_write_pid_record
WARNING:pet.gui_stall_sampler:  [t-980ms] window.py:1050:_write_runtime_marker <- window_placement.py:211:write_runtime_marker <- slot_manager.py:596:write_runtime_marker <- _local.py:555:write_text <- _abc.py:651:write_text <- _local.py:537:open
WARNING:pet.gui_stall_sampler:  [t-909ms] verify_seeky_multi.py:113:main <- app.py:2627:spawn_pet <- app.py:2768:spawn_in_process_window <- app.py:548:_build_window <- settings_commands.py:19:__init__ <- _local.py:722:mkdir
WARNING:pet.gui_stall_sampler:  [t-816ms] verify_seeky_multi.py:305:<module> <- verify_seeky_multi.py:113:main <- app.py:2627:spawn_pet <- app.py:2768:spawn_in_process_window <- app.py:537:_build_window <- file_eater.py:150:eventFilter
WARNING:pet.gui_stall_sampler:  [t-765ms] verify_seeky_multi.py:305:<module> <- verify_seeky_multi.py:241:main
WARNING:pet.gui_stall_sampler:  [t-10ms] verify_seeky_multi.py:305:<module> <- verify_seeky_multi.py:241:main <- webm_clip.py:2499:_poll <- webm_clip.py:2733:_process_frame
WARNING:root:GUI 卡顿 923ms state=IDLE anim=待机呼吸休闲 physics=None
WARNING:pet.gui_stall_sampler:GUI 冻结现场（923ms，8 个采样点，旧→新）：
WARNING:pet.gui_stall_sampler:  [t-944ms] verify_seeky_multi.py:113:main <- app.py:2627:spawn_pet <- app.py:2768:spawn_in_process_window <- app.py:548:_build_window <- settings_commands.py:19:__init__ <- _local.py:722:mkdir
WARNING:pet.gui_stall_sampler:  [t-851ms] verify_seeky_multi.py:305:<module> <- verify_seeky_multi.py:113:main <- app.py:2627:spawn_pet <- app.py:2768:spawn_in_process_window <- app.py:537:_build_window <- file_eater.py:150:eventFilter
WARNING:pet.gui_stall_sampler:  [t-799ms] verify_seeky_multi.py:305:<module> <- verify_seeky_multi.py:241:main
WARNING:pet.gui_stall_sampler:  [t-45ms] verify_seeky_multi.py:305:<module> <- verify_seeky_multi.py:241:main <- webm_clip.py:2499:_poll <- webm_clip.py:2733:_process_frame
WARNING:root:GUI 卡顿 169ms state=IDLE anim=待机呼吸休闲 physics=None
WARNING:pet.gui_stall_sampler:GUI 冻结现场（169ms，2 个采样点，旧→新）：
WARNING:pet.gui_stall_sampler:  [t-200ms] verify_seeky_multi.py:305:<module> <- verify_seeky_multi.py:241:main
WARNING:pet.gui_stall_sampler:  [t-94ms] verify_seeky_multi.py:305:<module> <- verify_seeky_multi.py:241:main <- webm_clip.py:2499:_poll <- webm_clip.py:2733:_process_frame
WARNING:root:GUI 卡顿 115ms state=IDLE anim=待机呼吸休闲 physics=None
WARNING:pet.gui_stall_sampler:GUI 冻结现场（115ms，3 个采样点，旧→新）：
WARNING:pet.gui_stall_sampler:  [t-156ms] verify_seeky_multi.py:305:<module> <- verify_seeky_multi.py:241:main
WARNING:root:GUI 卡顿 117ms state=IDLE anim=待机呼吸休闲 physics=None
WARNING:pet.gui_stall_sampler:GUI 冻结现场（117ms，3 个采样点，旧→新）：
WARNING:pet.gui_stall_sampler:  [t-157ms] verify_seeky_multi.py:305:<module> <- verify_seeky_multi.py:241:main
WARNING:root:GUI 卡顿 117ms state=IDLE anim=待机呼吸休闲 physics=None
WARNING:pet.gui_stall_sampler:GUI 冻结现场（117ms，3 个采样点，旧→新）：
WARNING:pet.gui_stall_sampler:  [t-157ms] verify_seeky_multi.py:305:<module> <- verify_seeky_multi.py:241:main
WARNING:root:GUI 卡顿 100ms state=IDLE anim=待机呼吸休闲 physics=None
WARNING:pet.gui_stall_sampler:GUI 冻结现场（100ms，2 个采样点，旧→新）：
WARNING:pet.gui_stall_sampler:  [t-141ms] verify_seeky_multi.py:305:<module> <- verify_seeky_multi.py:241:main
WARNING:pet.gui_stall_sampler:  [t-86ms] verify_seeky_multi.py:305:<module> <- verify_seeky_multi.py:241:main <- webm_clip.py:2499:_poll <- webm_clip.py:2723:_process_frame
WARNING:root:GUI 卡顿 101ms state=IDLE anim=待机呼吸休闲 physics=None
WARNING:pet.gui_stall_sampler:GUI 冻结现场（101ms，2 个采样点，旧→新）：
WARNING:pet.gui_stall_sampler:  [t-142ms] verify_seeky_multi.py:305:<module> <- verify_seeky_multi.py:241:main
WARNING:pet.gui_stall_sampler:  [t-86ms] verify_seeky_multi.py:305:<module> <- verify_seeky_multi.py:241:main <- webm_clip.py:2499:_poll <- webm_clip.py:2723:_process_frame
WARNING:root:GUI 卡顿 101ms state=IDLE anim=待机呼吸休闲 physics=None
WARNING:pet.gui_stall_sampler:GUI 冻结现场（101ms，2 个采样点，旧→新）：
WARNING:pet.gui_stall_sampler:  [t-142ms] verify_seeky_multi.py:305:<module> <- verify_seeky_multi.py:241:main
WARNING:pet.gui_stall_sampler:  [t-86ms] verify_seeky_multi.py:305:<module> <- verify_seeky_multi.py:241:main <- webm_clip.py:2499:_poll <- webm_clip.py:2723:_process_frame
WARNING:root:GUI 卡顿 128ms state=IDLE anim=待机呼吸休闲 physics=None
WARNING:pet.gui_stall_sampler:GUI 冻结现场（128ms，2 个采样点，旧→新）：
WARNING:pet.gui_stall_sampler:  [t-138ms] verify_seeky_multi.py:305:<module> <- verify_seeky_multi.py:241:main
WARNING:pet.gui_stall_sampler:  [t-40ms] webm_clip.py:2499:_poll <- webm_clip.py:2750:_process_frame <- window_optional_services.py:62:<lambda> <- verify_seeky_multi.py:92:observed_frame <- window.py:1917:_on_frame <- window.py:2106:_rebuild_frame
WARNING:root:GUI 卡顿 130ms state=IDLE anim=待机呼吸休闲 physics=None
WARNING:pet.gui_stall_sampler:GUI 冻结现场（130ms，2 个采样点，旧→新）：
WARNING:pet.gui_stall_sampler:  [t-138ms] verify_seeky_multi.py:305:<module> <- verify_seeky_multi.py:241:main
WARNING:pet.gui_stall_sampler:  [t-40ms] webm_clip.py:2499:_poll <- webm_clip.py:2750:_process_frame <- window_optional_services.py:62:<lambda> <- verify_seeky_multi.py:92:observed_frame <- window.py:1917:_on_frame <- window.py:2106:_rebuild_frame
WARNING:root:GUI 卡顿 130ms state=IDLE anim=待机呼吸休闲 physics=None
WARNING:pet.gui_stall_sampler:GUI 冻结现场（130ms，2 个采样点，旧→新）：
WARNING:pet.gui_stall_sampler:  [t-138ms] verify_seeky_multi.py:305:<module> <- verify_seeky_multi.py:241:main
WARNING:pet.gui_stall_sampler:  [t-41ms] webm_clip.py:2499:_poll <- webm_clip.py:2750:_process_frame <- window_optional_services.py:62:<lambda> <- verify_seeky_multi.py:92:observed_frame <- window.py:1917:_on_frame <- window.py:2106:_rebuild_frame
WARNING:root:GUI 卡顿 114ms state=IDLE anim=待机呼吸休闲 physics=None
WARNING:pet.gui_stall_sampler:GUI 冻结现场（114ms，1 个采样点，旧→新）：
WARNING:pet.gui_stall_sampler:  [t-137ms] webm_clip.py:2750:_process_frame <- window_optional_services.py:62:<lambda> <- verify_seeky_multi.py:92:observed_frame <- window.py:1917:_on_frame <- window.py:2124:_rebuild_frame <- window.py:2266:_sync_mask
WARNING:root:GUI 卡顿 115ms state=IDLE anim=待机呼吸休闲 physics=None
WARNING:pet.gui_stall_sampler:GUI 冻结现场（115ms，1 个采样点，旧→新）：
WARNING:pet.gui_stall_sampler:  [t-137ms] webm_clip.py:2750:_process_frame <- window_optional_services.py:62:<lambda> <- verify_seeky_multi.py:92:observed_frame <- window.py:1917:_on_frame <- window.py:2124:_rebuild_frame <- window.py:2266:_sync_mask
WARNING:root:GUI 卡顿 116ms state=IDLE anim=待机呼吸休闲 physics=None
WARNING:pet.gui_stall_sampler:GUI 冻结现场（116ms，1 个采样点，旧→新）：
WARNING:pet.gui_stall_sampler:  [t-137ms] webm_clip.py:2750:_process_frame <- window_optional_services.py:62:<lambda> <- verify_seeky_multi.py:92:observed_frame <- window.py:1917:_on_frame <- window.py:2124:_rebuild_frame <- window.py:2266:_sync_mask
{'max_first_frame_decoders': 2, 'steady_mib': 1206.6124649047852, 'peak_mib': 1957.0673522949219, 'growth_mib': -435.87513732910156, 'playback': {0: {'fps': 18.533049359189928, 'forward_gaps': 0, 'frames': 1241, 'ten_second_bins': [{'start': 0, 'fps': 20.660698020571836, 'frames': 187}, {'start': 10, 'fps': 18.416762272809617, 'frames': 184}, {'start': 20, 'fps': 18.20010055304173, 'frames': 182}, {'start': 30, 'fps': 21.57464828305938, 'frames': 216}, {'start': 40, 'fps': 16.173752310536045, 'frames': 162}, {'start': 50, 'fps': 20.98646423263848, 'frames': 210}, {'start': 60, 'fps': 15.169476201000583, 'frames': 152}, {'start': 70, 'fps': 13.449559097160419, 'frames': 134}, {'start': 80, 'fps': 17.66465262862074, 'frames': 177}, {'start': 90, 'fps': 23.492560689115116, 'frames': 235}, {'start': 100, 'fps': 22.845021009260392, 'frames': 225}]}, 1: {'fps': 18.62472742479912, 'forward_gaps': 0, 'frames': 1248, 'ten_second_bins': [{'start': 0, 'fps': 20.806622129248485, 'frames': 186}, {'start': 10, 'fps': 18.541161378259737, 'frames': 186}, {'start': 20, 'fps': 18.22249668451797, 'frames': 181}, {'start': 30, 'fps': 22.073947724878334, 'frames': 221}, {'start': 40, 'fps': 16.374175012808017, 'frames': 164}, {'start': 50, 'fps': 20.954011988112633, 'frames': 209}, {'start': 60, 'fps': 15.521533608151827, 'frames': 155}, {'start': 70, 'fps': 13.359449550499724, 'frames': 134}, {'start': 80, 'fps': 17.713447036793372, 'frames': 176}, {'start': 90, 'fps': 23.499166482556372, 'frames': 235}, {'start': 100, 'fps': 23.18439730735594, 'frames': 229}]}, 2: {'fps': 18.555841579129012, 'forward_gaps': 0, 'frames': 1243, 'ten_second_bins': [{'start': 0, 'fps': 20.851178936928, 'frames': 186}, {'start': 10, 'fps': 18.01529790660225, 'frames': 180}, {'start': 20, 'fps': 18.34418529642994, 'frames': 183}, {'start': 30, 'fps': 21.48702244088559, 'frames': 215}, {'start': 40, 'fps': 16.17586480593985, 'frames': 162}, {'start': 50, 'fps': 21.047755241797418, 'frames': 210}, {'start': 60, 'fps': 15.26886257019155, 'frames': 153}, {'start': 70, 'fps': 13.702662376549172, 'frames': 136}, {'start': 80, 'fps': 17.63437392934158, 'frames': 176}, {'start': 90, 'fps': 23.492796546358125, 'frames': 235}, {'start': 100, 'fps': 22.86157520335574, 'frames': 225}]}}, 'queue_drops': 0, 'duplicate_first_images': [], 'lifecycle': {}, 'shared_process_enabled': True, 'source_widths': [2560, 2560, 2560], 'actions': {0: '待机呼吸休闲', 1: '待机呼吸休闲', 2: '待机呼吸休闲'}, 'initial_decode_routes': {0: {'idle_eligible': True, 'broker_active': True, 'feed': False, 'publish': True, 'path': '/Users/ray/Library/Caches/seeky-native-v6/assets/characters_hq/shenshen/videos/idle/待机呼吸休闲.webm'}, 1: {'idle_eligible': True, 'broker_active': True, 'feed': True, 'publish': False, 'path': '/Users/ray/Library/Caches/seeky-native-v6/assets/characters_hq/shenshen/videos/idle/待机呼吸休闲.webm'}, 2: {'idle_eligible': True, 'broker_active': True, 'feed': True, 'publish': False, 'path': '/Users/ray/Library/Caches/seeky-native-v6/assets/characters_hq/shenshen/videos/idle/待机呼吸休闲.webm'}}, 'live_ffmpeg_after_cleanup': []} ['Pet 0: fps=18.53, skipped source frames=0', 'Pet 1: fps=18.62, skipped source frames=0', 'Pet 2: fps=18.56, skipped source frames=0']
