QSystemTrayIcon::setVisible: No Icon set
WARNING:root:GUI 卡顿 1069ms state=IDLE anim=待机呼吸休闲 physics=None
WARNING:pet.gui_stall_sampler:GUI 冻结现场（1069ms，10 个采样点，旧→新）：
WARNING:pet.gui_stall_sampler:  [t-972ms] verify_seeky_multi.py:48:main <- app.py:1703:start <- app.py:1812:_create_ui_with_character_fallback <- app.py:572:_create_ui <- app.py:537:_build_window <- enum.py:695:__call__
WARNING:pet.gui_stall_sampler:  [t-872ms] inspect.py:1074:findsource <- linecache.py:41:getlines <- linecache.py:148:updatecache <- tokenize.py:457:open <- tokenize.py:426:detect_encoding <- tokenize.py:384:read_or_stop
WARNING:pet.gui_stall_sampler:  [t-800ms] verify_seeky_multi.py:152:<module> <- verify_seeky_multi.py:48:main <- app.py:1719:start <- app.py:1613:_install_config_watcher <- app.py:1623:_watch_config_file
WARNING:pet.gui_stall_sampler:  [t-747ms] feature.py:159:_mod_uses_pyside <- inspect.py:1256:getsource <- inspect.py:1238:getsourcelines <- inspect.py:1074:findsource <- linecache.py:41:getlines <- linecache.py:149:updatecache
WARNING:pet.gui_stall_sampler:  [t-666ms] verify_seeky_multi.py:152:<module> <- verify_seeky_multi.py:74:main <- app.py:2768:spawn_in_process_window <- app.py:537:_build_window <- file_eater.py:150:eventFilter
WARNING:pet.gui_stall_sampler:  [t-458ms] verify_seeky_multi.py:152:<module> <- verify_seeky_multi.py:121:main
WARNING:root:GUI 卡顿 772ms state=IDLE anim=待机呼吸休闲 physics=None
WARNING:pet.gui_stall_sampler:GUI 冻结现场（772ms，7 个采样点，旧→新）：
WARNING:pet.gui_stall_sampler:  [t-793ms] feature.py:159:_mod_uses_pyside <- inspect.py:1256:getsource <- inspect.py:1238:getsourcelines <- inspect.py:1074:findsource <- linecache.py:41:getlines <- linecache.py:149:updatecache
WARNING:pet.gui_stall_sampler:  [t-712ms] verify_seeky_multi.py:152:<module> <- verify_seeky_multi.py:74:main <- app.py:2768:spawn_in_process_window <- app.py:537:_build_window <- file_eater.py:150:eventFilter
WARNING:pet.gui_stall_sampler:  [t-504ms] verify_seeky_multi.py:152:<module> <- verify_seeky_multi.py:121:main
WARNING:root:GUI 卡顿 675ms state=IDLE anim=待机呼吸休闲 physics=None
WARNING:pet.gui_stall_sampler:GUI 冻结现场（675ms，6 个采样点，旧→新）：
WARNING:pet.gui_stall_sampler:  [t-714ms] verify_seeky_multi.py:152:<module> <- verify_seeky_multi.py:74:main <- app.py:2768:spawn_in_process_window <- app.py:537:_build_window <- file_eater.py:150:eventFilter
WARNING:pet.gui_stall_sampler:  [t-506ms] verify_seeky_multi.py:152:<module> <- verify_seeky_multi.py:121:main
WARNING:root:GUI 卡顿 173ms state=IDLE anim=待机呼吸休闲 physics=None
WARNING:pet.gui_stall_sampler:GUI 冻结现场（173ms，2 个采样点，旧→新）：
WARNING:pet.gui_stall_sampler:  [t-177ms] verify_seeky_multi.py:152:<module> <- verify_seeky_multi.py:121:main
WARNING:pet.gui_stall_sampler:  [t-40ms] webm_clip.py:2647:_process_frame <- window.py:1595:<lambda> <- window.py:1922:_on_frame <- window.py:2129:_rebuild_frame <- window.py:2275:_sync_mask <- window_optional_services.py:42:effects_coverage
WARNING:root:GUI 卡顿 243ms state=IDLE anim=待机呼吸休闲 physics=None
WARNING:pet.gui_stall_sampler:GUI 冻结现场（243ms，2 个采样点，旧→新）：
WARNING:pet.gui_stall_sampler:  [t-94ms] verify_seeky_multi.py:121:main <- webm_clip.py:2396:_poll <- webm_clip.py:2647:_process_frame <- window.py:1595:<lambda> <- window.py:1922:_on_frame <- window.py:2129:_rebuild_frame
WARNING:pet.gui_stall_sampler:  [t-29ms] verify_seeky_multi.py:152:<module> <- verify_seeky_multi.py:121:main
WARNING:root:GUI 卡顿 244ms state=IDLE anim=待机呼吸休闲 physics=None
WARNING:pet.gui_stall_sampler:GUI 冻结现场（244ms，2 个采样点，旧→新）：
WARNING:pet.gui_stall_sampler:  [t-95ms] verify_seeky_multi.py:121:main <- webm_clip.py:2396:_poll <- webm_clip.py:2647:_process_frame <- window.py:1595:<lambda> <- window.py:1922:_on_frame <- window.py:2129:_rebuild_frame
WARNING:pet.gui_stall_sampler:  [t-29ms] verify_seeky_multi.py:152:<module> <- verify_seeky_multi.py:121:main
WARNING:root:GUI 卡顿 244ms state=IDLE anim=待机呼吸休闲 physics=None
WARNING:pet.gui_stall_sampler:GUI 冻结现场（244ms，2 个采样点，旧→新）：
WARNING:pet.gui_stall_sampler:  [t-95ms] verify_seeky_multi.py:121:main <- webm_clip.py:2396:_poll <- webm_clip.py:2647:_process_frame <- window.py:1595:<lambda> <- window.py:1922:_on_frame <- window.py:2129:_rebuild_frame
WARNING:pet.gui_stall_sampler:  [t-29ms] verify_seeky_multi.py:152:<module> <- verify_seeky_multi.py:121:main
WARNING:root:GUI 卡顿 168ms state=IDLE anim=待机呼吸休闲 physics=None
WARNING:pet.gui_stall_sampler:GUI 冻结现场（168ms，2 个采样点，旧→新）：
WARNING:pet.gui_stall_sampler:  [t-180ms] verify_seeky_multi.py:152:<module> <- verify_seeky_multi.py:121:main
WARNING:root:GUI 卡顿 177ms state=IDLE anim=待机呼吸休闲 physics=None
WARNING:pet.gui_stall_sampler:GUI 冻结现场（177ms，2 个采样点，旧→新）：
WARNING:pet.gui_stall_sampler:  [t-187ms] verify_seeky_multi.py:152:<module> <- verify_seeky_multi.py:121:main
WARNING:root:GUI 卡顿 179ms state=IDLE anim=待机呼吸休闲 physics=None
WARNING:pet.gui_stall_sampler:GUI 冻结现场（179ms，2 个采样点，旧→新）：
WARNING:pet.gui_stall_sampler:  [t-187ms] verify_seeky_multi.py:152:<module> <- verify_seeky_multi.py:121:main
{'max_first_frame_decoders': 5, 'steady_mib': 440.9408531188965, 'peak_mib': 823.6460952758789, 'growth_mib': -66.42229843139648, 'playback': {0: {'fps': 23.744292237442917, 'forward_gaps': 0, 'frames': 404}, 1: {'fps': 23.743732656175435, 'forward_gaps': 0, 'frames': 404}, 2: {'fps': 23.74331298753329, 'forward_gaps': 0, 'frames': 404}}, 'queue_drops': 0, 'duplicate_first_images': ['assets/characters/shenshen/videos/click/点击回应-傲娇生气.webm', 'assets/characters/shenshen/videos/click/点击回应-元气挥手.webm', 'assets/characters/shenshen/videos/click/点击回应-害羞惊讶.webm', 'assets/characters/shenshen/videos/click/点击回应-开心跃动.webm', 'assets/characters/shenshen/videos/click/点击回应-挠痒咯咯笑.webm', 'assets/characters/shenshen/videos/turn/东张西望.webm', 'assets/characters/shenshen/videos/drag/被鼠标拖拽悬空反馈.webm']} []
