QSystemTrayIcon::setVisible: No Icon set
WARNING:root:GUI 卡顿 1012ms state=IDLE anim=待机呼吸休闲 physics=None
WARNING:pet.gui_stall_sampler:GUI 冻结现场（1012ms，9 个采样点，旧→新）：
WARNING:pet.gui_stall_sampler:  [t-915ms] app.py:537:_build_window <- window.py:1130:showEvent <- window.py:1450:_submit_collision_state <- collision_client.py:244:_submit_collision_state <- collision_client.py:199:_collision_state <- window.py:2306:collision_content_rect
WARNING:pet.gui_stall_sampler:  [t-771ms] verify_seeky_multi.py:52:main <- app.py:1703:start <- app.py:1812:_create_ui_with_character_fallback <- app.py:572:_create_ui <- app.py:546:_build_window <- app.py:3254:_build_tray
WARNING:pet.gui_stall_sampler:  [t-713ms] <frozen importlib._bootstrap>:1360:_find_and_load <- <frozen importlib._bootstrap>:1331:_find_and_load_unlocked <- <frozen importlib._bootstrap>:935:_load_unlocked <- <frozen importlib._bootstrap_external>:1022:exec_module <- <frozen importlib._bootstrap_external>:1118:get_code <- <frozen importlib._bootstrap_external>:1218:get_data
WARNING:pet.gui_stall_sampler:  [t-651ms] verify_seeky_multi.py:177:<module> <- verify_seeky_multi.py:79:main <- app.py:2627:spawn_pet <- app.py:2768:spawn_in_process_window <- app.py:537:_build_window <- file_eater.py:150:eventFilter
WARNING:pet.gui_stall_sampler:  [t-517ms] verify_seeky_multi.py:177:<module> <- verify_seeky_multi.py:141:main
WARNING:root:GUI 卡顿 718ms state=IDLE anim=待机呼吸休闲 physics=None
WARNING:pet.gui_stall_sampler:GUI 冻结现场（718ms，7 个采样点，旧→新）：
WARNING:pet.gui_stall_sampler:  [t-724ms] <frozen importlib._bootstrap>:1360:_find_and_load <- <frozen importlib._bootstrap>:1331:_find_and_load_unlocked <- <frozen importlib._bootstrap>:935:_load_unlocked <- <frozen importlib._bootstrap_external>:1022:exec_module <- <frozen importlib._bootstrap_external>:1118:get_code <- <frozen importlib._bootstrap_external>:1218:get_data
WARNING:pet.gui_stall_sampler:  [t-662ms] verify_seeky_multi.py:177:<module> <- verify_seeky_multi.py:79:main <- app.py:2627:spawn_pet <- app.py:2768:spawn_in_process_window <- app.py:537:_build_window <- file_eater.py:150:eventFilter
WARNING:pet.gui_stall_sampler:  [t-527ms] verify_seeky_multi.py:177:<module> <- verify_seeky_multi.py:141:main
WARNING:root:GUI 卡顿 638ms state=IDLE anim=待机呼吸休闲 physics=None
WARNING:pet.gui_stall_sampler:GUI 冻结现场（638ms，6 个采样点，旧→新）：
WARNING:pet.gui_stall_sampler:  [t-663ms] verify_seeky_multi.py:177:<module> <- verify_seeky_multi.py:79:main <- app.py:2627:spawn_pet <- app.py:2768:spawn_in_process_window <- app.py:537:_build_window <- file_eater.py:150:eventFilter
WARNING:pet.gui_stall_sampler:  [t-528ms] verify_seeky_multi.py:177:<module> <- verify_seeky_multi.py:141:main
WARNING:root:GUI 卡顿 150ms state=IDLE anim=待机呼吸休闲 physics=None
WARNING:pet.gui_stall_sampler:GUI 冻结现场（150ms，1 个采样点，旧→新）：
WARNING:pet.gui_stall_sampler:  [t-1ms] webm_clip.py:2439:_poll <- webm_clip.py:2690:_process_frame <- window_optional_services.py:62:<lambda> <- window.py:1913:_on_frame <- window.py:2064:_rebuild_frame <- window.py:1986:_frame_signature
WARNING:root:GUI 卡顿 151ms state=IDLE anim=待机呼吸休闲 physics=None
WARNING:pet.gui_stall_sampler:GUI 冻结现场（151ms，1 个采样点，旧→新）：
WARNING:pet.gui_stall_sampler:  [t-1ms] webm_clip.py:2439:_poll <- webm_clip.py:2690:_process_frame <- window_optional_services.py:62:<lambda> <- window.py:1913:_on_frame <- window.py:2064:_rebuild_frame <- window.py:1986:_frame_signature
WARNING:root:GUI 卡顿 151ms state=IDLE anim=待机呼吸休闲 physics=None
WARNING:pet.gui_stall_sampler:GUI 冻结现场（151ms，1 个采样点，旧→新）：
WARNING:pet.gui_stall_sampler:  [t-1ms] webm_clip.py:2439:_poll <- webm_clip.py:2690:_process_frame <- window_optional_services.py:62:<lambda> <- window.py:1913:_on_frame <- window.py:2064:_rebuild_frame <- window.py:1986:_frame_signature
WARNING:root:GUI 卡顿 128ms state=IDLE anim=待机呼吸休闲 physics=None
WARNING:pet.gui_stall_sampler:GUI 冻结现场（128ms，1 个采样点，旧→新）：
WARNING:pet.gui_stall_sampler:  [t-6ms] webm_clip.py:2439:_poll <- webm_clip.py:2690:_process_frame <- window_optional_services.py:62:<lambda> <- window.py:1913:_on_frame <- window.py:2064:_rebuild_frame <- window.py:1986:_frame_signature
WARNING:root:GUI 卡顿 129ms state=IDLE anim=待机呼吸休闲 physics=None
WARNING:pet.gui_stall_sampler:GUI 冻结现场（129ms，1 个采样点，旧→新）：
WARNING:pet.gui_stall_sampler:  [t-6ms] webm_clip.py:2439:_poll <- webm_clip.py:2690:_process_frame <- window_optional_services.py:62:<lambda> <- window.py:1913:_on_frame <- window.py:2064:_rebuild_frame <- window.py:1986:_frame_signature
WARNING:root:GUI 卡顿 129ms state=IDLE anim=待机呼吸休闲 physics=None
WARNING:pet.gui_stall_sampler:GUI 冻结现场（129ms，1 个采样点，旧→新）：
WARNING:pet.gui_stall_sampler:  [t-7ms] webm_clip.py:2439:_poll <- webm_clip.py:2690:_process_frame <- window_optional_services.py:62:<lambda> <- window.py:1913:_on_frame <- window.py:2064:_rebuild_frame <- window.py:1986:_frame_signature
Traceback (most recent call last):
  File "/Users/ray/Documents/New project/dsr-pet/scripts/verify_seeky_multi.py", line 177, in <module>
    sys.exit(main())
             ~~~~^^
  File "/Users/ray/Documents/New project/dsr-pet/scripts/verify_seeky_multi.py", line 152, in main
    checks['source_widths'] = [win.movie._size[0] for win in wins]
                               ^^^^^^^^^^^^^^^
AttributeError: 'WebMClip' object has no attribute '_size'
