QSystemTrayIcon::setVisible: No Icon set
WARNING:root:GUI 卡顿 1017ms state=IDLE anim=待机呼吸休闲 physics=None
WARNING:pet.gui_stall_sampler:GUI 冻结现场（1017ms，8 个采样点，旧→新）：
WARNING:pet.gui_stall_sampler:  [t-893ms] verify_seeky_multi.py:48:main <- app.py:1703:start <- app.py:1812:_create_ui_with_character_fallback <- app.py:572:_create_ui <- app.py:537:_build_window <- enum.py:695:__call__
WARNING:pet.gui_stall_sampler:  [t-774ms] verify_seeky_multi.py:48:main <- app.py:1703:start <- app.py:1812:_create_ui_with_character_fallback <- app.py:572:_create_ui <- app.py:539:_build_window <- app.py:3250:_build_tray
WARNING:pet.gui_stall_sampler:  [t-716ms] <frozen importlib._bootstrap>:1322:_find_and_load_unlocked <- <frozen importlib._bootstrap>:1262:_find_spec <- <frozen importlib._bootstrap_external>:1559:find_spec <- <frozen importlib._bootstrap_external>:1533:_get_spec <- <frozen importlib._bootstrap_external>:1636:find_spec <- <frozen importlib._bootstrap_external>:1679:_fill_cache
WARNING:pet.gui_stall_sampler:  [t-628ms] verify_seeky_multi.py:152:<module> <- verify_seeky_multi.py:74:main <- app.py:2768:spawn_in_process_window <- app.py:537:_build_window <- file_eater.py:150:eventFilter
WARNING:pet.gui_stall_sampler:  [t-542ms] app.py:537:_build_window <- window.py:4569:moveEvent <- window.py:1450:_submit_collision_state <- collision_client.py:244:_submit_collision_state <- collision_client.py:199:_collision_state <- window.py:2340:collision_content_rect
WARNING:pet.gui_stall_sampler:  [t-491ms] verify_seeky_multi.py:152:<module> <- verify_seeky_multi.py:121:main
WARNING:root:GUI 卡顿 712ms state=IDLE anim=待机呼吸休闲 physics=None
WARNING:pet.gui_stall_sampler:GUI 冻结现场（712ms，7 个采样点，旧→新）：
WARNING:pet.gui_stall_sampler:  [t-736ms] <frozen importlib._bootstrap>:1322:_find_and_load_unlocked <- <frozen importlib._bootstrap>:1262:_find_spec <- <frozen importlib._bootstrap_external>:1559:find_spec <- <frozen importlib._bootstrap_external>:1533:_get_spec <- <frozen importlib._bootstrap_external>:1636:find_spec <- <frozen importlib._bootstrap_external>:1679:_fill_cache
WARNING:pet.gui_stall_sampler:  [t-647ms] verify_seeky_multi.py:152:<module> <- verify_seeky_multi.py:74:main <- app.py:2768:spawn_in_process_window <- app.py:537:_build_window <- file_eater.py:150:eventFilter
WARNING:pet.gui_stall_sampler:  [t-562ms] app.py:537:_build_window <- window.py:4569:moveEvent <- window.py:1450:_submit_collision_state <- collision_client.py:244:_submit_collision_state <- collision_client.py:199:_collision_state <- window.py:2340:collision_content_rect
WARNING:pet.gui_stall_sampler:  [t-510ms] verify_seeky_multi.py:152:<module> <- verify_seeky_multi.py:121:main
WARNING:pet.gui_stall_sampler:  [t-0ms] webm_clip.py:2421:_poll <- webm_clip.py:2655:_process_frame <- webm_clip.py:1906:_store_first_frame <- webm_clip.py:486:_first_image_key <- _local.py:670:resolve <- <frozen posixpath>:445:realpath
WARNING:root:GUI 卡顿 622ms state=IDLE anim=待机呼吸休闲 physics=None
WARNING:pet.gui_stall_sampler:GUI 冻结现场（622ms，6 个采样点，旧→新）：
WARNING:pet.gui_stall_sampler:  [t-647ms] verify_seeky_multi.py:152:<module> <- verify_seeky_multi.py:74:main <- app.py:2768:spawn_in_process_window <- app.py:537:_build_window <- file_eater.py:150:eventFilter
WARNING:pet.gui_stall_sampler:  [t-562ms] app.py:537:_build_window <- window.py:4569:moveEvent <- window.py:1450:_submit_collision_state <- collision_client.py:244:_submit_collision_state <- collision_client.py:199:_collision_state <- window.py:2340:collision_content_rect
WARNING:pet.gui_stall_sampler:  [t-511ms] verify_seeky_multi.py:152:<module> <- verify_seeky_multi.py:121:main
WARNING:pet.gui_stall_sampler:  [t-0ms] webm_clip.py:2421:_poll <- webm_clip.py:2655:_process_frame <- webm_clip.py:1906:_store_first_frame <- webm_clip.py:486:_first_image_key <- _local.py:670:resolve <- <frozen posixpath>:445:realpath
WARNING:root:GUI 卡顿 171ms state=IDLE anim=待机呼吸休闲 physics=None
WARNING:pet.gui_stall_sampler:GUI 冻结现场（171ms，4 个采样点，旧→新）：
WARNING:pet.gui_stall_sampler:  [t-208ms] verify_seeky_multi.py:152:<module> <- verify_seeky_multi.py:121:main
WARNING:root:GUI 卡顿 172ms state=IDLE anim=待机呼吸休闲 physics=None
WARNING:pet.gui_stall_sampler:GUI 冻结现场（172ms，4 个采样点，旧→新）：
WARNING:pet.gui_stall_sampler:  [t-208ms] verify_seeky_multi.py:152:<module> <- verify_seeky_multi.py:121:main
WARNING:root:GUI 卡顿 172ms state=IDLE anim=待机呼吸休闲 physics=None
WARNING:pet.gui_stall_sampler:GUI 冻结现场（172ms，4 个采样点，旧→新）：
WARNING:pet.gui_stall_sampler:  [t-208ms] verify_seeky_multi.py:152:<module> <- verify_seeky_multi.py:121:main
WARNING:root:GUI 卡顿 135ms state=IDLE anim=待机呼吸休闲 physics=None
WARNING:pet.gui_stall_sampler:GUI 冻结现场（135ms，2 个采样点，旧→新）：
WARNING:pet.gui_stall_sampler:  [t-177ms] verify_seeky_multi.py:152:<module> <- verify_seeky_multi.py:121:main
WARNING:pet.gui_stall_sampler:  [t-25ms] verify_seeky_multi.py:121:main <- webm_clip.py:2421:_poll <- webm_clip.py:2672:_process_frame <- window.py:1599:<lambda> <- window.py:1947:_on_frame <- window.py:2136:_rebuild_frame
WARNING:root:GUI 卡顿 136ms state=IDLE anim=待机呼吸休闲 physics=None
WARNING:pet.gui_stall_sampler:GUI 冻结现场（136ms，2 个采样点，旧→新）：
WARNING:pet.gui_stall_sampler:  [t-177ms] verify_seeky_multi.py:152:<module> <- verify_seeky_multi.py:121:main
WARNING:pet.gui_stall_sampler:  [t-25ms] verify_seeky_multi.py:121:main <- webm_clip.py:2421:_poll <- webm_clip.py:2672:_process_frame <- window.py:1599:<lambda> <- window.py:1947:_on_frame <- window.py:2136:_rebuild_frame
WARNING:root:GUI 卡顿 136ms state=IDLE anim=待机呼吸休闲 physics=None
WARNING:pet.gui_stall_sampler:GUI 冻结现场（136ms，2 个采样点，旧→新）：
WARNING:pet.gui_stall_sampler:  [t-177ms] verify_seeky_multi.py:152:<module> <- verify_seeky_multi.py:121:main
WARNING:pet.gui_stall_sampler:  [t-25ms] verify_seeky_multi.py:121:main <- webm_clip.py:2421:_poll <- webm_clip.py:2672:_process_frame <- window.py:1599:<lambda> <- window.py:1947:_on_frame <- window.py:2136:_rebuild_frame
{'max_first_frame_decoders': 2, 'steady_mib': 376.7064895629883, 'peak_mib': 662.5985565185547, 'growth_mib': -121.07954406738281, 'playback': {0: {'fps': 23.794622297273357, 'forward_gaps': 0, 'frames': 404}, 1: {'fps': 23.791716478119277, 'forward_gaps': 0, 'frames': 405}, 2: {'fps': 23.790735746169336, 'forward_gaps': 0, 'frames': 405}}, 'queue_drops': 0, 'duplicate_first_images': []} []
