QSystemTrayIcon::setVisible: No Icon set
WARNING:root:GUI 卡顿 1009ms state=IDLE anim=待机呼吸休闲 physics=None
WARNING:pet.gui_stall_sampler:GUI 冻结现场（1009ms，8 个采样点，旧→新）：
WARNING:pet.gui_stall_sampler:  [t-905ms] verify_seeky_multi.py:48:main <- app.py:1703:start <- app.py:1812:_create_ui_with_character_fallback <- app.py:572:_create_ui <- app.py:537:_build_window <- enum.py:695:__call__
WARNING:pet.gui_stall_sampler:  [t-805ms] verify_seeky_multi.py:48:main <- app.py:1703:start <- app.py:1812:_create_ui_with_character_fallback <- app.py:572:_create_ui <- app.py:539:_build_window <- app.py:3147:_build_tray
WARNING:pet.gui_stall_sampler:  [t-631ms] verify_seeky_multi.py:152:<module> <- verify_seeky_multi.py:48:main <- app.py:1719:start <- app.py:1613:_install_config_watcher <- app.py:1623:_watch_config_file
WARNING:pet.gui_stall_sampler:  [t-519ms] window.py:1094:_schedule_macos_window_level <- window.py:1089:apply_current_native_window <- platform_mac.py:48:_mac_set_window_level <- util.py:78:find_library <- dyld.py:131:dyld_find <- <frozen genericpath>:39:isfile
WARNING:pet.gui_stall_sampler:  [t-439ms] verify_seeky_multi.py:152:<module> <- verify_seeky_multi.py:74:main <- app.py:2768:spawn_in_process_window <- app.py:537:_build_window <- file_eater.py:150:eventFilter
WARNING:pet.gui_stall_sampler:  [t-383ms] verify_seeky_multi.py:152:<module> <- verify_seeky_multi.py:121:main
WARNING:root:GUI 卡顿 590ms state=IDLE anim=待机呼吸休闲 physics=None
WARNING:pet.gui_stall_sampler:GUI 冻结现场（590ms，5 个采样点，旧→新）：
WARNING:pet.gui_stall_sampler:  [t-530ms] window.py:1094:_schedule_macos_window_level <- window.py:1089:apply_current_native_window <- platform_mac.py:48:_mac_set_window_level <- util.py:78:find_library <- dyld.py:131:dyld_find <- <frozen genericpath>:39:isfile
WARNING:pet.gui_stall_sampler:  [t-451ms] verify_seeky_multi.py:152:<module> <- verify_seeky_multi.py:74:main <- app.py:2768:spawn_in_process_window <- app.py:537:_build_window <- file_eater.py:150:eventFilter
WARNING:pet.gui_stall_sampler:  [t-395ms] verify_seeky_multi.py:152:<module> <- verify_seeky_multi.py:121:main
WARNING:root:GUI 卡顿 505ms state=IDLE anim=待机呼吸休闲 physics=None
WARNING:pet.gui_stall_sampler:GUI 冻结现场（505ms，5 个采样点，旧→新）：
WARNING:pet.gui_stall_sampler:  [t-531ms] window.py:1094:_schedule_macos_window_level <- window.py:1089:apply_current_native_window <- platform_mac.py:48:_mac_set_window_level <- util.py:78:find_library <- dyld.py:131:dyld_find <- <frozen genericpath>:39:isfile
WARNING:pet.gui_stall_sampler:  [t-452ms] verify_seeky_multi.py:152:<module> <- verify_seeky_multi.py:74:main <- app.py:2768:spawn_in_process_window <- app.py:537:_build_window <- file_eater.py:150:eventFilter
WARNING:pet.gui_stall_sampler:  [t-395ms] verify_seeky_multi.py:152:<module> <- verify_seeky_multi.py:121:main
WARNING:root:GUI 卡顿 143ms state=IDLE anim=待机呼吸休闲 physics=None
WARNING:pet.gui_stall_sampler:GUI 冻结现场（143ms，3 个采样点，旧→新）：
WARNING:pet.gui_stall_sampler:  [t-159ms] window.py:1947:_on_frame <- window.py:2154:_rebuild_frame <- window.py:2300:_sync_mask <- window_optional_services.py:42:effects_coverage <- frame_edges.py:26:coverage_region <- Image.py:2046:point
WARNING:pet.gui_stall_sampler:  [t-56ms] verify_seeky_multi.py:152:<module> <- verify_seeky_multi.py:121:main
WARNING:root:GUI 卡顿 144ms state=IDLE anim=待机呼吸休闲 physics=None
WARNING:pet.gui_stall_sampler:GUI 冻结现场（144ms，3 个采样点，旧→新）：
WARNING:pet.gui_stall_sampler:  [t-159ms] window.py:1947:_on_frame <- window.py:2154:_rebuild_frame <- window.py:2300:_sync_mask <- window_optional_services.py:42:effects_coverage <- frame_edges.py:26:coverage_region <- Image.py:2046:point
WARNING:pet.gui_stall_sampler:  [t-56ms] verify_seeky_multi.py:152:<module> <- verify_seeky_multi.py:121:main
WARNING:root:GUI 卡顿 144ms state=IDLE anim=待机呼吸休闲 physics=None
WARNING:pet.gui_stall_sampler:GUI 冻结现场（144ms，3 个采样点，旧→新）：
WARNING:pet.gui_stall_sampler:  [t-159ms] window.py:1947:_on_frame <- window.py:2154:_rebuild_frame <- window.py:2300:_sync_mask <- window_optional_services.py:42:effects_coverage <- frame_edges.py:26:coverage_region <- Image.py:2046:point
WARNING:pet.gui_stall_sampler:  [t-56ms] verify_seeky_multi.py:152:<module> <- verify_seeky_multi.py:121:main
WARNING:root:GUI 卡顿 205ms state=IDLE anim=待机呼吸休闲 physics=None
WARNING:pet.gui_stall_sampler:GUI 冻结现场（205ms，1 个采样点，旧→新）：
WARNING:pet.gui_stall_sampler:  [t-22ms] verify_seeky_multi.py:152:<module> <- verify_seeky_multi.py:121:main
WARNING:root:GUI 卡顿 207ms state=IDLE anim=待机呼吸休闲 physics=None
WARNING:pet.gui_stall_sampler:GUI 冻结现场（207ms，1 个采样点，旧→新）：
WARNING:pet.gui_stall_sampler:  [t-22ms] verify_seeky_multi.py:152:<module> <- verify_seeky_multi.py:121:main
WARNING:root:GUI 卡顿 207ms state=IDLE anim=待机呼吸休闲 physics=None
WARNING:pet.gui_stall_sampler:GUI 冻结现场（207ms，1 个采样点，旧→新）：
WARNING:pet.gui_stall_sampler:  [t-22ms] verify_seeky_multi.py:152:<module> <- verify_seeky_multi.py:121:main
{'max_first_frame_decoders': 2, 'steady_mib': 369.75343322753906, 'peak_mib': 674.9735336303711, 'growth_mib': -41.9850959777832, 'playback': {0: {'fps': 23.583097993667938, 'forward_gaps': 0, 'frames': 401}, 1: {'fps': 23.58323703511544, 'forward_gaps': 0, 'frames': 401}, 2: {'fps': 23.609127288609777, 'forward_gaps': 0, 'frames': 401}}, 'queue_drops': 0, 'duplicate_first_images': []} []
