已生成: /Users/ray/Documents/New project/dsr-pet/assets/icon.ico（尺寸 (256, 128, 96, 64, 48, 40, 32, 24, 20, 16)）
预览图: /Users/ray/Documents/New project/dsr-pet/assets/icon-preview.png
已生成 iconset: /Users/ray/Documents/New project/dsr-pet/assets/icon.iconset（10 个尺寸）
已生成: /Users/ray/Documents/New project/dsr-pet/assets/icon.icns
==> 构建 seeky· pet.app
106 INFO: PyInstaller: 6.22.3, contrib hooks: 2026.8
107 INFO: Python: 3.13.2
135 INFO: Platform: macOS-26.6.2-arm64-arm-64bit-Mach-O
135 INFO: Python environment: /Users/ray/Library/Caches/dsr-pet-runtime-20261002
137 INFO: wrote /Users/ray/Documents/New project/dsr-pet/seeky· pet.spec
150 INFO: Removing temporary files and cleaning cache in /Users/ray/Library/Application Support/pyinstaller
844 WARNING: collect_data_files - skipping data collection for module 'PySide6.QtMultimedia' as it is not a package.
932 WARNING: collect_dynamic_libs - skipping library collection for module 'PySide6.QtMultimedia' as it is not a package.
1821 INFO: Module search paths (PYTHONPATH):
['/Users/ray/Documents/New project/dsr-pet',
 '/Users/ray/Documents/New project/dsr-pet',
 '/Library/Frameworks/Python.framework/Versions/3.13/lib/python313.zip',
 '/Library/Frameworks/Python.framework/Versions/3.13/lib/python3.13',
 '/Library/Frameworks/Python.framework/Versions/3.13/lib/python3.13/lib-dynload',
 '/Users/ray/Library/Caches/dsr-pet-runtime-20261002/lib/python3.13/site-packages',
 '/Users/ray/Documents/New project/dsr-pet/packaging',
 '/Users/ray/Documents/New project/dsr-pet']
1967 INFO: Appending 'datas' from .spec
1998 INFO: checking Analysis
1999 INFO: Building Analysis because Analysis-00.toc is non existent
1999 INFO: Looking for Python shared library...
2016 INFO: Using Python shared library: /Library/Frameworks/Python.framework/Versions/3.13/Python
2016 INFO: Running Analysis Analysis-00.toc
2016 INFO: Target bytecode optimization level: 0
2017 INFO: Initializing module dependency graph...
2018 INFO: Initializing module graph hook caches...
2034 INFO: Analyzing modules for base_library.zip ...
2675 INFO: Processing standard module hook 'hook-encodings.py' from '/Users/ray/Library/Caches/dsr-pet-runtime-20261002/lib/python3.13/site-packages/PyInstaller/hooks'
2865 INFO: Processing standard module hook 'hook-math.py' from '/Users/ray/Library/Caches/dsr-pet-runtime-20261002/lib/python3.13/site-packages/PyInstaller/hooks'
3018 INFO: Processing standard module hook 'hook-heapq.py' from '/Users/ray/Library/Caches/dsr-pet-runtime-20261002/lib/python3.13/site-packages/PyInstaller/hooks'
3632 INFO: Processing standard module hook 'hook-pickle.py' from '/Users/ray/Library/Caches/dsr-pet-runtime-20261002/lib/python3.13/site-packages/PyInstaller/hooks'
4654 INFO: Caching module dependency graph...
4690 INFO: Analyzing /Users/ray/Documents/New project/dsr-pet/packaging/pet_entry_no_chat.py
4697 INFO: Processing standard module hook 'hook-PySide6.py' from '/Users/ray/Library/Caches/dsr-pet-runtime-20261002/lib/python3.13/site-packages/PyInstaller/hooks'
4868 INFO: Processing standard module hook 'hook-shiboken6.py' from '/Users/ray/Library/Caches/dsr-pet-runtime-20261002/lib/python3.13/site-packages/PyInstaller/hooks'
4976 INFO: Processing standard module hook 'hook-PySide6.QtNetwork.py' from '/Users/ray/Library/Caches/dsr-pet-runtime-20261002/lib/python3.13/site-packages/PyInstaller/hooks'
5767 INFO: Processing standard module hook 'hook-PySide6.QtCore.py' from '/Users/ray/Library/Caches/dsr-pet-runtime-20261002/lib/python3.13/site-packages/PyInstaller/hooks'
6502 INFO: Processing standard module hook 'hook-PySide6.QtGui.py' from '/Users/ray/Library/Caches/dsr-pet-runtime-20261002/lib/python3.13/site-packages/PyInstaller/hooks'
7301 INFO: Processing standard module hook 'hook-PySide6.QtWidgets.py' from '/Users/ray/Library/Caches/dsr-pet-runtime-20261002/lib/python3.13/site-packages/PyInstaller/hooks'
7596 INFO: Processing standard module hook 'hook-_ctypes.py' from '/Users/ray/Library/Caches/dsr-pet-runtime-20261002/lib/python3.13/site-packages/PyInstaller/hooks'
8012 INFO: Processing standard module hook 'hook-multiprocessing.util.py' from '/Users/ray/Library/Caches/dsr-pet-runtime-20261002/lib/python3.13/site-packages/PyInstaller/hooks'
8118 INFO: Processing standard module hook 'hook-xml.py' from '/Users/ray/Library/Caches/dsr-pet-runtime-20261002/lib/python3.13/site-packages/PyInstaller/hooks'
8606 INFO: Processing standard module hook 'hook-psutil.py' from '/Users/ray/Library/Caches/dsr-pet-runtime-20261002/lib/python3.13/site-packages/_pyinstaller_hooks_contrib/stdhooks'
8957 INFO: Processing standard module hook 'hook-platform.py' from '/Users/ray/Library/Caches/dsr-pet-runtime-20261002/lib/python3.13/site-packages/PyInstaller/hooks'
9077 INFO: Processing standard module hook 'hook-PySide6.QtMultimedia.py' from '/Users/ray/Library/Caches/dsr-pet-runtime-20261002/lib/python3.13/site-packages/PyInstaller/hooks'
9274 INFO: Processing standard module hook 'hook-webbrowser.py' from '/Users/ray/Library/Caches/dsr-pet-runtime-20261002/lib/python3.13/site-packages/PyInstaller/hooks'
9336 INFO: Processing standard module hook 'hook-PySide6.QtSvg.py' from '/Users/ray/Library/Caches/dsr-pet-runtime-20261002/lib/python3.13/site-packages/PyInstaller/hooks'
9553 INFO: Processing standard module hook 'hook-PIL.py' from '/Users/ray/Library/Caches/dsr-pet-runtime-20261002/lib/python3.13/site-packages/PyInstaller/hooks'
9642 INFO: Processing standard module hook 'hook-PIL.Image.py' from '/Users/ray/Library/Caches/dsr-pet-runtime-20261002/lib/python3.13/site-packages/PyInstaller/hooks'
9880 INFO: Processing standard module hook 'hook-xml.etree.cElementTree.py' from '/Users/ray/Library/Caches/dsr-pet-runtime-20261002/lib/python3.13/site-packages/PyInstaller/hooks'
10015 INFO: Processing standard module hook 'hook-PIL.ImageFilter.py' from '/Users/ray/Library/Caches/dsr-pet-runtime-20261002/lib/python3.13/site-packages/PyInstaller/hooks'
10598 INFO: Processing standard module hook 'hook-sqlite3.py' from '/Users/ray/Library/Caches/dsr-pet-runtime-20261002/lib/python3.13/site-packages/PyInstaller/hooks'
11105 INFO: Processing standard module hook 'hook-imageio_ffmpeg.py' from '/Users/ray/Library/Caches/dsr-pet-runtime-20261002/lib/python3.13/site-packages/_pyinstaller_hooks_contrib/stdhooks'
11428 INFO: Processing standard module hook 'hook-zoneinfo.py' from '/Users/ray/Library/Caches/dsr-pet-runtime-20261002/lib/python3.13/site-packages/_pyinstaller_hooks_contrib/stdhooks'
11463 INFO: Processing standard module hook 'hook-sysconfig.py' from '/Users/ray/Library/Caches/dsr-pet-runtime-20261002/lib/python3.13/site-packages/PyInstaller/hooks'
11479 INFO: Processing standard module hook 'hook-_osx_support.py' from '/Users/ray/Library/Caches/dsr-pet-runtime-20261002/lib/python3.13/site-packages/PyInstaller/hooks'
11884 INFO: Processing pre-safe-import-module hook 'hook-typing_extensions.py' from '/Users/ray/Library/Caches/dsr-pet-runtime-20261002/lib/python3.13/site-packages/PyInstaller/hooks/pre_safe_import_module'
11885 INFO: SetuptoolsInfo: initializing cached setuptools info...
12703 INFO: Processing pre-safe-import-module hook 'hook-backports.py' from '/Users/ray/Library/Caches/dsr-pet-runtime-20261002/lib/python3.13/site-packages/PyInstaller/hooks/pre_safe_import_module'
12704 INFO: Setuptools: 'backports' appears to be a full setuptools-vendored copy - creating alias to 'setuptools._vendor.backports'!
12707 INFO: Processing standard module hook 'hook-setuptools.py' from '/Users/ray/Library/Caches/dsr-pet-runtime-20261002/lib/python3.13/site-packages/PyInstaller/hooks'
12717 INFO: Processing pre-safe-import-module hook 'hook-distutils.py' from '/Users/ray/Library/Caches/dsr-pet-runtime-20261002/lib/python3.13/site-packages/PyInstaller/hooks/pre_safe_import_module'
12745 INFO: Processing pre-safe-import-module hook 'hook-jaraco.py' from '/Users/ray/Library/Caches/dsr-pet-runtime-20261002/lib/python3.13/site-packages/PyInstaller/hooks/pre_safe_import_module'
12745 INFO: Setuptools: 'jaraco' appears to be a partial setuptools-vendored copy - extending search paths to ['/Users/ray/Library/Caches/dsr-pet-runtime-20261002/lib/python3.13/site-packages/jaraco', '/Users/ray/Library/Caches/dsr-pet-runtime-20261002/lib/python3.13/site-packages/setuptools/_vendor/jaraco']!
12745 INFO: Processing pre-safe-import-module hook 'hook-jaraco.functools.py' from '/Users/ray/Library/Caches/dsr-pet-runtime-20261002/lib/python3.13/site-packages/PyInstaller/hooks/pre_safe_import_module'
12760 INFO: Processing pre-safe-import-module hook 'hook-more_itertools.py' from '/Users/ray/Library/Caches/dsr-pet-runtime-20261002/lib/python3.13/site-packages/PyInstaller/hooks/pre_safe_import_module'
12861 INFO: Processing pre-safe-import-module hook 'hook-packaging.py' from '/Users/ray/Library/Caches/dsr-pet-runtime-20261002/lib/python3.13/site-packages/PyInstaller/hooks/pre_safe_import_module'
13102 INFO: Processing pre-safe-import-module hook 'hook-jaraco.text.py' from '/Users/ray/Library/Caches/dsr-pet-runtime-20261002/lib/python3.13/site-packages/PyInstaller/hooks/pre_safe_import_module'
13102 INFO: Setuptools: 'jaraco.text' appears to be a setuptools-vendored copy - creating alias to 'setuptools._vendor.jaraco.text'!
13109 INFO: Processing standard module hook 'hook-setuptools._vendor.jaraco.text.py' from '/Users/ray/Library/Caches/dsr-pet-runtime-20261002/lib/python3.13/site-packages/PyInstaller/hooks'
13110 INFO: Processing pre-safe-import-module hook 'hook-importlib_resources.py' from '/Users/ray/Library/Caches/dsr-pet-runtime-20261002/lib/python3.13/site-packages/PyInstaller/hooks/pre_safe_import_module'
13110 INFO: Processing pre-safe-import-module hook 'hook-jaraco.context.py' from '/Users/ray/Library/Caches/dsr-pet-runtime-20261002/lib/python3.13/site-packages/PyInstaller/hooks/pre_safe_import_module'
13528 INFO: Processing pre-safe-import-module hook 'hook-tomli.py' from '/Users/ray/Library/Caches/dsr-pet-runtime-20261002/lib/python3.13/site-packages/PyInstaller/hooks/pre_safe_import_module'
13528 INFO: Setuptools: 'tomli' appears to be a setuptools-vendored copy - creating alias to 'setuptools._vendor.tomli'!
13931 INFO: Processing pre-safe-import-module hook 'hook-wheel.py' from '/Users/ray/Library/Caches/dsr-pet-runtime-20261002/lib/python3.13/site-packages/PyInstaller/hooks/pre_safe_import_module'
13932 INFO: Setuptools: 'wheel' appears to be a setuptools-vendored copy - creating alias to 'setuptools._vendor.wheel'!
14333 INFO: Processing standard module hook 'hook-certifi.py' from '/Users/ray/Library/Caches/dsr-pet-runtime-20261002/lib/python3.13/site-packages/_pyinstaller_hooks_contrib/stdhooks'
14651 INFO: Analyzing hidden import 'imageio_ffmpeg.binaries'
14652 INFO: Analyzing hidden import 'certifi.__main__'
14652 INFO: Analyzing hidden import 'certifi.tests'
14653 INFO: Analyzing hidden import 'certifi.tests.test_certify'
14715 INFO: Processing standard module hook 'hook-difflib.py' from '/Users/ray/Library/Caches/dsr-pet-runtime-20261002/lib/python3.13/site-packages/PyInstaller/hooks'
14754 INFO: Analyzing hidden import 'edge_tts.__main__'
14801 INFO: Analyzing hidden import 'psutil._psaix'
14812 INFO: Analyzing hidden import 'psutil._psbsd'
14827 INFO: Analyzing hidden import 'psutil._pslinux'
14873 INFO: Analyzing hidden import 'psutil._pssunos'
14887 INFO: Analyzing hidden import 'psutil._pswindows'
14905 INFO: Processing module hooks (post-graph stage)...
15238 INFO: Processing standard module hook 'hook-PySide6.QtConcurrent.py' from '/Users/ray/Library/Caches/dsr-pet-runtime-20261002/lib/python3.13/site-packages/PyInstaller/hooks'
15336 INFO: Processing standard module hook 'hook-PySide6.QtMultimediaWidgets.py' from '/Users/ray/Library/Caches/dsr-pet-runtime-20261002/lib/python3.13/site-packages/PyInstaller/hooks'
15680 INFO: Processing standard module hook 'hook-PIL.SpiderImagePlugin.py' from '/Users/ray/Library/Caches/dsr-pet-runtime-20261002/lib/python3.13/site-packages/PyInstaller/hooks'
15886 INFO: Processing standard module hook 'hook-PySide6.QtDBus.py' from '/Users/ray/Library/Caches/dsr-pet-runtime-20261002/lib/python3.13/site-packages/PyInstaller/hooks'
16079 INFO: Performing binary vs. data reclassification (493 entries)
16398 INFO: Looking for ctypes DLLs
16416 WARNING: Library winmm required via ctypes not found
16485 INFO: Analyzing run-time hooks ...
16489 INFO: Including run-time hook 'pyi_rth_inspect.py' from '/Users/ray/Library/Caches/dsr-pet-runtime-20261002/lib/python3.13/site-packages/PyInstaller/hooks/rthooks'
16491 INFO: Including run-time hook 'pyi_rth_pkgutil.py' from '/Users/ray/Library/Caches/dsr-pet-runtime-20261002/lib/python3.13/site-packages/PyInstaller/hooks/rthooks'
16493 INFO: Including run-time hook 'pyi_rth_multiprocessing.py' from '/Users/ray/Library/Caches/dsr-pet-runtime-20261002/lib/python3.13/site-packages/PyInstaller/hooks/rthooks'
16494 INFO: Including run-time hook 'pyi_rth_pyside6.py' from '/Users/ray/Library/Caches/dsr-pet-runtime-20261002/lib/python3.13/site-packages/PyInstaller/hooks/rthooks'
16496 INFO: Processing pre-find-module-path hook 'hook-_pyi_rth_utils.py' from '/Users/ray/Library/Caches/dsr-pet-runtime-20261002/lib/python3.13/site-packages/PyInstaller/hooks/pre_find_module_path'
16497 INFO: Processing standard module hook 'hook-_pyi_rth_utils.py' from '/Users/ray/Library/Caches/dsr-pet-runtime-20261002/lib/python3.13/site-packages/PyInstaller/hooks'
16523 INFO: Creating base_library.zip...
16546 INFO: Looking for dynamic libraries
17760 INFO: Warnings written to /Users/ray/Documents/New project/dsr-pet/build/.pyinstaller/macos/seeky· pet/warn-seeky· pet.txt
17811 INFO: Graph cross-reference written to /Users/ray/Documents/New project/dsr-pet/build/.pyinstaller/macos/seeky· pet/xref-seeky· pet.html
18268 INFO: checking PYZ
18268 INFO: Building PYZ because PYZ-00.toc is non existent
18268 INFO: Building PYZ (ZlibArchive) /Users/ray/Documents/New project/dsr-pet/build/.pyinstaller/macos/seeky· pet/PYZ-00.pyz
18796 INFO: Building PYZ (ZlibArchive) /Users/ray/Documents/New project/dsr-pet/build/.pyinstaller/macos/seeky· pet/PYZ-00.pyz completed successfully.
18802 INFO: EXE target arch: arm64
18802 INFO: Code signing identity: None
18808 INFO: checking PKG
18808 INFO: Building PKG because PKG-00.toc is non existent
18809 INFO: Building PKG (CArchive) seeky· pet.pkg
18830 INFO: Building PKG (CArchive) seeky· pet.pkg completed successfully.
18831 INFO: Bootloader /Users/ray/Library/Caches/dsr-pet-runtime-20261002/lib/python3.13/site-packages/PyInstaller/bootloader/Darwin-64bit/runw
18831 INFO: checking EXE
18831 INFO: Building EXE because EXE-00.toc is non existent
18831 INFO: Building EXE from EXE-00.toc
18831 INFO: Copying bootloader EXE to /Users/ray/Documents/New project/dsr-pet/build/.pyinstaller/macos/seeky· pet/seeky· pet
18833 INFO: Converting EXE to target arch (arm64)
18858 INFO: Removing signature(s) from EXE
18907 INFO: Modifying Mach-O image UUID(s) in EXE
18913 INFO: Appending PKG archive to EXE
18914 INFO: Fixing EXE headers for code signing
18920 INFO: Rewriting the executable's macOS SDK version (26.2.0) to match the SDK version of the Python library (14.5.0) in order to avoid inconsistent behavior and potential UI issues in the frozen application.
18921 INFO: Re-signing the EXE
18945 INFO: Building EXE from EXE-00.toc completed successfully.
18949 INFO: checking COLLECT
18950 INFO: Building COLLECT because COLLECT-00.toc is non existent
18950 INFO: Removing dir /Users/ray/Library/Caches/dsr-pet-build/macos/seeky· pet
19247 INFO: Building COLLECT COLLECT-00.toc
35666 INFO: Building COLLECT COLLECT-00.toc completed successfully.
35702 INFO: checking BUNDLE
35703 INFO: Building BUNDLE because BUNDLE-00.toc is non existent
35703 INFO: Removing dir /Users/ray/Library/Caches/dsr-pet-build/macos/seeky· pet.app
36378 INFO: Building BUNDLE BUNDLE-00.toc
47821 INFO: Signing the BUNDLE...
56749 INFO: Building BUNDLE BUNDLE-00.toc completed successfully.
56773 INFO: Build complete! The results are available in: /Users/ray/Library/Caches/dsr-pet-build/macos
[encoding-check] 扫描产物目录: /Users/ray/Library/Caches/dsr-pet-build/macos/seeky· pet.app
[encoding-check] PASS: 中文编码检查全部通过（字面量/资源/文件名原样保持 UTF-8）
bridge zero-dependency smoke: import + envelope + source bans OK
[bridge] running zero-dependency import smoke on bundle copy...
[bridge] zero-dependency bundle OK
/Users/ray/Library/Caches/dsr-pet-build/macos/seeky· pet.app: replacing existing signature
macOS 构建完成：/Users/ray/Library/Caches/dsr-pet-build/macos
