.................................................s.s.................... [  2%]
........................................................................ [  4%]
........................................................................ [  7%]
........................................................................ [  9%]
........................................................................ [ 12%]
........................................................................ [ 14%]
........................................................................ [ 16%]
..s..................................................................... [ 19%]
..........s............................................................. [ 21%]
........................................................................ [ 24%]
........................................................................ [ 26%]
........................................................................ [ 28%]
........................................................................ [ 31%]
........................................................................ [ 33%]
........................................................................ [ 36%]
........................................................................ [ 38%]
.......................................................ssss............. [ 40%]
...................................ss..........................s........ [ 43%]
............................................................ss.......... [ 45%]
........................................................................ [ 48%]
...................s.................................................... [ 50%]
........................................................................ [ 52%]
........................................................................ [ 55%]
........................................................................ [ 57%]
........................................................................ [ 60%]
........................................................................ [ 62%]
......................................................s................. [ 64%]
........................................................................ [ 67%]
...............................................s........................ [ 69%]
........................................................................ [ 72%]
........................................................................ [ 74%]
........................................................................ [ 76%]
........................................................................ [ 79%]
........................................................................ [ 81%]
............................................................s........... [ 84%]
........................................................................ [ 86%]
........................................................................ [ 88%]
........................................................................ [ 91%]
........................................................................ [ 93%]
........................................................................ [ 96%]
.............s.......................................s.................. [ 98%]
..................s............................s                         [100%]
=============================== warnings summary ===============================
tests/test_agent_link.py: 218 warnings
tests/test_agent_link_threads.py: 2 warnings
tests/test_persona_presets.py: 7 warnings
tests/test_persona_settings.py: 2 warnings
tests/test_persona_template_rendering.py: 7 warnings
tests/test_proactive.py: 3 warnings
tests/test_single_process_shared.py: 1 warning
tests/test_watchdog_control_wiring.py: 8 warnings
  /Users/ray/Documents/New project/dsr-pet/pet/persona_phrases.py:122: DeprecationWarning: 'maxsplit' is passed as positional argument
    root = re.split(r"[.\[]", field_name, 1)[0]

tests/test_clip_current_image.py::test_mirror_then_scale_matches_old_chain_bytes
  /Users/ray/Documents/New project/dsr-pet/tests/test_clip_current_image.py:144: DeprecationWarning: Function: 'QImage.mirrored(bool horizontally, bool vertically)' is marked as deprecated, please check the documentation for more information.
    old = QPixmap.fromImage(src).toImage().mirrored(True, False)

tests/test_clip_current_image.py::test_mirror_then_scale_matches_old_chain_bytes
  /Users/ray/Documents/New project/dsr-pet/tests/test_clip_current_image.py:148: DeprecationWarning: Function: 'QImage.mirrored(bool horizontally, bool vertically)' is marked as deprecated, please check the documentation for more information.
    new = clip_current_image(_ClipWithCurrentImage(src)).mirrored(True, False)

tests/test_effects_integration.py::test_real_window_move_blocked_during_edge_probe
tests/test_movement.py::test_idle_roll_stays_idle_when_already_facing_inward
tests/test_movement.py::test_random_turn_downgrades_when_already_facing_inward
tests/test_movement.py::test_try_move_walks_toward_reachable_side_not_current_facing
tests/test_window_rendering.py::test_rebuild_frame_mirrors_regular_animation_when_facing_right
tests/test_window_rendering.py::test_rebuild_frame_skips_when_same_movie_frame_unchanged
tests/test_window_rendering.py::test_rebuild_frame_skips_when_same_movie_frame_unchanged
tests/test_window_rendering.py::test_rebuild_frame_skips_when_same_movie_frame_unchanged
  /Users/ray/Documents/New project/dsr-pet/pet/window.py:2099: DeprecationWarning: Function: 'QImage.mirrored(bool horizontally, bool vertically)' is marked as deprecated, please check the documentation for more information.
    img = img.mirrored(True, False)

tests/test_requested_regressions.py::test_chat_window_edge_hover_shows_resize_cursor
tests/test_requested_regressions.py::test_chat_window_edge_hover_shows_resize_cursor
  /Users/ray/Documents/New project/dsr-pet/tests/test_requested_regressions.py:495: DeprecationWarning: Function: 'QHoverEvent.QHoverEvent(QEvent.Type type, const QPointF &pos, const QPointF &oldPos, QFlags<Qt.KeyboardModifier> modifiers, const QPointingDevice *device)' is marked as deprecated, please check the documentation for more information.
    win.event(QHoverEvent(QEvent.Type.HoverMove, QPointF(x, y), QPointF(x, y)))

tests/test_requested_regressions.py::test_chat_window_edge_hover_shows_resize_cursor
  /Users/ray/Documents/New project/dsr-pet/tests/test_requested_regressions.py:508: DeprecationWarning: Function: 'QHoverEvent.QHoverEvent(QEvent.Type type, const QPointF &pos, const QPointF &oldPos, QFlags<Qt.KeyboardModifier> modifiers, const QPointingDevice *device)' is marked as deprecated, please check the documentation for more information.
    win.event(QHoverEvent(QEvent.Type.HoverLeave, QPointF(1, 1), QPointF(1, 1)))

-- Docs: https://docs.pytest.org/en/stable/how-to/capture-warnings.html
2979 passed, 21 skipped, 261 warnings in 202.29s (0:03:22)
