..F.FFF                                                                  [100%]
=================================== FAILURES ===================================
___________ test_soft_alpha_coverage_preserves_faint_edges_and_holes ___________

    def test_soft_alpha_coverage_preserves_faint_edges_and_holes():
        from pet.frame_edges import coverage_region
    
        # Odd width exercises Qt's padded Alpha8 scanlines.
        image = QImage(17, 11, QImage.Format.Format_ARGB32_Premultiplied)
        image.fill(0)
        image.setPixelColor(8, 5, QColor(40, 120, 255, 1))
        before = bytes(image.constBits())
        region = coverage_region(image)
>       assert region.contains(QPoint(8, 5))
E       assert False
E        +  where False = <built-in method contains of PySide6.QtGui.QRegion object at 0x115146e40>(PySide6.QtCore.QPoint(8, 5))
E        +    where <built-in method contains of PySide6.QtGui.QRegion object at 0x115146e40> = <PySide6.QtGui.QRegion(null) at 0x115146e40>.contains
E        +    and   PySide6.QtCore.QPoint(8, 5) = QPoint(8, 5)

tests/test_dsr_rendering.py:53: AssertionError
________ test_hd_black_alpha_floor_does_not_capture_the_entire_desktop _________

    def test_hd_black_alpha_floor_does_not_capture_the_entire_desktop():
        from pet.frame_edges import coverage_region
    
        image = QImage(17, 11, QImage.Format.Format_ARGB32_Premultiplied)
        image.fill(QColor(0, 0, 0, 1))
        image.setPixelColor(8, 5, QColor(255, 120, 40, 120))
        region = coverage_region(image)
>       assert region.contains(QPoint(8, 5))
E       assert False
E        +  where False = <built-in method contains of PySide6.QtGui.QRegion object at 0x115167f40>(PySide6.QtCore.QPoint(8, 5))
E        +    where <built-in method contains of PySide6.QtGui.QRegion object at 0x115167f40> = <PySide6.QtGui.QRegion(null) at 0x115167f40>.contains
E        +    and   PySide6.QtCore.QPoint(8, 5) = QPoint(8, 5)

tests/test_dsr_rendering.py:74: AssertionError
_ test_coverage_matches_every_alpha_and_color_without_mutating_display[Format.Format_RGBA8888] _

format = <Format.Format_RGBA8888: 17>

    @pytest.mark.parametrize('format', [QImage.Format.Format_RGBA8888, QImage.Format.Format_ARGB32_Premultiplied])
    def test_coverage_matches_every_alpha_and_color_without_mutating_display(format):
        """Independent pixel oracle: alpha0/floor1, colored1, holes, padding/clipping.
    
        Native E2E covers rotations/real media; this deterministic oracle covers
        uncommon alpha values that cannot all be selected from those source clips.
        """
        from PySide6.QtGui import QRegion
        from PySide6.QtCore import QRect
        from pet.frame_edges import coverage_region
    
        image = QImage(37, 25, format)
        image.fill(0)
        rng = random.Random(42)
        for y in range(image.height()):
            for x in range(image.width()):
                alpha = rng.randrange(256)
                if x % 3:
                    image.setPixelColor(x, y, QColor(0, 0, 0, alpha))
                else:
                    image.setPixelColor(x, y, QColor(rng.randrange(256), 80, 255, alpha))
        expected = QRegion()
        for y in range(image.height()):
            for x in range(image.width()):
                color = image.pixelColor(x, y)
                if color.alpha() and color != QColor(0, 0, 0, 1):
                    expected |= QRegion(QRect(x-1, y-1, 3, 3))
        expected &= QRegion(image.rect())
        before = bytes(image.constBits())
>       assert coverage_region(image) == expected
E       assert <PySide6.QtGu...t 0x115171300> == <PySide6.QtGu...t 0x115171240>
E         
E         Use -v to get more diff

tests/test_dsr_rendering.py:107: AssertionError
_ test_coverage_matches_every_alpha_and_color_without_mutating_display[Format.Format_ARGB32_Premultiplied] _

format = <Format.Format_ARGB32_Premultiplied: 6>

    @pytest.mark.parametrize('format', [QImage.Format.Format_RGBA8888, QImage.Format.Format_ARGB32_Premultiplied])
    def test_coverage_matches_every_alpha_and_color_without_mutating_display(format):
        """Independent pixel oracle: alpha0/floor1, colored1, holes, padding/clipping.
    
        Native E2E covers rotations/real media; this deterministic oracle covers
        uncommon alpha values that cannot all be selected from those source clips.
        """
        from PySide6.QtGui import QRegion
        from PySide6.QtCore import QRect
        from pet.frame_edges import coverage_region
    
        image = QImage(37, 25, format)
        image.fill(0)
        rng = random.Random(42)
        for y in range(image.height()):
            for x in range(image.width()):
                alpha = rng.randrange(256)
                if x % 3:
                    image.setPixelColor(x, y, QColor(0, 0, 0, alpha))
                else:
                    image.setPixelColor(x, y, QColor(rng.randrange(256), 80, 255, alpha))
        expected = QRegion()
        for y in range(image.height()):
            for x in range(image.width()):
                color = image.pixelColor(x, y)
                if color.alpha() and color != QColor(0, 0, 0, 1):
                    expected |= QRegion(QRect(x-1, y-1, 3, 3))
        expected &= QRegion(image.rect())
        before = bytes(image.constBits())
>       assert coverage_region(image) == expected
E       assert <PySide6.QtGu...t 0x115145e80> == <PySide6.QtGu...t 0x115145c00>
E         
E         Use -v to get more diff

tests/test_dsr_rendering.py:107: AssertionError
=========================== short test summary info ============================
FAILED tests/test_dsr_rendering.py::test_soft_alpha_coverage_preserves_faint_edges_and_holes
FAILED tests/test_dsr_rendering.py::test_hd_black_alpha_floor_does_not_capture_the_entire_desktop
FAILED tests/test_dsr_rendering.py::test_coverage_matches_every_alpha_and_color_without_mutating_display[Format.Format_RGBA8888]
FAILED tests/test_dsr_rendering.py::test_coverage_matches_every_alpha_and_color_without_mutating_display[Format.Format_ARGB32_Premultiplied]
4 failed, 3 passed in 0.88s
