docs/evidence/seeky6-performance/coverage-oracle-after.log:7: trailing whitespace.
+    
docs/evidence/seeky6-performance/coverage-oracle-after.log:25: trailing whitespace.
+    
docs/evidence/seeky6-performance/coverage-oracle-after.log:44: trailing whitespace.
+    
docs/evidence/seeky6-performance/coverage-oracle-after.log:51: trailing whitespace.
+    
docs/evidence/seeky6-performance/coverage-oracle-after.log:72: trailing whitespace.
+E         
docs/evidence/seeky6-performance/coverage-oracle-after.log:83: trailing whitespace.
+    
docs/evidence/seeky6-performance/coverage-oracle-after.log:90: trailing whitespace.
+    
docs/evidence/seeky6-performance/coverage-oracle-after.log:111: trailing whitespace.
+E         
docs/evidence/seeky6-performance/final-settings-run.log:3: trailing whitespace.
+qt.qpa.fonts: Populating font family aliases took 85 ms. Replace uses of missing font family "SF Pro Text" with one that exists to avoid this cost. 
docs/evidence/seeky6-performance/optimized/pilot.log:33: trailing whitespace.
+    
docs/evidence/seeky6-ui/after-run.log:3: trailing whitespace.
+qt.qpa.fonts: Populating font family aliases took 82 ms. Replace uses of missing font family "SF Pro Text" with one that exists to avoid this cost. 
docs/evidence/seeky6-ui/after-save-assertion-failure/run.log:3: trailing whitespace.
+qt.qpa.fonts: Populating font family aliases took 85 ms. Replace uses of missing font family "SF Pro Text" with one that exists to avoid this cost. 
docs/evidence/seeky6-ui/contrast-palette-red-run.log:2: trailing whitespace.
+AssertionError 
docs/evidence/seeky6-ui/final-live-root.log:4: trailing whitespace.
+qt.qpa.fonts: Populating font family aliases took 104 ms. Replace uses of missing font family "SF Pro Text" with one that exists to avoid this cost. 
docs/evidence/seeky6-ui/green-focused.log:37: trailing whitespace.
+    
docs/evidence/seeky6-ui/initial-watch-red.log:24: trailing whitespace.
+E         
docs/evidence/seeky6-ui/initial-watch-red.log:29: trailing whitespace.
+QtWarningMsg: Populating font family aliases took 92 ms. Replace uses of missing font family "Sans Serif" with one that exists to avoid this cost. 
docs/evidence/seeky6-ui/initial-watch-red.log:54: trailing whitespace.
+E         
docs/evidence/seeky6-ui/live-final-run.log:4: trailing whitespace.
+qt.qpa.fonts: Populating font family aliases took 77 ms. Replace uses of missing font family "SF Pro Text" with one that exists to avoid this cost. 
docs/evidence/seeky6-ui/live-navigation-failure/run.log:3: trailing whitespace.
+AssertionError 
docs/evidence/seeky6-ui/live-run.log:4: trailing whitespace.
+qt.qpa.fonts: Populating font family aliases took 79 ms. Replace uses of missing font family "SF Pro Text" with one that exists to avoid this cost. 
docs/evidence/seeky6-ui/red-tests.log:17: trailing whitespace.
+.venv/lib/python3.13/site-packages/pytestqt/plugin.py:203: 
docs/evidence/seeky6-ui/red-tests.log:18: trailing whitespace.
+_ _ _ _ _ _ _ _ _ _ _ _ _ _ _ _ _ _ _ _ _ _ _ _ _ _ _ _ _ _ _ _ _ _ _ _ _ _ _ _ 
docs/evidence/seeky6-ui/red-tests.log:70: trailing whitespace.
+E         
docs/evidence/seeky6-ui/red-tests.log:76: trailing whitespace.
+QtWarningMsg: Populating font family aliases took 517 ms. Replace uses of missing font family "Sans Serif" with one that exists to avoid this cost. 
docs/evidence/seeky6-ui/repeat-red-run.log:3: trailing whitespace.
+AssertionError 
