QSystemTrayIcon::setVisible: No Icon set
WARNING:root:GUI 卡顿 1283ms state=IDLE anim=待机呼吸休闲 physics=None
WARNING:pet.gui_stall_sampler:GUI 冻结现场（1283ms，11 个采样点，旧→新）：
WARNING:pet.gui_stall_sampler:  [t-1208ms] verify_seeky_multi.py:57:main <- app.py:1703:start <- app.py:1812:_create_ui_with_character_fallback <- app.py:572:_create_ui <- app.py:537:_build_window <- enum.py:695:__call__
WARNING:pet.gui_stall_sampler:  [t-1085ms] verify_seeky_multi.py:57:main <- app.py:1703:start <- app.py:1812:_create_ui_with_character_fallback <- app.py:572:_create_ui <- app.py:539:_build_window <- app.py:3250:_build_tray
WARNING:pet.gui_stall_sampler:  [t-1031ms] <frozen importlib._bootstrap_external>:1559:find_spec <- <frozen importlib._bootstrap_external>:1533:_get_spec <- <frozen importlib._bootstrap_external>:1665:find_spec <- <frozen importlib._bootstrap_external>:166:_path_isfile <- <frozen importlib._bootstrap_external>:158:_path_is_mode_type <- <frozen importlib._bootstrap_external>:152:_path_stat
WARNING:pet.gui_stall_sampler:  [t-900ms] verify_seeky_multi.py:255:<module> <- verify_seeky_multi.py:92:main <- app.py:2627:spawn_pet <- app.py:2768:spawn_in_process_window <- app.py:537:_build_window <- file_eater.py:150:eventFilter
WARNING:pet.gui_stall_sampler:  [t-758ms] verify_seeky_multi.py:255:<module> <- verify_seeky_multi.py:208:main
WARNING:root:GUI 卡顿 1092ms state=IDLE anim=待机呼吸休闲 physics=None
WARNING:pet.gui_stall_sampler:GUI 冻结现场（1092ms，10 个采样点，旧→新）：
WARNING:pet.gui_stall_sampler:  [t-1109ms] <frozen importlib._bootstrap_external>:1559:find_spec <- <frozen importlib._bootstrap_external>:1533:_get_spec <- <frozen importlib._bootstrap_external>:1665:find_spec <- <frozen importlib._bootstrap_external>:166:_path_isfile <- <frozen importlib._bootstrap_external>:158:_path_is_mode_type <- <frozen importlib._bootstrap_external>:152:_path_stat
WARNING:pet.gui_stall_sampler:  [t-979ms] verify_seeky_multi.py:255:<module> <- verify_seeky_multi.py:92:main <- app.py:2627:spawn_pet <- app.py:2768:spawn_in_process_window <- app.py:537:_build_window <- file_eater.py:150:eventFilter
WARNING:pet.gui_stall_sampler:  [t-836ms] verify_seeky_multi.py:255:<module> <- verify_seeky_multi.py:208:main
WARNING:pet.gui_stall_sampler:  [t-22ms] verify_seeky_multi.py:208:main <- webm_clip.py:2499:_poll <- webm_clip.py:2750:_process_frame <- window_optional_services.py:62:<lambda> <- window.py:1917:_on_frame <- window.py:2106:_rebuild_frame
WARNING:root:GUI 卡顿 948ms state=IDLE anim=待机呼吸休闲 physics=None
WARNING:pet.gui_stall_sampler:GUI 冻结现场（948ms，9 个采样点，旧→新）：
WARNING:pet.gui_stall_sampler:  [t-980ms] verify_seeky_multi.py:255:<module> <- verify_seeky_multi.py:92:main <- app.py:2627:spawn_pet <- app.py:2768:spawn_in_process_window <- app.py:537:_build_window <- file_eater.py:150:eventFilter
WARNING:pet.gui_stall_sampler:  [t-837ms] verify_seeky_multi.py:255:<module> <- verify_seeky_multi.py:208:main
WARNING:pet.gui_stall_sampler:  [t-23ms] verify_seeky_multi.py:208:main <- webm_clip.py:2499:_poll <- webm_clip.py:2750:_process_frame <- window_optional_services.py:62:<lambda> <- window.py:1917:_on_frame <- window.py:2106:_rebuild_frame
WARNING:root:GUI 卡顿 136ms state=IDLE anim=待机呼吸休闲 physics=None
WARNING:pet.gui_stall_sampler:GUI 冻结现场（136ms，3 个采样点，旧→新）：
WARNING:pet.gui_stall_sampler:  [t-182ms] verify_seeky_multi.py:255:<module> <- verify_seeky_multi.py:208:main
WARNING:pet.gui_stall_sampler:  [t-79ms] verify_seeky_multi.py:208:main <- webm_clip.py:2499:_poll <- webm_clip.py:2750:_process_frame <- window_optional_services.py:62:<lambda> <- window.py:1917:_on_frame <- window.py:2106:_rebuild_frame
WARNING:pet.gui_stall_sampler:  [t-27ms] verify_seeky_multi.py:255:<module> <- verify_seeky_multi.py:208:main
WARNING:root:GUI 卡顿 263ms state=IDLE anim=待机呼吸休闲 physics=None
WARNING:pet.gui_stall_sampler:GUI 冻结现场（263ms，1 个采样点，旧→新）：
WARNING:pet.gui_stall_sampler:  [t-308ms] verify_seeky_multi.py:208:main <- webm_clip.py:2499:_poll <- webm_clip.py:2750:_process_frame <- window_optional_services.py:62:<lambda> <- window.py:1919:_on_frame <- window.py:2126:_rebuild_frame
WARNING:root:GUI 卡顿 265ms state=IDLE anim=待机呼吸休闲 physics=None
WARNING:pet.gui_stall_sampler:GUI 冻结现场（265ms，1 个采样点，旧→新）：
WARNING:pet.gui_stall_sampler:  [t-308ms] verify_seeky_multi.py:208:main <- webm_clip.py:2499:_poll <- webm_clip.py:2750:_process_frame <- window_optional_services.py:62:<lambda> <- window.py:1919:_on_frame <- window.py:2126:_rebuild_frame
WARNING:root:GUI 卡顿 265ms state=IDLE anim=待机呼吸休闲 physics=None
WARNING:pet.gui_stall_sampler:GUI 冻结现场（265ms，1 个采样点，旧→新）：
WARNING:pet.gui_stall_sampler:  [t-308ms] verify_seeky_multi.py:208:main <- webm_clip.py:2499:_poll <- webm_clip.py:2750:_process_frame <- window_optional_services.py:62:<lambda> <- window.py:1919:_on_frame <- window.py:2126:_rebuild_frame
WARNING:root:GUI 卡顿 104ms state=IDLE anim=待机呼吸休闲 physics=None
WARNING:pet.gui_stall_sampler:GUI 冻结现场（104ms，2 个采样点，旧→新）：
WARNING:pet.gui_stall_sampler:  [t-131ms] verify_seeky_multi.py:255:<module> <- verify_seeky_multi.py:208:main
WARNING:pet.gui_stall_sampler:  [t-17ms] verify_seeky_multi.py:208:main <- webm_clip.py:2499:_poll <- webm_clip.py:2750:_process_frame <- window_optional_services.py:62:<lambda> <- window.py:1917:_on_frame <- window.py:2106:_rebuild_frame
WARNING:root:GUI 卡顿 105ms state=IDLE anim=待机呼吸休闲 physics=None
WARNING:pet.gui_stall_sampler:GUI 冻结现场（105ms，2 个采样点，旧→新）：
WARNING:pet.gui_stall_sampler:  [t-131ms] verify_seeky_multi.py:255:<module> <- verify_seeky_multi.py:208:main
WARNING:pet.gui_stall_sampler:  [t-17ms] verify_seeky_multi.py:208:main <- webm_clip.py:2499:_poll <- webm_clip.py:2750:_process_frame <- window_optional_services.py:62:<lambda> <- window.py:1917:_on_frame <- window.py:2106:_rebuild_frame
WARNING:root:GUI 卡顿 106ms state=IDLE anim=待机呼吸休闲 physics=None
WARNING:pet.gui_stall_sampler:GUI 冻结现场（106ms，2 个采样点，旧→新）：
WARNING:pet.gui_stall_sampler:  [t-131ms] verify_seeky_multi.py:255:<module> <- verify_seeky_multi.py:208:main
WARNING:pet.gui_stall_sampler:  [t-17ms] verify_seeky_multi.py:208:main <- webm_clip.py:2499:_poll <- webm_clip.py:2750:_process_frame <- window_optional_services.py:62:<lambda> <- window.py:1917:_on_frame <- window.py:2106:_rebuild_frame
WARNING:root:GUI 卡顿 121ms state=IDLE anim=待机呼吸休闲 physics=None
WARNING:pet.gui_stall_sampler:GUI 冻结现场（121ms，2 个采样点，旧→新）：
WARNING:pet.gui_stall_sampler:  [t-157ms] verify_seeky_multi.py:255:<module> <- verify_seeky_multi.py:208:main
WARNING:root:GUI 卡顿 121ms state=IDLE anim=待机呼吸休闲 physics=None
WARNING:pet.gui_stall_sampler:GUI 冻结现场（121ms，2 个采样点，旧→新）：
WARNING:pet.gui_stall_sampler:  [t-157ms] verify_seeky_multi.py:255:<module> <- verify_seeky_multi.py:208:main
WARNING:root:GUI 卡顿 121ms state=IDLE anim=待机呼吸休闲 physics=None
WARNING:pet.gui_stall_sampler:GUI 冻结现场（121ms，2 个采样点，旧→新）：
WARNING:pet.gui_stall_sampler:  [t-157ms] verify_seeky_multi.py:255:<module> <- verify_seeky_multi.py:208:main
WARNING:root:GUI 卡顿 106ms state=IDLE anim=待机呼吸休闲 physics=None
WARNING:pet.gui_stall_sampler:GUI 冻结现场（106ms，2 个采样点，旧→新）：
WARNING:pet.gui_stall_sampler:  [t-108ms] webm_clip.py:2750:_process_frame <- window_optional_services.py:62:<lambda> <- window.py:1917:_on_frame <- window.py:2124:_rebuild_frame <- window.py:2270:_sync_mask <- window_optional_services.py:42:effects_coverage
WARNING:pet.gui_stall_sampler:  [t-56ms] verify_seeky_multi.py:255:<module> <- verify_seeky_multi.py:208:main
WARNING:root:GUI 卡顿 107ms state=IDLE anim=待机呼吸休闲 physics=None
WARNING:pet.gui_stall_sampler:GUI 冻结现场（107ms，2 个采样点，旧→新）：
WARNING:pet.gui_stall_sampler:  [t-108ms] webm_clip.py:2750:_process_frame <- window_optional_services.py:62:<lambda> <- window.py:1917:_on_frame <- window.py:2124:_rebuild_frame <- window.py:2270:_sync_mask <- window_optional_services.py:42:effects_coverage
WARNING:pet.gui_stall_sampler:  [t-56ms] verify_seeky_multi.py:255:<module> <- verify_seeky_multi.py:208:main
WARNING:root:GUI 卡顿 107ms state=IDLE anim=待机呼吸休闲 physics=None
WARNING:pet.gui_stall_sampler:GUI 冻结现场（107ms，2 个采样点，旧→新）：
WARNING:pet.gui_stall_sampler:  [t-108ms] webm_clip.py:2750:_process_frame <- window_optional_services.py:62:<lambda> <- window.py:1917:_on_frame <- window.py:2124:_rebuild_frame <- window.py:2270:_sync_mask <- window_optional_services.py:42:effects_coverage
WARNING:pet.gui_stall_sampler:  [t-56ms] verify_seeky_multi.py:255:<module> <- verify_seeky_multi.py:208:main
WARNING:root:GUI 卡顿 170ms state=IDLE anim=待机呼吸休闲 physics=None
WARNING:pet.gui_stall_sampler:GUI 冻结现场（170ms，3 个采样点，旧→新）：
WARNING:pet.gui_stall_sampler:  [t-200ms] webm_clip.py:2750:_process_frame <- window_optional_services.py:62:<lambda> <- window.py:1917:_on_frame <- window.py:2124:_rebuild_frame <- window.py:2270:_sync_mask <- window_optional_services.py:42:effects_coverage
WARNING:pet.gui_stall_sampler:  [t-101ms] webm_clip.py:2750:_process_frame <- window_optional_services.py:62:<lambda> <- window.py:1919:_on_frame <- window.py:2126:_rebuild_frame <- window.py:2291:_sync_mask <- window_optional_services.py:44:effects_coverage
WARNING:pet.gui_stall_sampler:  [t-29ms] webm_clip.py:2499:_poll <- webm_clip.py:2750:_process_frame <- window_optional_services.py:62:<lambda> <- window.py:1919:_on_frame <- window.py:2126:_rebuild_frame <- window.py:2291:_sync_mask
WARNING:root:GUI 卡顿 171ms state=IDLE anim=待机呼吸休闲 physics=None
WARNING:pet.gui_stall_sampler:GUI 冻结现场（171ms，3 个采样点，旧→新）：
WARNING:pet.gui_stall_sampler:  [t-200ms] webm_clip.py:2750:_process_frame <- window_optional_services.py:62:<lambda> <- window.py:1917:_on_frame <- window.py:2124:_rebuild_frame <- window.py:2270:_sync_mask <- window_optional_services.py:42:effects_coverage
WARNING:pet.gui_stall_sampler:  [t-101ms] webm_clip.py:2750:_process_frame <- window_optional_services.py:62:<lambda> <- window.py:1919:_on_frame <- window.py:2126:_rebuild_frame <- window.py:2291:_sync_mask <- window_optional_services.py:44:effects_coverage
WARNING:pet.gui_stall_sampler:  [t-29ms] webm_clip.py:2499:_poll <- webm_clip.py:2750:_process_frame <- window_optional_services.py:62:<lambda> <- window.py:1919:_on_frame <- window.py:2126:_rebuild_frame <- window.py:2291:_sync_mask
WARNING:root:GUI 卡顿 171ms state=IDLE anim=待机呼吸休闲 physics=None
WARNING:pet.gui_stall_sampler:GUI 冻结现场（171ms，3 个采样点，旧→新）：
WARNING:pet.gui_stall_sampler:  [t-200ms] webm_clip.py:2750:_process_frame <- window_optional_services.py:62:<lambda> <- window.py:1917:_on_frame <- window.py:2124:_rebuild_frame <- window.py:2270:_sync_mask <- window_optional_services.py:42:effects_coverage
WARNING:pet.gui_stall_sampler:  [t-101ms] webm_clip.py:2750:_process_frame <- window_optional_services.py:62:<lambda> <- window.py:1919:_on_frame <- window.py:2126:_rebuild_frame <- window.py:2291:_sync_mask <- window_optional_services.py:44:effects_coverage
WARNING:pet.gui_stall_sampler:  [t-29ms] webm_clip.py:2499:_poll <- webm_clip.py:2750:_process_frame <- window_optional_services.py:62:<lambda> <- window.py:1919:_on_frame <- window.py:2126:_rebuild_frame <- window.py:2291:_sync_mask
WARNING:root:GUI 卡顿 102ms state=IDLE anim=待机呼吸休闲 physics=None
WARNING:pet.gui_stall_sampler:GUI 冻结现场（102ms，2 个采样点，旧→新）：
WARNING:pet.gui_stall_sampler:  [t-117ms] verify_seeky_multi.py:255:<module> <- verify_seeky_multi.py:208:main
WARNING:pet.gui_stall_sampler:  [t-52ms] verify_seeky_multi.py:255:<module> <- verify_seeky_multi.py:208:main <- webm_clip.py:2499:_poll <- webm_clip.py:2723:_process_frame
WARNING:root:GUI 卡顿 106ms state=IDLE anim=待机呼吸休闲 physics=None
WARNING:pet.gui_stall_sampler:GUI 冻结现场（106ms，3 个采样点，旧→新）：
WARNING:pet.gui_stall_sampler:  [t-120ms] verify_seeky_multi.py:255:<module> <- verify_seeky_multi.py:208:main
WARNING:pet.gui_stall_sampler:  [t-55ms] verify_seeky_multi.py:255:<module> <- verify_seeky_multi.py:208:main <- webm_clip.py:2499:_poll <- webm_clip.py:2723:_process_frame
WARNING:pet.gui_stall_sampler:  [t-2ms] __init__.py:1531:warning <- __init__.py:1664:_log <- __init__.py:1680:handle <- __init__.py:1736:callHandlers <- __init__.py:1026:handle <- __init__.py:1153:emit
WARNING:root:GUI 卡顿 106ms state=IDLE anim=待机呼吸休闲 physics=None
WARNING:pet.gui_stall_sampler:GUI 冻结现场（106ms，3 个采样点，旧→新）：
WARNING:pet.gui_stall_sampler:  [t-120ms] verify_seeky_multi.py:255:<module> <- verify_seeky_multi.py:208:main
WARNING:pet.gui_stall_sampler:  [t-55ms] verify_seeky_multi.py:255:<module> <- verify_seeky_multi.py:208:main <- webm_clip.py:2499:_poll <- webm_clip.py:2723:_process_frame
WARNING:pet.gui_stall_sampler:  [t-2ms] __init__.py:1531:warning <- __init__.py:1664:_log <- __init__.py:1680:handle <- __init__.py:1736:callHandlers <- __init__.py:1026:handle <- __init__.py:1153:emit
WARNING:root:GUI 卡顿 134ms state=IDLE anim=待机呼吸休闲 physics=None
WARNING:pet.gui_stall_sampler:GUI 冻结现场（134ms，2 个采样点，旧→新）：
WARNING:pet.gui_stall_sampler:  [t-172ms] __init__.py:1531:warning <- __init__.py:1664:_log <- __init__.py:1680:handle <- __init__.py:1736:callHandlers <- __init__.py:1026:handle <- __init__.py:1153:emit
WARNING:pet.gui_stall_sampler:  [t-27ms] verify_seeky_multi.py:255:<module> <- verify_seeky_multi.py:208:main <- webm_clip.py:2499:_poll <- webm_clip.py:2723:_process_frame
WARNING:root:GUI 卡顿 135ms state=IDLE anim=待机呼吸休闲 physics=None
WARNING:pet.gui_stall_sampler:GUI 冻结现场（135ms，2 个采样点，旧→新）：
WARNING:pet.gui_stall_sampler:  [t-172ms] __init__.py:1531:warning <- __init__.py:1664:_log <- __init__.py:1680:handle <- __init__.py:1736:callHandlers <- __init__.py:1026:handle <- __init__.py:1153:emit
WARNING:pet.gui_stall_sampler:  [t-27ms] verify_seeky_multi.py:255:<module> <- verify_seeky_multi.py:208:main <- webm_clip.py:2499:_poll <- webm_clip.py:2723:_process_frame
WARNING:root:GUI 卡顿 135ms state=IDLE anim=待机呼吸休闲 physics=None
WARNING:pet.gui_stall_sampler:GUI 冻结现场（135ms，2 个采样点，旧→新）：
WARNING:pet.gui_stall_sampler:  [t-172ms] __init__.py:1531:warning <- __init__.py:1664:_log <- __init__.py:1680:handle <- __init__.py:1736:callHandlers <- __init__.py:1026:handle <- __init__.py:1153:emit
WARNING:pet.gui_stall_sampler:  [t-27ms] verify_seeky_multi.py:255:<module> <- verify_seeky_multi.py:208:main <- webm_clip.py:2499:_poll <- webm_clip.py:2723:_process_frame
WARNING:root:GUI 卡顿 129ms state=IDLE anim=待机呼吸休闲 physics=None
WARNING:pet.gui_stall_sampler:GUI 冻结现场（129ms，3 个采样点，旧→新）：
WARNING:pet.gui_stall_sampler:  [t-145ms] verify_seeky_multi.py:255:<module> <- verify_seeky_multi.py:208:main
WARNING:pet.gui_stall_sampler:  [t-71ms] verify_seeky_multi.py:208:main <- webm_clip.py:2499:_poll <- webm_clip.py:2750:_process_frame <- window_optional_services.py:62:<lambda> <- window.py:1917:_on_frame <- window.py:2106:_rebuild_frame
WARNING:pet.gui_stall_sampler:  [t-18ms] verify_seeky_multi.py:255:<module> <- verify_seeky_multi.py:208:main
WARNING:root:GUI 卡顿 130ms state=IDLE anim=待机呼吸休闲 physics=None
WARNING:pet.gui_stall_sampler:GUI 冻结现场（130ms，3 个采样点，旧→新）：
WARNING:pet.gui_stall_sampler:  [t-146ms] verify_seeky_multi.py:255:<module> <- verify_seeky_multi.py:208:main
WARNING:pet.gui_stall_sampler:  [t-72ms] verify_seeky_multi.py:208:main <- webm_clip.py:2499:_poll <- webm_clip.py:2750:_process_frame <- window_optional_services.py:62:<lambda> <- window.py:1917:_on_frame <- window.py:2106:_rebuild_frame
WARNING:pet.gui_stall_sampler:  [t-19ms] verify_seeky_multi.py:255:<module> <- verify_seeky_multi.py:208:main
WARNING:root:GUI 卡顿 130ms state=IDLE anim=待机呼吸休闲 physics=None
WARNING:pet.gui_stall_sampler:GUI 冻结现场（130ms，3 个采样点，旧→新）：
WARNING:pet.gui_stall_sampler:  [t-146ms] verify_seeky_multi.py:255:<module> <- verify_seeky_multi.py:208:main
WARNING:pet.gui_stall_sampler:  [t-72ms] verify_seeky_multi.py:208:main <- webm_clip.py:2499:_poll <- webm_clip.py:2750:_process_frame <- window_optional_services.py:62:<lambda> <- window.py:1917:_on_frame <- window.py:2106:_rebuild_frame
WARNING:pet.gui_stall_sampler:  [t-20ms] verify_seeky_multi.py:255:<module> <- verify_seeky_multi.py:208:main
WARNING:root:GUI 卡顿 118ms state=IDLE anim=待机呼吸休闲 physics=None
WARNING:pet.gui_stall_sampler:GUI 冻结现场（118ms，3 个采样点，旧→新）：
WARNING:pet.gui_stall_sampler:  [t-118ms] webm_clip.py:2499:_poll <- webm_clip.py:2750:_process_frame <- window_optional_services.py:62:<lambda> <- window.py:1917:_on_frame <- window.py:2068:_rebuild_frame <- window.py:1990:_frame_signature
WARNING:pet.gui_stall_sampler:  [t-63ms] verify_seeky_multi.py:255:<module> <- verify_seeky_multi.py:208:main
WARNING:root:GUI 卡顿 118ms state=IDLE anim=待机呼吸休闲 physics=None
WARNING:pet.gui_stall_sampler:GUI 冻结现场（118ms，3 个采样点，旧→新）：
WARNING:pet.gui_stall_sampler:  [t-118ms] webm_clip.py:2499:_poll <- webm_clip.py:2750:_process_frame <- window_optional_services.py:62:<lambda> <- window.py:1917:_on_frame <- window.py:2068:_rebuild_frame <- window.py:1990:_frame_signature
WARNING:pet.gui_stall_sampler:  [t-64ms] verify_seeky_multi.py:255:<module> <- verify_seeky_multi.py:208:main
WARNING:root:GUI 卡顿 118ms state=IDLE anim=待机呼吸休闲 physics=None
WARNING:pet.gui_stall_sampler:GUI 冻结现场（118ms，3 个采样点，旧→新）：
WARNING:pet.gui_stall_sampler:  [t-118ms] webm_clip.py:2499:_poll <- webm_clip.py:2750:_process_frame <- window_optional_services.py:62:<lambda> <- window.py:1917:_on_frame <- window.py:2068:_rebuild_frame <- window.py:1990:_frame_signature
WARNING:pet.gui_stall_sampler:  [t-64ms] verify_seeky_multi.py:255:<module> <- verify_seeky_multi.py:208:main
WARNING:root:GUI 卡顿 330ms state=IDLE anim=待机呼吸休闲 physics=None
WARNING:pet.gui_stall_sampler:GUI 冻结现场（330ms，3 个采样点，旧→新）：
WARNING:pet.gui_stall_sampler:  [t-370ms] verify_seeky_multi.py:255:<module> <- verify_seeky_multi.py:208:main
WARNING:pet.gui_stall_sampler:  [t-64ms] verify_seeky_multi.py:208:main <- webm_clip.py:2499:_poll <- webm_clip.py:2750:_process_frame <- window_optional_services.py:62:<lambda> <- window.py:1917:_on_frame <- window.py:2106:_rebuild_frame
WARNING:pet.gui_stall_sampler:  [t-2ms] __init__.py:1531:warning <- __init__.py:1664:_log <- __init__.py:1680:handle <- __init__.py:1736:callHandlers <- __init__.py:1026:handle <- __init__.py:1153:emit
WARNING:root:GUI 卡顿 333ms state=IDLE anim=待机呼吸休闲 physics=None
WARNING:pet.gui_stall_sampler:GUI 冻结现场（333ms，3 个采样点，旧→新）：
WARNING:pet.gui_stall_sampler:  [t-371ms] verify_seeky_multi.py:255:<module> <- verify_seeky_multi.py:208:main
WARNING:pet.gui_stall_sampler:  [t-64ms] verify_seeky_multi.py:208:main <- webm_clip.py:2499:_poll <- webm_clip.py:2750:_process_frame <- window_optional_services.py:62:<lambda> <- window.py:1917:_on_frame <- window.py:2106:_rebuild_frame
WARNING:pet.gui_stall_sampler:  [t-2ms] __init__.py:1531:warning <- __init__.py:1664:_log <- __init__.py:1680:handle <- __init__.py:1736:callHandlers <- __init__.py:1026:handle <- __init__.py:1153:emit
WARNING:root:GUI 卡顿 333ms state=IDLE anim=待机呼吸休闲 physics=None
WARNING:pet.gui_stall_sampler:GUI 冻结现场（333ms，3 个采样点，旧→新）：
WARNING:pet.gui_stall_sampler:  [t-371ms] verify_seeky_multi.py:255:<module> <- verify_seeky_multi.py:208:main
WARNING:pet.gui_stall_sampler:  [t-64ms] verify_seeky_multi.py:208:main <- webm_clip.py:2499:_poll <- webm_clip.py:2750:_process_frame <- window_optional_services.py:62:<lambda> <- window.py:1917:_on_frame <- window.py:2106:_rebuild_frame
WARNING:pet.gui_stall_sampler:  [t-2ms] __init__.py:1531:warning <- __init__.py:1664:_log <- __init__.py:1680:handle <- __init__.py:1736:callHandlers <- __init__.py:1026:handle <- __init__.py:1153:emit
WARNING:root:GUI 卡顿 283ms state=IDLE anim=待机呼吸休闲 physics=None
WARNING:pet.gui_stall_sampler:GUI 冻结现场（283ms，2 个采样点，旧→新）：
WARNING:pet.gui_stall_sampler:  [t-286ms] verify_seeky_multi.py:255:<module> <- verify_seeky_multi.py:208:main
WARNING:pet.gui_stall_sampler:  [t-27ms] verify_seeky_multi.py:208:main <- webm_clip.py:2499:_poll <- webm_clip.py:2750:_process_frame <- window_optional_services.py:62:<lambda> <- window.py:1917:_on_frame <- window.py:2106:_rebuild_frame
WARNING:root:GUI 卡顿 284ms state=IDLE anim=待机呼吸休闲 physics=None
WARNING:pet.gui_stall_sampler:GUI 冻结现场（284ms，2 个采样点，旧→新）：
WARNING:pet.gui_stall_sampler:  [t-286ms] verify_seeky_multi.py:255:<module> <- verify_seeky_multi.py:208:main
WARNING:pet.gui_stall_sampler:  [t-27ms] verify_seeky_multi.py:208:main <- webm_clip.py:2499:_poll <- webm_clip.py:2750:_process_frame <- window_optional_services.py:62:<lambda> <- window.py:1917:_on_frame <- window.py:2106:_rebuild_frame
WARNING:root:GUI 卡顿 284ms state=IDLE anim=待机呼吸休闲 physics=None
WARNING:pet.gui_stall_sampler:GUI 冻结现场（284ms，2 个采样点，旧→新）：
WARNING:pet.gui_stall_sampler:  [t-286ms] verify_seeky_multi.py:255:<module> <- verify_seeky_multi.py:208:main
WARNING:pet.gui_stall_sampler:  [t-27ms] verify_seeky_multi.py:208:main <- webm_clip.py:2499:_poll <- webm_clip.py:2750:_process_frame <- window_optional_services.py:62:<lambda> <- window.py:1917:_on_frame <- window.py:2106:_rebuild_frame
WARNING:root:GUI 卡顿 189ms state=IDLE anim=待机呼吸休闲 physics=None
WARNING:pet.gui_stall_sampler:GUI 冻结现场（189ms，3 个采样点，旧→新）：
WARNING:pet.gui_stall_sampler:  [t-193ms] verify_seeky_multi.py:255:<module> <- verify_seeky_multi.py:208:main
WARNING:pet.gui_stall_sampler:  [t-111ms] verify_seeky_multi.py:255:<module> <- verify_seeky_multi.py:208:main <- webm_clip.py:2499:_poll <- webm_clip.py:2724:_process_frame
WARNING:pet.gui_stall_sampler:  [t-31ms] verify_seeky_multi.py:255:<module> <- verify_seeky_multi.py:208:main
WARNING:root:GUI 卡顿 190ms state=IDLE anim=待机呼吸休闲 physics=None
WARNING:pet.gui_stall_sampler:GUI 冻结现场（190ms，3 个采样点，旧→新）：
WARNING:pet.gui_stall_sampler:  [t-193ms] verify_seeky_multi.py:255:<module> <- verify_seeky_multi.py:208:main
WARNING:pet.gui_stall_sampler:  [t-111ms] verify_seeky_multi.py:255:<module> <- verify_seeky_multi.py:208:main <- webm_clip.py:2499:_poll <- webm_clip.py:2724:_process_frame
WARNING:pet.gui_stall_sampler:  [t-31ms] verify_seeky_multi.py:255:<module> <- verify_seeky_multi.py:208:main
WARNING:root:GUI 卡顿 190ms state=IDLE anim=待机呼吸休闲 physics=None
WARNING:pet.gui_stall_sampler:GUI 冻结现场（190ms，3 个采样点，旧→新）：
WARNING:pet.gui_stall_sampler:  [t-193ms] verify_seeky_multi.py:255:<module> <- verify_seeky_multi.py:208:main
WARNING:pet.gui_stall_sampler:  [t-111ms] verify_seeky_multi.py:255:<module> <- verify_seeky_multi.py:208:main <- webm_clip.py:2499:_poll <- webm_clip.py:2724:_process_frame
WARNING:pet.gui_stall_sampler:  [t-32ms] verify_seeky_multi.py:255:<module> <- verify_seeky_multi.py:208:main
WARNING:root:GUI 卡顿 118ms state=IDLE anim=待机呼吸休闲 physics=None
WARNING:pet.gui_stall_sampler:GUI 冻结现场（118ms，2 个采样点，旧→新）：
WARNING:pet.gui_stall_sampler:  [t-149ms] verify_seeky_multi.py:208:main <- webm_clip.py:2499:_poll <- webm_clip.py:2750:_process_frame <- window_optional_services.py:62:<lambda> <- window.py:1917:_on_frame <- window.py:2121:_rebuild_frame
WARNING:pet.gui_stall_sampler:  [t-16ms] verify_seeky_multi.py:255:<module> <- verify_seeky_multi.py:208:main <- webm_clip.py:2499:_poll <- webm_clip.py:2724:_process_frame
WARNING:root:GUI 卡顿 119ms state=IDLE anim=待机呼吸休闲 physics=None
WARNING:pet.gui_stall_sampler:GUI 冻结现场（119ms，2 个采样点，旧→新）：
WARNING:pet.gui_stall_sampler:  [t-149ms] verify_seeky_multi.py:208:main <- webm_clip.py:2499:_poll <- webm_clip.py:2750:_process_frame <- window_optional_services.py:62:<lambda> <- window.py:1917:_on_frame <- window.py:2121:_rebuild_frame
WARNING:pet.gui_stall_sampler:  [t-17ms] verify_seeky_multi.py:255:<module> <- verify_seeky_multi.py:208:main <- webm_clip.py:2499:_poll <- webm_clip.py:2724:_process_frame
WARNING:root:GUI 卡顿 120ms state=IDLE anim=待机呼吸休闲 physics=None
WARNING:pet.gui_stall_sampler:GUI 冻结现场（120ms，2 个采样点，旧→新）：
WARNING:pet.gui_stall_sampler:  [t-149ms] verify_seeky_multi.py:208:main <- webm_clip.py:2499:_poll <- webm_clip.py:2750:_process_frame <- window_optional_services.py:62:<lambda> <- window.py:1917:_on_frame <- window.py:2121:_rebuild_frame
WARNING:pet.gui_stall_sampler:  [t-17ms] verify_seeky_multi.py:255:<module> <- verify_seeky_multi.py:208:main <- webm_clip.py:2499:_poll <- webm_clip.py:2724:_process_frame
WARNING:root:GUI 卡顿 486ms state=IDLE anim=待机呼吸休闲 physics=None
WARNING:pet.gui_stall_sampler:GUI 冻结现场（486ms，3 个采样点，旧→新）：
WARNING:pet.gui_stall_sampler:  [t-514ms] webm_clip.py:2499:_poll <- webm_clip.py:2750:_process_frame <- window_optional_services.py:62:<lambda> <- window.py:1919:_on_frame <- window.py:2126:_rebuild_frame <- window.py:2291:_sync_mask
WARNING:pet.gui_stall_sampler:  [t-367ms] verify_seeky_multi.py:208:main <- webm_clip.py:2499:_poll <- webm_clip.py:2750:_process_frame <- window_optional_services.py:62:<lambda> <- window.py:1919:_on_frame <- window.py:2126:_rebuild_frame
WARNING:pet.gui_stall_sampler:  [t-11ms] verify_seeky_multi.py:255:<module> <- verify_seeky_multi.py:208:main <- window.py:2460:paintEvent
WARNING:root:GUI 卡顿 492ms state=IDLE anim=待机呼吸休闲 physics=None
WARNING:pet.gui_stall_sampler:GUI 冻结现场（492ms，3 个采样点，旧→新）：
WARNING:pet.gui_stall_sampler:  [t-516ms] webm_clip.py:2499:_poll <- webm_clip.py:2750:_process_frame <- window_optional_services.py:62:<lambda> <- window.py:1919:_on_frame <- window.py:2126:_rebuild_frame <- window.py:2291:_sync_mask
WARNING:pet.gui_stall_sampler:  [t-369ms] verify_seeky_multi.py:208:main <- webm_clip.py:2499:_poll <- webm_clip.py:2750:_process_frame <- window_optional_services.py:62:<lambda> <- window.py:1919:_on_frame <- window.py:2126:_rebuild_frame
WARNING:pet.gui_stall_sampler:  [t-13ms] verify_seeky_multi.py:255:<module> <- verify_seeky_multi.py:208:main <- window.py:2460:paintEvent
WARNING:root:GUI 卡顿 493ms state=IDLE anim=待机呼吸休闲 physics=None
WARNING:pet.gui_stall_sampler:GUI 冻结现场（493ms，3 个采样点，旧→新）：
WARNING:pet.gui_stall_sampler:  [t-516ms] webm_clip.py:2499:_poll <- webm_clip.py:2750:_process_frame <- window_optional_services.py:62:<lambda> <- window.py:1919:_on_frame <- window.py:2126:_rebuild_frame <- window.py:2291:_sync_mask
WARNING:pet.gui_stall_sampler:  [t-369ms] verify_seeky_multi.py:208:main <- webm_clip.py:2499:_poll <- webm_clip.py:2750:_process_frame <- window_optional_services.py:62:<lambda> <- window.py:1919:_on_frame <- window.py:2126:_rebuild_frame
WARNING:pet.gui_stall_sampler:  [t-13ms] verify_seeky_multi.py:255:<module> <- verify_seeky_multi.py:208:main <- window.py:2460:paintEvent
WARNING:root:GUI 卡顿 133ms state=IDLE anim=待机呼吸休闲 physics=None
WARNING:pet.gui_stall_sampler:GUI 冻结现场（133ms，3 个采样点，旧→新）：
WARNING:pet.gui_stall_sampler:  [t-161ms] verify_seeky_multi.py:255:<module> <- verify_seeky_multi.py:208:main
WARNING:pet.gui_stall_sampler:  [t-85ms] window_optional_services.py:62:<lambda> <- window.py:1917:_on_frame <- window.py:2124:_rebuild_frame <- window.py:2270:_sync_mask <- window_optional_services.py:42:effects_coverage <- frame_edges.py:28:coverage_region
WARNING:pet.gui_stall_sampler:  [t-16ms] verify_seeky_multi.py:208:main <- webm_clip.py:2499:_poll <- webm_clip.py:2750:_process_frame <- window_optional_services.py:62:<lambda> <- window.py:1919:_on_frame <- window.py:2126:_rebuild_frame
WARNING:root:GUI 卡顿 134ms state=IDLE anim=待机呼吸休闲 physics=None
WARNING:pet.gui_stall_sampler:GUI 冻结现场（134ms，3 个采样点，旧→新）：
WARNING:pet.gui_stall_sampler:  [t-161ms] verify_seeky_multi.py:255:<module> <- verify_seeky_multi.py:208:main
WARNING:pet.gui_stall_sampler:  [t-85ms] window_optional_services.py:62:<lambda> <- window.py:1917:_on_frame <- window.py:2124:_rebuild_frame <- window.py:2270:_sync_mask <- window_optional_services.py:42:effects_coverage <- frame_edges.py:28:coverage_region
WARNING:pet.gui_stall_sampler:  [t-17ms] verify_seeky_multi.py:208:main <- webm_clip.py:2499:_poll <- webm_clip.py:2750:_process_frame <- window_optional_services.py:62:<lambda> <- window.py:1919:_on_frame <- window.py:2126:_rebuild_frame
WARNING:root:GUI 卡顿 134ms state=IDLE anim=待机呼吸休闲 physics=None
WARNING:pet.gui_stall_sampler:GUI 冻结现场（134ms，3 个采样点，旧→新）：
WARNING:pet.gui_stall_sampler:  [t-161ms] verify_seeky_multi.py:255:<module> <- verify_seeky_multi.py:208:main
WARNING:pet.gui_stall_sampler:  [t-85ms] window_optional_services.py:62:<lambda> <- window.py:1917:_on_frame <- window.py:2124:_rebuild_frame <- window.py:2270:_sync_mask <- window_optional_services.py:42:effects_coverage <- frame_edges.py:28:coverage_region
WARNING:pet.gui_stall_sampler:  [t-17ms] verify_seeky_multi.py:208:main <- webm_clip.py:2499:_poll <- webm_clip.py:2750:_process_frame <- window_optional_services.py:62:<lambda> <- window.py:1919:_on_frame <- window.py:2126:_rebuild_frame
WARNING:root:GUI 卡顿 173ms state=IDLE anim=待机呼吸休闲 physics=None
WARNING:pet.gui_stall_sampler:GUI 冻结现场（173ms，3 个采样点，旧→新）：
WARNING:pet.gui_stall_sampler:  [t-205ms] verify_seeky_multi.py:255:<module> <- verify_seeky_multi.py:208:main
WARNING:pet.gui_stall_sampler:  [t-139ms] verify_seeky_multi.py:255:<module> <- verify_seeky_multi.py:208:main <- webm_clip.py:2499:_poll <- webm_clip.py:2723:_process_frame
WARNING:pet.gui_stall_sampler:  [t-32ms] verify_seeky_multi.py:208:main <- webm_clip.py:2499:_poll <- webm_clip.py:2750:_process_frame <- window_optional_services.py:62:<lambda> <- window.py:1917:_on_frame <- window.py:2119:_rebuild_frame
WARNING:root:GUI 卡顿 177ms state=IDLE anim=待机呼吸休闲 physics=None
WARNING:pet.gui_stall_sampler:GUI 冻结现场（177ms，3 个采样点，旧→新）：
WARNING:pet.gui_stall_sampler:  [t-207ms] verify_seeky_multi.py:255:<module> <- verify_seeky_multi.py:208:main
WARNING:pet.gui_stall_sampler:  [t-140ms] verify_seeky_multi.py:255:<module> <- verify_seeky_multi.py:208:main <- webm_clip.py:2499:_poll <- webm_clip.py:2723:_process_frame
WARNING:pet.gui_stall_sampler:  [t-33ms] verify_seeky_multi.py:208:main <- webm_clip.py:2499:_poll <- webm_clip.py:2750:_process_frame <- window_optional_services.py:62:<lambda> <- window.py:1917:_on_frame <- window.py:2119:_rebuild_frame
WARNING:root:GUI 卡顿 177ms state=IDLE anim=待机呼吸休闲 physics=None
WARNING:pet.gui_stall_sampler:GUI 冻结现场（177ms，3 个采样点，旧→新）：
WARNING:pet.gui_stall_sampler:  [t-207ms] verify_seeky_multi.py:255:<module> <- verify_seeky_multi.py:208:main
WARNING:pet.gui_stall_sampler:  [t-141ms] verify_seeky_multi.py:255:<module> <- verify_seeky_multi.py:208:main <- webm_clip.py:2499:_poll <- webm_clip.py:2723:_process_frame
WARNING:pet.gui_stall_sampler:  [t-34ms] verify_seeky_multi.py:208:main <- webm_clip.py:2499:_poll <- webm_clip.py:2750:_process_frame <- window_optional_services.py:62:<lambda> <- window.py:1917:_on_frame <- window.py:2119:_rebuild_frame
WARNING:root:GUI 卡顿 122ms state=IDLE anim=待机呼吸休闲 physics=None
WARNING:pet.gui_stall_sampler:GUI 冻结现场（122ms，1 个采样点，旧→新）：
WARNING:pet.gui_stall_sampler:  [t-42ms] verify_seeky_multi.py:255:<module> <- verify_seeky_multi.py:208:main
WARNING:root:GUI 卡顿 123ms state=IDLE anim=待机呼吸休闲 physics=None
WARNING:pet.gui_stall_sampler:GUI 冻结现场（123ms，2 个采样点，旧→新）：
WARNING:pet.gui_stall_sampler:  [t-173ms] verify_seeky_multi.py:255:<module> <- verify_seeky_multi.py:208:main
WARNING:root:GUI 卡顿 123ms state=IDLE anim=待机呼吸休闲 physics=None
WARNING:pet.gui_stall_sampler:GUI 冻结现场（123ms，2 个采样点，旧→新）：
WARNING:pet.gui_stall_sampler:  [t-173ms] verify_seeky_multi.py:255:<module> <- verify_seeky_multi.py:208:main
WARNING:root:GUI 卡顿 258ms state=IDLE anim=待机呼吸休闲 physics=None
WARNING:pet.gui_stall_sampler:GUI 冻结现场（258ms，3 个采样点，旧→新）：
WARNING:pet.gui_stall_sampler:  [t-274ms] webm_clip.py:2750:_process_frame <- window_optional_services.py:62:<lambda> <- window.py:1917:_on_frame <- window.py:2124:_rebuild_frame <- window.py:2270:_sync_mask <- window_optional_services.py:42:effects_coverage
WARNING:pet.gui_stall_sampler:  [t-60ms] verify_seeky_multi.py:255:<module> <- verify_seeky_multi.py:208:main <- webm_clip.py:2499:_poll <- webm_clip.py:2750:_process_frame
WARNING:pet.gui_stall_sampler:  [t-9ms] verify_seeky_multi.py:255:<module> <- verify_seeky_multi.py:208:main
WARNING:root:GUI 卡顿 259ms state=IDLE anim=待机呼吸休闲 physics=None
WARNING:pet.gui_stall_sampler:GUI 冻结现场（259ms，3 个采样点，旧→新）：
WARNING:pet.gui_stall_sampler:  [t-275ms] webm_clip.py:2750:_process_frame <- window_optional_services.py:62:<lambda> <- window.py:1917:_on_frame <- window.py:2124:_rebuild_frame <- window.py:2270:_sync_mask <- window_optional_services.py:42:effects_coverage
WARNING:pet.gui_stall_sampler:  [t-60ms] verify_seeky_multi.py:255:<module> <- verify_seeky_multi.py:208:main <- webm_clip.py:2499:_poll <- webm_clip.py:2750:_process_frame
WARNING:pet.gui_stall_sampler:  [t-10ms] verify_seeky_multi.py:255:<module> <- verify_seeky_multi.py:208:main
WARNING:root:GUI 卡顿 259ms state=IDLE anim=待机呼吸休闲 physics=None
WARNING:pet.gui_stall_sampler:GUI 冻结现场（259ms，3 个采样点，旧→新）：
WARNING:pet.gui_stall_sampler:  [t-275ms] webm_clip.py:2750:_process_frame <- window_optional_services.py:62:<lambda> <- window.py:1917:_on_frame <- window.py:2124:_rebuild_frame <- window.py:2270:_sync_mask <- window_optional_services.py:42:effects_coverage
WARNING:pet.gui_stall_sampler:  [t-60ms] verify_seeky_multi.py:255:<module> <- verify_seeky_multi.py:208:main <- webm_clip.py:2499:_poll <- webm_clip.py:2750:_process_frame
WARNING:pet.gui_stall_sampler:  [t-10ms] verify_seeky_multi.py:255:<module> <- verify_seeky_multi.py:208:main
WARNING:root:GUI 卡顿 373ms state=IDLE anim=待机呼吸休闲 physics=None
WARNING:pet.gui_stall_sampler:GUI 冻结现场（373ms，3 个采样点，旧→新）：
WARNING:pet.gui_stall_sampler:  [t-344ms] verify_seeky_multi.py:255:<module> <- verify_seeky_multi.py:208:main <- webm_clip.py:2499:_poll <- webm_clip.py:2724:_process_frame
WARNING:pet.gui_stall_sampler:  [t-176ms] verify_seeky_multi.py:208:main <- webm_clip.py:2499:_poll <- webm_clip.py:2750:_process_frame <- window_optional_services.py:62:<lambda> <- window.py:1917:_on_frame <- window.py:2106:_rebuild_frame
WARNING:pet.gui_stall_sampler:  [t-15ms] verify_seeky_multi.py:255:<module> <- verify_seeky_multi.py:208:main <- window.py:2460:paintEvent
WARNING:root:GUI 卡顿 376ms state=IDLE anim=待机呼吸休闲 physics=None
WARNING:pet.gui_stall_sampler:GUI 冻结现场（376ms，4 个采样点，旧→新）：
WARNING:pet.gui_stall_sampler:  [t-425ms] verify_seeky_multi.py:255:<module> <- verify_seeky_multi.py:208:main
WARNING:pet.gui_stall_sampler:  [t-344ms] verify_seeky_multi.py:255:<module> <- verify_seeky_multi.py:208:main <- webm_clip.py:2499:_poll <- webm_clip.py:2724:_process_frame
WARNING:pet.gui_stall_sampler:  [t-176ms] verify_seeky_multi.py:208:main <- webm_clip.py:2499:_poll <- webm_clip.py:2750:_process_frame <- window_optional_services.py:62:<lambda> <- window.py:1917:_on_frame <- window.py:2106:_rebuild_frame
WARNING:pet.gui_stall_sampler:  [t-15ms] verify_seeky_multi.py:255:<module> <- verify_seeky_multi.py:208:main <- window.py:2460:paintEvent
WARNING:root:GUI 卡顿 376ms state=IDLE anim=待机呼吸休闲 physics=None
WARNING:pet.gui_stall_sampler:GUI 冻结现场（376ms，4 个采样点，旧→新）：
WARNING:pet.gui_stall_sampler:  [t-425ms] verify_seeky_multi.py:255:<module> <- verify_seeky_multi.py:208:main
WARNING:pet.gui_stall_sampler:  [t-344ms] verify_seeky_multi.py:255:<module> <- verify_seeky_multi.py:208:main <- webm_clip.py:2499:_poll <- webm_clip.py:2724:_process_frame
WARNING:pet.gui_stall_sampler:  [t-176ms] verify_seeky_multi.py:208:main <- webm_clip.py:2499:_poll <- webm_clip.py:2750:_process_frame <- window_optional_services.py:62:<lambda> <- window.py:1917:_on_frame <- window.py:2106:_rebuild_frame
WARNING:pet.gui_stall_sampler:  [t-15ms] verify_seeky_multi.py:255:<module> <- verify_seeky_multi.py:208:main <- window.py:2460:paintEvent
WARNING:root:GUI 卡顿 247ms state=IDLE anim=待机呼吸休闲 physics=None
WARNING:pet.gui_stall_sampler:GUI 冻结现场（247ms，3 个采样点，旧→新）：
WARNING:pet.gui_stall_sampler:  [t-277ms] verify_seeky_multi.py:255:<module> <- verify_seeky_multi.py:208:main
WARNING:pet.gui_stall_sampler:  [t-154ms] window_optional_services.py:62:<lambda> <- window.py:1917:_on_frame <- window.py:2124:_rebuild_frame <- window.py:2270:_sync_mask <- window_optional_services.py:42:effects_coverage <- frame_edges.py:18:coverage_region
WARNING:pet.gui_stall_sampler:  [t-9ms] verify_seeky_multi.py:255:<module> <- verify_seeky_multi.py:208:main <- webm_clip.py:2499:_poll <- webm_clip.py:2750:_process_frame
WARNING:root:GUI 卡顿 250ms state=IDLE anim=待机呼吸休闲 physics=None
WARNING:pet.gui_stall_sampler:GUI 冻结现场（250ms，3 个采样点，旧→新）：
WARNING:pet.gui_stall_sampler:  [t-278ms] verify_seeky_multi.py:255:<module> <- verify_seeky_multi.py:208:main
WARNING:pet.gui_stall_sampler:  [t-154ms] window_optional_services.py:62:<lambda> <- window.py:1917:_on_frame <- window.py:2124:_rebuild_frame <- window.py:2270:_sync_mask <- window_optional_services.py:42:effects_coverage <- frame_edges.py:18:coverage_region
WARNING:pet.gui_stall_sampler:  [t-10ms] verify_seeky_multi.py:255:<module> <- verify_seeky_multi.py:208:main <- webm_clip.py:2499:_poll <- webm_clip.py:2750:_process_frame
WARNING:root:GUI 卡顿 250ms state=IDLE anim=待机呼吸休闲 physics=None
WARNING:pet.gui_stall_sampler:GUI 冻结现场（250ms，3 个采样点，旧→新）：
WARNING:pet.gui_stall_sampler:  [t-278ms] verify_seeky_multi.py:255:<module> <- verify_seeky_multi.py:208:main
WARNING:pet.gui_stall_sampler:  [t-154ms] window_optional_services.py:62:<lambda> <- window.py:1917:_on_frame <- window.py:2124:_rebuild_frame <- window.py:2270:_sync_mask <- window_optional_services.py:42:effects_coverage <- frame_edges.py:18:coverage_region
WARNING:pet.gui_stall_sampler:  [t-10ms] verify_seeky_multi.py:255:<module> <- verify_seeky_multi.py:208:main <- webm_clip.py:2499:_poll <- webm_clip.py:2750:_process_frame
WARNING:root:GUI 卡顿 226ms state=IDLE anim=待机呼吸休闲 physics=None
WARNING:pet.gui_stall_sampler:GUI 冻结现场（226ms，2 个采样点，旧→新）：
WARNING:pet.gui_stall_sampler:  [t-251ms] verify_seeky_multi.py:255:<module> <- verify_seeky_multi.py:208:main
WARNING:pet.gui_stall_sampler:  [t-26ms] verify_seeky_multi.py:208:main <- webm_clip.py:2499:_poll <- webm_clip.py:2750:_process_frame <- window_optional_services.py:62:<lambda> <- window.py:1917:_on_frame <- window.py:2106:_rebuild_frame
WARNING:root:GUI 卡顿 227ms state=IDLE anim=待机呼吸休闲 physics=None
WARNING:pet.gui_stall_sampler:GUI 冻结现场（227ms，2 个采样点，旧→新）：
WARNING:pet.gui_stall_sampler:  [t-252ms] verify_seeky_multi.py:255:<module> <- verify_seeky_multi.py:208:main
WARNING:pet.gui_stall_sampler:  [t-26ms] verify_seeky_multi.py:208:main <- webm_clip.py:2499:_poll <- webm_clip.py:2750:_process_frame <- window_optional_services.py:62:<lambda> <- window.py:1917:_on_frame <- window.py:2106:_rebuild_frame
WARNING:root:GUI 卡顿 227ms state=IDLE anim=待机呼吸休闲 physics=None
WARNING:pet.gui_stall_sampler:GUI 冻结现场（227ms，2 个采样点，旧→新）：
WARNING:pet.gui_stall_sampler:  [t-252ms] verify_seeky_multi.py:255:<module> <- verify_seeky_multi.py:208:main
WARNING:pet.gui_stall_sampler:  [t-26ms] verify_seeky_multi.py:208:main <- webm_clip.py:2499:_poll <- webm_clip.py:2750:_process_frame <- window_optional_services.py:62:<lambda> <- window.py:1917:_on_frame <- window.py:2106:_rebuild_frame
WARNING:root:GUI 卡顿 110ms state=IDLE anim=待机呼吸休闲 physics=None
WARNING:pet.gui_stall_sampler:GUI 冻结现场（110ms，2 个采样点，旧→新）：
WARNING:pet.gui_stall_sampler:  [t-117ms] verify_seeky_multi.py:255:<module> <- verify_seeky_multi.py:208:main
WARNING:pet.gui_stall_sampler:  [t-32ms] verify_seeky_multi.py:255:<module> <- verify_seeky_multi.py:208:main <- webm_clip.py:2499:_poll <- webm_clip.py:2724:_process_frame
WARNING:root:GUI 卡顿 110ms state=IDLE anim=待机呼吸休闲 physics=None
WARNING:pet.gui_stall_sampler:GUI 冻结现场（110ms，2 个采样点，旧→新）：
WARNING:pet.gui_stall_sampler:  [t-117ms] verify_seeky_multi.py:255:<module> <- verify_seeky_multi.py:208:main
WARNING:pet.gui_stall_sampler:  [t-32ms] verify_seeky_multi.py:255:<module> <- verify_seeky_multi.py:208:main <- webm_clip.py:2499:_poll <- webm_clip.py:2724:_process_frame
WARNING:root:GUI 卡顿 110ms state=IDLE anim=待机呼吸休闲 physics=None
WARNING:pet.gui_stall_sampler:GUI 冻结现场（110ms，2 个采样点，旧→新）：
WARNING:pet.gui_stall_sampler:  [t-117ms] verify_seeky_multi.py:255:<module> <- verify_seeky_multi.py:208:main
WARNING:pet.gui_stall_sampler:  [t-32ms] verify_seeky_multi.py:255:<module> <- verify_seeky_multi.py:208:main <- webm_clip.py:2499:_poll <- webm_clip.py:2724:_process_frame
WARNING:root:GUI 卡顿 108ms state=IDLE anim=待机呼吸休闲 physics=None
WARNING:pet.gui_stall_sampler:GUI 冻结现场（108ms，2 个采样点，旧→新）：
WARNING:pet.gui_stall_sampler:  [t-123ms] verify_seeky_multi.py:255:<module> <- verify_seeky_multi.py:208:main
WARNING:pet.gui_stall_sampler:  [t-49ms] window_optional_services.py:62:<lambda> <- window.py:1917:_on_frame <- window.py:2124:_rebuild_frame <- window.py:2270:_sync_mask <- window_optional_services.py:42:effects_coverage <- frame_edges.py:18:coverage_region
WARNING:root:GUI 卡顿 109ms state=IDLE anim=待机呼吸休闲 physics=None
WARNING:pet.gui_stall_sampler:GUI 冻结现场（109ms，2 个采样点，旧→新）：
WARNING:pet.gui_stall_sampler:  [t-123ms] verify_seeky_multi.py:255:<module> <- verify_seeky_multi.py:208:main
WARNING:pet.gui_stall_sampler:  [t-49ms] window_optional_services.py:62:<lambda> <- window.py:1917:_on_frame <- window.py:2124:_rebuild_frame <- window.py:2270:_sync_mask <- window_optional_services.py:42:effects_coverage <- frame_edges.py:18:coverage_region
WARNING:root:GUI 卡顿 109ms state=IDLE anim=待机呼吸休闲 physics=None
WARNING:pet.gui_stall_sampler:GUI 冻结现场（109ms，2 个采样点，旧→新）：
WARNING:pet.gui_stall_sampler:  [t-123ms] verify_seeky_multi.py:255:<module> <- verify_seeky_multi.py:208:main
WARNING:pet.gui_stall_sampler:  [t-49ms] window_optional_services.py:62:<lambda> <- window.py:1917:_on_frame <- window.py:2124:_rebuild_frame <- window.py:2270:_sync_mask <- window_optional_services.py:42:effects_coverage <- frame_edges.py:18:coverage_region
WARNING:root:GUI 卡顿 151ms state=IDLE anim=待机呼吸休闲 physics=None
WARNING:pet.gui_stall_sampler:GUI 冻结现场（151ms，3 个采样点，旧→新）：
WARNING:pet.gui_stall_sampler:  [t-153ms] verify_seeky_multi.py:255:<module> <- verify_seeky_multi.py:208:main
WARNING:pet.gui_stall_sampler:  [t-102ms] window_optional_services.py:62:<lambda> <- window.py:1917:_on_frame <- window.py:2124:_rebuild_frame <- window.py:2270:_sync_mask <- window_optional_services.py:42:effects_coverage <- frame_edges.py:18:coverage_region
WARNING:pet.gui_stall_sampler:  [t-16ms] verify_seeky_multi.py:255:<module> <- verify_seeky_multi.py:208:main <- webm_clip.py:2499:_poll <- webm_clip.py:2750:_process_frame
WARNING:root:GUI 卡顿 153ms state=IDLE anim=待机呼吸休闲 physics=None
WARNING:pet.gui_stall_sampler:GUI 冻结现场（153ms，3 个采样点，旧→新）：
WARNING:pet.gui_stall_sampler:  [t-154ms] verify_seeky_multi.py:255:<module> <- verify_seeky_multi.py:208:main
WARNING:pet.gui_stall_sampler:  [t-103ms] window_optional_services.py:62:<lambda> <- window.py:1917:_on_frame <- window.py:2124:_rebuild_frame <- window.py:2270:_sync_mask <- window_optional_services.py:42:effects_coverage <- frame_edges.py:18:coverage_region
WARNING:pet.gui_stall_sampler:  [t-17ms] verify_seeky_multi.py:255:<module> <- verify_seeky_multi.py:208:main <- webm_clip.py:2499:_poll <- webm_clip.py:2750:_process_frame
WARNING:root:GUI 卡顿 154ms state=IDLE anim=待机呼吸休闲 physics=None
WARNING:pet.gui_stall_sampler:GUI 冻结现场（154ms，3 个采样点，旧→新）：
WARNING:pet.gui_stall_sampler:  [t-154ms] verify_seeky_multi.py:255:<module> <- verify_seeky_multi.py:208:main
WARNING:pet.gui_stall_sampler:  [t-103ms] window_optional_services.py:62:<lambda> <- window.py:1917:_on_frame <- window.py:2124:_rebuild_frame <- window.py:2270:_sync_mask <- window_optional_services.py:42:effects_coverage <- frame_edges.py:18:coverage_region
WARNING:pet.gui_stall_sampler:  [t-17ms] verify_seeky_multi.py:255:<module> <- verify_seeky_multi.py:208:main <- webm_clip.py:2499:_poll <- webm_clip.py:2750:_process_frame
WARNING:root:GUI 卡顿 110ms state=IDLE anim=待机呼吸休闲 physics=None
WARNING:pet.gui_stall_sampler:GUI 冻结现场（110ms，3 个采样点，旧→新）：
WARNING:pet.gui_stall_sampler:  [t-128ms] verify_seeky_multi.py:255:<module> <- verify_seeky_multi.py:208:main
WARNING:pet.gui_stall_sampler:  [t-63ms] verify_seeky_multi.py:255:<module> <- verify_seeky_multi.py:208:main <- webm_clip.py:2499:_poll <- webm_clip.py:2723:_process_frame
WARNING:pet.gui_stall_sampler:  [t-8ms] verify_seeky_multi.py:208:main <- webm_clip.py:2499:_poll <- webm_clip.py:2750:_process_frame <- window_optional_services.py:62:<lambda> <- window.py:1917:_on_frame <- window.py:2124:_rebuild_frame
WARNING:root:GUI 卡顿 111ms state=IDLE anim=待机呼吸休闲 physics=None
WARNING:pet.gui_stall_sampler:GUI 冻结现场（111ms，3 个采样点，旧→新）：
WARNING:pet.gui_stall_sampler:  [t-128ms] verify_seeky_multi.py:255:<module> <- verify_seeky_multi.py:208:main
WARNING:pet.gui_stall_sampler:  [t-63ms] verify_seeky_multi.py:255:<module> <- verify_seeky_multi.py:208:main <- webm_clip.py:2499:_poll <- webm_clip.py:2723:_process_frame
WARNING:pet.gui_stall_sampler:  [t-8ms] verify_seeky_multi.py:208:main <- webm_clip.py:2499:_poll <- webm_clip.py:2750:_process_frame <- window_optional_services.py:62:<lambda> <- window.py:1917:_on_frame <- window.py:2124:_rebuild_frame
WARNING:root:GUI 卡顿 111ms state=IDLE anim=待机呼吸休闲 physics=None
WARNING:pet.gui_stall_sampler:GUI 冻结现场（111ms，3 个采样点，旧→新）：
WARNING:pet.gui_stall_sampler:  [t-128ms] verify_seeky_multi.py:255:<module> <- verify_seeky_multi.py:208:main
WARNING:pet.gui_stall_sampler:  [t-63ms] verify_seeky_multi.py:255:<module> <- verify_seeky_multi.py:208:main <- webm_clip.py:2499:_poll <- webm_clip.py:2723:_process_frame
WARNING:pet.gui_stall_sampler:  [t-8ms] verify_seeky_multi.py:208:main <- webm_clip.py:2499:_poll <- webm_clip.py:2750:_process_frame <- window_optional_services.py:62:<lambda> <- window.py:1917:_on_frame <- window.py:2124:_rebuild_frame
WARNING:root:GUI 卡顿 147ms state=IDLE anim=待机呼吸休闲 physics=None
WARNING:pet.gui_stall_sampler:GUI 冻结现场（147ms，2 个采样点，旧→新）：
WARNING:pet.gui_stall_sampler:  [t-182ms] verify_seeky_multi.py:255:<module> <- verify_seeky_multi.py:208:main
WARNING:pet.gui_stall_sampler:  [t-69ms] verify_seeky_multi.py:255:<module> <- verify_seeky_multi.py:208:main <- webm_clip.py:2499:_poll <- webm_clip.py:2724:_process_frame
WARNING:root:GUI 卡顿 149ms state=IDLE anim=待机呼吸休闲 physics=None
WARNING:pet.gui_stall_sampler:GUI 冻结现场（149ms，2 个采样点，旧→新）：
WARNING:pet.gui_stall_sampler:  [t-183ms] verify_seeky_multi.py:255:<module> <- verify_seeky_multi.py:208:main
WARNING:pet.gui_stall_sampler:  [t-70ms] verify_seeky_multi.py:255:<module> <- verify_seeky_multi.py:208:main <- webm_clip.py:2499:_poll <- webm_clip.py:2724:_process_frame
WARNING:root:GUI 卡顿 149ms state=IDLE anim=待机呼吸休闲 physics=None
WARNING:pet.gui_stall_sampler:GUI 冻结现场（149ms，2 个采样点，旧→新）：
WARNING:pet.gui_stall_sampler:  [t-183ms] verify_seeky_multi.py:255:<module> <- verify_seeky_multi.py:208:main
WARNING:pet.gui_stall_sampler:  [t-70ms] verify_seeky_multi.py:255:<module> <- verify_seeky_multi.py:208:main <- webm_clip.py:2499:_poll <- webm_clip.py:2724:_process_frame
WARNING:root:GUI 卡顿 189ms state=IDLE anim=待机呼吸休闲 physics=None
WARNING:pet.gui_stall_sampler:GUI 冻结现场（189ms，2 个采样点，旧→新）：
WARNING:pet.gui_stall_sampler:  [t-205ms] verify_seeky_multi.py:255:<module> <- verify_seeky_multi.py:208:main
WARNING:pet.gui_stall_sampler:  [t-86ms] verify_seeky_multi.py:208:main <- webm_clip.py:2499:_poll <- webm_clip.py:2750:_process_frame <- window_optional_services.py:62:<lambda> <- window.py:1917:_on_frame <- window.py:2106:_rebuild_frame
WARNING:root:GUI 卡顿 190ms state=IDLE anim=待机呼吸休闲 physics=None
WARNING:pet.gui_stall_sampler:GUI 冻结现场（190ms，2 个采样点，旧→新）：
WARNING:pet.gui_stall_sampler:  [t-205ms] verify_seeky_multi.py:255:<module> <- verify_seeky_multi.py:208:main
WARNING:pet.gui_stall_sampler:  [t-87ms] verify_seeky_multi.py:208:main <- webm_clip.py:2499:_poll <- webm_clip.py:2750:_process_frame <- window_optional_services.py:62:<lambda> <- window.py:1917:_on_frame <- window.py:2106:_rebuild_frame
WARNING:root:GUI 卡顿 190ms state=IDLE anim=待机呼吸休闲 physics=None
WARNING:pet.gui_stall_sampler:GUI 冻结现场（190ms，2 个采样点，旧→新）：
WARNING:pet.gui_stall_sampler:  [t-205ms] verify_seeky_multi.py:255:<module> <- verify_seeky_multi.py:208:main
WARNING:pet.gui_stall_sampler:  [t-87ms] verify_seeky_multi.py:208:main <- webm_clip.py:2499:_poll <- webm_clip.py:2750:_process_frame <- window_optional_services.py:62:<lambda> <- window.py:1917:_on_frame <- window.py:2106:_rebuild_frame
WARNING:root:GUI 卡顿 402ms state=IDLE anim=待机呼吸休闲 physics=None
WARNING:pet.gui_stall_sampler:GUI 冻结现场（402ms，3 个采样点，旧→新）：
WARNING:pet.gui_stall_sampler:  [t-437ms] verify_seeky_multi.py:255:<module> <- verify_seeky_multi.py:208:main
WARNING:pet.gui_stall_sampler:  [t-165ms] verify_seeky_multi.py:255:<module> <- verify_seeky_multi.py:208:main <- webm_clip.py:2499:_poll <- webm_clip.py:2724:_process_frame
WARNING:root:GUI 卡顿 405ms state=IDLE anim=待机呼吸休闲 physics=None
WARNING:pet.gui_stall_sampler:GUI 冻结现场（405ms，3 个采样点，旧→新）：
WARNING:pet.gui_stall_sampler:  [t-439ms] verify_seeky_multi.py:255:<module> <- verify_seeky_multi.py:208:main
WARNING:pet.gui_stall_sampler:  [t-167ms] verify_seeky_multi.py:255:<module> <- verify_seeky_multi.py:208:main <- webm_clip.py:2499:_poll <- webm_clip.py:2724:_process_frame
WARNING:root:GUI 卡顿 405ms state=IDLE anim=待机呼吸休闲 physics=None
WARNING:pet.gui_stall_sampler:GUI 冻结现场（405ms，3 个采样点，旧→新）：
WARNING:pet.gui_stall_sampler:  [t-439ms] verify_seeky_multi.py:255:<module> <- verify_seeky_multi.py:208:main
WARNING:pet.gui_stall_sampler:  [t-167ms] verify_seeky_multi.py:255:<module> <- verify_seeky_multi.py:208:main <- webm_clip.py:2499:_poll <- webm_clip.py:2724:_process_frame
WARNING:root:GUI 卡顿 134ms state=IDLE anim=待机呼吸休闲 physics=None
WARNING:pet.gui_stall_sampler:GUI 冻结现场（134ms，2 个采样点，旧→新）：
WARNING:pet.gui_stall_sampler:  [t-171ms] verify_seeky_multi.py:255:<module> <- verify_seeky_multi.py:208:main
WARNING:pet.gui_stall_sampler:  [t-68ms] verify_seeky_multi.py:255:<module> <- verify_seeky_multi.py:208:main <- webm_clip.py:2499:_poll <- webm_clip.py:2724:_process_frame
WARNING:root:GUI 卡顿 134ms state=IDLE anim=待机呼吸休闲 physics=None
WARNING:pet.gui_stall_sampler:GUI 冻结现场（134ms，2 个采样点，旧→新）：
WARNING:pet.gui_stall_sampler:  [t-172ms] verify_seeky_multi.py:255:<module> <- verify_seeky_multi.py:208:main
WARNING:pet.gui_stall_sampler:  [t-68ms] verify_seeky_multi.py:255:<module> <- verify_seeky_multi.py:208:main <- webm_clip.py:2499:_poll <- webm_clip.py:2724:_process_frame
WARNING:root:GUI 卡顿 134ms state=IDLE anim=待机呼吸休闲 physics=None
WARNING:pet.gui_stall_sampler:GUI 冻结现场（134ms，2 个采样点，旧→新）：
WARNING:pet.gui_stall_sampler:  [t-172ms] verify_seeky_multi.py:255:<module> <- verify_seeky_multi.py:208:main
WARNING:pet.gui_stall_sampler:  [t-69ms] verify_seeky_multi.py:255:<module> <- verify_seeky_multi.py:208:main <- webm_clip.py:2499:_poll <- webm_clip.py:2724:_process_frame
WARNING:root:GUI 卡顿 294ms state=IDLE anim=待机呼吸休闲 physics=None
WARNING:pet.gui_stall_sampler:GUI 冻结现场（294ms，3 个采样点，旧→新）：
WARNING:pet.gui_stall_sampler:  [t-343ms] verify_seeky_multi.py:208:main <- webm_clip.py:2499:_poll <- webm_clip.py:2750:_process_frame <- window_optional_services.py:62:<lambda> <- window.py:1919:_on_frame <- window.py:2126:_rebuild_frame
WARNING:pet.gui_stall_sampler:  [t-192ms] verify_seeky_multi.py:255:<module> <- verify_seeky_multi.py:208:main <- webm_clip.py:2499:_poll <- webm_clip.py:2723:_process_frame
WARNING:pet.gui_stall_sampler:  [t-115ms] verify_seeky_multi.py:255:<module> <- verify_seeky_multi.py:208:main <- webm_clip.py:2499:_poll <- webm_clip.py:2724:_process_frame
WARNING:root:GUI 卡顿 299ms state=IDLE anim=待机呼吸休闲 physics=None
WARNING:pet.gui_stall_sampler:GUI 冻结现场（299ms，4 个采样点，旧→新）：
WARNING:pet.gui_stall_sampler:  [t-346ms] verify_seeky_multi.py:208:main <- webm_clip.py:2499:_poll <- webm_clip.py:2750:_process_frame <- window_optional_services.py:62:<lambda> <- window.py:1919:_on_frame <- window.py:2126:_rebuild_frame
WARNING:pet.gui_stall_sampler:  [t-196ms] verify_seeky_multi.py:255:<module> <- verify_seeky_multi.py:208:main <- webm_clip.py:2499:_poll <- webm_clip.py:2723:_process_frame
WARNING:pet.gui_stall_sampler:  [t-118ms] verify_seeky_multi.py:255:<module> <- verify_seeky_multi.py:208:main <- webm_clip.py:2499:_poll <- webm_clip.py:2724:_process_frame
WARNING:pet.gui_stall_sampler:  [t-2ms] verify_seeky_multi.py:255:<module> <- verify_seeky_multi.py:208:main
WARNING:root:GUI 卡顿 299ms state=IDLE anim=待机呼吸休闲 physics=None
WARNING:pet.gui_stall_sampler:GUI 冻结现场（299ms，4 个采样点，旧→新）：
WARNING:pet.gui_stall_sampler:  [t-347ms] verify_seeky_multi.py:208:main <- webm_clip.py:2499:_poll <- webm_clip.py:2750:_process_frame <- window_optional_services.py:62:<lambda> <- window.py:1919:_on_frame <- window.py:2126:_rebuild_frame
WARNING:pet.gui_stall_sampler:  [t-196ms] verify_seeky_multi.py:255:<module> <- verify_seeky_multi.py:208:main <- webm_clip.py:2499:_poll <- webm_clip.py:2723:_process_frame
WARNING:pet.gui_stall_sampler:  [t-119ms] verify_seeky_multi.py:255:<module> <- verify_seeky_multi.py:208:main <- webm_clip.py:2499:_poll <- webm_clip.py:2724:_process_frame
WARNING:pet.gui_stall_sampler:  [t-2ms] verify_seeky_multi.py:255:<module> <- verify_seeky_multi.py:208:main
WARNING:root:GUI 卡顿 777ms state=IDLE anim=待机呼吸休闲 physics=None
WARNING:pet.gui_stall_sampler:GUI 冻结现场（777ms，3 个采样点，旧→新）：
WARNING:pet.gui_stall_sampler:  [t-803ms] verify_seeky_multi.py:255:<module> <- verify_seeky_multi.py:208:main
WARNING:pet.gui_stall_sampler:  [t-337ms] verify_seeky_multi.py:208:main <- webm_clip.py:2499:_poll <- webm_clip.py:2750:_process_frame <- window_optional_services.py:62:<lambda> <- window.py:1917:_on_frame <- window.py:2106:_rebuild_frame
WARNING:root:GUI 卡顿 780ms state=IDLE anim=待机呼吸休闲 physics=None
WARNING:pet.gui_stall_sampler:GUI 冻结现场（780ms，3 个采样点，旧→新）：
WARNING:pet.gui_stall_sampler:  [t-804ms] verify_seeky_multi.py:255:<module> <- verify_seeky_multi.py:208:main
WARNING:pet.gui_stall_sampler:  [t-338ms] verify_seeky_multi.py:208:main <- webm_clip.py:2499:_poll <- webm_clip.py:2750:_process_frame <- window_optional_services.py:62:<lambda> <- window.py:1917:_on_frame <- window.py:2106:_rebuild_frame
WARNING:root:GUI 卡顿 781ms state=IDLE anim=待机呼吸休闲 physics=None
WARNING:pet.gui_stall_sampler:GUI 冻结现场（781ms，3 个采样点，旧→新）：
WARNING:pet.gui_stall_sampler:  [t-804ms] verify_seeky_multi.py:255:<module> <- verify_seeky_multi.py:208:main
WARNING:pet.gui_stall_sampler:  [t-338ms] verify_seeky_multi.py:208:main <- webm_clip.py:2499:_poll <- webm_clip.py:2750:_process_frame <- window_optional_services.py:62:<lambda> <- window.py:1917:_on_frame <- window.py:2106:_rebuild_frame
WARNING:root:GUI 卡顿 176ms state=IDLE anim=待机呼吸休闲 physics=None
WARNING:pet.gui_stall_sampler:GUI 冻结现场（176ms，3 个采样点，旧→新）：
WARNING:pet.gui_stall_sampler:  [t-193ms] verify_seeky_multi.py:255:<module> <- verify_seeky_multi.py:208:main
WARNING:pet.gui_stall_sampler:  [t-108ms] verify_seeky_multi.py:208:main <- webm_clip.py:2499:_poll <- webm_clip.py:2750:_process_frame <- window_optional_services.py:62:<lambda> <- window.py:1917:_on_frame <- window.py:2106:_rebuild_frame
WARNING:pet.gui_stall_sampler:  [t-21ms] verify_seeky_multi.py:255:<module> <- verify_seeky_multi.py:208:main <- webm_clip.py:2499:_poll <- webm_clip.py:2750:_process_frame
WARNING:root:GUI 卡顿 176ms state=IDLE anim=待机呼吸休闲 physics=None
WARNING:pet.gui_stall_sampler:GUI 冻结现场（176ms，3 个采样点，旧→新）：
WARNING:pet.gui_stall_sampler:  [t-193ms] verify_seeky_multi.py:255:<module> <- verify_seeky_multi.py:208:main
WARNING:pet.gui_stall_sampler:  [t-109ms] verify_seeky_multi.py:208:main <- webm_clip.py:2499:_poll <- webm_clip.py:2750:_process_frame <- window_optional_services.py:62:<lambda> <- window.py:1917:_on_frame <- window.py:2106:_rebuild_frame
WARNING:pet.gui_stall_sampler:  [t-21ms] verify_seeky_multi.py:255:<module> <- verify_seeky_multi.py:208:main <- webm_clip.py:2499:_poll <- webm_clip.py:2750:_process_frame
WARNING:root:GUI 卡顿 176ms state=IDLE anim=待机呼吸休闲 physics=None
WARNING:pet.gui_stall_sampler:GUI 冻结现场（176ms，3 个采样点，旧→新）：
WARNING:pet.gui_stall_sampler:  [t-193ms] verify_seeky_multi.py:255:<module> <- verify_seeky_multi.py:208:main
WARNING:pet.gui_stall_sampler:  [t-109ms] verify_seeky_multi.py:208:main <- webm_clip.py:2499:_poll <- webm_clip.py:2750:_process_frame <- window_optional_services.py:62:<lambda> <- window.py:1917:_on_frame <- window.py:2106:_rebuild_frame
WARNING:pet.gui_stall_sampler:  [t-21ms] verify_seeky_multi.py:255:<module> <- verify_seeky_multi.py:208:main <- webm_clip.py:2499:_poll <- webm_clip.py:2750:_process_frame
WARNING:root:GUI 卡顿 225ms state=IDLE anim=待机呼吸休闲 physics=None
WARNING:pet.gui_stall_sampler:GUI 冻结现场（225ms，2 个采样点，旧→新）：
WARNING:pet.gui_stall_sampler:  [t-256ms] verify_seeky_multi.py:255:<module> <- verify_seeky_multi.py:208:main
WARNING:pet.gui_stall_sampler:  [t-31ms] verify_seeky_multi.py:255:<module> <- verify_seeky_multi.py:208:main <- webm_clip.py:2499:_poll <- webm_clip.py:2724:_process_frame
WARNING:root:GUI 卡顿 226ms state=IDLE anim=待机呼吸休闲 physics=None
WARNING:pet.gui_stall_sampler:GUI 冻结现场（226ms，2 个采样点，旧→新）：
WARNING:pet.gui_stall_sampler:  [t-257ms] verify_seeky_multi.py:255:<module> <- verify_seeky_multi.py:208:main
WARNING:pet.gui_stall_sampler:  [t-31ms] verify_seeky_multi.py:255:<module> <- verify_seeky_multi.py:208:main <- webm_clip.py:2499:_poll <- webm_clip.py:2724:_process_frame
WARNING:root:GUI 卡顿 226ms state=IDLE anim=待机呼吸休闲 physics=None
WARNING:pet.gui_stall_sampler:GUI 冻结现场（226ms，2 个采样点，旧→新）：
WARNING:pet.gui_stall_sampler:  [t-257ms] verify_seeky_multi.py:255:<module> <- verify_seeky_multi.py:208:main
WARNING:pet.gui_stall_sampler:  [t-31ms] verify_seeky_multi.py:255:<module> <- verify_seeky_multi.py:208:main <- webm_clip.py:2499:_poll <- webm_clip.py:2724:_process_frame
WARNING:root:GUI 卡顿 133ms state=IDLE anim=待机呼吸休闲 physics=None
WARNING:pet.gui_stall_sampler:GUI 冻结现场（133ms，3 个采样点，旧→新）：
WARNING:pet.gui_stall_sampler:  [t-141ms] verify_seeky_multi.py:255:<module> <- verify_seeky_multi.py:208:main
WARNING:pet.gui_stall_sampler:  [t-79ms] verify_seeky_multi.py:255:<module> <- verify_seeky_multi.py:208:main <- webm_clip.py:2499:_poll <- webm_clip.py:2724:_process_frame
WARNING:pet.gui_stall_sampler:  [t-16ms] verify_seeky_multi.py:255:<module> <- verify_seeky_multi.py:208:main <- window.py:2464:paintEvent
WARNING:root:GUI 卡顿 135ms state=IDLE anim=待机呼吸休闲 physics=None
WARNING:pet.gui_stall_sampler:GUI 冻结现场（135ms，3 个采样点，旧→新）：
WARNING:pet.gui_stall_sampler:  [t-142ms] verify_seeky_multi.py:255:<module> <- verify_seeky_multi.py:208:main
WARNING:pet.gui_stall_sampler:  [t-80ms] verify_seeky_multi.py:255:<module> <- verify_seeky_multi.py:208:main <- webm_clip.py:2499:_poll <- webm_clip.py:2724:_process_frame
WARNING:pet.gui_stall_sampler:  [t-17ms] verify_seeky_multi.py:255:<module> <- verify_seeky_multi.py:208:main <- window.py:2464:paintEvent
WARNING:root:GUI 卡顿 135ms state=IDLE anim=待机呼吸休闲 physics=None
WARNING:pet.gui_stall_sampler:GUI 冻结现场（135ms，3 个采样点，旧→新）：
WARNING:pet.gui_stall_sampler:  [t-142ms] verify_seeky_multi.py:255:<module> <- verify_seeky_multi.py:208:main
WARNING:pet.gui_stall_sampler:  [t-80ms] verify_seeky_multi.py:255:<module> <- verify_seeky_multi.py:208:main <- webm_clip.py:2499:_poll <- webm_clip.py:2724:_process_frame
WARNING:pet.gui_stall_sampler:  [t-17ms] verify_seeky_multi.py:255:<module> <- verify_seeky_multi.py:208:main <- window.py:2464:paintEvent
WARNING:root:GUI 卡顿 119ms state=IDLE anim=待机呼吸休闲 physics=None
WARNING:pet.gui_stall_sampler:GUI 冻结现场（119ms，3 个采样点，旧→新）：
WARNING:pet.gui_stall_sampler:  [t-164ms] verify_seeky_multi.py:255:<module> <- verify_seeky_multi.py:208:main
WARNING:pet.gui_stall_sampler:  [t-92ms] verify_seeky_multi.py:255:<module> <- verify_seeky_multi.py:208:main <- webm_clip.py:2499:_poll <- webm_clip.py:2724:_process_frame
WARNING:root:GUI 卡顿 120ms state=IDLE anim=待机呼吸休闲 physics=None
WARNING:pet.gui_stall_sampler:GUI 冻结现场（120ms，3 个采样点，旧→新）：
WARNING:pet.gui_stall_sampler:  [t-165ms] verify_seeky_multi.py:255:<module> <- verify_seeky_multi.py:208:main
WARNING:pet.gui_stall_sampler:  [t-92ms] verify_seeky_multi.py:255:<module> <- verify_seeky_multi.py:208:main <- webm_clip.py:2499:_poll <- webm_clip.py:2724:_process_frame
WARNING:root:GUI 卡顿 120ms state=IDLE anim=待机呼吸休闲 physics=None
WARNING:pet.gui_stall_sampler:GUI 冻结现场（120ms，3 个采样点，旧→新）：
WARNING:pet.gui_stall_sampler:  [t-165ms] verify_seeky_multi.py:255:<module> <- verify_seeky_multi.py:208:main
WARNING:pet.gui_stall_sampler:  [t-92ms] verify_seeky_multi.py:255:<module> <- verify_seeky_multi.py:208:main <- webm_clip.py:2499:_poll <- webm_clip.py:2724:_process_frame
WARNING:root:GUI 卡顿 102ms state=IDLE anim=待机呼吸休闲 physics=None
WARNING:pet.gui_stall_sampler:GUI 冻结现场（102ms，2 个采样点，旧→新）：
WARNING:pet.gui_stall_sampler:  [t-147ms] verify_seeky_multi.py:255:<module> <- verify_seeky_multi.py:208:main
WARNING:pet.gui_stall_sampler:  [t-90ms] verify_seeky_multi.py:255:<module> <- verify_seeky_multi.py:208:main <- webm_clip.py:2499:_poll <- webm_clip.py:2723:_process_frame
WARNING:root:GUI 卡顿 103ms state=IDLE anim=待机呼吸休闲 physics=None
WARNING:pet.gui_stall_sampler:GUI 冻结现场（103ms，2 个采样点，旧→新）：
WARNING:pet.gui_stall_sampler:  [t-147ms] verify_seeky_multi.py:255:<module> <- verify_seeky_multi.py:208:main
WARNING:pet.gui_stall_sampler:  [t-91ms] verify_seeky_multi.py:255:<module> <- verify_seeky_multi.py:208:main <- webm_clip.py:2499:_poll <- webm_clip.py:2723:_process_frame
WARNING:root:GUI 卡顿 103ms state=IDLE anim=待机呼吸休闲 physics=None
WARNING:pet.gui_stall_sampler:GUI 冻结现场（103ms，2 个采样点，旧→新）：
WARNING:pet.gui_stall_sampler:  [t-147ms] verify_seeky_multi.py:255:<module> <- verify_seeky_multi.py:208:main
WARNING:pet.gui_stall_sampler:  [t-91ms] verify_seeky_multi.py:255:<module> <- verify_seeky_multi.py:208:main <- webm_clip.py:2499:_poll <- webm_clip.py:2723:_process_frame
WARNING:root:GUI 卡顿 296ms state=IDLE anim=待机呼吸休闲 physics=None
WARNING:pet.gui_stall_sampler:GUI 冻结现场（296ms，4 个采样点，旧→新）：
WARNING:pet.gui_stall_sampler:  [t-339ms] verify_seeky_multi.py:255:<module> <- verify_seeky_multi.py:208:main
WARNING:pet.gui_stall_sampler:  [t-269ms] verify_seeky_multi.py:208:main <- webm_clip.py:2499:_poll <- webm_clip.py:2750:_process_frame <- window_optional_services.py:62:<lambda> <- window.py:1917:_on_frame <- window.py:2124:_rebuild_frame
WARNING:pet.gui_stall_sampler:  [t-193ms] verify_seeky_multi.py:255:<module> <- verify_seeky_multi.py:208:main
WARNING:root:GUI 卡顿 301ms state=IDLE anim=待机呼吸休闲 physics=None
WARNING:pet.gui_stall_sampler:GUI 冻结现场（301ms，4 个采样点，旧→新）：
WARNING:pet.gui_stall_sampler:  [t-341ms] verify_seeky_multi.py:255:<module> <- verify_seeky_multi.py:208:main
WARNING:pet.gui_stall_sampler:  [t-271ms] verify_seeky_multi.py:208:main <- webm_clip.py:2499:_poll <- webm_clip.py:2750:_process_frame <- window_optional_services.py:62:<lambda> <- window.py:1917:_on_frame <- window.py:2124:_rebuild_frame
WARNING:pet.gui_stall_sampler:  [t-195ms] verify_seeky_multi.py:255:<module> <- verify_seeky_multi.py:208:main
WARNING:root:GUI 卡顿 302ms state=IDLE anim=待机呼吸休闲 physics=None
WARNING:pet.gui_stall_sampler:GUI 冻结现场（302ms，4 个采样点，旧→新）：
WARNING:pet.gui_stall_sampler:  [t-341ms] verify_seeky_multi.py:255:<module> <- verify_seeky_multi.py:208:main
WARNING:pet.gui_stall_sampler:  [t-271ms] verify_seeky_multi.py:208:main <- webm_clip.py:2499:_poll <- webm_clip.py:2750:_process_frame <- window_optional_services.py:62:<lambda> <- window.py:1917:_on_frame <- window.py:2124:_rebuild_frame
WARNING:pet.gui_stall_sampler:  [t-195ms] verify_seeky_multi.py:255:<module> <- verify_seeky_multi.py:208:main
WARNING:root:GUI 卡顿 244ms state=IDLE anim=待机呼吸休闲 physics=None
WARNING:pet.gui_stall_sampler:GUI 冻结现场（244ms，3 个采样点，旧→新）：
WARNING:pet.gui_stall_sampler:  [t-279ms] verify_seeky_multi.py:255:<module> <- verify_seeky_multi.py:208:main
WARNING:pet.gui_stall_sampler:  [t-206ms] verify_seeky_multi.py:255:<module> <- verify_seeky_multi.py:208:main <- webm_clip.py:2499:_poll <- webm_clip.py:2723:_process_frame
WARNING:pet.gui_stall_sampler:  [t-26ms] window_optional_services.py:62:<lambda> <- window.py:1917:_on_frame <- window.py:2124:_rebuild_frame <- window.py:2270:_sync_mask <- window_optional_services.py:42:effects_coverage <- frame_edges.py:18:coverage_region
WARNING:root:GUI 卡顿 246ms state=IDLE anim=待机呼吸休闲 physics=None
WARNING:pet.gui_stall_sampler:GUI 冻结现场（246ms，3 个采样点，旧→新）：
WARNING:pet.gui_stall_sampler:  [t-280ms] verify_seeky_multi.py:255:<module> <- verify_seeky_multi.py:208:main
WARNING:pet.gui_stall_sampler:  [t-207ms] verify_seeky_multi.py:255:<module> <- verify_seeky_multi.py:208:main <- webm_clip.py:2499:_poll <- webm_clip.py:2723:_process_frame
WARNING:pet.gui_stall_sampler:  [t-27ms] window_optional_services.py:62:<lambda> <- window.py:1917:_on_frame <- window.py:2124:_rebuild_frame <- window.py:2270:_sync_mask <- window_optional_services.py:42:effects_coverage <- frame_edges.py:18:coverage_region
WARNING:root:GUI 卡顿 247ms state=IDLE anim=待机呼吸休闲 physics=None
WARNING:pet.gui_stall_sampler:GUI 冻结现场（247ms，3 个采样点，旧→新）：
WARNING:pet.gui_stall_sampler:  [t-280ms] verify_seeky_multi.py:255:<module> <- verify_seeky_multi.py:208:main
WARNING:pet.gui_stall_sampler:  [t-207ms] verify_seeky_multi.py:255:<module> <- verify_seeky_multi.py:208:main <- webm_clip.py:2499:_poll <- webm_clip.py:2723:_process_frame
WARNING:pet.gui_stall_sampler:  [t-28ms] window_optional_services.py:62:<lambda> <- window.py:1917:_on_frame <- window.py:2124:_rebuild_frame <- window.py:2270:_sync_mask <- window_optional_services.py:42:effects_coverage <- frame_edges.py:18:coverage_region
WARNING:root:GUI 卡顿 213ms state=IDLE anim=待机呼吸休闲 physics=None
WARNING:pet.gui_stall_sampler:GUI 冻结现场（213ms，3 个采样点，旧→新）：
WARNING:pet.gui_stall_sampler:  [t-223ms] verify_seeky_multi.py:255:<module> <- verify_seeky_multi.py:208:main
WARNING:pet.gui_stall_sampler:  [t-81ms] verify_seeky_multi.py:255:<module> <- verify_seeky_multi.py:208:main <- webm_clip.py:2499:_poll <- webm_clip.py:2724:_process_frame
WARNING:pet.gui_stall_sampler:  [t-2ms] verify_seeky_multi.py:255:<module> <- verify_seeky_multi.py:208:main
WARNING:root:GUI 卡顿 216ms state=IDLE anim=待机呼吸休闲 physics=None
WARNING:pet.gui_stall_sampler:GUI 冻结现场（216ms，3 个采样点，旧→新）：
WARNING:pet.gui_stall_sampler:  [t-224ms] verify_seeky_multi.py:255:<module> <- verify_seeky_multi.py:208:main
WARNING:pet.gui_stall_sampler:  [t-83ms] verify_seeky_multi.py:255:<module> <- verify_seeky_multi.py:208:main <- webm_clip.py:2499:_poll <- webm_clip.py:2724:_process_frame
WARNING:pet.gui_stall_sampler:  [t-4ms] verify_seeky_multi.py:255:<module> <- verify_seeky_multi.py:208:main
WARNING:root:GUI 卡顿 216ms state=IDLE anim=待机呼吸休闲 physics=None
WARNING:pet.gui_stall_sampler:GUI 冻结现场（216ms，3 个采样点，旧→新）：
WARNING:pet.gui_stall_sampler:  [t-225ms] verify_seeky_multi.py:255:<module> <- verify_seeky_multi.py:208:main
WARNING:pet.gui_stall_sampler:  [t-83ms] verify_seeky_multi.py:255:<module> <- verify_seeky_multi.py:208:main <- webm_clip.py:2499:_poll <- webm_clip.py:2724:_process_frame
WARNING:pet.gui_stall_sampler:  [t-4ms] verify_seeky_multi.py:255:<module> <- verify_seeky_multi.py:208:main
WARNING:root:GUI 卡顿 189ms state=IDLE anim=待机呼吸休闲 physics=None
WARNING:pet.gui_stall_sampler:GUI 冻结现场（189ms，2 个采样点，旧→新）：
WARNING:pet.gui_stall_sampler:  [t-232ms] verify_seeky_multi.py:255:<module> <- verify_seeky_multi.py:208:main <- webm_clip.py:2499:_poll <- webm_clip.py:2724:_process_frame
WARNING:pet.gui_stall_sampler:  [t-29ms] verify_seeky_multi.py:208:main <- webm_clip.py:2499:_poll <- webm_clip.py:2750:_process_frame <- window_optional_services.py:62:<lambda> <- window.py:1917:_on_frame <- window.py:2124:_rebuild_frame
WARNING:root:GUI 卡顿 190ms state=IDLE anim=待机呼吸休闲 physics=None
WARNING:pet.gui_stall_sampler:GUI 冻结现场（190ms，2 个采样点，旧→新）：
WARNING:pet.gui_stall_sampler:  [t-233ms] verify_seeky_multi.py:255:<module> <- verify_seeky_multi.py:208:main <- webm_clip.py:2499:_poll <- webm_clip.py:2724:_process_frame
WARNING:pet.gui_stall_sampler:  [t-30ms] verify_seeky_multi.py:208:main <- webm_clip.py:2499:_poll <- webm_clip.py:2750:_process_frame <- window_optional_services.py:62:<lambda> <- window.py:1917:_on_frame <- window.py:2124:_rebuild_frame
WARNING:root:GUI 卡顿 191ms state=IDLE anim=待机呼吸休闲 physics=None
WARNING:pet.gui_stall_sampler:GUI 冻结现场（191ms，2 个采样点，旧→新）：
WARNING:pet.gui_stall_sampler:  [t-233ms] verify_seeky_multi.py:255:<module> <- verify_seeky_multi.py:208:main <- webm_clip.py:2499:_poll <- webm_clip.py:2724:_process_frame
WARNING:pet.gui_stall_sampler:  [t-30ms] verify_seeky_multi.py:208:main <- webm_clip.py:2499:_poll <- webm_clip.py:2750:_process_frame <- window_optional_services.py:62:<lambda> <- window.py:1917:_on_frame <- window.py:2124:_rebuild_frame
WARNING:root:GUI 卡顿 102ms state=IDLE anim=待机呼吸休闲 physics=None
WARNING:pet.gui_stall_sampler:GUI 冻结现场（102ms，2 个采样点，旧→新）：
WARNING:pet.gui_stall_sampler:  [t-108ms] verify_seeky_multi.py:255:<module> <- verify_seeky_multi.py:208:main
WARNING:pet.gui_stall_sampler:  [t-36ms] webm_clip.py:2499:_poll <- webm_clip.py:2750:_process_frame <- window_optional_services.py:62:<lambda> <- window.py:1917:_on_frame <- window.py:2124:_rebuild_frame <- window.py:2248:_sync_mask
WARNING:root:GUI 卡顿 102ms state=IDLE anim=待机呼吸休闲 physics=None
WARNING:pet.gui_stall_sampler:GUI 冻结现场（102ms，2 个采样点，旧→新）：
WARNING:pet.gui_stall_sampler:  [t-108ms] verify_seeky_multi.py:255:<module> <- verify_seeky_multi.py:208:main
WARNING:pet.gui_stall_sampler:  [t-36ms] webm_clip.py:2499:_poll <- webm_clip.py:2750:_process_frame <- window_optional_services.py:62:<lambda> <- window.py:1917:_on_frame <- window.py:2124:_rebuild_frame <- window.py:2248:_sync_mask
WARNING:root:GUI 卡顿 102ms state=IDLE anim=待机呼吸休闲 physics=None
WARNING:pet.gui_stall_sampler:GUI 冻结现场（102ms，2 个采样点，旧→新）：
WARNING:pet.gui_stall_sampler:  [t-108ms] verify_seeky_multi.py:255:<module> <- verify_seeky_multi.py:208:main
WARNING:pet.gui_stall_sampler:  [t-36ms] webm_clip.py:2499:_poll <- webm_clip.py:2750:_process_frame <- window_optional_services.py:62:<lambda> <- window.py:1917:_on_frame <- window.py:2124:_rebuild_frame <- window.py:2248:_sync_mask
WARNING:root:GUI 卡顿 404ms state=IDLE anim=待机呼吸休闲 physics=None
WARNING:pet.gui_stall_sampler:GUI 冻结现场（404ms，2 个采样点，旧→新）：
WARNING:pet.gui_stall_sampler:  [t-424ms] verify_seeky_multi.py:255:<module> <- verify_seeky_multi.py:208:main
WARNING:pet.gui_stall_sampler:  [t-308ms] window_optional_services.py:62:<lambda> <- window.py:1917:_on_frame <- window.py:2124:_rebuild_frame <- window.py:2270:_sync_mask <- window_optional_services.py:42:effects_coverage <- frame_edges.py:18:coverage_region
WARNING:root:GUI 卡顿 423ms state=IDLE anim=待机呼吸休闲 physics=None
WARNING:pet.gui_stall_sampler:GUI 冻结现场（423ms，2 个采样点，旧→新）：
WARNING:pet.gui_stall_sampler:  [t-429ms] verify_seeky_multi.py:255:<module> <- verify_seeky_multi.py:208:main
WARNING:pet.gui_stall_sampler:  [t-313ms] window_optional_services.py:62:<lambda> <- window.py:1917:_on_frame <- window.py:2124:_rebuild_frame <- window.py:2270:_sync_mask <- window_optional_services.py:42:effects_coverage <- frame_edges.py:18:coverage_region
WARNING:root:GUI 卡顿 424ms state=IDLE anim=待机呼吸休闲 physics=None
WARNING:pet.gui_stall_sampler:GUI 冻结现场（424ms，2 个采样点，旧→新）：
WARNING:pet.gui_stall_sampler:  [t-430ms] verify_seeky_multi.py:255:<module> <- verify_seeky_multi.py:208:main
WARNING:pet.gui_stall_sampler:  [t-314ms] window_optional_services.py:62:<lambda> <- window.py:1917:_on_frame <- window.py:2124:_rebuild_frame <- window.py:2270:_sync_mask <- window_optional_services.py:42:effects_coverage <- frame_edges.py:18:coverage_region
WARNING:root:GUI 卡顿 119ms state=IDLE anim=待机呼吸休闲 physics=None
WARNING:pet.gui_stall_sampler:GUI 冻结现场（119ms，3 个采样点，旧→新）：
WARNING:pet.gui_stall_sampler:  [t-136ms] verify_seeky_multi.py:255:<module> <- verify_seeky_multi.py:208:main
WARNING:pet.gui_stall_sampler:  [t-79ms] verify_seeky_multi.py:255:<module> <- verify_seeky_multi.py:208:main <- webm_clip.py:2499:_poll <- webm_clip.py:2724:_process_frame
WARNING:pet.gui_stall_sampler:  [t-11ms] verify_seeky_multi.py:208:main <- webm_clip.py:2499:_poll <- webm_clip.py:2750:_process_frame <- window_optional_services.py:62:<lambda> <- window.py:1917:_on_frame <- window.py:2119:_rebuild_frame
WARNING:root:GUI 卡顿 120ms state=IDLE anim=待机呼吸休闲 physics=None
WARNING:pet.gui_stall_sampler:GUI 冻结现场（120ms，3 个采样点，旧→新）：
WARNING:pet.gui_stall_sampler:  [t-137ms] verify_seeky_multi.py:255:<module> <- verify_seeky_multi.py:208:main
WARNING:pet.gui_stall_sampler:  [t-79ms] verify_seeky_multi.py:255:<module> <- verify_seeky_multi.py:208:main <- webm_clip.py:2499:_poll <- webm_clip.py:2724:_process_frame
WARNING:pet.gui_stall_sampler:  [t-11ms] verify_seeky_multi.py:208:main <- webm_clip.py:2499:_poll <- webm_clip.py:2750:_process_frame <- window_optional_services.py:62:<lambda> <- window.py:1917:_on_frame <- window.py:2119:_rebuild_frame
WARNING:root:GUI 卡顿 120ms state=IDLE anim=待机呼吸休闲 physics=None
WARNING:pet.gui_stall_sampler:GUI 冻结现场（120ms，3 个采样点，旧→新）：
WARNING:pet.gui_stall_sampler:  [t-137ms] verify_seeky_multi.py:255:<module> <- verify_seeky_multi.py:208:main
WARNING:pet.gui_stall_sampler:  [t-80ms] verify_seeky_multi.py:255:<module> <- verify_seeky_multi.py:208:main <- webm_clip.py:2499:_poll <- webm_clip.py:2724:_process_frame
WARNING:pet.gui_stall_sampler:  [t-11ms] verify_seeky_multi.py:208:main <- webm_clip.py:2499:_poll <- webm_clip.py:2750:_process_frame <- window_optional_services.py:62:<lambda> <- window.py:1917:_on_frame <- window.py:2119:_rebuild_frame
WARNING:root:GUI 卡顿 174ms state=IDLE anim=待机呼吸休闲 physics=None
WARNING:pet.gui_stall_sampler:GUI 冻结现场（174ms，2 个采样点，旧→新）：
WARNING:pet.gui_stall_sampler:  [t-187ms] window_optional_services.py:62:<lambda> <- window.py:1917:_on_frame <- window.py:2124:_rebuild_frame <- window.py:2270:_sync_mask <- window_optional_services.py:42:effects_coverage <- frame_edges.py:31:coverage_region
WARNING:pet.gui_stall_sampler:  [t-8ms] verify_seeky_multi.py:208:main <- webm_clip.py:2499:_poll <- webm_clip.py:2750:_process_frame <- window_optional_services.py:62:<lambda> <- window.py:1919:_on_frame <- window.py:2126:_rebuild_frame
WARNING:root:GUI 卡顿 174ms state=IDLE anim=待机呼吸休闲 physics=None
WARNING:pet.gui_stall_sampler:GUI 冻结现场（174ms，2 个采样点，旧→新）：
WARNING:pet.gui_stall_sampler:  [t-187ms] window_optional_services.py:62:<lambda> <- window.py:1917:_on_frame <- window.py:2124:_rebuild_frame <- window.py:2270:_sync_mask <- window_optional_services.py:42:effects_coverage <- frame_edges.py:31:coverage_region
WARNING:pet.gui_stall_sampler:  [t-8ms] verify_seeky_multi.py:208:main <- webm_clip.py:2499:_poll <- webm_clip.py:2750:_process_frame <- window_optional_services.py:62:<lambda> <- window.py:1919:_on_frame <- window.py:2126:_rebuild_frame
WARNING:root:GUI 卡顿 174ms state=IDLE anim=待机呼吸休闲 physics=None
WARNING:pet.gui_stall_sampler:GUI 冻结现场（174ms，2 个采样点，旧→新）：
WARNING:pet.gui_stall_sampler:  [t-187ms] window_optional_services.py:62:<lambda> <- window.py:1917:_on_frame <- window.py:2124:_rebuild_frame <- window.py:2270:_sync_mask <- window_optional_services.py:42:effects_coverage <- frame_edges.py:31:coverage_region
WARNING:pet.gui_stall_sampler:  [t-8ms] verify_seeky_multi.py:208:main <- webm_clip.py:2499:_poll <- webm_clip.py:2750:_process_frame <- window_optional_services.py:62:<lambda> <- window.py:1919:_on_frame <- window.py:2126:_rebuild_frame
WARNING:root:GUI 卡顿 258ms state=IDLE anim=待机呼吸休闲 physics=None
WARNING:pet.gui_stall_sampler:GUI 冻结现场（258ms，1 个采样点，旧→新）：
WARNING:pet.gui_stall_sampler:  [t-24ms] verify_seeky_multi.py:255:<module> <- verify_seeky_multi.py:208:main <- webm_clip.py:2499:_poll <- webm_clip.py:2750:_process_frame
WARNING:root:GUI 卡顿 261ms state=IDLE anim=待机呼吸休闲 physics=None
WARNING:pet.gui_stall_sampler:GUI 冻结现场（261ms，2 个采样点，旧→新）：
WARNING:pet.gui_stall_sampler:  [t-311ms] verify_seeky_multi.py:208:main <- webm_clip.py:2499:_poll <- webm_clip.py:2750:_process_frame <- window_optional_services.py:62:<lambda> <- window.py:1919:_on_frame <- window.py:2126:_rebuild_frame
WARNING:pet.gui_stall_sampler:  [t-25ms] verify_seeky_multi.py:255:<module> <- verify_seeky_multi.py:208:main <- webm_clip.py:2499:_poll <- webm_clip.py:2750:_process_frame
WARNING:root:GUI 卡顿 262ms state=IDLE anim=待机呼吸休闲 physics=None
WARNING:pet.gui_stall_sampler:GUI 冻结现场（262ms，2 个采样点，旧→新）：
WARNING:pet.gui_stall_sampler:  [t-311ms] verify_seeky_multi.py:208:main <- webm_clip.py:2499:_poll <- webm_clip.py:2750:_process_frame <- window_optional_services.py:62:<lambda> <- window.py:1919:_on_frame <- window.py:2126:_rebuild_frame
WARNING:pet.gui_stall_sampler:  [t-25ms] verify_seeky_multi.py:255:<module> <- verify_seeky_multi.py:208:main <- webm_clip.py:2499:_poll <- webm_clip.py:2750:_process_frame
WARNING:root:GUI 卡顿 114ms state=IDLE anim=待机呼吸休闲 physics=None
WARNING:pet.gui_stall_sampler:GUI 冻结现场（114ms，2 个采样点，旧→新）：
WARNING:pet.gui_stall_sampler:  [t-130ms] verify_seeky_multi.py:255:<module> <- verify_seeky_multi.py:208:main
WARNING:pet.gui_stall_sampler:  [t-37ms] verify_seeky_multi.py:208:main <- webm_clip.py:2499:_poll <- webm_clip.py:2750:_process_frame <- window_optional_services.py:62:<lambda> <- window.py:1917:_on_frame <- window.py:2106:_rebuild_frame
WARNING:root:GUI 卡顿 115ms state=IDLE anim=待机呼吸休闲 physics=None
WARNING:pet.gui_stall_sampler:GUI 冻结现场（115ms，2 个采样点，旧→新）：
WARNING:pet.gui_stall_sampler:  [t-131ms] verify_seeky_multi.py:255:<module> <- verify_seeky_multi.py:208:main
WARNING:pet.gui_stall_sampler:  [t-38ms] verify_seeky_multi.py:208:main <- webm_clip.py:2499:_poll <- webm_clip.py:2750:_process_frame <- window_optional_services.py:62:<lambda> <- window.py:1917:_on_frame <- window.py:2106:_rebuild_frame
WARNING:root:GUI 卡顿 115ms state=IDLE anim=待机呼吸休闲 physics=None
WARNING:pet.gui_stall_sampler:GUI 冻结现场（115ms，2 个采样点，旧→新）：
WARNING:pet.gui_stall_sampler:  [t-131ms] verify_seeky_multi.py:255:<module> <- verify_seeky_multi.py:208:main
WARNING:pet.gui_stall_sampler:  [t-38ms] verify_seeky_multi.py:208:main <- webm_clip.py:2499:_poll <- webm_clip.py:2750:_process_frame <- window_optional_services.py:62:<lambda> <- window.py:1917:_on_frame <- window.py:2106:_rebuild_frame
WARNING:root:GUI 卡顿 101ms state=IDLE anim=待机呼吸休闲 physics=None
WARNING:pet.gui_stall_sampler:GUI 冻结现场（101ms，2 个采样点，旧→新）：
WARNING:pet.gui_stall_sampler:  [t-113ms] verify_seeky_multi.py:255:<module> <- verify_seeky_multi.py:208:main
WARNING:pet.gui_stall_sampler:  [t-37ms] window_optional_services.py:62:<lambda> <- window.py:1917:_on_frame <- window.py:2124:_rebuild_frame <- window.py:2270:_sync_mask <- window_optional_services.py:42:effects_coverage <- frame_edges.py:32:coverage_region
WARNING:root:GUI 卡顿 104ms state=IDLE anim=待机呼吸休闲 physics=None
WARNING:pet.gui_stall_sampler:GUI 冻结现场（104ms，2 个采样点，旧→新）：
WARNING:pet.gui_stall_sampler:  [t-114ms] verify_seeky_multi.py:255:<module> <- verify_seeky_multi.py:208:main
WARNING:pet.gui_stall_sampler:  [t-37ms] window_optional_services.py:62:<lambda> <- window.py:1917:_on_frame <- window.py:2124:_rebuild_frame <- window.py:2270:_sync_mask <- window_optional_services.py:42:effects_coverage <- frame_edges.py:32:coverage_region
WARNING:root:GUI 卡顿 104ms state=IDLE anim=待机呼吸休闲 physics=None
WARNING:pet.gui_stall_sampler:GUI 冻结现场（104ms，2 个采样点，旧→新）：
WARNING:pet.gui_stall_sampler:  [t-114ms] verify_seeky_multi.py:255:<module> <- verify_seeky_multi.py:208:main
WARNING:pet.gui_stall_sampler:  [t-37ms] window_optional_services.py:62:<lambda> <- window.py:1917:_on_frame <- window.py:2124:_rebuild_frame <- window.py:2270:_sync_mask <- window_optional_services.py:42:effects_coverage <- frame_edges.py:32:coverage_region
WARNING:root:GUI 卡顿 110ms state=IDLE anim=待机呼吸休闲 physics=None
WARNING:pet.gui_stall_sampler:GUI 冻结现场（110ms，2 个采样点，旧→新）：
WARNING:pet.gui_stall_sampler:  [t-159ms] webm_clip.py:2750:_process_frame <- window_optional_services.py:62:<lambda> <- window.py:1917:_on_frame <- window.py:2124:_rebuild_frame <- window.py:2270:_sync_mask <- window_optional_services.py:42:effects_coverage
WARNING:pet.gui_stall_sampler:  [t-56ms] verify_seeky_multi.py:255:<module> <- verify_seeky_multi.py:208:main <- webm_clip.py:2499:_poll <- webm_clip.py:2750:_process_frame
WARNING:root:GUI 卡顿 110ms state=IDLE anim=待机呼吸休闲 physics=None
WARNING:pet.gui_stall_sampler:GUI 冻结现场（110ms，2 个采样点，旧→新）：
WARNING:pet.gui_stall_sampler:  [t-159ms] webm_clip.py:2750:_process_frame <- window_optional_services.py:62:<lambda> <- window.py:1917:_on_frame <- window.py:2124:_rebuild_frame <- window.py:2270:_sync_mask <- window_optional_services.py:42:effects_coverage
WARNING:pet.gui_stall_sampler:  [t-57ms] verify_seeky_multi.py:255:<module> <- verify_seeky_multi.py:208:main <- webm_clip.py:2499:_poll <- webm_clip.py:2750:_process_frame
WARNING:root:GUI 卡顿 111ms state=IDLE anim=待机呼吸休闲 physics=None
WARNING:pet.gui_stall_sampler:GUI 冻结现场（111ms，2 个采样点，旧→新）：
WARNING:pet.gui_stall_sampler:  [t-159ms] webm_clip.py:2750:_process_frame <- window_optional_services.py:62:<lambda> <- window.py:1917:_on_frame <- window.py:2124:_rebuild_frame <- window.py:2270:_sync_mask <- window_optional_services.py:42:effects_coverage
WARNING:pet.gui_stall_sampler:  [t-57ms] verify_seeky_multi.py:255:<module> <- verify_seeky_multi.py:208:main <- webm_clip.py:2499:_poll <- webm_clip.py:2750:_process_frame
WARNING:root:GUI 卡顿 102ms state=IDLE anim=待机呼吸休闲 physics=None
WARNING:pet.gui_stall_sampler:GUI 冻结现场（102ms，2 个采样点，旧→新）：
WARNING:pet.gui_stall_sampler:  [t-137ms] verify_seeky_multi.py:255:<module> <- verify_seeky_multi.py:208:main
WARNING:pet.gui_stall_sampler:  [t-43ms] verify_seeky_multi.py:255:<module> <- verify_seeky_multi.py:208:main <- webm_clip.py:2499:_poll <- webm_clip.py:2723:_process_frame
WARNING:root:GUI 卡顿 105ms state=IDLE anim=待机呼吸休闲 physics=None
WARNING:pet.gui_stall_sampler:GUI 冻结现场（105ms，2 个采样点，旧→新）：
WARNING:pet.gui_stall_sampler:  [t-138ms] verify_seeky_multi.py:255:<module> <- verify_seeky_multi.py:208:main
WARNING:pet.gui_stall_sampler:  [t-44ms] verify_seeky_multi.py:255:<module> <- verify_seeky_multi.py:208:main <- webm_clip.py:2499:_poll <- webm_clip.py:2723:_process_frame
WARNING:root:GUI 卡顿 105ms state=IDLE anim=待机呼吸休闲 physics=None
WARNING:pet.gui_stall_sampler:GUI 冻结现场（105ms，2 个采样点，旧→新）：
WARNING:pet.gui_stall_sampler:  [t-138ms] verify_seeky_multi.py:255:<module> <- verify_seeky_multi.py:208:main
WARNING:pet.gui_stall_sampler:  [t-44ms] verify_seeky_multi.py:255:<module> <- verify_seeky_multi.py:208:main <- webm_clip.py:2499:_poll <- webm_clip.py:2723:_process_frame
WARNING:root:GUI 卡顿 105ms state=IDLE anim=待机呼吸休闲 physics=None
WARNING:pet.gui_stall_sampler:GUI 冻结现场（105ms，3 个采样点，旧→新）：
WARNING:pet.gui_stall_sampler:  [t-110ms] verify_seeky_multi.py:255:<module> <- verify_seeky_multi.py:208:main
WARNING:pet.gui_stall_sampler:  [t-52ms] verify_seeky_multi.py:255:<module> <- verify_seeky_multi.py:208:main <- webm_clip.py:2499:_poll <- webm_clip.py:2724:_process_frame
WARNING:pet.gui_stall_sampler:  [t-1ms] verify_seeky_multi.py:255:<module> <- verify_seeky_multi.py:208:main
WARNING:root:GUI 卡顿 106ms state=IDLE anim=待机呼吸休闲 physics=None
WARNING:pet.gui_stall_sampler:GUI 冻结现场（106ms，3 个采样点，旧→新）：
WARNING:pet.gui_stall_sampler:  [t-110ms] verify_seeky_multi.py:255:<module> <- verify_seeky_multi.py:208:main
WARNING:pet.gui_stall_sampler:  [t-52ms] verify_seeky_multi.py:255:<module> <- verify_seeky_multi.py:208:main <- webm_clip.py:2499:_poll <- webm_clip.py:2724:_process_frame
WARNING:pet.gui_stall_sampler:  [t-2ms] verify_seeky_multi.py:255:<module> <- verify_seeky_multi.py:208:main
WARNING:root:GUI 卡顿 106ms state=IDLE anim=待机呼吸休闲 physics=None
WARNING:pet.gui_stall_sampler:GUI 冻结现场（106ms，3 个采样点，旧→新）：
WARNING:pet.gui_stall_sampler:  [t-110ms] verify_seeky_multi.py:255:<module> <- verify_seeky_multi.py:208:main
WARNING:pet.gui_stall_sampler:  [t-52ms] verify_seeky_multi.py:255:<module> <- verify_seeky_multi.py:208:main <- webm_clip.py:2499:_poll <- webm_clip.py:2724:_process_frame
WARNING:pet.gui_stall_sampler:  [t-2ms] verify_seeky_multi.py:255:<module> <- verify_seeky_multi.py:208:main
WARNING:root:GUI 卡顿 103ms state=IDLE anim=待机呼吸休闲 physics=None
WARNING:pet.gui_stall_sampler:GUI 冻结现场（103ms，2 个采样点，旧→新）：
WARNING:pet.gui_stall_sampler:  [t-140ms] webm_clip.py:2499:_poll <- webm_clip.py:2750:_process_frame <- window_optional_services.py:62:<lambda> <- window.py:1917:_on_frame <- window.py:2124:_rebuild_frame <- window.py:2266:_sync_mask
WARNING:pet.gui_stall_sampler:  [t-33ms] window_optional_services.py:62:<lambda> <- window.py:1917:_on_frame <- window.py:2124:_rebuild_frame <- window.py:2270:_sync_mask <- window_optional_services.py:42:effects_coverage <- frame_edges.py:18:coverage_region
WARNING:root:GUI 卡顿 104ms state=IDLE anim=待机呼吸休闲 physics=None
WARNING:pet.gui_stall_sampler:GUI 冻结现场（104ms，2 个采样点，旧→新）：
WARNING:pet.gui_stall_sampler:  [t-140ms] webm_clip.py:2499:_poll <- webm_clip.py:2750:_process_frame <- window_optional_services.py:62:<lambda> <- window.py:1917:_on_frame <- window.py:2124:_rebuild_frame <- window.py:2266:_sync_mask
WARNING:pet.gui_stall_sampler:  [t-33ms] window_optional_services.py:62:<lambda> <- window.py:1917:_on_frame <- window.py:2124:_rebuild_frame <- window.py:2270:_sync_mask <- window_optional_services.py:42:effects_coverage <- frame_edges.py:18:coverage_region
WARNING:root:GUI 卡顿 104ms state=IDLE anim=待机呼吸休闲 physics=None
WARNING:pet.gui_stall_sampler:GUI 冻结现场（104ms，2 个采样点，旧→新）：
WARNING:pet.gui_stall_sampler:  [t-140ms] webm_clip.py:2499:_poll <- webm_clip.py:2750:_process_frame <- window_optional_services.py:62:<lambda> <- window.py:1917:_on_frame <- window.py:2124:_rebuild_frame <- window.py:2266:_sync_mask
WARNING:pet.gui_stall_sampler:  [t-33ms] window_optional_services.py:62:<lambda> <- window.py:1917:_on_frame <- window.py:2124:_rebuild_frame <- window.py:2270:_sync_mask <- window_optional_services.py:42:effects_coverage <- frame_edges.py:18:coverage_region
{'max_first_frame_decoders': 2, 'steady_mib': 1196.4328918457031, 'peak_mib': 1909.1617431640625, 'growth_mib': 249.39933013916016, 'playback': {0: {'fps': 15.030950024703301, 'forward_gaps': 0, 'frames': 1008, 'ten_second_bins': [{'start': 0, 'fps': 10.417610290787207, 'frames': 93}, {'start': 10, 'fps': 11.239823403134999, 'frames': 112}, {'start': 20, 'fps': 12.750875995220936, 'frames': 128}, {'start': 30, 'fps': 21.866693414915492, 'frames': 219}, {'start': 40, 'fps': 22.468078277179863, 'frames': 225}, {'start': 50, 'fps': 12.7751472690588, 'frames': 127}, {'start': 60, 'fps': 5.488360533510063, 'frames': 54}, {'start': 70, 'fps': 14.675667742882315, 'frames': 146}, {'start': 80, 'fps': 16.845313894375867, 'frames': 169}, {'start': 90, 'fps': 12.340309316933528, 'frames': 123}, {'start': 100, 'fps': 23.346539456662377, 'frames': 232}]}, 1: {'fps': 14.960046821064703, 'forward_gaps': 0, 'frames': 1003, 'ten_second_bins': [{'start': 0, 'fps': 10.4952144103857, 'frames': 93}, {'start': 10, 'fps': 11.21438674479693, 'frames': 112}, {'start': 20, 'fps': 12.757152041144325, 'frames': 128}, {'start': 30, 'fps': 21.768789374423186, 'frames': 218}, {'start': 40, 'fps': 22.44476875849228, 'frames': 224}, {'start': 50, 'fps': 12.775760258331909, 'frames': 128}, {'start': 60, 'fps': 5.494961224235892, 'frames': 54}, {'start': 70, 'fps': 14.721410006497711, 'frames': 146}, {'start': 80, 'fps': 16.467682173734048, 'frames': 165}, {'start': 90, 'fps': 12.414085445241785, 'frames': 124}, {'start': 100, 'fps': 23.14183214592492, 'frames': 230}]}, 2: {'fps': 14.935002867520554, 'forward_gaps': 0, 'frames': 1001, 'ten_second_bins': [{'start': 0, 'fps': 10.656640643708988, 'frames': 90}, {'start': 10, 'fps': 11.121221312304117, 'frames': 111}, {'start': 20, 'fps': 12.791072435742487, 'frames': 128}, {'start': 30, 'fps': 21.74131857070961, 'frames': 217}, {'start': 40, 'fps': 22.140960777438252, 'frames': 222}, {'start': 50, 'fps': 13.165942712598868, 'frames': 128}, {'start': 60, 'fps': 5.471024217024177, 'frames': 54}, {'start': 70, 'fps': 14.596188884750505, 'frames': 146}, {'start': 80, 'fps': 16.909851254062918, 'frames': 168}, {'start': 90, 'fps': 12.34567901234567, 'frames': 124}, {'start': 100, 'fps': 23.08463353144269, 'frames': 229}]}}, 'queue_drops': 0, 'duplicate_first_images': [], 'lifecycle': {}, 'shared_process_enabled': True, 'source_widths': [2560, 2560, 2560], 'actions': {0: '待机呼吸休闲', 1: '待机呼吸休闲', 2: '待机呼吸休闲'}} ['Pet 0: fps=15.03, skipped source frames=0', 'Pet 1: fps=14.96, skipped source frames=0', 'Pet 2: fps=14.94, skipped source frames=0']
