QSystemTrayIcon::setVisible: No Icon set
WARNING:root:GUI 卡顿 1483ms state=IDLE anim=待机呼吸休闲 physics=None
WARNING:pet.gui_stall_sampler:GUI 冻结现场（1483ms，12 个采样点，旧→新）：
WARNING:pet.gui_stall_sampler:  [t-1378ms] verify_seeky_multi.py:57:main <- app.py:1703:start <- app.py:1812:_create_ui_with_character_fallback <- app.py:572:_create_ui <- app.py:537:_build_window <- enum.py:695:__call__
WARNING:pet.gui_stall_sampler:  [t-1231ms] app.py:1707:start <- multi_window_shared.py:442:start <- multi_window_shared.py:354:start <- threading.py:979:start <- threading.py:659:wait <- threading.py:359:wait
WARNING:pet.gui_stall_sampler:  [t-1084ms] verify_seeky_multi.py:308:<module> <- verify_seeky_multi.py:57:main <- app.py:1719:start <- app.py:1613:_install_config_watcher <- app.py:1623:_watch_config_file
WARNING:pet.gui_stall_sampler:  [t-957ms] window_placement.py:397:restore_position <- window.py:1050:_write_runtime_marker <- window_placement.py:215:write_runtime_marker <- slot_manager.py:592:write_runtime_marker <- _abc.py:450:exists <- _local.py:515:stat
WARNING:pet.gui_stall_sampler:  [t-826ms] app.py:2987:_refresh_tray_menu <- app.py:3234:_build_tray <- catalog.py:229:list_available_characters <- catalog.py:195:external_character_dirs <- _abc.py:746:cwd <- _local.py:649:absolute
WARNING:pet.gui_stall_sampler:  [t-764ms] verify_seeky_multi.py:308:<module> <- verify_seeky_multi.py:244:main
WARNING:root:GUI 卡顿 1073ms state=IDLE anim=东张西望 physics=None
WARNING:pet.gui_stall_sampler:GUI 冻结现场（1073ms，10 个采样点，旧→新）：
WARNING:pet.gui_stall_sampler:  [t-1123ms] verify_seeky_multi.py:308:<module> <- verify_seeky_multi.py:57:main <- app.py:1719:start <- app.py:1613:_install_config_watcher <- app.py:1623:_watch_config_file
WARNING:pet.gui_stall_sampler:  [t-996ms] window_placement.py:397:restore_position <- window.py:1050:_write_runtime_marker <- window_placement.py:215:write_runtime_marker <- slot_manager.py:592:write_runtime_marker <- _abc.py:450:exists <- _local.py:515:stat
WARNING:pet.gui_stall_sampler:  [t-865ms] app.py:2987:_refresh_tray_menu <- app.py:3234:_build_tray <- catalog.py:229:list_available_characters <- catalog.py:195:external_character_dirs <- _abc.py:746:cwd <- _local.py:649:absolute
WARNING:pet.gui_stall_sampler:  [t-803ms] verify_seeky_multi.py:308:<module> <- verify_seeky_multi.py:244:main
WARNING:root:GUI 卡顿 968ms state=IDLE anim=余额-分文不剩 physics=None
WARNING:pet.gui_stall_sampler:GUI 冻结现场（968ms，9 个采样点，旧→新）：
WARNING:pet.gui_stall_sampler:  [t-996ms] window_placement.py:397:restore_position <- window.py:1050:_write_runtime_marker <- window_placement.py:215:write_runtime_marker <- slot_manager.py:592:write_runtime_marker <- _abc.py:450:exists <- _local.py:515:stat
WARNING:pet.gui_stall_sampler:  [t-865ms] app.py:2987:_refresh_tray_menu <- app.py:3234:_build_tray <- catalog.py:229:list_available_characters <- catalog.py:195:external_character_dirs <- _abc.py:746:cwd <- _local.py:649:absolute
WARNING:pet.gui_stall_sampler:  [t-803ms] verify_seeky_multi.py:308:<module> <- verify_seeky_multi.py:244:main
WARNING:root:GUI 卡顿 127ms state=IDLE anim=待机呼吸休闲 physics=None
WARNING:pet.gui_stall_sampler:GUI 冻结现场（127ms，3 个采样点，旧→新）：
WARNING:pet.gui_stall_sampler:  [t-163ms] verify_seeky_multi.py:308:<module> <- verify_seeky_multi.py:244:main
WARNING:root:GUI 卡顿 130ms state=IDLE anim=东张西望 physics=None
WARNING:pet.gui_stall_sampler:GUI 冻结现场（130ms，3 个采样点，旧→新）：
WARNING:pet.gui_stall_sampler:  [t-163ms] verify_seeky_multi.py:308:<module> <- verify_seeky_multi.py:244:main
WARNING:root:GUI 卡顿 130ms state=IDLE anim=余额-分文不剩 physics=None
WARNING:pet.gui_stall_sampler:GUI 冻结现场（130ms，3 个采样点，旧→新）：
WARNING:pet.gui_stall_sampler:  [t-163ms] verify_seeky_multi.py:308:<module> <- verify_seeky_multi.py:244:main
WARNING:root:GUI 卡顿 373ms state=IDLE anim=待机呼吸休闲 physics=None
WARNING:pet.gui_stall_sampler:GUI 冻结现场（373ms，2 个采样点，旧→新）：
WARNING:pet.gui_stall_sampler:  [t-129ms] verify_seeky_multi.py:308:<module> <- verify_seeky_multi.py:244:main <- webm_clip.py:2499:_poll <- webm_clip.py:2724:_process_frame
WARNING:pet.gui_stall_sampler:  [t-56ms] webm_clip.py:2499:_poll <- webm_clip.py:2750:_process_frame <- window_optional_services.py:62:<lambda> <- verify_seeky_multi.py:92:observed_frame <- window.py:1917:_on_frame <- window.py:2099:_rebuild_frame
WARNING:root:GUI 卡顿 372ms state=IDLE anim=东张西望 physics=None
WARNING:pet.gui_stall_sampler:GUI 冻结现场（372ms，2 个采样点，旧→新）：
WARNING:pet.gui_stall_sampler:  [t-130ms] verify_seeky_multi.py:308:<module> <- verify_seeky_multi.py:244:main <- webm_clip.py:2499:_poll <- webm_clip.py:2724:_process_frame
WARNING:pet.gui_stall_sampler:  [t-57ms] webm_clip.py:2499:_poll <- webm_clip.py:2750:_process_frame <- window_optional_services.py:62:<lambda> <- verify_seeky_multi.py:92:observed_frame <- window.py:1917:_on_frame <- window.py:2099:_rebuild_frame
WARNING:root:GUI 卡顿 372ms state=IDLE anim=余额-分文不剩 physics=None
WARNING:pet.gui_stall_sampler:GUI 冻结现场（372ms，2 个采样点，旧→新）：
WARNING:pet.gui_stall_sampler:  [t-130ms] verify_seeky_multi.py:308:<module> <- verify_seeky_multi.py:244:main <- webm_clip.py:2499:_poll <- webm_clip.py:2724:_process_frame
WARNING:pet.gui_stall_sampler:  [t-57ms] webm_clip.py:2499:_poll <- webm_clip.py:2750:_process_frame <- window_optional_services.py:62:<lambda> <- verify_seeky_multi.py:92:observed_frame <- window.py:1917:_on_frame <- window.py:2099:_rebuild_frame
WARNING:root:GUI 卡顿 550ms state=IDLE anim=待机呼吸休闲 physics=None
WARNING:pet.gui_stall_sampler:GUI 冻结现场（550ms，11 个采样点，旧→新）：
WARNING:pet.gui_stall_sampler:  [t-595ms] verify_seeky_multi.py:308:<module> <- verify_seeky_multi.py:244:main
WARNING:pet.gui_stall_sampler:  [t-535ms] window.py:1705:switch_clip <- window.py:1687:_switch <- library.py:918:release_superseded_movies <- webm_clip.py:1140:cleanup <- webm_clip.py:1197:_reap_retired <- threading.py:1092:join
WARNING:root:GUI 卡顿 550ms state=IDLE anim=东张西望 physics=None
WARNING:pet.gui_stall_sampler:GUI 冻结现场（550ms，11 个采样点，旧→新）：
WARNING:pet.gui_stall_sampler:  [t-595ms] verify_seeky_multi.py:308:<module> <- verify_seeky_multi.py:244:main
WARNING:pet.gui_stall_sampler:  [t-535ms] window.py:1705:switch_clip <- window.py:1687:_switch <- library.py:918:release_superseded_movies <- webm_clip.py:1140:cleanup <- webm_clip.py:1197:_reap_retired <- threading.py:1092:join
WARNING:root:GUI 卡顿 550ms state=IDLE anim=余额-分文不剩 physics=None
WARNING:pet.gui_stall_sampler:GUI 冻结现场（550ms，11 个采样点，旧→新）：
WARNING:pet.gui_stall_sampler:  [t-595ms] verify_seeky_multi.py:308:<module> <- verify_seeky_multi.py:244:main
WARNING:pet.gui_stall_sampler:  [t-535ms] window.py:1705:switch_clip <- window.py:1687:_switch <- library.py:918:release_superseded_movies <- webm_clip.py:1140:cleanup <- webm_clip.py:1197:_reap_retired <- threading.py:1092:join
WARNING:root:GUI 卡顿 518ms state=IDLE anim=待机呼吸休闲 physics=None
WARNING:pet.gui_stall_sampler:GUI 冻结现场（518ms，10 个采样点，旧→新）：
WARNING:pet.gui_stall_sampler:  [t-528ms] verify_seeky_multi.py:308:<module> <- verify_seeky_multi.py:244:main
WARNING:pet.gui_stall_sampler:  [t-476ms] window.py:1705:switch_clip <- window.py:1687:_switch <- library.py:918:release_superseded_movies <- webm_clip.py:1140:cleanup <- webm_clip.py:1197:_reap_retired <- threading.py:1092:join
WARNING:root:GUI 卡顿 519ms state=IDLE anim=东张西望 physics=None
WARNING:pet.gui_stall_sampler:GUI 冻结现场（519ms，10 个采样点，旧→新）：
WARNING:pet.gui_stall_sampler:  [t-528ms] verify_seeky_multi.py:308:<module> <- verify_seeky_multi.py:244:main
WARNING:pet.gui_stall_sampler:  [t-476ms] window.py:1705:switch_clip <- window.py:1687:_switch <- library.py:918:release_superseded_movies <- webm_clip.py:1140:cleanup <- webm_clip.py:1197:_reap_retired <- threading.py:1092:join
WARNING:root:GUI 卡顿 519ms state=IDLE anim=余额-分文不剩 physics=None
WARNING:pet.gui_stall_sampler:GUI 冻结现场（519ms，10 个采样点，旧→新）：
WARNING:pet.gui_stall_sampler:  [t-528ms] verify_seeky_multi.py:308:<module> <- verify_seeky_multi.py:244:main
WARNING:pet.gui_stall_sampler:  [t-476ms] window.py:1705:switch_clip <- window.py:1687:_switch <- library.py:918:release_superseded_movies <- webm_clip.py:1140:cleanup <- webm_clip.py:1197:_reap_retired <- threading.py:1092:join
WARNING:root:GUI 卡顿 528ms state=IDLE anim=待机呼吸休闲 physics=None
WARNING:pet.gui_stall_sampler:GUI 冻结现场（528ms，10 个采样点，旧→新）：
WARNING:pet.gui_stall_sampler:  [t-531ms] verify_seeky_multi.py:308:<module> <- verify_seeky_multi.py:244:main
WARNING:pet.gui_stall_sampler:  [t-476ms] window.py:1705:switch_clip <- window.py:1687:_switch <- library.py:918:release_superseded_movies <- webm_clip.py:1140:cleanup <- webm_clip.py:1197:_reap_retired <- threading.py:1092:join
WARNING:root:GUI 卡顿 528ms state=IDLE anim=东张西望 physics=None
WARNING:pet.gui_stall_sampler:GUI 冻结现场（528ms，10 个采样点，旧→新）：
WARNING:pet.gui_stall_sampler:  [t-531ms] verify_seeky_multi.py:308:<module> <- verify_seeky_multi.py:244:main
WARNING:pet.gui_stall_sampler:  [t-477ms] window.py:1705:switch_clip <- window.py:1687:_switch <- library.py:918:release_superseded_movies <- webm_clip.py:1140:cleanup <- webm_clip.py:1197:_reap_retired <- threading.py:1092:join
WARNING:root:GUI 卡顿 528ms state=IDLE anim=余额-分文不剩 physics=None
WARNING:pet.gui_stall_sampler:GUI 冻结现场（528ms，10 个采样点，旧→新）：
WARNING:pet.gui_stall_sampler:  [t-531ms] verify_seeky_multi.py:308:<module> <- verify_seeky_multi.py:244:main
WARNING:pet.gui_stall_sampler:  [t-477ms] window.py:1705:switch_clip <- window.py:1687:_switch <- library.py:918:release_superseded_movies <- webm_clip.py:1140:cleanup <- webm_clip.py:1197:_reap_retired <- threading.py:1092:join
WARNING:root:GUI 卡顿 533ms state=IDLE anim=待机呼吸休闲 physics=None
WARNING:pet.gui_stall_sampler:GUI 冻结现场（533ms，11 个采样点，旧→新）：
WARNING:pet.gui_stall_sampler:  [t-554ms] verify_seeky_multi.py:308:<module> <- verify_seeky_multi.py:244:main
WARNING:pet.gui_stall_sampler:  [t-498ms] window.py:1705:switch_clip <- window.py:1687:_switch <- library.py:918:release_superseded_movies <- webm_clip.py:1140:cleanup <- webm_clip.py:1197:_reap_retired <- threading.py:1092:join
WARNING:pet.gui_stall_sampler:  [t-18ms] window.py:1705:switch_clip <- window.py:1687:_switch <- library.py:918:release_superseded_movies <- webm_clip.py:1144:cleanup <- webm_clip.py:1165:_retire_grace_wait <- threading.py:1092:join
WARNING:root:GUI 卡顿 533ms state=IDLE anim=东张西望 physics=None
WARNING:pet.gui_stall_sampler:GUI 冻结现场（533ms，11 个采样点，旧→新）：
WARNING:pet.gui_stall_sampler:  [t-554ms] verify_seeky_multi.py:308:<module> <- verify_seeky_multi.py:244:main
WARNING:pet.gui_stall_sampler:  [t-499ms] window.py:1705:switch_clip <- window.py:1687:_switch <- library.py:918:release_superseded_movies <- webm_clip.py:1140:cleanup <- webm_clip.py:1197:_reap_retired <- threading.py:1092:join
WARNING:pet.gui_stall_sampler:  [t-18ms] window.py:1705:switch_clip <- window.py:1687:_switch <- library.py:918:release_superseded_movies <- webm_clip.py:1144:cleanup <- webm_clip.py:1165:_retire_grace_wait <- threading.py:1092:join
WARNING:root:GUI 卡顿 533ms state=IDLE anim=余额-分文不剩 physics=None
WARNING:pet.gui_stall_sampler:GUI 冻结现场（533ms，11 个采样点，旧→新）：
WARNING:pet.gui_stall_sampler:  [t-554ms] verify_seeky_multi.py:308:<module> <- verify_seeky_multi.py:244:main
WARNING:pet.gui_stall_sampler:  [t-499ms] window.py:1705:switch_clip <- window.py:1687:_switch <- library.py:918:release_superseded_movies <- webm_clip.py:1140:cleanup <- webm_clip.py:1197:_reap_retired <- threading.py:1092:join
WARNING:pet.gui_stall_sampler:  [t-18ms] window.py:1705:switch_clip <- window.py:1687:_switch <- library.py:918:release_superseded_movies <- webm_clip.py:1144:cleanup <- webm_clip.py:1165:_retire_grace_wait <- threading.py:1092:join
WARNING:root:GUI 卡顿 545ms state=IDLE anim=待机呼吸休闲 physics=None
WARNING:pet.gui_stall_sampler:GUI 冻结现场（545ms，11 个采样点，旧→新）：
WARNING:pet.gui_stall_sampler:  [t-589ms] verify_seeky_multi.py:308:<module> <- verify_seeky_multi.py:244:main
WARNING:pet.gui_stall_sampler:  [t-536ms] window.py:1705:switch_clip <- window.py:1646:_switch <- window_optional_services.py:83:_movie_for_render <- library.py:893:movie_for_render <- _abc.py:482:is_file <- _local.py:515:stat
WARNING:pet.gui_stall_sampler:  [t-484ms] window.py:1705:switch_clip <- window.py:1687:_switch <- library.py:918:release_superseded_movies <- webm_clip.py:1140:cleanup <- webm_clip.py:1197:_reap_retired <- threading.py:1092:join
WARNING:root:GUI 卡顿 546ms state=IDLE anim=东张西望 physics=None
WARNING:pet.gui_stall_sampler:GUI 冻结现场（546ms，11 个采样点，旧→新）：
WARNING:pet.gui_stall_sampler:  [t-589ms] verify_seeky_multi.py:308:<module> <- verify_seeky_multi.py:244:main
WARNING:pet.gui_stall_sampler:  [t-536ms] window.py:1705:switch_clip <- window.py:1646:_switch <- window_optional_services.py:83:_movie_for_render <- library.py:893:movie_for_render <- _abc.py:482:is_file <- _local.py:515:stat
WARNING:pet.gui_stall_sampler:  [t-484ms] window.py:1705:switch_clip <- window.py:1687:_switch <- library.py:918:release_superseded_movies <- webm_clip.py:1140:cleanup <- webm_clip.py:1197:_reap_retired <- threading.py:1092:join
WARNING:root:GUI 卡顿 546ms state=IDLE anim=余额-分文不剩 physics=None
WARNING:pet.gui_stall_sampler:GUI 冻结现场（546ms，11 个采样点，旧→新）：
WARNING:pet.gui_stall_sampler:  [t-589ms] verify_seeky_multi.py:308:<module> <- verify_seeky_multi.py:244:main
WARNING:pet.gui_stall_sampler:  [t-536ms] window.py:1705:switch_clip <- window.py:1646:_switch <- window_optional_services.py:83:_movie_for_render <- library.py:893:movie_for_render <- _abc.py:482:is_file <- _local.py:515:stat
WARNING:pet.gui_stall_sampler:  [t-484ms] window.py:1705:switch_clip <- window.py:1687:_switch <- library.py:918:release_superseded_movies <- webm_clip.py:1140:cleanup <- webm_clip.py:1197:_reap_retired <- threading.py:1092:join
WARNING:root:GUI 卡顿 275ms state=IDLE anim=待机呼吸休闲 physics=None
WARNING:pet.gui_stall_sampler:GUI 冻结现场（275ms，2 个采样点，旧→新）：
WARNING:pet.gui_stall_sampler:  [t-303ms] verify_seeky_multi.py:308:<module> <- verify_seeky_multi.py:244:main
WARNING:pet.gui_stall_sampler:  [t-5ms] verify_seeky_multi.py:308:<module> <- verify_seeky_multi.py:244:main <- webm_clip.py:2499:_poll <- webm_clip.py:2724:_process_frame
WARNING:root:GUI 卡顿 276ms state=IDLE anim=东张西望 physics=None
WARNING:pet.gui_stall_sampler:GUI 冻结现场（276ms，2 个采样点，旧→新）：
WARNING:pet.gui_stall_sampler:  [t-303ms] verify_seeky_multi.py:308:<module> <- verify_seeky_multi.py:244:main
WARNING:pet.gui_stall_sampler:  [t-5ms] verify_seeky_multi.py:308:<module> <- verify_seeky_multi.py:244:main <- webm_clip.py:2499:_poll <- webm_clip.py:2724:_process_frame
WARNING:root:GUI 卡顿 276ms state=IDLE anim=余额-分文不剩 physics=None
WARNING:pet.gui_stall_sampler:GUI 冻结现场（276ms，2 个采样点，旧→新）：
WARNING:pet.gui_stall_sampler:  [t-303ms] verify_seeky_multi.py:308:<module> <- verify_seeky_multi.py:244:main
WARNING:pet.gui_stall_sampler:  [t-6ms] verify_seeky_multi.py:308:<module> <- verify_seeky_multi.py:244:main <- webm_clip.py:2499:_poll <- webm_clip.py:2724:_process_frame
WARNING:root:GUI 卡顿 381ms state=IDLE anim=待机呼吸休闲 physics=None
WARNING:pet.gui_stall_sampler:GUI 冻结现场（381ms，7 个采样点，旧→新）：
WARNING:pet.gui_stall_sampler:  [t-391ms] webm_clip.py:2499:_poll <- webm_clip.py:2750:_process_frame <- window_optional_services.py:62:<lambda> <- verify_seeky_multi.py:92:observed_frame <- window.py:1917:_on_frame <- window.py:2106:_rebuild_frame
WARNING:pet.gui_stall_sampler:  [t-334ms] app.py:2886:_on_window_exit_requested <- window.py:4642:closeEvent <- library.py:563:shutdown <- webm_clip.py:1140:cleanup <- webm_clip.py:1197:_reap_retired <- threading.py:1092:join
WARNING:pet.gui_stall_sampler:  [t-29ms] verify_seeky_multi.py:308:<module> <- verify_seeky_multi.py:244:main <- verify_seeky_multi.py:208:close_child <- app.py:437:wrapper <- app.py:1051:_request_exit_window <- app.py:2896:_on_window_exit_requested
WARNING:root:GUI 卡顿 382ms state=IDLE anim=东张西望 physics=None
WARNING:pet.gui_stall_sampler:GUI 冻结现场（382ms，7 个采样点，旧→新）：
WARNING:pet.gui_stall_sampler:  [t-391ms] webm_clip.py:2499:_poll <- webm_clip.py:2750:_process_frame <- window_optional_services.py:62:<lambda> <- verify_seeky_multi.py:92:observed_frame <- window.py:1917:_on_frame <- window.py:2106:_rebuild_frame
WARNING:pet.gui_stall_sampler:  [t-334ms] app.py:2886:_on_window_exit_requested <- window.py:4642:closeEvent <- library.py:563:shutdown <- webm_clip.py:1140:cleanup <- webm_clip.py:1197:_reap_retired <- threading.py:1092:join
WARNING:pet.gui_stall_sampler:  [t-29ms] verify_seeky_multi.py:308:<module> <- verify_seeky_multi.py:244:main <- verify_seeky_multi.py:208:close_child <- app.py:437:wrapper <- app.py:1051:_request_exit_window <- app.py:2896:_on_window_exit_requested
WARNING:root:GUI 卡顿 130ms state=IDLE anim=待机呼吸休闲 physics=None
WARNING:pet.gui_stall_sampler:GUI 冻结现场（130ms，3 个采样点，旧→新）：
WARNING:pet.gui_stall_sampler:  [t-168ms] verify_seeky_multi.py:308:<module> <- verify_seeky_multi.py:244:main
WARNING:pet.gui_stall_sampler:  [t-116ms] app.py:504:_build_window <- app.py:404:_create_library <- library.py:145:__init__ <- catalog.py:268:load_character_manifest <- _local.py:546:read_text <- _abc.py:633:read_text
WARNING:pet.gui_stall_sampler:  [t-15ms] verify_seeky_multi.py:244:main <- verify_seeky_multi.py:211:respawn <- app.py:2627:spawn_pet <- app.py:2768:spawn_in_process_window <- app.py:537:_build_window <- file_eater.py:150:eventFilter
WARNING:root:GUI 卡顿 133ms state=IDLE anim=东张西望 physics=None
WARNING:pet.gui_stall_sampler:GUI 冻结现场（133ms，3 个采样点，旧→新）：
WARNING:pet.gui_stall_sampler:  [t-170ms] verify_seeky_multi.py:308:<module> <- verify_seeky_multi.py:244:main
WARNING:pet.gui_stall_sampler:  [t-118ms] app.py:504:_build_window <- app.py:404:_create_library <- library.py:145:__init__ <- catalog.py:268:load_character_manifest <- _local.py:546:read_text <- _abc.py:633:read_text
WARNING:pet.gui_stall_sampler:  [t-16ms] verify_seeky_multi.py:244:main <- verify_seeky_multi.py:211:respawn <- app.py:2627:spawn_pet <- app.py:2768:spawn_in_process_window <- app.py:537:_build_window <- file_eater.py:150:eventFilter
WARNING:root:GUI 卡顿 134ms state=IDLE anim=余额-分文不剩 physics=None
WARNING:pet.gui_stall_sampler:GUI 冻结现场（134ms，2 个采样点，旧→新）：
WARNING:pet.gui_stall_sampler:  [t-161ms] app.py:504:_build_window <- app.py:404:_create_library <- library.py:145:__init__ <- catalog.py:268:load_character_manifest <- _local.py:546:read_text <- _abc.py:633:read_text
WARNING:pet.gui_stall_sampler:  [t-60ms] verify_seeky_multi.py:244:main <- verify_seeky_multi.py:211:respawn <- app.py:2627:spawn_pet <- app.py:2768:spawn_in_process_window <- app.py:537:_build_window <- file_eater.py:150:eventFilter
{'max_first_frame_decoders': 1, 'steady_mib': 1557.4728927612305, 'peak_mib': 1731.0048294067383, 'growth_mib': 681.7426681518555, 'playback': {0: {'fps': 17.688691056894278, 'forward_gaps': 0, 'frames': 884, 'ten_second_bins': [{'start': 0, 'fps': 17.92336914249642, 'frames': 160}, {'start': 10, 'fps': 19.88051609016517, 'frames': 199}, {'start': 20, 'fps': 23.790403533427025, 'frames': 238}, {'start': 30, 'fps': 23.805936417055896, 'frames': 238}, {'start': 40, 'fps': 22.62784733745663, 'frames': 226}, {'start': 50, 'fps': 18.23428044724081, 'frames': 183}, {'start': 60, 'fps': 15.315633029371753, 'frames': 153}, {'start': 70, 'fps': 14.64217552434135, 'frames': 146}, {'start': 80, 'fps': 15.7426626156885, 'frames': 158}, {'start': 90, 'fps': 14.722936519941513, 'frames': 147}]}, 1: {'fps': 17.675209016360593, 'forward_gaps': 0, 'frames': 883, 'ten_second_bins': [{'start': 0, 'fps': 22.35469448584203, 'frames': 199}, {'start': 10, 'fps': 22.5091694719389, 'frames': 225}, {'start': 20, 'fps': 23.79637532004618, 'frames': 238}, {'start': 30, 'fps': 23.789687120444075, 'frames': 238}, {'start': 40, 'fps': 22.64287655103704, 'frames': 226}, {'start': 50, 'fps': 18.358932172272997, 'frames': 184}, {'start': 60, 'fps': 15.106046473904044, 'frames': 150}, {'start': 70, 'fps': 14.771345599244347, 'frames': 148}, {'start': 80, 'fps': 15.666582977655018, 'frames': 157}, {'start': 90, 'fps': 14.680744092508787, 'frames': 147}]}, 2: {'fps': 17.68587170940752, 'forward_gaps': 0, 'frames': 885, 'ten_second_bins': [{'start': 0, 'fps': 17.707552952393925, 'frames': 157}, {'start': 10, 'fps': 19.884509163946774, 'frames': 199}, {'start': 20, 'fps': 23.78348001485213, 'frames': 238}, {'start': 30, 'fps': 23.786105702643564, 'frames': 238}, {'start': 40, 'fps': 22.56540441435723, 'frames': 225}, {'start': 50, 'fps': 18.429559805432195, 'frames': 184}, {'start': 60, 'fps': 15.298830444672582, 'frames': 153}, {'start': 70, 'fps': 14.673588552576993, 'frames': 146}, {'start': 80, 'fps': 14.872173058013773, 'frames': 122}, {'start': 90, 'fps': 13.37761244822041, 'frames': 115}]}}, 'queue_drops': 0, 'duplicate_first_images': [], 'lifecycle': {'windows_after_close': 2, 'windows_after_respawn': 3}, 'shared_process_enabled': True, 'source_widths': [2560, 2560, 2560], 'actions': {0: '待机呼吸休闲', 1: '东张西望', 2: '余额-分文不剩'}, 'initial_decode_routes': {0: {'idle_eligible': True, 'broker_active': True, 'feed': False, 'publish': True, 'path': '/Users/ray/Documents/New project/dsr-pet/assets/characters_hq/shenshen/videos/idle/待机呼吸休闲.webm'}, 1: {'idle_eligible': False, 'broker_active': True, 'feed': False, 'publish': False, 'path': '/Users/ray/Documents/New project/dsr-pet/assets/characters/shenshen/videos/turn/东张西望.webm'}, 2: {'idle_eligible': False, 'broker_active': True, 'feed': False, 'publish': False, 'path': '/Users/ray/Documents/New project/dsr-pet/assets/characters_hq/shenshen/videos/events/balance/余额-分文不剩.webm'}}, 'live_ffmpeg_after_cleanup': []} ['Pet 0: fps=17.69, skipped source frames=0', 'Pet 1: fps=17.68, skipped source frames=0', 'Pet 2: fps=17.69, skipped source frames=0']
