QSystemTrayIcon::setVisible: No Icon set
WARNING:root:GUI 卡顿 1552ms state=IDLE anim=待机呼吸休闲 physics=None
WARNING:pet.gui_stall_sampler:GUI 冻结现场（1552ms，11 个采样点，旧→新）：
WARNING:pet.gui_stall_sampler:  [t-1375ms] verify_multi.py:58:main <- app.py:1703:start <- app.py:1812:_create_ui_with_character_fallback <- app.py:572:_create_ui <- app.py:537:_build_window <- enum.py:695:__call__
WARNING:pet.gui_stall_sampler:  [t-1244ms] verify_multi.py:58:main <- app.py:1703:start <- app.py:1812:_create_ui_with_character_fallback <- app.py:572:_create_ui <- app.py:537:_build_window <- file_eater.py:150:eventFilter
WARNING:pet.gui_stall_sampler:  [t-1191ms] <frozen importlib._bootstrap>:1360:_find_and_load <- <frozen importlib._bootstrap>:1331:_find_and_load_unlocked <- <frozen importlib._bootstrap>:935:_load_unlocked <- <frozen importlib._bootstrap_external>:1022:exec_module <- <frozen importlib._bootstrap_external>:1118:get_code <- <frozen importlib._bootstrap_external>:1217:get_data
WARNING:pet.gui_stall_sampler:  [t-1138ms] <frozen importlib._bootstrap>:1360:_find_and_load <- <frozen importlib._bootstrap>:1331:_find_and_load_unlocked <- <frozen importlib._bootstrap>:935:_load_unlocked <- <frozen importlib._bootstrap_external>:1022:exec_module <- <frozen importlib._bootstrap_external>:1118:get_code <- <frozen importlib._bootstrap_external>:1218:get_data
WARNING:pet.gui_stall_sampler:  [t-1046ms] verify_multi.py:309:<module> <- verify_multi.py:114:main <- app.py:2627:spawn_pet <- app.py:2768:spawn_in_process_window <- app.py:537:_build_window <- file_eater.py:150:eventFilter
WARNING:pet.gui_stall_sampler:  [t-913ms] window.py:1095:_schedule_macos_window_level <- window.py:1090:apply_current_native_window <- platform_mac.py:48:_mac_set_window_level <- util.py:78:find_library <- dyld.py:131:dyld_find <- <frozen genericpath>:39:isfile
WARNING:pet.gui_stall_sampler:  [t-259ms] verify_multi.py:309:<module> <- verify_multi.py:245:main
WARNING:pet.gui_stall_sampler:  [t-135ms] verify_multi.py:309:<module> <- verify_multi.py:245:main <- window.py:1090:apply_current_native_window <- platform_mac.py:78:_mac_set_window_level
WARNING:pet.gui_stall_sampler:  [t-72ms] verify_multi.py:309:<module> <- verify_multi.py:245:main
WARNING:root:GUI 卡顿 1151ms state=IDLE anim=东张西望 physics=None
WARNING:pet.gui_stall_sampler:GUI 冻结现场（1151ms，8 个采样点，旧→新）：
WARNING:pet.gui_stall_sampler:  [t-1162ms] <frozen importlib._bootstrap>:1360:_find_and_load <- <frozen importlib._bootstrap>:1331:_find_and_load_unlocked <- <frozen importlib._bootstrap>:935:_load_unlocked <- <frozen importlib._bootstrap_external>:1022:exec_module <- <frozen importlib._bootstrap_external>:1118:get_code <- <frozen importlib._bootstrap_external>:1218:get_data
WARNING:pet.gui_stall_sampler:  [t-1071ms] verify_multi.py:309:<module> <- verify_multi.py:114:main <- app.py:2627:spawn_pet <- app.py:2768:spawn_in_process_window <- app.py:537:_build_window <- file_eater.py:150:eventFilter
WARNING:pet.gui_stall_sampler:  [t-938ms] window.py:1095:_schedule_macos_window_level <- window.py:1090:apply_current_native_window <- platform_mac.py:48:_mac_set_window_level <- util.py:78:find_library <- dyld.py:131:dyld_find <- <frozen genericpath>:39:isfile
WARNING:pet.gui_stall_sampler:  [t-284ms] verify_multi.py:309:<module> <- verify_multi.py:245:main
WARNING:pet.gui_stall_sampler:  [t-160ms] verify_multi.py:309:<module> <- verify_multi.py:245:main <- window.py:1090:apply_current_native_window <- platform_mac.py:78:_mac_set_window_level
WARNING:pet.gui_stall_sampler:  [t-97ms] verify_multi.py:309:<module> <- verify_multi.py:245:main
WARNING:root:GUI 卡顿 1032ms state=IDLE anim=余额-分文不剩 physics=None
WARNING:pet.gui_stall_sampler:GUI 冻结现场（1032ms，7 个采样点，旧→新）：
WARNING:pet.gui_stall_sampler:  [t-1078ms] verify_multi.py:309:<module> <- verify_multi.py:114:main <- app.py:2627:spawn_pet <- app.py:2768:spawn_in_process_window <- app.py:537:_build_window <- file_eater.py:150:eventFilter
WARNING:pet.gui_stall_sampler:  [t-946ms] window.py:1095:_schedule_macos_window_level <- window.py:1090:apply_current_native_window <- platform_mac.py:48:_mac_set_window_level <- util.py:78:find_library <- dyld.py:131:dyld_find <- <frozen genericpath>:39:isfile
WARNING:pet.gui_stall_sampler:  [t-292ms] verify_multi.py:309:<module> <- verify_multi.py:245:main
WARNING:pet.gui_stall_sampler:  [t-168ms] verify_multi.py:309:<module> <- verify_multi.py:245:main <- window.py:1090:apply_current_native_window <- platform_mac.py:78:_mac_set_window_level
WARNING:pet.gui_stall_sampler:  [t-104ms] verify_multi.py:309:<module> <- verify_multi.py:245:main
WARNING:root:GUI 卡顿 102ms state=IDLE anim=待机呼吸休闲 physics=None
WARNING:pet.gui_stall_sampler:GUI 冻结现场（102ms，3 个采样点，旧→新）：
WARNING:pet.gui_stall_sampler:  [t-118ms] verify_multi.py:309:<module> <- verify_multi.py:245:main
WARNING:root:GUI 卡顿 453ms state=IDLE anim=待机呼吸休闲 physics=None
WARNING:pet.gui_stall_sampler:GUI 冻结现场（453ms，7 个采样点，旧→新）：
WARNING:pet.gui_stall_sampler:  [t-432ms] verify_multi.py:309:<module> <- verify_multi.py:245:main <- library.py:746:_warm_low_priority_background <- threading.py:979:start <- threading.py:659:wait <- threading.py:359:wait
WARNING:pet.gui_stall_sampler:  [t-313ms] verify_multi.py:309:<module> <- verify_multi.py:245:main <- window.py:1090:apply_current_native_window <- platform_mac.py:78:_mac_set_window_level
WARNING:pet.gui_stall_sampler:  [t-252ms] verify_multi.py:309:<module> <- verify_multi.py:245:main <- webm_clip.py:2508:_poll <- webm_clip.py:2733:_process_frame
WARNING:pet.gui_stall_sampler:  [t-186ms] webm_clip.py:2508:_poll <- webm_clip.py:2759:_process_frame <- window_optional_services.py:62:<lambda> <- verify_multi.py:93:observed_frame <- window.py:1917:_on_frame <- window.py:2106:_rebuild_frame
WARNING:pet.gui_stall_sampler:  [t-134ms] verify_multi.py:309:<module> <- verify_multi.py:245:main
WARNING:root:GUI 卡顿 454ms state=IDLE anim=东张西望 physics=None
WARNING:pet.gui_stall_sampler:GUI 冻结现场（454ms，7 个采样点，旧→新）：
WARNING:pet.gui_stall_sampler:  [t-432ms] verify_multi.py:309:<module> <- verify_multi.py:245:main <- library.py:746:_warm_low_priority_background <- threading.py:979:start <- threading.py:659:wait <- threading.py:359:wait
WARNING:pet.gui_stall_sampler:  [t-313ms] verify_multi.py:309:<module> <- verify_multi.py:245:main <- window.py:1090:apply_current_native_window <- platform_mac.py:78:_mac_set_window_level
WARNING:pet.gui_stall_sampler:  [t-252ms] verify_multi.py:309:<module> <- verify_multi.py:245:main <- webm_clip.py:2508:_poll <- webm_clip.py:2733:_process_frame
WARNING:pet.gui_stall_sampler:  [t-186ms] webm_clip.py:2508:_poll <- webm_clip.py:2759:_process_frame <- window_optional_services.py:62:<lambda> <- verify_multi.py:93:observed_frame <- window.py:1917:_on_frame <- window.py:2106:_rebuild_frame
WARNING:pet.gui_stall_sampler:  [t-135ms] verify_multi.py:309:<module> <- verify_multi.py:245:main
WARNING:root:GUI 卡顿 454ms state=IDLE anim=余额-分文不剩 physics=None
WARNING:pet.gui_stall_sampler:GUI 冻结现场（454ms，7 个采样点，旧→新）：
WARNING:pet.gui_stall_sampler:  [t-432ms] verify_multi.py:309:<module> <- verify_multi.py:245:main <- library.py:746:_warm_low_priority_background <- threading.py:979:start <- threading.py:659:wait <- threading.py:359:wait
WARNING:pet.gui_stall_sampler:  [t-313ms] verify_multi.py:309:<module> <- verify_multi.py:245:main <- window.py:1090:apply_current_native_window <- platform_mac.py:78:_mac_set_window_level
WARNING:pet.gui_stall_sampler:  [t-252ms] verify_multi.py:309:<module> <- verify_multi.py:245:main <- webm_clip.py:2508:_poll <- webm_clip.py:2733:_process_frame
WARNING:pet.gui_stall_sampler:  [t-186ms] webm_clip.py:2508:_poll <- webm_clip.py:2759:_process_frame <- window_optional_services.py:62:<lambda> <- verify_multi.py:93:observed_frame <- window.py:1917:_on_frame <- window.py:2106:_rebuild_frame
WARNING:pet.gui_stall_sampler:  [t-135ms] verify_multi.py:309:<module> <- verify_multi.py:245:main
WARNING:root:GUI 卡顿 557ms state=IDLE anim=待机呼吸休闲 physics=None
WARNING:pet.gui_stall_sampler:GUI 冻结现场（557ms，12 个采样点，旧→新）：
WARNING:pet.gui_stall_sampler:  [t-604ms] verify_multi.py:309:<module> <- verify_multi.py:245:main
WARNING:pet.gui_stall_sampler:  [t-547ms] window.py:1705:switch_clip <- window.py:1669:_switch <- webm_clip.py:1630:start <- threading.py:979:start <- threading.py:659:wait <- threading.py:359:wait
WARNING:pet.gui_stall_sampler:  [t-491ms] window.py:1705:switch_clip <- window.py:1687:_switch <- library.py:925:release_superseded_movies <- webm_clip.py:1136:cleanup <- webm_clip.py:1193:_reap_retired <- threading.py:1092:join
WARNING:pet.gui_stall_sampler:  [t-0ms] verify_multi.py:309:<module> <- verify_multi.py:245:main
WARNING:root:GUI 卡顿 559ms state=IDLE anim=东张西望 physics=None
WARNING:pet.gui_stall_sampler:GUI 冻结现场（559ms，12 个采样点，旧→新）：
WARNING:pet.gui_stall_sampler:  [t-605ms] verify_multi.py:309:<module> <- verify_multi.py:245:main
WARNING:pet.gui_stall_sampler:  [t-548ms] window.py:1705:switch_clip <- window.py:1669:_switch <- webm_clip.py:1630:start <- threading.py:979:start <- threading.py:659:wait <- threading.py:359:wait
WARNING:pet.gui_stall_sampler:  [t-492ms] window.py:1705:switch_clip <- window.py:1687:_switch <- library.py:925:release_superseded_movies <- webm_clip.py:1136:cleanup <- webm_clip.py:1193:_reap_retired <- threading.py:1092:join
WARNING:pet.gui_stall_sampler:  [t-1ms] verify_multi.py:309:<module> <- verify_multi.py:245:main
WARNING:root:GUI 卡顿 559ms state=IDLE anim=余额-分文不剩 physics=None
WARNING:pet.gui_stall_sampler:GUI 冻结现场（559ms，12 个采样点，旧→新）：
WARNING:pet.gui_stall_sampler:  [t-605ms] verify_multi.py:309:<module> <- verify_multi.py:245:main
WARNING:pet.gui_stall_sampler:  [t-548ms] window.py:1705:switch_clip <- window.py:1669:_switch <- webm_clip.py:1630:start <- threading.py:979:start <- threading.py:659:wait <- threading.py:359:wait
WARNING:pet.gui_stall_sampler:  [t-492ms] window.py:1705:switch_clip <- window.py:1687:_switch <- library.py:925:release_superseded_movies <- webm_clip.py:1136:cleanup <- webm_clip.py:1193:_reap_retired <- threading.py:1092:join
WARNING:pet.gui_stall_sampler:  [t-1ms] verify_multi.py:309:<module> <- verify_multi.py:245:main
WARNING:root:GUI 卡顿 305ms state=IDLE anim=待机呼吸休闲 physics=None
WARNING:pet.gui_stall_sampler:GUI 冻结现场（305ms，2 个采样点，旧→新）：
WARNING:pet.gui_stall_sampler:  [t-332ms] webm_clip.py:2508:_poll <- webm_clip.py:2759:_process_frame <- window_optional_services.py:62:<lambda> <- verify_multi.py:93:observed_frame <- window.py:1917:_on_frame <- window.py:2124:_rebuild_frame
WARNING:pet.gui_stall_sampler:  [t-45ms] verify_multi.py:309:<module> <- verify_multi.py:245:main <- webm_clip.py:2508:_poll <- webm_clip.py:2733:_process_frame
WARNING:root:GUI 卡顿 309ms state=IDLE anim=东张西望 physics=None
WARNING:pet.gui_stall_sampler:GUI 冻结现场（309ms，2 个采样点，旧→新）：
WARNING:pet.gui_stall_sampler:  [t-333ms] webm_clip.py:2508:_poll <- webm_clip.py:2759:_process_frame <- window_optional_services.py:62:<lambda> <- verify_multi.py:93:observed_frame <- window.py:1917:_on_frame <- window.py:2124:_rebuild_frame
WARNING:pet.gui_stall_sampler:  [t-46ms] verify_multi.py:309:<module> <- verify_multi.py:245:main <- webm_clip.py:2508:_poll <- webm_clip.py:2733:_process_frame
WARNING:root:GUI 卡顿 310ms state=IDLE anim=余额-分文不剩 physics=None
WARNING:pet.gui_stall_sampler:GUI 冻结现场（310ms，2 个采样点，旧→新）：
WARNING:pet.gui_stall_sampler:  [t-333ms] webm_clip.py:2508:_poll <- webm_clip.py:2759:_process_frame <- window_optional_services.py:62:<lambda> <- verify_multi.py:93:observed_frame <- window.py:1917:_on_frame <- window.py:2124:_rebuild_frame
WARNING:pet.gui_stall_sampler:  [t-46ms] verify_multi.py:309:<module> <- verify_multi.py:245:main <- webm_clip.py:2508:_poll <- webm_clip.py:2733:_process_frame
WARNING:root:GUI 卡顿 152ms state=IDLE anim=待机呼吸休闲 physics=None
WARNING:pet.gui_stall_sampler:GUI 冻结现场（152ms，2 个采样点，旧→新）：
WARNING:pet.gui_stall_sampler:  [t-185ms] webm_clip.py:2759:_process_frame <- window_optional_services.py:62:<lambda> <- verify_multi.py:93:observed_frame <- window.py:1917:_on_frame <- window.py:2068:_rebuild_frame <- window.py:1990:_frame_signature
WARNING:pet.gui_stall_sampler:  [t-19ms] verify_multi.py:309:<module> <- verify_multi.py:245:main <- webm_clip.py:2508:_poll <- webm_clip.py:2733:_process_frame
WARNING:root:GUI 卡顿 153ms state=IDLE anim=东张西望 physics=None
WARNING:pet.gui_stall_sampler:GUI 冻结现场（153ms，2 个采样点，旧→新）：
WARNING:pet.gui_stall_sampler:  [t-186ms] webm_clip.py:2759:_process_frame <- window_optional_services.py:62:<lambda> <- verify_multi.py:93:observed_frame <- window.py:1917:_on_frame <- window.py:2068:_rebuild_frame <- window.py:1990:_frame_signature
WARNING:pet.gui_stall_sampler:  [t-20ms] verify_multi.py:309:<module> <- verify_multi.py:245:main <- webm_clip.py:2508:_poll <- webm_clip.py:2733:_process_frame
WARNING:root:GUI 卡顿 153ms state=IDLE anim=余额-分文不剩 physics=None
WARNING:pet.gui_stall_sampler:GUI 冻结现场（153ms，2 个采样点，旧→新）：
WARNING:pet.gui_stall_sampler:  [t-186ms] webm_clip.py:2759:_process_frame <- window_optional_services.py:62:<lambda> <- verify_multi.py:93:observed_frame <- window.py:1917:_on_frame <- window.py:2068:_rebuild_frame <- window.py:1990:_frame_signature
WARNING:pet.gui_stall_sampler:  [t-20ms] verify_multi.py:309:<module> <- verify_multi.py:245:main <- webm_clip.py:2508:_poll <- webm_clip.py:2733:_process_frame
WARNING:root:GUI 卡顿 106ms state=IDLE anim=待机呼吸休闲 physics=None
WARNING:pet.gui_stall_sampler:GUI 冻结现场（106ms，2 个采样点，旧→新）：
WARNING:pet.gui_stall_sampler:  [t-139ms] verify_multi.py:309:<module> <- verify_multi.py:245:main <- webm_clip.py:2508:_poll <- webm_clip.py:2733:_process_frame
WARNING:pet.gui_stall_sampler:  [t-82ms] verify_multi.py:309:<module> <- verify_multi.py:245:main
WARNING:root:GUI 卡顿 114ms state=IDLE anim=东张西望 physics=None
WARNING:pet.gui_stall_sampler:GUI 冻结现场（114ms，2 个采样点，旧→新）：
WARNING:pet.gui_stall_sampler:  [t-139ms] verify_multi.py:309:<module> <- verify_multi.py:245:main <- webm_clip.py:2508:_poll <- webm_clip.py:2733:_process_frame
WARNING:pet.gui_stall_sampler:  [t-83ms] verify_multi.py:309:<module> <- verify_multi.py:245:main
WARNING:root:GUI 卡顿 114ms state=IDLE anim=余额-分文不剩 physics=None
WARNING:pet.gui_stall_sampler:GUI 冻结现场（114ms，2 个采样点，旧→新）：
WARNING:pet.gui_stall_sampler:  [t-139ms] verify_multi.py:309:<module> <- verify_multi.py:245:main <- webm_clip.py:2508:_poll <- webm_clip.py:2733:_process_frame
WARNING:pet.gui_stall_sampler:  [t-83ms] verify_multi.py:309:<module> <- verify_multi.py:245:main
WARNING:root:GUI 卡顿 124ms state=IDLE anim=待机呼吸休闲 physics=None
WARNING:pet.gui_stall_sampler:GUI 冻结现场（124ms，3 个采样点，旧→新）：
WARNING:pet.gui_stall_sampler:  [t-140ms] verify_multi.py:309:<module> <- verify_multi.py:245:main
WARNING:pet.gui_stall_sampler:  [t-79ms] verify_multi.py:309:<module> <- verify_multi.py:245:main <- webm_clip.py:2508:_poll <- webm_clip.py:2733:_process_frame
WARNING:pet.gui_stall_sampler:  [t-6ms] verify_multi.py:309:<module> <- verify_multi.py:245:main
WARNING:root:GUI 卡顿 124ms state=IDLE anim=东张西望 physics=None
WARNING:pet.gui_stall_sampler:GUI 冻结现场（124ms，3 个采样点，旧→新）：
WARNING:pet.gui_stall_sampler:  [t-140ms] verify_multi.py:309:<module> <- verify_multi.py:245:main
WARNING:pet.gui_stall_sampler:  [t-79ms] verify_multi.py:309:<module> <- verify_multi.py:245:main <- webm_clip.py:2508:_poll <- webm_clip.py:2733:_process_frame
WARNING:pet.gui_stall_sampler:  [t-6ms] verify_multi.py:309:<module> <- verify_multi.py:245:main
WARNING:root:GUI 卡顿 124ms state=IDLE anim=余额-分文不剩 physics=None
WARNING:pet.gui_stall_sampler:GUI 冻结现场（124ms，3 个采样点，旧→新）：
WARNING:pet.gui_stall_sampler:  [t-140ms] verify_multi.py:309:<module> <- verify_multi.py:245:main
WARNING:pet.gui_stall_sampler:  [t-79ms] verify_multi.py:309:<module> <- verify_multi.py:245:main <- webm_clip.py:2508:_poll <- webm_clip.py:2733:_process_frame
WARNING:pet.gui_stall_sampler:  [t-6ms] verify_multi.py:309:<module> <- verify_multi.py:245:main
WARNING:root:GUI 卡顿 101ms state=IDLE anim=待机呼吸休闲 physics=None
WARNING:pet.gui_stall_sampler:GUI 冻结现场（101ms，2 个采样点，旧→新）：
WARNING:pet.gui_stall_sampler:  [t-140ms] verify_multi.py:309:<module> <- verify_multi.py:245:main
WARNING:pet.gui_stall_sampler:  [t-24ms] webm_clip.py:2508:_poll <- webm_clip.py:2759:_process_frame <- window_optional_services.py:62:<lambda> <- verify_multi.py:93:observed_frame <- window.py:1917:_on_frame <- window.py:2106:_rebuild_frame
WARNING:root:GUI 卡顿 105ms state=IDLE anim=东张西望 physics=None
WARNING:pet.gui_stall_sampler:GUI 冻结现场（105ms，2 个采样点，旧→新）：
WARNING:pet.gui_stall_sampler:  [t-141ms] verify_multi.py:309:<module> <- verify_multi.py:245:main
WARNING:pet.gui_stall_sampler:  [t-25ms] webm_clip.py:2508:_poll <- webm_clip.py:2759:_process_frame <- window_optional_services.py:62:<lambda> <- verify_multi.py:93:observed_frame <- window.py:1917:_on_frame <- window.py:2106:_rebuild_frame
WARNING:root:GUI 卡顿 105ms state=IDLE anim=余额-分文不剩 physics=None
WARNING:pet.gui_stall_sampler:GUI 冻结现场（105ms，2 个采样点，旧→新）：
WARNING:pet.gui_stall_sampler:  [t-141ms] verify_multi.py:309:<module> <- verify_multi.py:245:main
WARNING:pet.gui_stall_sampler:  [t-25ms] webm_clip.py:2508:_poll <- webm_clip.py:2759:_process_frame <- window_optional_services.py:62:<lambda> <- verify_multi.py:93:observed_frame <- window.py:1917:_on_frame <- window.py:2106:_rebuild_frame
WARNING:root:GUI 卡顿 535ms state=IDLE anim=待机呼吸休闲 physics=None
WARNING:pet.gui_stall_sampler:GUI 冻结现场（535ms，10 个采样点，旧→新）：
WARNING:pet.gui_stall_sampler:  [t-543ms] verify_multi.py:309:<module> <- verify_multi.py:245:main
WARNING:pet.gui_stall_sampler:  [t-487ms] window.py:1705:switch_clip <- window.py:1687:_switch <- library.py:925:release_superseded_movies <- webm_clip.py:1136:cleanup <- webm_clip.py:1193:_reap_retired <- threading.py:1092:join
WARNING:root:GUI 卡顿 536ms state=IDLE anim=东张西望 physics=None
WARNING:pet.gui_stall_sampler:GUI 冻结现场（536ms，10 个采样点，旧→新）：
WARNING:pet.gui_stall_sampler:  [t-543ms] verify_multi.py:309:<module> <- verify_multi.py:245:main
WARNING:pet.gui_stall_sampler:  [t-487ms] window.py:1705:switch_clip <- window.py:1687:_switch <- library.py:925:release_superseded_movies <- webm_clip.py:1136:cleanup <- webm_clip.py:1193:_reap_retired <- threading.py:1092:join
WARNING:root:GUI 卡顿 536ms state=IDLE anim=余额-分文不剩 physics=None
WARNING:pet.gui_stall_sampler:GUI 冻结现场（536ms，10 个采样点，旧→新）：
WARNING:pet.gui_stall_sampler:  [t-543ms] verify_multi.py:309:<module> <- verify_multi.py:245:main
WARNING:pet.gui_stall_sampler:  [t-487ms] window.py:1705:switch_clip <- window.py:1687:_switch <- library.py:925:release_superseded_movies <- webm_clip.py:1136:cleanup <- webm_clip.py:1193:_reap_retired <- threading.py:1092:join
WARNING:root:GUI 卡顿 534ms state=IDLE anim=待机呼吸休闲 physics=None
WARNING:pet.gui_stall_sampler:GUI 冻结现场（534ms，11 个采样点，旧→新）：
WARNING:pet.gui_stall_sampler:  [t-578ms] verify_multi.py:309:<module> <- verify_multi.py:245:main
WARNING:pet.gui_stall_sampler:  [t-505ms] window.py:1705:switch_clip <- window.py:1687:_switch <- library.py:925:release_superseded_movies <- webm_clip.py:1136:cleanup <- webm_clip.py:1193:_reap_retired <- threading.py:1092:join
WARNING:pet.gui_stall_sampler:  [t-26ms] window.py:1705:switch_clip <- window.py:1687:_switch <- library.py:925:release_superseded_movies <- webm_clip.py:1140:cleanup <- webm_clip.py:1161:_retire_grace_wait <- threading.py:1092:join
WARNING:root:GUI 卡顿 535ms state=IDLE anim=东张西望 physics=None
WARNING:pet.gui_stall_sampler:GUI 冻结现场（535ms，11 个采样点，旧→新）：
WARNING:pet.gui_stall_sampler:  [t-579ms] verify_multi.py:309:<module> <- verify_multi.py:245:main
WARNING:pet.gui_stall_sampler:  [t-505ms] window.py:1705:switch_clip <- window.py:1687:_switch <- library.py:925:release_superseded_movies <- webm_clip.py:1136:cleanup <- webm_clip.py:1193:_reap_retired <- threading.py:1092:join
WARNING:pet.gui_stall_sampler:  [t-26ms] window.py:1705:switch_clip <- window.py:1687:_switch <- library.py:925:release_superseded_movies <- webm_clip.py:1140:cleanup <- webm_clip.py:1161:_retire_grace_wait <- threading.py:1092:join
WARNING:root:GUI 卡顿 535ms state=IDLE anim=余额-分文不剩 physics=None
WARNING:pet.gui_stall_sampler:GUI 冻结现场（535ms，11 个采样点，旧→新）：
WARNING:pet.gui_stall_sampler:  [t-579ms] verify_multi.py:309:<module> <- verify_multi.py:245:main
WARNING:pet.gui_stall_sampler:  [t-505ms] window.py:1705:switch_clip <- window.py:1687:_switch <- library.py:925:release_superseded_movies <- webm_clip.py:1136:cleanup <- webm_clip.py:1193:_reap_retired <- threading.py:1092:join
WARNING:pet.gui_stall_sampler:  [t-26ms] window.py:1705:switch_clip <- window.py:1687:_switch <- library.py:925:release_superseded_movies <- webm_clip.py:1140:cleanup <- webm_clip.py:1161:_retire_grace_wait <- threading.py:1092:join
WARNING:root:GUI 卡顿 103ms state=IDLE anim=待机呼吸休闲 physics=None
WARNING:pet.gui_stall_sampler:GUI 冻结现场（103ms，2 个采样点，旧→新）：
WARNING:pet.gui_stall_sampler:  [t-125ms] window_optional_services.py:62:<lambda> <- verify_multi.py:93:observed_frame <- window.py:1917:_on_frame <- window.py:2124:_rebuild_frame <- window.py:2270:_sync_mask <- window_optional_services.py:42:effects_coverage
WARNING:pet.gui_stall_sampler:  [t-31ms] verify_multi.py:309:<module> <- verify_multi.py:245:main <- window.py:2464:paintEvent
WARNING:root:GUI 卡顿 104ms state=IDLE anim=东张西望 physics=None
WARNING:pet.gui_stall_sampler:GUI 冻结现场（104ms，2 个采样点，旧→新）：
WARNING:pet.gui_stall_sampler:  [t-125ms] window_optional_services.py:62:<lambda> <- verify_multi.py:93:observed_frame <- window.py:1917:_on_frame <- window.py:2124:_rebuild_frame <- window.py:2270:_sync_mask <- window_optional_services.py:42:effects_coverage
WARNING:pet.gui_stall_sampler:  [t-32ms] verify_multi.py:309:<module> <- verify_multi.py:245:main <- window.py:2464:paintEvent
WARNING:root:GUI 卡顿 105ms state=IDLE anim=余额-分文不剩 physics=None
WARNING:pet.gui_stall_sampler:GUI 冻结现场（105ms，2 个采样点，旧→新）：
WARNING:pet.gui_stall_sampler:  [t-125ms] window_optional_services.py:62:<lambda> <- verify_multi.py:93:observed_frame <- window.py:1917:_on_frame <- window.py:2124:_rebuild_frame <- window.py:2270:_sync_mask <- window_optional_services.py:42:effects_coverage
WARNING:pet.gui_stall_sampler:  [t-32ms] verify_multi.py:309:<module> <- verify_multi.py:245:main <- window.py:2464:paintEvent
WARNING:root:GUI 卡顿 564ms state=IDLE anim=待机呼吸休闲 physics=None
WARNING:pet.gui_stall_sampler:GUI 冻结现场（564ms，11 个采样点，旧→新）：
WARNING:pet.gui_stall_sampler:  [t-608ms] verify_multi.py:309:<module> <- verify_multi.py:245:main
WARNING:pet.gui_stall_sampler:  [t-546ms] webm_clip.py:2759:_process_frame <- window_optional_services.py:62:<lambda> <- verify_multi.py:93:observed_frame <- window.py:1917:_on_frame <- window.py:2068:_rebuild_frame <- window.py:1990:_frame_signature
WARNING:pet.gui_stall_sampler:  [t-495ms] window.py:1705:switch_clip <- window.py:1687:_switch <- library.py:925:release_superseded_movies <- webm_clip.py:1136:cleanup <- webm_clip.py:1193:_reap_retired <- threading.py:1092:join
WARNING:root:GUI 卡顿 565ms state=IDLE anim=东张西望 physics=None
WARNING:pet.gui_stall_sampler:GUI 冻结现场（565ms，11 个采样点，旧→新）：
WARNING:pet.gui_stall_sampler:  [t-609ms] verify_multi.py:309:<module> <- verify_multi.py:245:main
WARNING:pet.gui_stall_sampler:  [t-546ms] webm_clip.py:2759:_process_frame <- window_optional_services.py:62:<lambda> <- verify_multi.py:93:observed_frame <- window.py:1917:_on_frame <- window.py:2068:_rebuild_frame <- window.py:1990:_frame_signature
WARNING:pet.gui_stall_sampler:  [t-495ms] window.py:1705:switch_clip <- window.py:1687:_switch <- library.py:925:release_superseded_movies <- webm_clip.py:1136:cleanup <- webm_clip.py:1193:_reap_retired <- threading.py:1092:join
WARNING:root:GUI 卡顿 565ms state=IDLE anim=余额-分文不剩 physics=None
WARNING:pet.gui_stall_sampler:GUI 冻结现场（565ms，11 个采样点，旧→新）：
WARNING:pet.gui_stall_sampler:  [t-609ms] verify_multi.py:309:<module> <- verify_multi.py:245:main
WARNING:pet.gui_stall_sampler:  [t-546ms] webm_clip.py:2759:_process_frame <- window_optional_services.py:62:<lambda> <- verify_multi.py:93:observed_frame <- window.py:1917:_on_frame <- window.py:2068:_rebuild_frame <- window.py:1990:_frame_signature
WARNING:pet.gui_stall_sampler:  [t-495ms] window.py:1705:switch_clip <- window.py:1687:_switch <- library.py:925:release_superseded_movies <- webm_clip.py:1136:cleanup <- webm_clip.py:1193:_reap_retired <- threading.py:1092:join
WARNING:root:GUI 卡顿 136ms state=IDLE anim=待机呼吸休闲 physics=None
WARNING:pet.gui_stall_sampler:GUI 冻结现场（136ms，3 个采样点，旧→新）：
WARNING:pet.gui_stall_sampler:  [t-180ms] window.py:1705:switch_clip <- window.py:1687:_switch <- library.py:925:release_superseded_movies <- webm_clip.py:1136:cleanup <- webm_clip.py:1193:_reap_retired <- threading.py:1092:join
WARNING:pet.gui_stall_sampler:  [t-83ms] webm_clip.py:2508:_poll <- webm_clip.py:2759:_process_frame <- window_optional_services.py:62:<lambda> <- verify_multi.py:93:observed_frame <- window.py:1919:_on_frame <- window.py:2126:_rebuild_frame
WARNING:pet.gui_stall_sampler:  [t-28ms] verify_multi.py:309:<module> <- verify_multi.py:245:main
WARNING:root:GUI 卡顿 135ms state=IDLE anim=东张西望 physics=None
WARNING:pet.gui_stall_sampler:GUI 冻结现场（135ms，3 个采样点，旧→新）：
WARNING:pet.gui_stall_sampler:  [t-180ms] window.py:1705:switch_clip <- window.py:1687:_switch <- library.py:925:release_superseded_movies <- webm_clip.py:1136:cleanup <- webm_clip.py:1193:_reap_retired <- threading.py:1092:join
WARNING:pet.gui_stall_sampler:  [t-84ms] webm_clip.py:2508:_poll <- webm_clip.py:2759:_process_frame <- window_optional_services.py:62:<lambda> <- verify_multi.py:93:observed_frame <- window.py:1919:_on_frame <- window.py:2126:_rebuild_frame
WARNING:pet.gui_stall_sampler:  [t-28ms] verify_multi.py:309:<module> <- verify_multi.py:245:main
WARNING:root:GUI 卡顿 135ms state=IDLE anim=余额-分文不剩 physics=None
WARNING:pet.gui_stall_sampler:GUI 冻结现场（135ms，3 个采样点，旧→新）：
WARNING:pet.gui_stall_sampler:  [t-180ms] window.py:1705:switch_clip <- window.py:1687:_switch <- library.py:925:release_superseded_movies <- webm_clip.py:1136:cleanup <- webm_clip.py:1193:_reap_retired <- threading.py:1092:join
WARNING:pet.gui_stall_sampler:  [t-84ms] webm_clip.py:2508:_poll <- webm_clip.py:2759:_process_frame <- window_optional_services.py:62:<lambda> <- verify_multi.py:93:observed_frame <- window.py:1919:_on_frame <- window.py:2126:_rebuild_frame
WARNING:pet.gui_stall_sampler:  [t-28ms] verify_multi.py:309:<module> <- verify_multi.py:245:main
WARNING:root:GUI 卡顿 107ms state=IDLE anim=待机呼吸休闲 physics=None
WARNING:pet.gui_stall_sampler:GUI 冻结现场（107ms，1 个采样点，旧→新）：
WARNING:pet.gui_stall_sampler:  [t-21ms] verify_multi.py:309:<module> <- verify_multi.py:245:main <- webm_clip.py:2508:_poll <- webm_clip.py:2759:_process_frame
WARNING:root:GUI 卡顿 110ms state=IDLE anim=东张西望 physics=None
WARNING:pet.gui_stall_sampler:GUI 冻结现场（110ms，1 个采样点，旧→新）：
WARNING:pet.gui_stall_sampler:  [t-22ms] verify_multi.py:309:<module> <- verify_multi.py:245:main <- webm_clip.py:2508:_poll <- webm_clip.py:2759:_process_frame
WARNING:root:GUI 卡顿 110ms state=IDLE anim=余额-分文不剩 physics=None
WARNING:pet.gui_stall_sampler:GUI 冻结现场（110ms，1 个采样点，旧→新）：
WARNING:pet.gui_stall_sampler:  [t-22ms] verify_multi.py:309:<module> <- verify_multi.py:245:main <- webm_clip.py:2508:_poll <- webm_clip.py:2759:_process_frame
WARNING:root:GUI 卡顿 598ms state=IDLE anim=待机呼吸休闲 physics=None
WARNING:pet.gui_stall_sampler:GUI 冻结现场（598ms，12 个采样点，旧→新）：
WARNING:pet.gui_stall_sampler:  [t-639ms] webm_clip.py:2508:_poll <- webm_clip.py:2759:_process_frame <- window_optional_services.py:62:<lambda> <- verify_multi.py:93:observed_frame <- window.py:1917:_on_frame <- window.py:2124:_rebuild_frame
WARNING:pet.gui_stall_sampler:  [t-585ms] window.py:1705:switch_clip <- window.py:1669:_switch <- webm_clip.py:1630:start <- threading.py:979:start <- threading.py:659:wait <- threading.py:359:wait
WARNING:pet.gui_stall_sampler:  [t-529ms] window.py:1705:switch_clip <- window.py:1687:_switch <- library.py:925:release_superseded_movies <- webm_clip.py:1136:cleanup <- webm_clip.py:1193:_reap_retired <- threading.py:1092:join
WARNING:pet.gui_stall_sampler:  [t-25ms] webm_clip.py:2759:_process_frame <- window_optional_services.py:62:<lambda> <- verify_multi.py:93:observed_frame <- window.py:1919:_on_frame <- window.py:2126:_rebuild_frame <- window.py:2005:_frame_signature
WARNING:root:GUI 卡顿 600ms state=IDLE anim=东张西望 physics=None
WARNING:pet.gui_stall_sampler:GUI 冻结现场（600ms，12 个采样点，旧→新）：
WARNING:pet.gui_stall_sampler:  [t-639ms] webm_clip.py:2508:_poll <- webm_clip.py:2759:_process_frame <- window_optional_services.py:62:<lambda> <- verify_multi.py:93:observed_frame <- window.py:1917:_on_frame <- window.py:2124:_rebuild_frame
WARNING:pet.gui_stall_sampler:  [t-585ms] window.py:1705:switch_clip <- window.py:1669:_switch <- webm_clip.py:1630:start <- threading.py:979:start <- threading.py:659:wait <- threading.py:359:wait
WARNING:pet.gui_stall_sampler:  [t-530ms] window.py:1705:switch_clip <- window.py:1687:_switch <- library.py:925:release_superseded_movies <- webm_clip.py:1136:cleanup <- webm_clip.py:1193:_reap_retired <- threading.py:1092:join
WARNING:pet.gui_stall_sampler:  [t-25ms] webm_clip.py:2759:_process_frame <- window_optional_services.py:62:<lambda> <- verify_multi.py:93:observed_frame <- window.py:1919:_on_frame <- window.py:2126:_rebuild_frame <- window.py:2005:_frame_signature
WARNING:root:GUI 卡顿 600ms state=IDLE anim=余额-分文不剩 physics=None
WARNING:pet.gui_stall_sampler:GUI 冻结现场（600ms，12 个采样点，旧→新）：
WARNING:pet.gui_stall_sampler:  [t-639ms] webm_clip.py:2508:_poll <- webm_clip.py:2759:_process_frame <- window_optional_services.py:62:<lambda> <- verify_multi.py:93:observed_frame <- window.py:1917:_on_frame <- window.py:2124:_rebuild_frame
WARNING:pet.gui_stall_sampler:  [t-585ms] window.py:1705:switch_clip <- window.py:1669:_switch <- webm_clip.py:1630:start <- threading.py:979:start <- threading.py:659:wait <- threading.py:359:wait
WARNING:pet.gui_stall_sampler:  [t-530ms] window.py:1705:switch_clip <- window.py:1687:_switch <- library.py:925:release_superseded_movies <- webm_clip.py:1136:cleanup <- webm_clip.py:1193:_reap_retired <- threading.py:1092:join
WARNING:pet.gui_stall_sampler:  [t-25ms] webm_clip.py:2759:_process_frame <- window_optional_services.py:62:<lambda> <- verify_multi.py:93:observed_frame <- window.py:1919:_on_frame <- window.py:2126:_rebuild_frame <- window.py:2005:_frame_signature
WARNING:root:GUI 卡顿 130ms state=IDLE anim=待机呼吸休闲 physics=None
WARNING:pet.gui_stall_sampler:GUI 冻结现场（130ms，3 个采样点，旧→新）：
WARNING:pet.gui_stall_sampler:  [t-176ms] webm_clip.py:2508:_poll <- webm_clip.py:2759:_process_frame <- window_optional_services.py:62:<lambda> <- verify_multi.py:93:observed_frame <- window.py:1919:_on_frame <- window.py:2126:_rebuild_frame
WARNING:pet.gui_stall_sampler:  [t-92ms] webm_clip.py:2508:_poll <- webm_clip.py:2759:_process_frame <- window_optional_services.py:62:<lambda> <- verify_multi.py:93:observed_frame <- window.py:1917:_on_frame <- window.py:2099:_rebuild_frame
WARNING:pet.gui_stall_sampler:  [t-10ms] verify_multi.py:309:<module> <- verify_multi.py:245:main
WARNING:root:GUI 卡顿 132ms state=IDLE anim=东张西望 physics=None
WARNING:pet.gui_stall_sampler:GUI 冻结现场（132ms，3 个采样点，旧→新）：
WARNING:pet.gui_stall_sampler:  [t-176ms] webm_clip.py:2508:_poll <- webm_clip.py:2759:_process_frame <- window_optional_services.py:62:<lambda> <- verify_multi.py:93:observed_frame <- window.py:1919:_on_frame <- window.py:2126:_rebuild_frame
WARNING:pet.gui_stall_sampler:  [t-92ms] webm_clip.py:2508:_poll <- webm_clip.py:2759:_process_frame <- window_optional_services.py:62:<lambda> <- verify_multi.py:93:observed_frame <- window.py:1917:_on_frame <- window.py:2099:_rebuild_frame
WARNING:pet.gui_stall_sampler:  [t-10ms] verify_multi.py:309:<module> <- verify_multi.py:245:main
WARNING:root:GUI 卡顿 132ms state=IDLE anim=余额-分文不剩 physics=None
WARNING:pet.gui_stall_sampler:GUI 冻结现场（132ms，3 个采样点，旧→新）：
WARNING:pet.gui_stall_sampler:  [t-176ms] webm_clip.py:2508:_poll <- webm_clip.py:2759:_process_frame <- window_optional_services.py:62:<lambda> <- verify_multi.py:93:observed_frame <- window.py:1919:_on_frame <- window.py:2126:_rebuild_frame
WARNING:pet.gui_stall_sampler:  [t-93ms] webm_clip.py:2508:_poll <- webm_clip.py:2759:_process_frame <- window_optional_services.py:62:<lambda> <- verify_multi.py:93:observed_frame <- window.py:1917:_on_frame <- window.py:2099:_rebuild_frame
WARNING:pet.gui_stall_sampler:  [t-10ms] verify_multi.py:309:<module> <- verify_multi.py:245:main
WARNING:root:GUI 卡顿 102ms state=IDLE anim=待机呼吸休闲 physics=None
WARNING:pet.gui_stall_sampler:GUI 冻结现场（102ms，2 个采样点，旧→新）：
WARNING:pet.gui_stall_sampler:  [t-129ms] verify_multi.py:309:<module> <- verify_multi.py:245:main
WARNING:pet.gui_stall_sampler:  [t-34ms] verify_multi.py:309:<module> <- verify_multi.py:245:main <- webm_clip.py:2508:_poll <- webm_clip.py:2733:_process_frame
WARNING:root:GUI 卡顿 102ms state=IDLE anim=东张西望 physics=None
WARNING:pet.gui_stall_sampler:GUI 冻结现场（102ms，2 个采样点，旧→新）：
WARNING:pet.gui_stall_sampler:  [t-130ms] verify_multi.py:309:<module> <- verify_multi.py:245:main
WARNING:pet.gui_stall_sampler:  [t-35ms] verify_multi.py:309:<module> <- verify_multi.py:245:main <- webm_clip.py:2508:_poll <- webm_clip.py:2733:_process_frame
WARNING:root:GUI 卡顿 102ms state=IDLE anim=余额-分文不剩 physics=None
WARNING:pet.gui_stall_sampler:GUI 冻结现场（102ms，2 个采样点，旧→新）：
WARNING:pet.gui_stall_sampler:  [t-130ms] verify_multi.py:309:<module> <- verify_multi.py:245:main
WARNING:pet.gui_stall_sampler:  [t-35ms] verify_multi.py:309:<module> <- verify_multi.py:245:main <- webm_clip.py:2508:_poll <- webm_clip.py:2733:_process_frame
WARNING:root:GUI 卡顿 115ms state=IDLE anim=待机呼吸休闲 physics=None
WARNING:pet.gui_stall_sampler:GUI 冻结现场（115ms，2 个采样点，旧→新）：
WARNING:pet.gui_stall_sampler:  [t-123ms] verify_multi.py:309:<module> <- verify_multi.py:245:main
WARNING:pet.gui_stall_sampler:  [t-38ms] webm_clip.py:2508:_poll <- webm_clip.py:2759:_process_frame <- window_optional_services.py:62:<lambda> <- verify_multi.py:93:observed_frame <- window.py:1917:_on_frame <- window.py:2106:_rebuild_frame
WARNING:root:GUI 卡顿 117ms state=IDLE anim=东张西望 physics=None
WARNING:pet.gui_stall_sampler:GUI 冻结现场（117ms，2 个采样点，旧→新）：
WARNING:pet.gui_stall_sampler:  [t-123ms] verify_multi.py:309:<module> <- verify_multi.py:245:main
WARNING:pet.gui_stall_sampler:  [t-38ms] webm_clip.py:2508:_poll <- webm_clip.py:2759:_process_frame <- window_optional_services.py:62:<lambda> <- verify_multi.py:93:observed_frame <- window.py:1917:_on_frame <- window.py:2106:_rebuild_frame
WARNING:root:GUI 卡顿 117ms state=IDLE anim=余额-分文不剩 physics=None
WARNING:pet.gui_stall_sampler:GUI 冻结现场（117ms，2 个采样点，旧→新）：
WARNING:pet.gui_stall_sampler:  [t-123ms] verify_multi.py:309:<module> <- verify_multi.py:245:main
WARNING:pet.gui_stall_sampler:  [t-39ms] webm_clip.py:2508:_poll <- webm_clip.py:2759:_process_frame <- window_optional_services.py:62:<lambda> <- verify_multi.py:93:observed_frame <- window.py:1917:_on_frame <- window.py:2106:_rebuild_frame
WARNING:root:GUI 卡顿 118ms state=IDLE anim=待机呼吸休闲 physics=None
WARNING:pet.gui_stall_sampler:GUI 冻结现场（118ms，2 个采样点，旧→新）：
WARNING:pet.gui_stall_sampler:  [t-132ms] verify_multi.py:309:<module> <- verify_multi.py:245:main
WARNING:pet.gui_stall_sampler:  [t-25ms] webm_clip.py:2508:_poll <- webm_clip.py:2759:_process_frame <- window_optional_services.py:62:<lambda> <- verify_multi.py:93:observed_frame <- window.py:1917:_on_frame <- window.py:2124:_rebuild_frame
WARNING:root:GUI 卡顿 128ms state=IDLE anim=东张西望 physics=None
WARNING:pet.gui_stall_sampler:GUI 冻结现场（128ms，2 个采样点，旧→新）：
WARNING:pet.gui_stall_sampler:  [t-135ms] verify_multi.py:309:<module> <- verify_multi.py:245:main
WARNING:pet.gui_stall_sampler:  [t-27ms] webm_clip.py:2508:_poll <- webm_clip.py:2759:_process_frame <- window_optional_services.py:62:<lambda> <- verify_multi.py:93:observed_frame <- window.py:1917:_on_frame <- window.py:2124:_rebuild_frame
WARNING:root:GUI 卡顿 128ms state=IDLE anim=余额-分文不剩 physics=None
WARNING:pet.gui_stall_sampler:GUI 冻结现场（128ms，2 个采样点，旧→新）：
WARNING:pet.gui_stall_sampler:  [t-135ms] verify_multi.py:309:<module> <- verify_multi.py:245:main
WARNING:pet.gui_stall_sampler:  [t-27ms] webm_clip.py:2508:_poll <- webm_clip.py:2759:_process_frame <- window_optional_services.py:62:<lambda> <- verify_multi.py:93:observed_frame <- window.py:1917:_on_frame <- window.py:2124:_rebuild_frame
WARNING:root:GUI 卡顿 118ms state=IDLE anim=待机呼吸休闲 physics=None
WARNING:pet.gui_stall_sampler:GUI 冻结现场（118ms，1 个采样点，旧→新）：
WARNING:pet.gui_stall_sampler:  [t-0ms] webm_clip.py:2508:_poll <- webm_clip.py:2759:_process_frame <- window_optional_services.py:62:<lambda> <- verify_multi.py:93:observed_frame <- window.py:1917:_on_frame <- window.py:2099:_rebuild_frame
WARNING:root:GUI 卡顿 120ms state=IDLE anim=东张西望 physics=None
WARNING:pet.gui_stall_sampler:GUI 冻结现场（120ms，1 个采样点，旧→新）：
WARNING:pet.gui_stall_sampler:  [t-1ms] webm_clip.py:2508:_poll <- webm_clip.py:2759:_process_frame <- window_optional_services.py:62:<lambda> <- verify_multi.py:93:observed_frame <- window.py:1917:_on_frame <- window.py:2099:_rebuild_frame
WARNING:root:GUI 卡顿 120ms state=IDLE anim=余额-分文不剩 physics=None
WARNING:pet.gui_stall_sampler:GUI 冻结现场（120ms，1 个采样点，旧→新）：
WARNING:pet.gui_stall_sampler:  [t-1ms] webm_clip.py:2508:_poll <- webm_clip.py:2759:_process_frame <- window_optional_services.py:62:<lambda> <- verify_multi.py:93:observed_frame <- window.py:1917:_on_frame <- window.py:2099:_rebuild_frame
WARNING:root:GUI 卡顿 101ms state=IDLE anim=待机呼吸休闲 physics=None
WARNING:pet.gui_stall_sampler:GUI 冻结现场（101ms，2 个采样点，旧→新）：
WARNING:pet.gui_stall_sampler:  [t-141ms] webm_clip.py:2508:_poll <- webm_clip.py:2759:_process_frame <- window_optional_services.py:62:<lambda> <- verify_multi.py:93:observed_frame <- window.py:1917:_on_frame <- window.py:2099:_rebuild_frame
WARNING:pet.gui_stall_sampler:  [t-36ms] verify_multi.py:309:<module> <- verify_multi.py:245:main
WARNING:root:GUI 卡顿 102ms state=IDLE anim=东张西望 physics=None
WARNING:pet.gui_stall_sampler:GUI 冻结现场（102ms，2 个采样点，旧→新）：
WARNING:pet.gui_stall_sampler:  [t-142ms] webm_clip.py:2508:_poll <- webm_clip.py:2759:_process_frame <- window_optional_services.py:62:<lambda> <- verify_multi.py:93:observed_frame <- window.py:1917:_on_frame <- window.py:2099:_rebuild_frame
WARNING:pet.gui_stall_sampler:  [t-36ms] verify_multi.py:309:<module> <- verify_multi.py:245:main
WARNING:root:GUI 卡顿 102ms state=IDLE anim=余额-分文不剩 physics=None
WARNING:pet.gui_stall_sampler:GUI 冻结现场（102ms，2 个采样点，旧→新）：
WARNING:pet.gui_stall_sampler:  [t-142ms] webm_clip.py:2508:_poll <- webm_clip.py:2759:_process_frame <- window_optional_services.py:62:<lambda> <- verify_multi.py:93:observed_frame <- window.py:1917:_on_frame <- window.py:2099:_rebuild_frame
WARNING:pet.gui_stall_sampler:  [t-36ms] verify_multi.py:309:<module> <- verify_multi.py:245:main
Traceback (most recent call last):
  File "/Users/ray/Library/Caches/seeky8-candidate/pet/webm_clip.py", line 2508, in _poll
    self._process_frame(item)
    ~~~~~~~~~~~~~~~~~~~^^^^^^
  File "/Users/ray/Library/Caches/seeky8-candidate/pet/webm_clip.py", line 2732, in _process_frame
    self._current_image = img.copy()
                          ~~~~~~~~^^
KeyboardInterrupt
{'max_first_frame_decoders': 1, 'steady_mib': 1300.1601181030273, 'peak_mib': 1772.347801208496, 'growth_mib': 694.3285369873047, 'playback': {0: {'fps': 11.961516452348189, 'forward_gaps': 0, 'frames': 626, 'ten_second_bins': [{'start': 0, 'fps': 18.23819077147547, 'frames': 161}, {'start': 10, 'fps': 18.41268563609289, 'frames': 184}, {'start': 20, 'fps': 22.492669799574244, 'frames': 225}, {'start': 30, 'fps': 18.4798328780331, 'frames': 185}, {'start': 40, 'fps': 7.952886696531936, 'frames': 80}, {'start': 50, 'fps': 7.0309361189232655, 'frames': 71}, {'start': 60, 'fps': 7.36113525063643, 'frames': 73}, {'start': 70, 'fps': 7.3886929163885995, 'frames': 32}, {'start': 80, 'fps': 0, 'frames': 0}, {'start': 90, 'fps': 0, 'frames': 0}, {'start': 100, 'fps': 0, 'frames': 0}, {'start': 110, 'fps': 0, 'frames': 0}, {'start': 120, 'fps': 0, 'frames': 0}, {'start': 130, 'fps': 0, 'frames': 0}, {'start': 140, 'fps': 0, 'frames': 0}, {'start': 150, 'fps': 0, 'frames': 0}, {'start': 160, 'fps': 0, 'frames': 0}, {'start': 170, 'fps': 0, 'frames': 0}, {'start': 180, 'fps': 0, 'frames': 0}, {'start': 190, 'fps': 0, 'frames': 0}, {'start': 200, 'fps': 0, 'frames': 0}, {'start': 210, 'fps': 0, 'frames': 0}, {'start': 220, 'fps': 0, 'frames': 0}, {'start': 230, 'fps': 0, 'frames': 0}, {'start': 240, 'fps': 0, 'frames': 0}, {'start': 250, 'fps': 0, 'frames': 0}, {'start': 260, 'fps': 0, 'frames': 0}, {'start': 270, 'fps': 0, 'frames': 0}, {'start': 280, 'fps': 0, 'frames': 0}, {'start': 290, 'fps': 0, 'frames': 0}, {'start': 300, 'fps': 0, 'frames': 0}, {'start': 310, 'fps': 0, 'frames': 0}, {'start': 320, 'fps': 0, 'frames': 0}, {'start': 330, 'fps': 0, 'frames': 0}, {'start': 340, 'fps': 0, 'frames': 0}, {'start': 350, 'fps': 0, 'frames': 0}, {'start': 360, 'fps': 0, 'frames': 0}, {'start': 370, 'fps': 0, 'frames': 0}, {'start': 380, 'fps': 0, 'frames': 0}, {'start': 390, 'fps': 0, 'frames': 0}, {'start': 400, 'fps': 0, 'frames': 0}, {'start': 410, 'fps': 0, 'frames': 0}, {'start': 420, 'fps': 0, 'frames': 0}, {'start': 430, 'fps': 0, 'frames': 0}, {'start': 440, 'fps': 0, 'frames': 0}, {'start': 450, 'fps': 0, 'frames': 0}, {'start': 460, 'fps': 0, 'frames': 0}, {'start': 470, 'fps': 0, 'frames': 0}, {'start': 480, 'fps': 0, 'frames': 0}, {'start': 490, 'fps': 0, 'frames': 0}, {'start': 500, 'fps': 0, 'frames': 0}, {'start': 510, 'fps': 0, 'frames': 0}, {'start': 520, 'fps': 0, 'frames': 0}, {'start': 530, 'fps': 0, 'frames': 0}, {'start': 540, 'fps': 0, 'frames': 0}, {'start': 550, 'fps': 0, 'frames': 0}, {'start': 560, 'fps': 0, 'frames': 0}, {'start': 570, 'fps': 0, 'frames': 0}, {'start': 580, 'fps': 0, 'frames': 0}, {'start': 590, 'fps': 0, 'frames': 0}, {'start': 600, 'fps': 0, 'frames': 0}, {'start': 610, 'fps': 0, 'frames': 0}]}, 1: {'fps': 16.98289772136495, 'forward_gaps': 0, 'frames': 883, 'ten_second_bins': [{'start': 0, 'fps': 22.369824827064047, 'frames': 196}, {'start': 10, 'fps': 21.073546677905888, 'frames': 211}, {'start': 20, 'fps': 22.461544632292483, 'frames': 225}, {'start': 30, 'fps': 21.24296515549648, 'frames': 212}, {'start': 40, 'fps': 21.452343718673564, 'frames': 215}, {'start': 50, 'fps': 16.75092584183493, 'frames': 167}, {'start': 60, 'fps': 7.411844737082576, 'frames': 74}, {'start': 70, 'fps': 7.630287153139879, 'frames': 31}, {'start': 80, 'fps': 0, 'frames': 0}, {'start': 90, 'fps': 0, 'frames': 0}, {'start': 100, 'fps': 0, 'frames': 0}, {'start': 110, 'fps': 0, 'frames': 0}, {'start': 120, 'fps': 0, 'frames': 0}, {'start': 130, 'fps': 0, 'frames': 0}, {'start': 140, 'fps': 0, 'frames': 0}, {'start': 150, 'fps': 0, 'frames': 0}, {'start': 160, 'fps': 0, 'frames': 0}, {'start': 170, 'fps': 0, 'frames': 0}, {'start': 180, 'fps': 0, 'frames': 0}, {'start': 190, 'fps': 0, 'frames': 0}, {'start': 200, 'fps': 0, 'frames': 0}, {'start': 210, 'fps': 0, 'frames': 0}, {'start': 220, 'fps': 0, 'frames': 0}, {'start': 230, 'fps': 0, 'frames': 0}, {'start': 240, 'fps': 0, 'frames': 0}, {'start': 250, 'fps': 0, 'frames': 0}, {'start': 260, 'fps': 0, 'frames': 0}, {'start': 270, 'fps': 0, 'frames': 0}, {'start': 280, 'fps': 0, 'frames': 0}, {'start': 290, 'fps': 0, 'frames': 0}, {'start': 300, 'fps': 0, 'frames': 0}, {'start': 310, 'fps': 0, 'frames': 0}, {'start': 320, 'fps': 0, 'frames': 0}, {'start': 330, 'fps': 0, 'frames': 0}, {'start': 340, 'fps': 0, 'frames': 0}, {'start': 350, 'fps': 0, 'frames': 0}, {'start': 360, 'fps': 0, 'frames': 0}, {'start': 370, 'fps': 0, 'frames': 0}, {'start': 380, 'fps': 0, 'frames': 0}, {'start': 390, 'fps': 0, 'frames': 0}, {'start': 400, 'fps': 0, 'frames': 0}, {'start': 410, 'fps': 0, 'frames': 0}, {'start': 420, 'fps': 0, 'frames': 0}, {'start': 430, 'fps': 0, 'frames': 0}, {'start': 440, 'fps': 0, 'frames': 0}, {'start': 450, 'fps': 0, 'frames': 0}, {'start': 460, 'fps': 0, 'frames': 0}, {'start': 470, 'fps': 0, 'frames': 0}, {'start': 480, 'fps': 0, 'frames': 0}, {'start': 490, 'fps': 0, 'frames': 0}, {'start': 500, 'fps': 0, 'frames': 0}, {'start': 510, 'fps': 0, 'frames': 0}, {'start': 520, 'fps': 0, 'frames': 0}, {'start': 530, 'fps': 0, 'frames': 0}, {'start': 540, 'fps': 0, 'frames': 0}, {'start': 550, 'fps': 0, 'frames': 0}, {'start': 560, 'fps': 0, 'frames': 0}, {'start': 570, 'fps': 0, 'frames': 0}, {'start': 580, 'fps': 0, 'frames': 0}, {'start': 590, 'fps': 0, 'frames': 0}, {'start': 600, 'fps': 0, 'frames': 0}, {'start': 610, 'fps': 0, 'frames': 0}]}, 2: {'fps': 11.470144851543553, 'forward_gaps': 0, 'frames': 596, 'ten_second_bins': [{'start': 0, 'fps': 18.13152328041098, 'frames': 157}, {'start': 10, 'fps': 16.261141893519635, 'frames': 163}, {'start': 20, 'fps': 12.040214315814817, 'frames': 121}, {'start': 30, 'fps': 18.328667244053253, 'frames': 183}, {'start': 40, 'fps': 14.279249836593095, 'frames': 143}, {'start': 50, 'fps': 6.923727001517115, 'frames': 69}, {'start': 60, 'fps': 7.4636650629872845, 'frames': 75}, {'start': 70, 'fps': 7.554201395009192, 'frames': 31}, {'start': 80, 'fps': 0, 'frames': 0}, {'start': 90, 'fps': 0, 'frames': 0}, {'start': 100, 'fps': 0, 'frames': 0}, {'start': 110, 'fps': 0, 'frames': 0}, {'start': 120, 'fps': 0, 'frames': 0}, {'start': 130, 'fps': 0, 'frames': 0}, {'start': 140, 'fps': 0, 'frames': 0}, {'start': 150, 'fps': 0, 'frames': 0}, {'start': 160, 'fps': 0, 'frames': 0}, {'start': 170, 'fps': 0, 'frames': 0}, {'start': 180, 'fps': 0, 'frames': 0}, {'start': 190, 'fps': 0, 'frames': 0}, {'start': 200, 'fps': 0, 'frames': 0}, {'start': 210, 'fps': 0, 'frames': 0}, {'start': 220, 'fps': 0, 'frames': 0}, {'start': 230, 'fps': 0, 'frames': 0}, {'start': 240, 'fps': 0, 'frames': 0}, {'start': 250, 'fps': 0, 'frames': 0}, {'start': 260, 'fps': 0, 'frames': 0}, {'start': 270, 'fps': 0, 'frames': 0}, {'start': 280, 'fps': 0, 'frames': 0}, {'start': 290, 'fps': 0, 'frames': 0}, {'start': 300, 'fps': 0, 'frames': 0}, {'start': 310, 'fps': 0, 'frames': 0}, {'start': 320, 'fps': 0, 'frames': 0}, {'start': 330, 'fps': 0, 'frames': 0}, {'start': 340, 'fps': 0, 'frames': 0}, {'start': 350, 'fps': 0, 'frames': 0}, {'start': 360, 'fps': 0, 'frames': 0}, {'start': 370, 'fps': 0, 'frames': 0}, {'start': 380, 'fps': 0, 'frames': 0}, {'start': 390, 'fps': 0, 'frames': 0}, {'start': 400, 'fps': 0, 'frames': 0}, {'start': 410, 'fps': 0, 'frames': 0}, {'start': 420, 'fps': 0, 'frames': 0}, {'start': 430, 'fps': 0, 'frames': 0}, {'start': 440, 'fps': 0, 'frames': 0}, {'start': 450, 'fps': 0, 'frames': 0}, {'start': 460, 'fps': 0, 'frames': 0}, {'start': 470, 'fps': 0, 'frames': 0}, {'start': 480, 'fps': 0, 'frames': 0}, {'start': 490, 'fps': 0, 'frames': 0}, {'start': 500, 'fps': 0, 'frames': 0}, {'start': 510, 'fps': 0, 'frames': 0}, {'start': 520, 'fps': 0, 'frames': 0}, {'start': 530, 'fps': 0, 'frames': 0}, {'start': 540, 'fps': 0, 'frames': 0}, {'start': 550, 'fps': 0, 'frames': 0}, {'start': 560, 'fps': 0, 'frames': 0}, {'start': 570, 'fps': 0, 'frames': 0}, {'start': 580, 'fps': 0, 'frames': 0}, {'start': 590, 'fps': 0, 'frames': 0}, {'start': 600, 'fps': 0, 'frames': 0}, {'start': 610, 'fps': 0, 'frames': 0}]}}, 'queue_drops': 0, 'duplicate_first_images': [], 'lifecycle': {}, 'shared_process_enabled': True, 'source_widths': [], 'actions': {0: '待机呼吸休闲', 1: '东张西望', 2: '余额-分文不剩'}, 'initial_decode_routes': {0: {'idle_eligible': True, 'broker_active': True, 'feed': False, 'publish': True, 'path': '/Users/ray/Library/Caches/seeky8-candidate/assets/characters_hq/shenshen/videos/idle/待机呼吸休闲.webm'}, 1: {'idle_eligible': False, 'broker_active': True, 'feed': False, 'publish': False, 'path': '/Users/ray/Library/Caches/seeky8-candidate/assets/characters/shenshen/videos/turn/东张西望.webm'}, 2: {'idle_eligible': False, 'broker_active': True, 'feed': False, 'publish': False, 'path': '/Users/ray/Library/Caches/seeky8-candidate/assets/characters_hq/shenshen/videos/events/balance/余额-分文不剩.webm'}}, 'live_ffmpeg_after_cleanup': []} ['', 'Child-only close/respawn did not preserve the other pets: {}', 'Pet 0: fps=11.96, skipped source frames=0', 'Pet 1: fps=16.98, skipped source frames=0', 'Pet 2: fps=11.47, skipped source frames=0']
