QSystemTrayIcon::setVisible: No Icon set
WARNING:root:GUI 卡顿 1191ms state=IDLE anim=待机呼吸休闲 physics=None
WARNING:pet.gui_stall_sampler:GUI 冻结现场（1191ms，10 个采样点，旧→新）：
WARNING:pet.gui_stall_sampler:  [t-1050ms] verify_multi.py:58:main <- app.py:1703:start <- app.py:1812:_create_ui_with_character_fallback <- app.py:572:_create_ui <- app.py:537:_build_window <- enum.py:695:__call__
WARNING:pet.gui_stall_sampler:  [t-836ms] verify_multi.py:58:main <- app.py:1703:start <- app.py:1812:_create_ui_with_character_fallback <- app.py:572:_create_ui <- app.py:537:_build_window <- file_eater.py:150:eventFilter
WARNING:pet.gui_stall_sampler:  [t-769ms] app.py:504:_build_window <- app.py:411:_create_library <- library.py:785:schedule_high_priority_warm <- threading.py:979:start <- threading.py:659:wait <- threading.py:359:wait
WARNING:pet.gui_stall_sampler:  [t-711ms] verify_multi.py:309:<module> <- verify_multi.py:114:main <- app.py:2627:spawn_pet <- app.py:2768:spawn_in_process_window <- app.py:537:_build_window <- file_eater.py:150:eventFilter
WARNING:pet.gui_stall_sampler:  [t-571ms] app.py:504:_build_window <- app.py:411:_create_library <- library.py:785:schedule_high_priority_warm <- threading.py:979:start <- threading.py:659:wait <- threading.py:359:wait
WARNING:pet.gui_stall_sampler:  [t-465ms] verify_multi.py:309:<module> <- verify_multi.py:114:main <- app.py:2627:spawn_pet <- app.py:2768:spawn_in_process_window <- app.py:537:_build_window <- file_eater.py:150:eventFilter
WARNING:pet.gui_stall_sampler:  [t-191ms] verify_multi.py:309:<module> <- verify_multi.py:245:main
WARNING:root:GUI 卡顿 776ms state=IDLE anim=东张西望 physics=None
WARNING:pet.gui_stall_sampler:GUI 冻结现场（776ms，8 个采样点，旧→新）：
WARNING:pet.gui_stall_sampler:  [t-774ms] app.py:504:_build_window <- app.py:411:_create_library <- library.py:785:schedule_high_priority_warm <- threading.py:979:start <- threading.py:659:wait <- threading.py:359:wait
WARNING:pet.gui_stall_sampler:  [t-716ms] verify_multi.py:309:<module> <- verify_multi.py:114:main <- app.py:2627:spawn_pet <- app.py:2768:spawn_in_process_window <- app.py:537:_build_window <- file_eater.py:150:eventFilter
WARNING:pet.gui_stall_sampler:  [t-576ms] app.py:504:_build_window <- app.py:411:_create_library <- library.py:785:schedule_high_priority_warm <- threading.py:979:start <- threading.py:659:wait <- threading.py:359:wait
WARNING:pet.gui_stall_sampler:  [t-470ms] verify_multi.py:309:<module> <- verify_multi.py:114:main <- app.py:2627:spawn_pet <- app.py:2768:spawn_in_process_window <- app.py:537:_build_window <- file_eater.py:150:eventFilter
WARNING:pet.gui_stall_sampler:  [t-196ms] verify_multi.py:309:<module> <- verify_multi.py:245:main
WARNING:root:GUI 卡顿 599ms state=IDLE anim=余额-分文不剩 physics=None
WARNING:pet.gui_stall_sampler:GUI 冻结现场（599ms，6 个采样点，旧→新）：
WARNING:pet.gui_stall_sampler:  [t-608ms] app.py:504:_build_window <- app.py:411:_create_library <- library.py:785:schedule_high_priority_warm <- threading.py:979:start <- threading.py:659:wait <- threading.py:359:wait
WARNING:pet.gui_stall_sampler:  [t-502ms] verify_multi.py:309:<module> <- verify_multi.py:114:main <- app.py:2627:spawn_pet <- app.py:2768:spawn_in_process_window <- app.py:537:_build_window <- file_eater.py:150:eventFilter
WARNING:pet.gui_stall_sampler:  [t-228ms] verify_multi.py:309:<module> <- verify_multi.py:245:main
WARNING:root:GUI 卡顿 421ms state=IDLE anim=待机呼吸休闲 physics=None
WARNING:pet.gui_stall_sampler:GUI 冻结现场（421ms，2 个采样点，旧→新）：
WARNING:pet.gui_stall_sampler:  [t-437ms] verify_multi.py:309:<module> <- verify_multi.py:245:main
WARNING:root:GUI 卡顿 430ms state=IDLE anim=东张西望 physics=None
WARNING:pet.gui_stall_sampler:GUI 冻结现场（430ms，2 个采样点，旧→新）：
WARNING:pet.gui_stall_sampler:  [t-457ms] verify_multi.py:309:<module> <- verify_multi.py:245:main
WARNING:root:GUI 卡顿 407ms state=IDLE anim=余额-分文不剩 physics=None
WARNING:pet.gui_stall_sampler:GUI 冻结现场（407ms，1 个采样点，旧→新）：
WARNING:pet.gui_stall_sampler:  [t-405ms] verify_multi.py:309:<module> <- verify_multi.py:245:main
WARNING:root:GUI 卡顿 569ms state=IDLE anim=待机呼吸休闲 physics=None
WARNING:pet.gui_stall_sampler:GUI 冻结现场（569ms，3 个采样点，旧→新）：
WARNING:pet.gui_stall_sampler:  [t-514ms] verify_multi.py:309:<module> <- verify_multi.py:245:main <- webm_clip.py:425:reap <- webm_clip.py:1193:_reap_retired <- threading.py:1092:join
WARNING:pet.gui_stall_sampler:  [t-286ms] verify_multi.py:309:<module> <- verify_multi.py:245:main
WARNING:root:GUI 卡顿 558ms state=IDLE anim=东张西望 physics=None
WARNING:pet.gui_stall_sampler:GUI 冻结现场（558ms，3 个采样点，旧→新）：
WARNING:pet.gui_stall_sampler:  [t-515ms] verify_multi.py:309:<module> <- verify_multi.py:245:main <- webm_clip.py:425:reap <- webm_clip.py:1193:_reap_retired <- threading.py:1092:join
WARNING:pet.gui_stall_sampler:  [t-286ms] verify_multi.py:309:<module> <- verify_multi.py:245:main
WARNING:root:GUI 卡顿 553ms state=IDLE anim=余额-分文不剩 physics=None
WARNING:pet.gui_stall_sampler:GUI 冻结现场（553ms，3 个采样点，旧→新）：
WARNING:pet.gui_stall_sampler:  [t-519ms] verify_multi.py:309:<module> <- verify_multi.py:245:main <- webm_clip.py:425:reap <- webm_clip.py:1193:_reap_retired <- threading.py:1092:join
WARNING:pet.gui_stall_sampler:  [t-291ms] verify_multi.py:309:<module> <- verify_multi.py:245:main
WARNING:root:GUI 卡顿 457ms state=IDLE anim=待机呼吸休闲 physics=None
WARNING:pet.gui_stall_sampler:GUI 冻结现场（457ms，2 个采样点，旧→新）：
WARNING:pet.gui_stall_sampler:  [t-295ms] window_optional_services.py:62:<lambda> <- verify_multi.py:93:observed_frame <- window.py:1917:_on_frame <- window.py:2068:_rebuild_frame <- window.py:1993:_frame_signature <- window.py:2034:_frame_content_fingerprint
WARNING:pet.gui_stall_sampler:  [t-0ms] verify_multi.py:309:<module> <- verify_multi.py:245:main
WARNING:root:GUI 卡顿 456ms state=IDLE anim=东张西望 physics=None
WARNING:pet.gui_stall_sampler:GUI 冻结现场（456ms，2 个采样点，旧→新）：
WARNING:pet.gui_stall_sampler:  [t-295ms] window_optional_services.py:62:<lambda> <- verify_multi.py:93:observed_frame <- window.py:1917:_on_frame <- window.py:2068:_rebuild_frame <- window.py:1993:_frame_signature <- window.py:2034:_frame_content_fingerprint
WARNING:pet.gui_stall_sampler:  [t-0ms] verify_multi.py:309:<module> <- verify_multi.py:245:main
WARNING:root:GUI 卡顿 452ms state=IDLE anim=余额-分文不剩 physics=None
WARNING:pet.gui_stall_sampler:GUI 冻结现场（452ms，2 个采样点，旧→新）：
WARNING:pet.gui_stall_sampler:  [t-296ms] window_optional_services.py:62:<lambda> <- verify_multi.py:93:observed_frame <- window.py:1917:_on_frame <- window.py:2068:_rebuild_frame <- window.py:1993:_frame_signature <- window.py:2034:_frame_content_fingerprint
WARNING:pet.gui_stall_sampler:  [t-1ms] verify_multi.py:309:<module> <- verify_multi.py:245:main
WARNING:root:GUI 卡顿 132ms state=IDLE anim=待机呼吸休闲 physics=None
WARNING:pet.gui_stall_sampler:GUI 冻结现场（132ms，2 个采样点，旧→新）：
WARNING:pet.gui_stall_sampler:  [t-97ms] verify_multi.py:309:<module> <- verify_multi.py:245:main <- webm_clip.py:2508:_poll <- webm_clip.py:2733:_process_frame
WARNING:pet.gui_stall_sampler:  [t-28ms] verify_multi.py:309:<module> <- verify_multi.py:245:main
WARNING:root:GUI 卡顿 135ms state=IDLE anim=东张西望 physics=None
WARNING:pet.gui_stall_sampler:GUI 冻结现场（135ms，2 个采样点，旧→新）：
WARNING:pet.gui_stall_sampler:  [t-97ms] verify_multi.py:309:<module> <- verify_multi.py:245:main <- webm_clip.py:2508:_poll <- webm_clip.py:2733:_process_frame
WARNING:pet.gui_stall_sampler:  [t-28ms] verify_multi.py:309:<module> <- verify_multi.py:245:main
WARNING:root:GUI 卡顿 135ms state=IDLE anim=余额-分文不剩 physics=None
WARNING:pet.gui_stall_sampler:GUI 冻结现场（135ms，2 个采样点，旧→新）：
WARNING:pet.gui_stall_sampler:  [t-98ms] verify_multi.py:309:<module> <- verify_multi.py:245:main <- webm_clip.py:2508:_poll <- webm_clip.py:2733:_process_frame
WARNING:pet.gui_stall_sampler:  [t-29ms] verify_multi.py:309:<module> <- verify_multi.py:245:main
WARNING:root:GUI 卡顿 122ms state=IDLE anim=待机呼吸休闲 physics=None
WARNING:pet.gui_stall_sampler:GUI 冻结现场（122ms，1 个采样点，旧→新）：
WARNING:pet.gui_stall_sampler:  [t-144ms] window_optional_services.py:62:<lambda> <- verify_multi.py:93:observed_frame <- window.py:1917:_on_frame <- window.py:2068:_rebuild_frame <- window.py:1993:_frame_signature <- window.py:2031:_frame_content_fingerprint
WARNING:root:GUI 卡顿 124ms state=IDLE anim=东张西望 physics=None
WARNING:pet.gui_stall_sampler:GUI 冻结现场（124ms，1 个采样点，旧→新）：
WARNING:pet.gui_stall_sampler:  [t-144ms] window_optional_services.py:62:<lambda> <- verify_multi.py:93:observed_frame <- window.py:1917:_on_frame <- window.py:2068:_rebuild_frame <- window.py:1993:_frame_signature <- window.py:2031:_frame_content_fingerprint
WARNING:root:GUI 卡顿 124ms state=IDLE anim=余额-分文不剩 physics=None
WARNING:pet.gui_stall_sampler:GUI 冻结现场（124ms，1 个采样点，旧→新）：
WARNING:pet.gui_stall_sampler:  [t-144ms] window_optional_services.py:62:<lambda> <- verify_multi.py:93:observed_frame <- window.py:1917:_on_frame <- window.py:2068:_rebuild_frame <- window.py:1993:_frame_signature <- window.py:2031:_frame_content_fingerprint
WARNING:root:GUI 卡顿 159ms state=IDLE anim=待机呼吸休闲 physics=None
WARNING:pet.gui_stall_sampler:GUI 冻结现场（159ms，3 个采样点，旧→新）：
WARNING:pet.gui_stall_sampler:  [t-185ms] verify_multi.py:309:<module> <- verify_multi.py:245:main
WARNING:pet.gui_stall_sampler:  [t-76ms] verify_multi.py:309:<module> <- verify_multi.py:245:main <- webm_clip.py:2508:_poll <- webm_clip.py:2733:_process_frame
WARNING:pet.gui_stall_sampler:  [t-14ms] verify_multi.py:309:<module> <- verify_multi.py:245:main
WARNING:root:GUI 卡顿 163ms state=IDLE anim=东张西望 physics=None
WARNING:pet.gui_stall_sampler:GUI 冻结现场（163ms，3 个采样点，旧→新）：
WARNING:pet.gui_stall_sampler:  [t-185ms] verify_multi.py:309:<module> <- verify_multi.py:245:main
WARNING:pet.gui_stall_sampler:  [t-76ms] verify_multi.py:309:<module> <- verify_multi.py:245:main <- webm_clip.py:2508:_poll <- webm_clip.py:2733:_process_frame
WARNING:pet.gui_stall_sampler:  [t-14ms] verify_multi.py:309:<module> <- verify_multi.py:245:main
WARNING:root:GUI 卡顿 163ms state=IDLE anim=余额-分文不剩 physics=None
WARNING:pet.gui_stall_sampler:GUI 冻结现场（163ms，3 个采样点，旧→新）：
WARNING:pet.gui_stall_sampler:  [t-185ms] verify_multi.py:309:<module> <- verify_multi.py:245:main
WARNING:pet.gui_stall_sampler:  [t-76ms] verify_multi.py:309:<module> <- verify_multi.py:245:main <- webm_clip.py:2508:_poll <- webm_clip.py:2733:_process_frame
WARNING:pet.gui_stall_sampler:  [t-14ms] verify_multi.py:309:<module> <- verify_multi.py:245:main
WARNING:root:GUI 卡顿 120ms state=IDLE anim=待机呼吸休闲 physics=None
WARNING:pet.gui_stall_sampler:GUI 冻结现场（120ms，2 个采样点，旧→新）：
WARNING:pet.gui_stall_sampler:  [t-138ms] verify_multi.py:309:<module> <- verify_multi.py:245:main
WARNING:pet.gui_stall_sampler:  [t-16ms] webm_clip.py:2508:_poll <- webm_clip.py:2759:_process_frame <- window_optional_services.py:62:<lambda> <- verify_multi.py:93:observed_frame <- window.py:1917:_on_frame <- window.py:2106:_rebuild_frame
WARNING:root:GUI 卡顿 124ms state=IDLE anim=东张西望 physics=None
WARNING:pet.gui_stall_sampler:GUI 冻结现场（124ms，2 个采样点，旧→新）：
WARNING:pet.gui_stall_sampler:  [t-138ms] verify_multi.py:309:<module> <- verify_multi.py:245:main
WARNING:pet.gui_stall_sampler:  [t-16ms] webm_clip.py:2508:_poll <- webm_clip.py:2759:_process_frame <- window_optional_services.py:62:<lambda> <- verify_multi.py:93:observed_frame <- window.py:1917:_on_frame <- window.py:2106:_rebuild_frame
WARNING:root:GUI 卡顿 124ms state=IDLE anim=余额-分文不剩 physics=None
WARNING:pet.gui_stall_sampler:GUI 冻结现场（124ms，2 个采样点，旧→新）：
WARNING:pet.gui_stall_sampler:  [t-138ms] verify_multi.py:309:<module> <- verify_multi.py:245:main
WARNING:pet.gui_stall_sampler:  [t-16ms] webm_clip.py:2508:_poll <- webm_clip.py:2759:_process_frame <- window_optional_services.py:62:<lambda> <- verify_multi.py:93:observed_frame <- window.py:1917:_on_frame <- window.py:2106:_rebuild_frame
WARNING:root:GUI 卡顿 127ms state=IDLE anim=待机呼吸休闲 physics=None
WARNING:pet.gui_stall_sampler:GUI 冻结现场（127ms，2 个采样点，旧→新）：
WARNING:pet.gui_stall_sampler:  [t-174ms] verify_multi.py:309:<module> <- verify_multi.py:245:main
WARNING:root:GUI 卡顿 128ms state=IDLE anim=东张西望 physics=None
WARNING:pet.gui_stall_sampler:GUI 冻结现场（128ms，2 个采样点，旧→新）：
WARNING:pet.gui_stall_sampler:  [t-175ms] verify_multi.py:309:<module> <- verify_multi.py:245:main
WARNING:root:GUI 卡顿 129ms state=IDLE anim=余额-分文不剩 physics=None
WARNING:pet.gui_stall_sampler:GUI 冻结现场（129ms，2 个采样点，旧→新）：
WARNING:pet.gui_stall_sampler:  [t-175ms] verify_multi.py:309:<module> <- verify_multi.py:245:main
WARNING:root:GUI 卡顿 115ms state=IDLE anim=待机呼吸休闲 physics=None
WARNING:pet.gui_stall_sampler:GUI 冻结现场（115ms，2 个采样点，旧→新）：
WARNING:pet.gui_stall_sampler:  [t-133ms] verify_multi.py:309:<module> <- verify_multi.py:245:main
WARNING:pet.gui_stall_sampler:  [t-11ms] webm_clip.py:2508:_poll <- webm_clip.py:2759:_process_frame <- window_optional_services.py:62:<lambda> <- verify_multi.py:93:observed_frame <- window.py:1917:_on_frame <- window.py:2106:_rebuild_frame
WARNING:root:GUI 卡顿 116ms state=IDLE anim=东张西望 physics=None
WARNING:pet.gui_stall_sampler:GUI 冻结现场（116ms，2 个采样点，旧→新）：
WARNING:pet.gui_stall_sampler:  [t-133ms] verify_multi.py:309:<module> <- verify_multi.py:245:main
WARNING:pet.gui_stall_sampler:  [t-11ms] webm_clip.py:2508:_poll <- webm_clip.py:2759:_process_frame <- window_optional_services.py:62:<lambda> <- verify_multi.py:93:observed_frame <- window.py:1917:_on_frame <- window.py:2106:_rebuild_frame
WARNING:root:GUI 卡顿 116ms state=IDLE anim=余额-分文不剩 physics=None
WARNING:pet.gui_stall_sampler:GUI 冻结现场（116ms，2 个采样点，旧→新）：
WARNING:pet.gui_stall_sampler:  [t-133ms] verify_multi.py:309:<module> <- verify_multi.py:245:main
WARNING:pet.gui_stall_sampler:  [t-11ms] webm_clip.py:2508:_poll <- webm_clip.py:2759:_process_frame <- window_optional_services.py:62:<lambda> <- verify_multi.py:93:observed_frame <- window.py:1917:_on_frame <- window.py:2106:_rebuild_frame
WARNING:root:GUI 卡顿 114ms state=IDLE anim=待机呼吸休闲 physics=None
WARNING:pet.gui_stall_sampler:GUI 冻结现场（114ms，2 个采样点，旧→新）：
WARNING:pet.gui_stall_sampler:  [t-65ms] verify_multi.py:309:<module> <- verify_multi.py:245:main <- webm_clip.py:2508:_poll <- webm_clip.py:2759:_process_frame
WARNING:pet.gui_stall_sampler:  [t-0ms] __init__.py:1531:warning <- __init__.py:1664:_log <- __init__.py:1680:handle <- __init__.py:1736:callHandlers <- __init__.py:1026:handle <- __init__.py:1153:emit
WARNING:root:GUI 卡顿 132ms state=IDLE anim=东张西望 physics=None
WARNING:pet.gui_stall_sampler:GUI 冻结现场（132ms，3 个采样点，旧→新）：
WARNING:pet.gui_stall_sampler:  [t-169ms] verify_multi.py:309:<module> <- verify_multi.py:245:main
WARNING:pet.gui_stall_sampler:  [t-65ms] verify_multi.py:309:<module> <- verify_multi.py:245:main <- webm_clip.py:2508:_poll <- webm_clip.py:2759:_process_frame
WARNING:pet.gui_stall_sampler:  [t-1ms] __init__.py:1531:warning <- __init__.py:1664:_log <- __init__.py:1680:handle <- __init__.py:1736:callHandlers <- __init__.py:1026:handle <- __init__.py:1153:emit
WARNING:root:GUI 卡顿 132ms state=IDLE anim=余额-分文不剩 physics=None
WARNING:pet.gui_stall_sampler:GUI 冻结现场（132ms，3 个采样点，旧→新）：
WARNING:pet.gui_stall_sampler:  [t-169ms] verify_multi.py:309:<module> <- verify_multi.py:245:main
WARNING:pet.gui_stall_sampler:  [t-65ms] verify_multi.py:309:<module> <- verify_multi.py:245:main <- webm_clip.py:2508:_poll <- webm_clip.py:2759:_process_frame
WARNING:pet.gui_stall_sampler:  [t-1ms] __init__.py:1531:warning <- __init__.py:1664:_log <- __init__.py:1680:handle <- __init__.py:1736:callHandlers <- __init__.py:1026:handle <- __init__.py:1153:emit
WARNING:root:GUI 卡顿 138ms state=IDLE anim=待机呼吸休闲 physics=None
WARNING:pet.gui_stall_sampler:GUI 冻结现场（138ms，2 个采样点，旧→新）：
WARNING:pet.gui_stall_sampler:  [t-157ms] verify_multi.py:309:<module> <- verify_multi.py:245:main
WARNING:pet.gui_stall_sampler:  [t-8ms] verify_multi.py:309:<module> <- verify_multi.py:245:main <- webm_clip.py:2508:_poll <- webm_clip.py:2733:_process_frame
WARNING:root:GUI 卡顿 140ms state=IDLE anim=东张西望 physics=None
WARNING:pet.gui_stall_sampler:GUI 冻结现场（140ms，2 个采样点，旧→新）：
WARNING:pet.gui_stall_sampler:  [t-158ms] verify_multi.py:309:<module> <- verify_multi.py:245:main
WARNING:pet.gui_stall_sampler:  [t-9ms] verify_multi.py:309:<module> <- verify_multi.py:245:main <- webm_clip.py:2508:_poll <- webm_clip.py:2733:_process_frame
WARNING:root:GUI 卡顿 140ms state=IDLE anim=余额-分文不剩 physics=None
WARNING:pet.gui_stall_sampler:GUI 冻结现场（140ms，2 个采样点，旧→新）：
WARNING:pet.gui_stall_sampler:  [t-158ms] verify_multi.py:309:<module> <- verify_multi.py:245:main
WARNING:pet.gui_stall_sampler:  [t-9ms] verify_multi.py:309:<module> <- verify_multi.py:245:main <- webm_clip.py:2508:_poll <- webm_clip.py:2733:_process_frame
WARNING:root:GUI 卡顿 107ms state=IDLE anim=待机呼吸休闲 physics=None
WARNING:pet.gui_stall_sampler:GUI 冻结现场（107ms，2 个采样点，旧→新）：
WARNING:pet.gui_stall_sampler:  [t-108ms] verify_multi.py:309:<module> <- verify_multi.py:245:main
WARNING:root:GUI 卡顿 107ms state=IDLE anim=东张西望 physics=None
WARNING:pet.gui_stall_sampler:GUI 冻结现场（107ms，2 个采样点，旧→新）：
WARNING:pet.gui_stall_sampler:  [t-109ms] verify_multi.py:309:<module> <- verify_multi.py:245:main
WARNING:root:GUI 卡顿 107ms state=IDLE anim=余额-分文不剩 physics=None
WARNING:pet.gui_stall_sampler:GUI 冻结现场（107ms，2 个采样点，旧→新）：
WARNING:pet.gui_stall_sampler:  [t-109ms] verify_multi.py:309:<module> <- verify_multi.py:245:main
WARNING:root:GUI 卡顿 201ms state=IDLE anim=待机呼吸休闲 physics=None
WARNING:pet.gui_stall_sampler:GUI 冻结现场（201ms，3 个采样点，旧→新）：
WARNING:pet.gui_stall_sampler:  [t-221ms] verify_multi.py:309:<module> <- verify_multi.py:245:main
WARNING:pet.gui_stall_sampler:  [t-165ms] verify_multi.py:309:<module> <- verify_multi.py:245:main <- webm_clip.py:2508:_poll <- webm_clip.py:2733:_process_frame
WARNING:pet.gui_stall_sampler:  [t-20ms] webm_clip.py:2759:_process_frame <- window_optional_services.py:62:<lambda> <- verify_multi.py:93:observed_frame <- window.py:1917:_on_frame <- window.py:2124:_rebuild_frame <- window.py:2248:_sync_mask
WARNING:root:GUI 卡顿 202ms state=IDLE anim=东张西望 physics=None
WARNING:pet.gui_stall_sampler:GUI 冻结现场（202ms，3 个采样点，旧→新）：
WARNING:pet.gui_stall_sampler:  [t-221ms] verify_multi.py:309:<module> <- verify_multi.py:245:main
WARNING:pet.gui_stall_sampler:  [t-166ms] verify_multi.py:309:<module> <- verify_multi.py:245:main <- webm_clip.py:2508:_poll <- webm_clip.py:2733:_process_frame
WARNING:pet.gui_stall_sampler:  [t-21ms] webm_clip.py:2759:_process_frame <- window_optional_services.py:62:<lambda> <- verify_multi.py:93:observed_frame <- window.py:1917:_on_frame <- window.py:2124:_rebuild_frame <- window.py:2248:_sync_mask
WARNING:root:GUI 卡顿 202ms state=IDLE anim=余额-分文不剩 physics=None
WARNING:pet.gui_stall_sampler:GUI 冻结现场（202ms，3 个采样点，旧→新）：
WARNING:pet.gui_stall_sampler:  [t-222ms] verify_multi.py:309:<module> <- verify_multi.py:245:main
WARNING:pet.gui_stall_sampler:  [t-166ms] verify_multi.py:309:<module> <- verify_multi.py:245:main <- webm_clip.py:2508:_poll <- webm_clip.py:2733:_process_frame
WARNING:pet.gui_stall_sampler:  [t-21ms] webm_clip.py:2759:_process_frame <- window_optional_services.py:62:<lambda> <- verify_multi.py:93:observed_frame <- window.py:1917:_on_frame <- window.py:2124:_rebuild_frame <- window.py:2248:_sync_mask
WARNING:root:GUI 卡顿 101ms state=IDLE anim=待机呼吸休闲 physics=None
WARNING:pet.gui_stall_sampler:GUI 冻结现场（101ms，1 个采样点，旧→新）：
WARNING:pet.gui_stall_sampler:  [t-15ms] webm_clip.py:2508:_poll <- webm_clip.py:2759:_process_frame <- window_optional_services.py:62:<lambda> <- verify_multi.py:93:observed_frame <- window.py:1919:_on_frame <- window.py:2126:_rebuild_frame
WARNING:root:GUI 卡顿 103ms state=IDLE anim=东张西望 physics=None
WARNING:pet.gui_stall_sampler:GUI 冻结现场（103ms，1 个采样点，旧→新）：
WARNING:pet.gui_stall_sampler:  [t-16ms] webm_clip.py:2508:_poll <- webm_clip.py:2759:_process_frame <- window_optional_services.py:62:<lambda> <- verify_multi.py:93:observed_frame <- window.py:1919:_on_frame <- window.py:2126:_rebuild_frame
WARNING:root:GUI 卡顿 103ms state=IDLE anim=余额-分文不剩 physics=None
WARNING:pet.gui_stall_sampler:GUI 冻结现场（103ms，1 个采样点，旧→新）：
WARNING:pet.gui_stall_sampler:  [t-16ms] webm_clip.py:2508:_poll <- webm_clip.py:2759:_process_frame <- window_optional_services.py:62:<lambda> <- verify_multi.py:93:observed_frame <- window.py:1919:_on_frame <- window.py:2126:_rebuild_frame
WARNING:root:GUI 卡顿 290ms state=IDLE anim=待机呼吸休闲 physics=None
WARNING:pet.gui_stall_sampler:GUI 冻结现场（290ms，1 个采样点，旧→新）：
WARNING:pet.gui_stall_sampler:  [t-80ms] verify_multi.py:309:<module> <- verify_multi.py:245:main
WARNING:root:GUI 卡顿 292ms state=IDLE anim=东张西望 physics=None
WARNING:pet.gui_stall_sampler:GUI 冻结现场（292ms，1 个采样点，旧→新）：
WARNING:pet.gui_stall_sampler:  [t-81ms] verify_multi.py:309:<module> <- verify_multi.py:245:main
WARNING:root:GUI 卡顿 292ms state=IDLE anim=余额-分文不剩 physics=None
WARNING:pet.gui_stall_sampler:GUI 冻结现场（292ms，1 个采样点，旧→新）：
WARNING:pet.gui_stall_sampler:  [t-81ms] verify_multi.py:309:<module> <- verify_multi.py:245:main
WARNING:root:GUI 卡顿 130ms state=IDLE anim=待机呼吸休闲 physics=None
WARNING:pet.gui_stall_sampler:GUI 冻结现场（130ms，2 个采样点，旧→新）：
WARNING:pet.gui_stall_sampler:  [t-137ms] verify_multi.py:309:<module> <- verify_multi.py:245:main
WARNING:pet.gui_stall_sampler:  [t-7ms] webm_clip.py:2759:_process_frame <- window_optional_services.py:62:<lambda> <- verify_multi.py:93:observed_frame <- window.py:1917:_on_frame <- window.py:2124:_rebuild_frame <- window.py:2263:_sync_mask
WARNING:root:GUI 卡顿 156ms state=IDLE anim=东张西望 physics=None
WARNING:pet.gui_stall_sampler:GUI 冻结现场（156ms，2 个采样点，旧→新）：
WARNING:pet.gui_stall_sampler:  [t-162ms] verify_multi.py:309:<module> <- verify_multi.py:245:main
WARNING:pet.gui_stall_sampler:  [t-31ms] webm_clip.py:2759:_process_frame <- window_optional_services.py:62:<lambda> <- verify_multi.py:93:observed_frame <- window.py:1917:_on_frame <- window.py:2124:_rebuild_frame <- window.py:2263:_sync_mask
WARNING:root:GUI 卡顿 156ms state=IDLE anim=余额-分文不剩 physics=None
WARNING:pet.gui_stall_sampler:GUI 冻结现场（156ms，2 个采样点，旧→新）：
WARNING:pet.gui_stall_sampler:  [t-162ms] verify_multi.py:309:<module> <- verify_multi.py:245:main
WARNING:pet.gui_stall_sampler:  [t-31ms] webm_clip.py:2759:_process_frame <- window_optional_services.py:62:<lambda> <- verify_multi.py:93:observed_frame <- window.py:1917:_on_frame <- window.py:2124:_rebuild_frame <- window.py:2263:_sync_mask
WARNING:root:GUI 卡顿 135ms state=IDLE anim=待机呼吸休闲 physics=None
WARNING:pet.gui_stall_sampler:GUI 冻结现场（135ms，2 个采样点，旧→新）：
WARNING:pet.gui_stall_sampler:  [t-151ms] verify_multi.py:309:<module> <- verify_multi.py:245:main
WARNING:pet.gui_stall_sampler:  [t-1ms] webm_clip.py:2508:_poll <- webm_clip.py:2759:_process_frame <- window_optional_services.py:62:<lambda> <- verify_multi.py:93:observed_frame <- window.py:1917:_on_frame <- window.py:2106:_rebuild_frame
WARNING:root:GUI 卡顿 138ms state=IDLE anim=东张西望 physics=None
WARNING:pet.gui_stall_sampler:GUI 冻结现场（138ms，2 个采样点，旧→新）：
WARNING:pet.gui_stall_sampler:  [t-152ms] verify_multi.py:309:<module> <- verify_multi.py:245:main
WARNING:pet.gui_stall_sampler:  [t-2ms] webm_clip.py:2508:_poll <- webm_clip.py:2759:_process_frame <- window_optional_services.py:62:<lambda> <- verify_multi.py:93:observed_frame <- window.py:1917:_on_frame <- window.py:2106:_rebuild_frame
WARNING:root:GUI 卡顿 138ms state=IDLE anim=余额-分文不剩 physics=None
WARNING:pet.gui_stall_sampler:GUI 冻结现场（138ms，2 个采样点，旧→新）：
WARNING:pet.gui_stall_sampler:  [t-152ms] verify_multi.py:309:<module> <- verify_multi.py:245:main
WARNING:pet.gui_stall_sampler:  [t-2ms] webm_clip.py:2508:_poll <- webm_clip.py:2759:_process_frame <- window_optional_services.py:62:<lambda> <- verify_multi.py:93:observed_frame <- window.py:1917:_on_frame <- window.py:2106:_rebuild_frame
WARNING:root:GUI 卡顿 105ms state=IDLE anim=待机呼吸休闲 physics=None
WARNING:pet.gui_stall_sampler:GUI 冻结现场（105ms，2 个采样点，旧→新）：
WARNING:pet.gui_stall_sampler:  [t-141ms] webm_clip.py:2759:_process_frame <- window_optional_services.py:62:<lambda> <- verify_multi.py:93:observed_frame <- window.py:1917:_on_frame <- window.py:2068:_rebuild_frame <- window.py:1990:_frame_signature
WARNING:pet.gui_stall_sampler:  [t-31ms] webm_clip.py:2508:_poll <- webm_clip.py:2759:_process_frame <- window_optional_services.py:62:<lambda> <- verify_multi.py:93:observed_frame <- window.py:1919:_on_frame <- window.py:2126:_rebuild_frame
WARNING:root:GUI 卡顿 112ms state=IDLE anim=东张西望 physics=None
WARNING:pet.gui_stall_sampler:GUI 冻结现场（112ms，2 个采样点，旧→新）：
WARNING:pet.gui_stall_sampler:  [t-141ms] webm_clip.py:2759:_process_frame <- window_optional_services.py:62:<lambda> <- verify_multi.py:93:observed_frame <- window.py:1917:_on_frame <- window.py:2068:_rebuild_frame <- window.py:1990:_frame_signature
WARNING:pet.gui_stall_sampler:  [t-31ms] webm_clip.py:2508:_poll <- webm_clip.py:2759:_process_frame <- window_optional_services.py:62:<lambda> <- verify_multi.py:93:observed_frame <- window.py:1919:_on_frame <- window.py:2126:_rebuild_frame
WARNING:root:GUI 卡顿 112ms state=IDLE anim=余额-分文不剩 physics=None
WARNING:pet.gui_stall_sampler:GUI 冻结现场（112ms，2 个采样点，旧→新）：
WARNING:pet.gui_stall_sampler:  [t-141ms] webm_clip.py:2759:_process_frame <- window_optional_services.py:62:<lambda> <- verify_multi.py:93:observed_frame <- window.py:1917:_on_frame <- window.py:2068:_rebuild_frame <- window.py:1990:_frame_signature
WARNING:pet.gui_stall_sampler:  [t-31ms] webm_clip.py:2508:_poll <- webm_clip.py:2759:_process_frame <- window_optional_services.py:62:<lambda> <- verify_multi.py:93:observed_frame <- window.py:1919:_on_frame <- window.py:2126:_rebuild_frame
WARNING:root:GUI 卡顿 233ms state=IDLE anim=待机呼吸休闲 physics=None
WARNING:pet.gui_stall_sampler:GUI 冻结现场（233ms，4 个采样点，旧→新）：
WARNING:pet.gui_stall_sampler:  [t-261ms] verify_multi.py:309:<module> <- verify_multi.py:245:main
WARNING:pet.gui_stall_sampler:  [t-194ms] verify_multi.py:309:<module> <- verify_multi.py:245:main <- webm_clip.py:2508:_poll <- webm_clip.py:2733:_process_frame
WARNING:pet.gui_stall_sampler:  [t-110ms] webm_clip.py:2508:_poll <- webm_clip.py:2759:_process_frame <- window_optional_services.py:62:<lambda> <- verify_multi.py:93:observed_frame <- window.py:1917:_on_frame <- window.py:2106:_rebuild_frame
WARNING:pet.gui_stall_sampler:  [t-8ms] verify_multi.py:309:<module> <- verify_multi.py:245:main
WARNING:root:GUI 卡顿 239ms state=IDLE anim=东张西望 physics=None
WARNING:pet.gui_stall_sampler:GUI 冻结现场（239ms，4 个采样点，旧→新）：
WARNING:pet.gui_stall_sampler:  [t-261ms] verify_multi.py:309:<module> <- verify_multi.py:245:main
WARNING:pet.gui_stall_sampler:  [t-194ms] verify_multi.py:309:<module> <- verify_multi.py:245:main <- webm_clip.py:2508:_poll <- webm_clip.py:2733:_process_frame
WARNING:pet.gui_stall_sampler:  [t-110ms] webm_clip.py:2508:_poll <- webm_clip.py:2759:_process_frame <- window_optional_services.py:62:<lambda> <- verify_multi.py:93:observed_frame <- window.py:1917:_on_frame <- window.py:2106:_rebuild_frame
WARNING:pet.gui_stall_sampler:  [t-9ms] verify_multi.py:309:<module> <- verify_multi.py:245:main
WARNING:root:GUI 卡顿 239ms state=IDLE anim=余额-分文不剩 physics=None
WARNING:pet.gui_stall_sampler:GUI 冻结现场（239ms，4 个采样点，旧→新）：
WARNING:pet.gui_stall_sampler:  [t-261ms] verify_multi.py:309:<module> <- verify_multi.py:245:main
WARNING:pet.gui_stall_sampler:  [t-194ms] verify_multi.py:309:<module> <- verify_multi.py:245:main <- webm_clip.py:2508:_poll <- webm_clip.py:2733:_process_frame
WARNING:pet.gui_stall_sampler:  [t-110ms] webm_clip.py:2508:_poll <- webm_clip.py:2759:_process_frame <- window_optional_services.py:62:<lambda> <- verify_multi.py:93:observed_frame <- window.py:1917:_on_frame <- window.py:2106:_rebuild_frame
WARNING:pet.gui_stall_sampler:  [t-9ms] verify_multi.py:309:<module> <- verify_multi.py:245:main
WARNING:root:GUI 卡顿 111ms state=IDLE anim=待机呼吸休闲 physics=None
WARNING:pet.gui_stall_sampler:GUI 冻结现场（111ms，2 个采样点，旧→新）：
WARNING:pet.gui_stall_sampler:  [t-142ms] verify_multi.py:309:<module> <- verify_multi.py:245:main
WARNING:pet.gui_stall_sampler:  [t-29ms] verify_multi.py:309:<module> <- verify_multi.py:245:main <- webm_clip.py:2508:_poll <- webm_clip.py:2733:_process_frame
WARNING:root:GUI 卡顿 114ms state=IDLE anim=东张西望 physics=None
WARNING:pet.gui_stall_sampler:GUI 冻结现场（114ms，2 个采样点，旧→新）：
WARNING:pet.gui_stall_sampler:  [t-142ms] verify_multi.py:309:<module> <- verify_multi.py:245:main
WARNING:pet.gui_stall_sampler:  [t-29ms] verify_multi.py:309:<module> <- verify_multi.py:245:main <- webm_clip.py:2508:_poll <- webm_clip.py:2733:_process_frame
WARNING:root:GUI 卡顿 114ms state=IDLE anim=余额-分文不剩 physics=None
WARNING:pet.gui_stall_sampler:GUI 冻结现场（114ms，2 个采样点，旧→新）：
WARNING:pet.gui_stall_sampler:  [t-142ms] verify_multi.py:309:<module> <- verify_multi.py:245:main
WARNING:pet.gui_stall_sampler:  [t-29ms] verify_multi.py:309:<module> <- verify_multi.py:245:main <- webm_clip.py:2508:_poll <- webm_clip.py:2733:_process_frame
WARNING:root:GUI 卡顿 333ms state=IDLE anim=待机呼吸休闲 physics=None
WARNING:pet.gui_stall_sampler:GUI 冻结现场（333ms，3 个采样点，旧→新）：
WARNING:pet.gui_stall_sampler:  [t-335ms] verify_multi.py:309:<module> <- verify_multi.py:245:main
WARNING:pet.gui_stall_sampler:  [t-62ms] window_optional_services.py:62:<lambda> <- verify_multi.py:93:observed_frame <- window.py:1917:_on_frame <- window.py:2124:_rebuild_frame <- window.py:2270:_sync_mask <- window_optional_services.py:42:effects_coverage
WARNING:pet.gui_stall_sampler:  [t-9ms] verify_multi.py:309:<module> <- verify_multi.py:245:main
WARNING:root:GUI 卡顿 334ms state=IDLE anim=东张西望 physics=None
WARNING:pet.gui_stall_sampler:GUI 冻结现场（334ms，3 个采样点，旧→新）：
WARNING:pet.gui_stall_sampler:  [t-335ms] verify_multi.py:309:<module> <- verify_multi.py:245:main
WARNING:pet.gui_stall_sampler:  [t-62ms] window_optional_services.py:62:<lambda> <- verify_multi.py:93:observed_frame <- window.py:1917:_on_frame <- window.py:2124:_rebuild_frame <- window.py:2270:_sync_mask <- window_optional_services.py:42:effects_coverage
WARNING:pet.gui_stall_sampler:  [t-9ms] verify_multi.py:309:<module> <- verify_multi.py:245:main
WARNING:root:GUI 卡顿 334ms state=IDLE anim=余额-分文不剩 physics=None
WARNING:pet.gui_stall_sampler:GUI 冻结现场（334ms，3 个采样点，旧→新）：
WARNING:pet.gui_stall_sampler:  [t-336ms] verify_multi.py:309:<module> <- verify_multi.py:245:main
WARNING:pet.gui_stall_sampler:  [t-63ms] window_optional_services.py:62:<lambda> <- verify_multi.py:93:observed_frame <- window.py:1917:_on_frame <- window.py:2124:_rebuild_frame <- window.py:2270:_sync_mask <- window_optional_services.py:42:effects_coverage
WARNING:pet.gui_stall_sampler:  [t-9ms] verify_multi.py:309:<module> <- verify_multi.py:245:main
WARNING:root:GUI 卡顿 370ms state=IDLE anim=待机呼吸休闲 physics=None
WARNING:root:GUI 卡顿 372ms state=IDLE anim=东张西望 physics=None
WARNING:pet.gui_stall_sampler:GUI 冻结现场（372ms，1 个采样点，旧→新）：
WARNING:pet.gui_stall_sampler:  [t-422ms] verify_multi.py:309:<module> <- verify_multi.py:245:main
WARNING:root:GUI 卡顿 373ms state=IDLE anim=余额-分文不剩 physics=None
WARNING:pet.gui_stall_sampler:GUI 冻结现场（373ms，1 个采样点，旧→新）：
WARNING:pet.gui_stall_sampler:  [t-422ms] verify_multi.py:309:<module> <- verify_multi.py:245:main
WARNING:root:GUI 卡顿 209ms state=IDLE anim=待机呼吸休闲 physics=None
WARNING:pet.gui_stall_sampler:GUI 冻结现场（209ms，2 个采样点，旧→新）：
WARNING:pet.gui_stall_sampler:  [t-242ms] webm_clip.py:2759:_process_frame <- window_optional_services.py:62:<lambda> <- verify_multi.py:93:observed_frame <- window.py:1917:_on_frame <- window.py:2068:_rebuild_frame <- window.py:1990:_frame_signature
WARNING:pet.gui_stall_sampler:  [t-13ms] verify_multi.py:309:<module> <- verify_multi.py:245:main <- webm_clip.py:2508:_poll <- webm_clip.py:2759:_process_frame
WARNING:root:GUI 卡顿 231ms state=IDLE anim=东张西望 physics=None
WARNING:pet.gui_stall_sampler:GUI 冻结现场（231ms，2 个采样点，旧→新）：
WARNING:pet.gui_stall_sampler:  [t-261ms] webm_clip.py:2759:_process_frame <- window_optional_services.py:62:<lambda> <- verify_multi.py:93:observed_frame <- window.py:1917:_on_frame <- window.py:2068:_rebuild_frame <- window.py:1990:_frame_signature
WARNING:pet.gui_stall_sampler:  [t-31ms] verify_multi.py:309:<module> <- verify_multi.py:245:main <- webm_clip.py:2508:_poll <- webm_clip.py:2759:_process_frame
WARNING:root:GUI 卡顿 232ms state=IDLE anim=余额-分文不剩 physics=None
WARNING:pet.gui_stall_sampler:GUI 冻结现场（232ms，2 个采样点，旧→新）：
WARNING:pet.gui_stall_sampler:  [t-261ms] webm_clip.py:2759:_process_frame <- window_optional_services.py:62:<lambda> <- verify_multi.py:93:observed_frame <- window.py:1917:_on_frame <- window.py:2068:_rebuild_frame <- window.py:1990:_frame_signature
WARNING:pet.gui_stall_sampler:  [t-32ms] verify_multi.py:309:<module> <- verify_multi.py:245:main <- webm_clip.py:2508:_poll <- webm_clip.py:2759:_process_frame
WARNING:root:GUI 卡顿 535ms state=IDLE anim=待机呼吸休闲 physics=None
WARNING:pet.gui_stall_sampler:GUI 冻结现场（535ms，11 个采样点，旧→新）：
WARNING:pet.gui_stall_sampler:  [t-578ms] verify_multi.py:309:<module> <- verify_multi.py:245:main <- webm_clip.py:2508:_poll <- webm_clip.py:2733:_process_frame
WARNING:pet.gui_stall_sampler:  [t-515ms] window.py:1959:_end_move_or_anim <- verify_multi.py:98:<lambda> <- window.py:1705:switch_clip <- window.py:1687:_switch <- window.py:2094:_rebuild_frame <- window.py:2005:_frame_signature
WARNING:pet.gui_stall_sampler:  [t-454ms] window.py:1705:switch_clip <- window.py:1687:_switch <- library.py:925:release_superseded_movies <- webm_clip.py:1136:cleanup <- webm_clip.py:1193:_reap_retired <- threading.py:1092:join
WARNING:pet.gui_stall_sampler:  [t-19ms] window.py:1705:switch_clip <- window.py:1687:_switch <- library.py:925:release_superseded_movies <- webm_clip.py:1140:cleanup <- webm_clip.py:1161:_retire_grace_wait <- threading.py:1092:join
WARNING:root:GUI 卡顿 535ms state=IDLE anim=东张西望 physics=None
WARNING:pet.gui_stall_sampler:GUI 冻结现场（535ms，11 个采样点，旧→新）：
WARNING:pet.gui_stall_sampler:  [t-578ms] verify_multi.py:309:<module> <- verify_multi.py:245:main <- webm_clip.py:2508:_poll <- webm_clip.py:2733:_process_frame
WARNING:pet.gui_stall_sampler:  [t-515ms] window.py:1959:_end_move_or_anim <- verify_multi.py:98:<lambda> <- window.py:1705:switch_clip <- window.py:1687:_switch <- window.py:2094:_rebuild_frame <- window.py:2005:_frame_signature
WARNING:pet.gui_stall_sampler:  [t-455ms] window.py:1705:switch_clip <- window.py:1687:_switch <- library.py:925:release_superseded_movies <- webm_clip.py:1136:cleanup <- webm_clip.py:1193:_reap_retired <- threading.py:1092:join
WARNING:pet.gui_stall_sampler:  [t-19ms] window.py:1705:switch_clip <- window.py:1687:_switch <- library.py:925:release_superseded_movies <- webm_clip.py:1140:cleanup <- webm_clip.py:1161:_retire_grace_wait <- threading.py:1092:join
WARNING:root:GUI 卡顿 535ms state=IDLE anim=余额-分文不剩 physics=None
WARNING:pet.gui_stall_sampler:GUI 冻结现场（535ms，11 个采样点，旧→新）：
WARNING:pet.gui_stall_sampler:  [t-578ms] verify_multi.py:309:<module> <- verify_multi.py:245:main <- webm_clip.py:2508:_poll <- webm_clip.py:2733:_process_frame
WARNING:pet.gui_stall_sampler:  [t-515ms] window.py:1959:_end_move_or_anim <- verify_multi.py:98:<lambda> <- window.py:1705:switch_clip <- window.py:1687:_switch <- window.py:2094:_rebuild_frame <- window.py:2005:_frame_signature
WARNING:pet.gui_stall_sampler:  [t-455ms] window.py:1705:switch_clip <- window.py:1687:_switch <- library.py:925:release_superseded_movies <- webm_clip.py:1136:cleanup <- webm_clip.py:1193:_reap_retired <- threading.py:1092:join
WARNING:pet.gui_stall_sampler:  [t-19ms] window.py:1705:switch_clip <- window.py:1687:_switch <- library.py:925:release_superseded_movies <- webm_clip.py:1140:cleanup <- webm_clip.py:1161:_retire_grace_wait <- threading.py:1092:join
{'max_first_frame_decoders': 2, 'steady_mib': 1274.6756744384766, 'peak_mib': 1363.2856903076172, 'growth_mib': -407.64858627319336, 'playback': {0: {'fps': 12.059393231197852, 'forward_gaps': 0, 'frames': 420, 'ten_second_bins': [{'start': 0, 'fps': 3.10539718029936, 'frames': 26}, {'start': 10, 'fps': 2.3359276287149213, 'frames': 23}, {'start': 20, 'fps': 8.27343709602358, 'frames': 81}, {'start': 30, 'fps': 11.907210357108069, 'frames': 111}, {'start': 40, 'fps': 23.8331280479867, 'frames': 239}]}, 1: {'fps': 19.615187759665343, 'forward_gaps': 0, 'frames': 687, 'ten_second_bins': [{'start': 0, 'fps': 12.102275227742815, 'frames': 111}, {'start': 10, 'fps': 10.121457489878543, 'frames': 101}, {'start': 20, 'fps': 19.77852072728733, 'frames': 198}, {'start': 30, 'fps': 22.095991444109238, 'frames': 220}, {'start': 40, 'fps': 23.777276147479306, 'frames': 238}]}, 2: {'fps': 11.922401217460587, 'forward_gaps': 0, 'frames': 417, 'ten_second_bins': [{'start': 0, 'fps': 3.3672868086539265, 'frames': 25}, {'start': 10, 'fps': 2.6056594924175305, 'frames': 26}, {'start': 20, 'fps': 8.331555257516182, 'frames': 83}, {'start': 30, 'fps': 11.202313786993097, 'frames': 111}, {'start': 40, 'fps': 23.11348722226129, 'frames': 231}]}}, 'queue_drops': 0, 'duplicate_first_images': [], 'lifecycle': {}, 'shared_process_enabled': True, 'source_widths': [1280, 1280, 2560], 'actions': {0: '待机呼吸休闲', 1: '东张西望', 2: '余额-分文不剩'}, 'initial_decode_routes': {0: {'idle_eligible': True, 'broker_active': True, 'feed': False, 'publish': True, 'path': '/Users/ray/Library/Caches/seeky8-candidate/assets/characters_hq/shenshen/videos/idle/待机呼吸休闲.webm'}, 1: {'idle_eligible': False, 'broker_active': True, 'feed': False, 'publish': False, 'path': '/Users/ray/Library/Caches/seeky8-candidate/assets/characters/shenshen/videos/turn/东张西望.webm'}, 2: {'idle_eligible': False, 'broker_active': True, 'feed': False, 'publish': False, 'path': '/Users/ray/Library/Caches/seeky8-candidate/assets/characters_hq/shenshen/videos/events/balance/余额-分文不剩.webm'}}, 'live_ffmpeg_after_cleanup': []} ['Pet 0: fps=12.06, skipped source frames=0', 'Pet 1: fps=19.62, skipped source frames=0', 'Pet 2: fps=11.92, skipped source frames=0']
