QSystemTrayIcon::setVisible: No Icon set
WARNING:root:GUI 卡顿 2031ms state=IDLE anim=待机呼吸休闲 physics=None
WARNING:pet.gui_stall_sampler:GUI 冻结现场（2031ms，15 个采样点，旧→新）：
WARNING:pet.gui_stall_sampler:  [t-1850ms] verify_multi.py:58:main <- app.py:1703:start <- app.py:1812:_create_ui_with_character_fallback <- app.py:572:_create_ui <- app.py:537:_build_window <- enum.py:695:__call__
WARNING:pet.gui_stall_sampler:  [t-1387ms] verify_multi.py:58:main <- app.py:1703:start <- app.py:1812:_create_ui_with_character_fallback <- app.py:572:_create_ui <- app.py:537:_build_window <- file_eater.py:150:eventFilter
WARNING:pet.gui_stall_sampler:  [t-1331ms] inspect.py:1074:findsource <- linecache.py:41:getlines <- linecache.py:148:updatecache <- tokenize.py:457:open <- tokenize.py:426:detect_encoding <- tokenize.py:384:read_or_stop
WARNING:pet.gui_stall_sampler:  [t-1277ms] app.py:2768:spawn_in_process_window <- app.py:537:_build_window <- window.py:1132:showEvent <- window.py:1095:_schedule_macos_window_level <- window.py:1090:apply_current_native_window <- platform_mac.py:78:_mac_set_window_level
WARNING:pet.gui_stall_sampler:  [t-1110ms] app.py:2775:spawn_in_process_window <- app.py:2987:_refresh_tray_menu <- app.py:3174:_build_tray <- catalog.py:230:list_available_characters <- _abc.py:465:is_dir <- _local.py:515:stat
WARNING:pet.gui_stall_sampler:  [t-946ms] verify_multi.py:309:<module> <- verify_multi.py:114:main <- app.py:2627:spawn_pet <- app.py:2768:spawn_in_process_window <- app.py:537:_build_window <- file_eater.py:150:eventFilter
WARNING:pet.gui_stall_sampler:  [t-892ms] verify_multi.py:309:<module> <- verify_multi.py:245:main
WARNING:root:GUI 卡顿 1349ms state=IDLE anim=东张西望 physics=None
WARNING:pet.gui_stall_sampler:GUI 冻结现场（1349ms，14 个采样点，旧→新）：
WARNING:pet.gui_stall_sampler:  [t-1380ms] inspect.py:1074:findsource <- linecache.py:41:getlines <- linecache.py:148:updatecache <- tokenize.py:457:open <- tokenize.py:426:detect_encoding <- tokenize.py:384:read_or_stop
WARNING:pet.gui_stall_sampler:  [t-1326ms] app.py:2768:spawn_in_process_window <- app.py:537:_build_window <- window.py:1132:showEvent <- window.py:1095:_schedule_macos_window_level <- window.py:1090:apply_current_native_window <- platform_mac.py:78:_mac_set_window_level
WARNING:pet.gui_stall_sampler:  [t-1160ms] app.py:2775:spawn_in_process_window <- app.py:2987:_refresh_tray_menu <- app.py:3174:_build_tray <- catalog.py:230:list_available_characters <- _abc.py:465:is_dir <- _local.py:515:stat
WARNING:pet.gui_stall_sampler:  [t-995ms] verify_multi.py:309:<module> <- verify_multi.py:114:main <- app.py:2627:spawn_pet <- app.py:2768:spawn_in_process_window <- app.py:537:_build_window <- file_eater.py:150:eventFilter
WARNING:pet.gui_stall_sampler:  [t-941ms] verify_multi.py:309:<module> <- verify_multi.py:245:main
WARNING:pet.gui_stall_sampler:  [t-5ms] verify_multi.py:309:<module> <- verify_multi.py:245:main <- webm_clip.py:2499:_poll <- webm_clip.py:2733:_process_frame
WARNING:root:GUI 卡顿 1168ms state=IDLE anim=余额-分文不剩 physics=None
WARNING:pet.gui_stall_sampler:GUI 冻结现场（1168ms，12 个采样点，旧→新）：
WARNING:pet.gui_stall_sampler:  [t-1169ms] app.py:2775:spawn_in_process_window <- app.py:2987:_refresh_tray_menu <- app.py:3174:_build_tray <- catalog.py:230:list_available_characters <- _abc.py:465:is_dir <- _local.py:515:stat
WARNING:pet.gui_stall_sampler:  [t-1005ms] verify_multi.py:309:<module> <- verify_multi.py:114:main <- app.py:2627:spawn_pet <- app.py:2768:spawn_in_process_window <- app.py:537:_build_window <- file_eater.py:150:eventFilter
WARNING:pet.gui_stall_sampler:  [t-950ms] verify_multi.py:309:<module> <- verify_multi.py:245:main
WARNING:pet.gui_stall_sampler:  [t-14ms] verify_multi.py:309:<module> <- verify_multi.py:245:main <- webm_clip.py:2499:_poll <- webm_clip.py:2733:_process_frame
WARNING:root:GUI 卡顿 197ms state=IDLE anim=待机呼吸休闲 physics=None
WARNING:pet.gui_stall_sampler:GUI 冻结现场（197ms，3 个采样点，旧→新）：
WARNING:pet.gui_stall_sampler:  [t-152ms] verify_multi.py:309:<module> <- verify_multi.py:245:main <- webm_clip.py:2499:_poll <- webm_clip.py:2733:_process_frame
WARNING:pet.gui_stall_sampler:  [t-98ms] verify_multi.py:309:<module> <- verify_multi.py:245:main <- library.py:713:_warm_low_priority_background <- library.py:879:movie <- webm_clip.py:1087:__init__
WARNING:pet.gui_stall_sampler:  [t-45ms] verify_multi.py:309:<module> <- verify_multi.py:245:main
WARNING:root:GUI 卡顿 148ms state=IDLE anim=东张西望 physics=None
WARNING:pet.gui_stall_sampler:GUI 冻结现场（148ms，3 个采样点，旧→新）：
WARNING:pet.gui_stall_sampler:  [t-152ms] verify_multi.py:309:<module> <- verify_multi.py:245:main <- webm_clip.py:2499:_poll <- webm_clip.py:2733:_process_frame
WARNING:pet.gui_stall_sampler:  [t-98ms] verify_multi.py:309:<module> <- verify_multi.py:245:main <- library.py:713:_warm_low_priority_background <- library.py:879:movie <- webm_clip.py:1087:__init__
WARNING:pet.gui_stall_sampler:  [t-45ms] verify_multi.py:309:<module> <- verify_multi.py:245:main
WARNING:root:GUI 卡顿 138ms state=IDLE anim=余额-分文不剩 physics=None
WARNING:pet.gui_stall_sampler:GUI 冻结现场（138ms，3 个采样点，旧→新）：
WARNING:pet.gui_stall_sampler:  [t-152ms] verify_multi.py:309:<module> <- verify_multi.py:245:main <- webm_clip.py:2499:_poll <- webm_clip.py:2733:_process_frame
WARNING:pet.gui_stall_sampler:  [t-99ms] verify_multi.py:309:<module> <- verify_multi.py:245:main <- library.py:713:_warm_low_priority_background <- library.py:879:movie <- webm_clip.py:1087:__init__
WARNING:pet.gui_stall_sampler:  [t-45ms] verify_multi.py:309:<module> <- verify_multi.py:245:main
WARNING:root:GUI 卡顿 1114ms state=IDLE anim=待机呼吸休闲 physics=None
WARNING:pet.gui_stall_sampler:GUI 冻结现场（1114ms，1 个采样点，旧→新）：
WARNING:pet.gui_stall_sampler:  [t-1069ms] verify_multi.py:309:<module> <- verify_multi.py:245:main <- webm_clip.py:2499:_poll <- webm_clip.py:2723:_process_frame
WARNING:root:GUI 卡顿 1126ms state=IDLE anim=东张西望 physics=None
WARNING:pet.gui_stall_sampler:GUI 冻结现场（1126ms，2 个采样点，旧→新）：
WARNING:pet.gui_stall_sampler:  [t-1171ms] verify_multi.py:309:<module> <- verify_multi.py:245:main
WARNING:pet.gui_stall_sampler:  [t-1069ms] verify_multi.py:309:<module> <- verify_multi.py:245:main <- webm_clip.py:2499:_poll <- webm_clip.py:2723:_process_frame
WARNING:root:GUI 卡顿 1127ms state=IDLE anim=余额-分文不剩 physics=None
WARNING:pet.gui_stall_sampler:GUI 冻结现场（1127ms，2 个采样点，旧→新）：
WARNING:pet.gui_stall_sampler:  [t-1172ms] verify_multi.py:309:<module> <- verify_multi.py:245:main
WARNING:pet.gui_stall_sampler:  [t-1071ms] verify_multi.py:309:<module> <- verify_multi.py:245:main <- webm_clip.py:2499:_poll <- webm_clip.py:2723:_process_frame
WARNING:root:GUI 卡顿 181ms state=IDLE anim=待机呼吸休闲 physics=None
WARNING:pet.gui_stall_sampler:GUI 冻结现场（181ms，2 个采样点，旧→新）：
WARNING:pet.gui_stall_sampler:  [t-120ms] verify_multi.py:309:<module> <- verify_multi.py:245:main <- webm_clip.py:2499:_poll <- webm_clip.py:2723:_process_frame
WARNING:pet.gui_stall_sampler:  [t-25ms] verify_multi.py:245:main <- app.py:326:_warm_music_player_paths <- music_players.py:152:warm_cache_async <- threading.py:979:start <- threading.py:656:wait <- threading.py:369:wait
WARNING:root:GUI 卡顿 169ms state=IDLE anim=东张西望 physics=None
WARNING:pet.gui_stall_sampler:GUI 冻结现场（169ms，2 个采样点，旧→新）：
WARNING:pet.gui_stall_sampler:  [t-120ms] verify_multi.py:309:<module> <- verify_multi.py:245:main <- webm_clip.py:2499:_poll <- webm_clip.py:2723:_process_frame
WARNING:pet.gui_stall_sampler:  [t-25ms] verify_multi.py:245:main <- app.py:326:_warm_music_player_paths <- music_players.py:152:warm_cache_async <- threading.py:979:start <- threading.py:656:wait <- threading.py:369:wait
WARNING:root:GUI 卡顿 168ms state=IDLE anim=余额-分文不剩 physics=None
WARNING:pet.gui_stall_sampler:GUI 冻结现场（168ms，2 个采样点，旧→新）：
WARNING:pet.gui_stall_sampler:  [t-120ms] verify_multi.py:309:<module> <- verify_multi.py:245:main <- webm_clip.py:2499:_poll <- webm_clip.py:2723:_process_frame
WARNING:pet.gui_stall_sampler:  [t-25ms] verify_multi.py:245:main <- app.py:326:_warm_music_player_paths <- music_players.py:152:warm_cache_async <- threading.py:979:start <- threading.py:656:wait <- threading.py:369:wait
WARNING:root:GUI 卡顿 215ms state=IDLE anim=待机呼吸休闲 physics=None
WARNING:pet.gui_stall_sampler:GUI 冻结现场（215ms，2 个采样点，旧→新）：
WARNING:pet.gui_stall_sampler:  [t-235ms] verify_multi.py:309:<module> <- verify_multi.py:245:main
WARNING:pet.gui_stall_sampler:  [t-7ms] webm_clip.py:2499:_poll <- webm_clip.py:2750:_process_frame <- window_optional_services.py:62:<lambda> <- verify_multi.py:93:observed_frame <- window.py:1917:_on_frame <- window.py:2099:_rebuild_frame
WARNING:root:GUI 卡顿 215ms state=IDLE anim=东张西望 physics=None
WARNING:pet.gui_stall_sampler:GUI 冻结现场（215ms，2 个采样点，旧→新）：
WARNING:pet.gui_stall_sampler:  [t-236ms] verify_multi.py:309:<module> <- verify_multi.py:245:main
WARNING:pet.gui_stall_sampler:  [t-7ms] webm_clip.py:2499:_poll <- webm_clip.py:2750:_process_frame <- window_optional_services.py:62:<lambda> <- verify_multi.py:93:observed_frame <- window.py:1917:_on_frame <- window.py:2099:_rebuild_frame
WARNING:root:GUI 卡顿 215ms state=IDLE anim=余额-分文不剩 physics=None
WARNING:pet.gui_stall_sampler:GUI 冻结现场（215ms，2 个采样点，旧→新）：
WARNING:pet.gui_stall_sampler:  [t-236ms] verify_multi.py:309:<module> <- verify_multi.py:245:main
WARNING:pet.gui_stall_sampler:  [t-7ms] webm_clip.py:2499:_poll <- webm_clip.py:2750:_process_frame <- window_optional_services.py:62:<lambda> <- verify_multi.py:93:observed_frame <- window.py:1917:_on_frame <- window.py:2099:_rebuild_frame
WARNING:root:GUI 卡顿 114ms state=IDLE anim=待机呼吸休闲 physics=None
WARNING:pet.gui_stall_sampler:GUI 冻结现场（114ms，3 个采样点，旧→新）：
WARNING:pet.gui_stall_sampler:  [t-144ms] verify_multi.py:309:<module> <- verify_multi.py:245:main
WARNING:pet.gui_stall_sampler:  [t-68ms] webm_clip.py:2499:_poll <- webm_clip.py:2750:_process_frame <- window_optional_services.py:62:<lambda> <- verify_multi.py:93:observed_frame <- window.py:1917:_on_frame <- window.py:2106:_rebuild_frame
WARNING:pet.gui_stall_sampler:  [t-0ms] verify_multi.py:309:<module> <- verify_multi.py:245:main <- window.py:2464:paintEvent
WARNING:root:GUI 卡顿 115ms state=IDLE anim=东张西望 physics=None
WARNING:pet.gui_stall_sampler:GUI 冻结现场（115ms，3 个采样点，旧→新）：
WARNING:pet.gui_stall_sampler:  [t-144ms] verify_multi.py:309:<module> <- verify_multi.py:245:main
WARNING:pet.gui_stall_sampler:  [t-68ms] webm_clip.py:2499:_poll <- webm_clip.py:2750:_process_frame <- window_optional_services.py:62:<lambda> <- verify_multi.py:93:observed_frame <- window.py:1917:_on_frame <- window.py:2106:_rebuild_frame
WARNING:pet.gui_stall_sampler:  [t-0ms] verify_multi.py:309:<module> <- verify_multi.py:245:main <- window.py:2464:paintEvent
WARNING:root:GUI 卡顿 116ms state=IDLE anim=余额-分文不剩 physics=None
WARNING:pet.gui_stall_sampler:GUI 冻结现场（116ms，3 个采样点，旧→新）：
WARNING:pet.gui_stall_sampler:  [t-145ms] verify_multi.py:309:<module> <- verify_multi.py:245:main
WARNING:pet.gui_stall_sampler:  [t-69ms] webm_clip.py:2499:_poll <- webm_clip.py:2750:_process_frame <- window_optional_services.py:62:<lambda> <- verify_multi.py:93:observed_frame <- window.py:1917:_on_frame <- window.py:2106:_rebuild_frame
WARNING:pet.gui_stall_sampler:  [t-0ms] verify_multi.py:309:<module> <- verify_multi.py:245:main <- window.py:2464:paintEvent
WARNING:root:GUI 卡顿 117ms state=IDLE anim=待机呼吸休闲 physics=None
WARNING:pet.gui_stall_sampler:GUI 冻结现场（117ms，2 个采样点，旧→新）：
WARNING:pet.gui_stall_sampler:  [t-161ms] verify_multi.py:309:<module> <- verify_multi.py:245:main
WARNING:pet.gui_stall_sampler:  [t-31ms] webm_clip.py:2750:_process_frame <- window_optional_services.py:62:<lambda> <- verify_multi.py:93:observed_frame <- window.py:1917:_on_frame <- window.py:2124:_rebuild_frame <- window.py:2263:_sync_mask
WARNING:root:GUI 卡顿 118ms state=IDLE anim=东张西望 physics=None
WARNING:pet.gui_stall_sampler:GUI 冻结现场（118ms，2 个采样点，旧→新）：
WARNING:pet.gui_stall_sampler:  [t-161ms] verify_multi.py:309:<module> <- verify_multi.py:245:main
WARNING:pet.gui_stall_sampler:  [t-32ms] webm_clip.py:2750:_process_frame <- window_optional_services.py:62:<lambda> <- verify_multi.py:93:observed_frame <- window.py:1917:_on_frame <- window.py:2124:_rebuild_frame <- window.py:2263:_sync_mask
WARNING:root:GUI 卡顿 118ms state=IDLE anim=余额-分文不剩 physics=None
WARNING:pet.gui_stall_sampler:GUI 冻结现场（118ms，2 个采样点，旧→新）：
WARNING:pet.gui_stall_sampler:  [t-161ms] verify_multi.py:309:<module> <- verify_multi.py:245:main
WARNING:pet.gui_stall_sampler:  [t-32ms] webm_clip.py:2750:_process_frame <- window_optional_services.py:62:<lambda> <- verify_multi.py:93:observed_frame <- window.py:1917:_on_frame <- window.py:2124:_rebuild_frame <- window.py:2263:_sync_mask
WARNING:root:GUI 卡顿 189ms state=IDLE anim=待机呼吸休闲 physics=None
WARNING:pet.gui_stall_sampler:GUI 冻结现场（189ms，2 个采样点，旧→新）：
WARNING:pet.gui_stall_sampler:  [t-206ms] verify_multi.py:309:<module> <- verify_multi.py:245:main
WARNING:pet.gui_stall_sampler:  [t-55ms] verify_multi.py:93:observed_frame <- window.py:1917:_on_frame <- window.py:2124:_rebuild_frame <- window.py:2270:_sync_mask <- window_optional_services.py:42:effects_coverage <- frame_edges.py:34:coverage_region
WARNING:root:GUI 卡顿 203ms state=IDLE anim=东张西望 physics=None
WARNING:pet.gui_stall_sampler:GUI 冻结现场（203ms，2 个采样点，旧→新）：
WARNING:pet.gui_stall_sampler:  [t-213ms] verify_multi.py:309:<module> <- verify_multi.py:245:main
WARNING:pet.gui_stall_sampler:  [t-62ms] verify_multi.py:93:observed_frame <- window.py:1917:_on_frame <- window.py:2124:_rebuild_frame <- window.py:2270:_sync_mask <- window_optional_services.py:42:effects_coverage <- frame_edges.py:34:coverage_region
WARNING:root:GUI 卡顿 209ms state=IDLE anim=余额-分文不剩 physics=None
WARNING:pet.gui_stall_sampler:GUI 冻结现场（209ms，2 个采样点，旧→新）：
WARNING:pet.gui_stall_sampler:  [t-219ms] verify_multi.py:309:<module> <- verify_multi.py:245:main
WARNING:pet.gui_stall_sampler:  [t-68ms] verify_multi.py:93:observed_frame <- window.py:1917:_on_frame <- window.py:2124:_rebuild_frame <- window.py:2270:_sync_mask <- window_optional_services.py:42:effects_coverage <- frame_edges.py:34:coverage_region
WARNING:root:GUI 卡顿 112ms state=IDLE anim=待机呼吸休闲 physics=None
WARNING:pet.gui_stall_sampler:GUI 冻结现场（112ms，2 个采样点，旧→新）：
WARNING:pet.gui_stall_sampler:  [t-128ms] verify_multi.py:309:<module> <- verify_multi.py:245:main
WARNING:pet.gui_stall_sampler:  [t-48ms] verify_multi.py:309:<module> <- verify_multi.py:245:main <- webm_clip.py:2499:_poll <- webm_clip.py:2724:_process_frame
WARNING:root:GUI 卡顿 114ms state=IDLE anim=东张西望 physics=None
WARNING:pet.gui_stall_sampler:GUI 冻结现场（114ms，2 个采样点，旧→新）：
WARNING:pet.gui_stall_sampler:  [t-128ms] verify_multi.py:309:<module> <- verify_multi.py:245:main
WARNING:pet.gui_stall_sampler:  [t-48ms] verify_multi.py:309:<module> <- verify_multi.py:245:main <- webm_clip.py:2499:_poll <- webm_clip.py:2724:_process_frame
WARNING:root:GUI 卡顿 114ms state=IDLE anim=余额-分文不剩 physics=None
WARNING:pet.gui_stall_sampler:GUI 冻结现场（114ms，2 个采样点，旧→新）：
WARNING:pet.gui_stall_sampler:  [t-128ms] verify_multi.py:309:<module> <- verify_multi.py:245:main
WARNING:pet.gui_stall_sampler:  [t-48ms] verify_multi.py:309:<module> <- verify_multi.py:245:main <- webm_clip.py:2499:_poll <- webm_clip.py:2724:_process_frame
WARNING:root:GUI 卡顿 124ms state=IDLE anim=待机呼吸休闲 physics=None
WARNING:pet.gui_stall_sampler:GUI 冻结现场（124ms，2 个采样点，旧→新）：
WARNING:pet.gui_stall_sampler:  [t-160ms] webm_clip.py:2499:_poll <- webm_clip.py:2750:_process_frame <- window_optional_services.py:62:<lambda> <- verify_multi.py:93:observed_frame <- window.py:1919:_on_frame <- window.py:2126:_rebuild_frame
WARNING:pet.gui_stall_sampler:  [t-52ms] webm_clip.py:2499:_poll <- webm_clip.py:2750:_process_frame <- window_optional_services.py:62:<lambda> <- verify_multi.py:93:observed_frame <- window.py:1917:_on_frame <- window.py:2124:_rebuild_frame
WARNING:root:GUI 卡顿 124ms state=IDLE anim=东张西望 physics=None
WARNING:pet.gui_stall_sampler:GUI 冻结现场（124ms，2 个采样点，旧→新）：
WARNING:pet.gui_stall_sampler:  [t-160ms] webm_clip.py:2499:_poll <- webm_clip.py:2750:_process_frame <- window_optional_services.py:62:<lambda> <- verify_multi.py:93:observed_frame <- window.py:1919:_on_frame <- window.py:2126:_rebuild_frame
WARNING:pet.gui_stall_sampler:  [t-52ms] webm_clip.py:2499:_poll <- webm_clip.py:2750:_process_frame <- window_optional_services.py:62:<lambda> <- verify_multi.py:93:observed_frame <- window.py:1917:_on_frame <- window.py:2124:_rebuild_frame
WARNING:root:GUI 卡顿 125ms state=IDLE anim=余额-分文不剩 physics=None
WARNING:pet.gui_stall_sampler:GUI 冻结现场（125ms，2 个采样点，旧→新）：
WARNING:pet.gui_stall_sampler:  [t-160ms] webm_clip.py:2499:_poll <- webm_clip.py:2750:_process_frame <- window_optional_services.py:62:<lambda> <- verify_multi.py:93:observed_frame <- window.py:1919:_on_frame <- window.py:2126:_rebuild_frame
WARNING:pet.gui_stall_sampler:  [t-52ms] webm_clip.py:2499:_poll <- webm_clip.py:2750:_process_frame <- window_optional_services.py:62:<lambda> <- verify_multi.py:93:observed_frame <- window.py:1917:_on_frame <- window.py:2124:_rebuild_frame
WARNING:root:GUI 卡顿 162ms state=IDLE anim=待机呼吸休闲 physics=None
WARNING:pet.gui_stall_sampler:GUI 冻结现场（162ms，2 个采样点，旧→新）：
WARNING:pet.gui_stall_sampler:  [t-164ms] verify_multi.py:309:<module> <- verify_multi.py:245:main
WARNING:pet.gui_stall_sampler:  [t-15ms] webm_clip.py:2750:_process_frame <- window_optional_services.py:62:<lambda> <- verify_multi.py:93:observed_frame <- window.py:1917:_on_frame <- window.py:2068:_rebuild_frame <- window.py:1990:_frame_signature
WARNING:root:GUI 卡顿 163ms state=IDLE anim=东张西望 physics=None
WARNING:pet.gui_stall_sampler:GUI 冻结现场（163ms，2 个采样点，旧→新）：
WARNING:pet.gui_stall_sampler:  [t-164ms] verify_multi.py:309:<module> <- verify_multi.py:245:main
WARNING:pet.gui_stall_sampler:  [t-15ms] webm_clip.py:2750:_process_frame <- window_optional_services.py:62:<lambda> <- verify_multi.py:93:observed_frame <- window.py:1917:_on_frame <- window.py:2068:_rebuild_frame <- window.py:1990:_frame_signature
WARNING:root:GUI 卡顿 163ms state=IDLE anim=余额-分文不剩 physics=None
WARNING:pet.gui_stall_sampler:GUI 冻结现场（163ms，2 个采样点，旧→新）：
WARNING:pet.gui_stall_sampler:  [t-164ms] verify_multi.py:309:<module> <- verify_multi.py:245:main
WARNING:pet.gui_stall_sampler:  [t-15ms] webm_clip.py:2750:_process_frame <- window_optional_services.py:62:<lambda> <- verify_multi.py:93:observed_frame <- window.py:1917:_on_frame <- window.py:2068:_rebuild_frame <- window.py:1990:_frame_signature
WARNING:root:GUI 卡顿 572ms state=IDLE anim=待机呼吸休闲 physics=None
WARNING:pet.gui_stall_sampler:GUI 冻结现场（572ms，11 个采样点，旧→新）：
WARNING:pet.gui_stall_sampler:  [t-609ms] verify_multi.py:309:<module> <- verify_multi.py:245:main
WARNING:pet.gui_stall_sampler:  [t-552ms] window.py:1705:switch_clip <- window.py:1669:_switch <- webm_clip.py:1634:start <- threading.py:979:start <- threading.py:659:wait <- threading.py:359:wait
WARNING:pet.gui_stall_sampler:  [t-497ms] window.py:1705:switch_clip <- window.py:1687:_switch <- library.py:918:release_superseded_movies <- webm_clip.py:1140:cleanup <- webm_clip.py:1197:_reap_retired <- threading.py:1092:join
WARNING:pet.gui_stall_sampler:  [t-46ms] window.py:1705:switch_clip <- window.py:1687:_switch <- library.py:918:release_superseded_movies <- webm_clip.py:1144:cleanup <- webm_clip.py:1165:_retire_grace_wait <- threading.py:1092:join
WARNING:root:GUI 卡顿 573ms state=IDLE anim=东张西望 physics=None
WARNING:pet.gui_stall_sampler:GUI 冻结现场（573ms，11 个采样点，旧→新）：
WARNING:pet.gui_stall_sampler:  [t-609ms] verify_multi.py:309:<module> <- verify_multi.py:245:main
WARNING:pet.gui_stall_sampler:  [t-552ms] window.py:1705:switch_clip <- window.py:1669:_switch <- webm_clip.py:1634:start <- threading.py:979:start <- threading.py:659:wait <- threading.py:359:wait
WARNING:pet.gui_stall_sampler:  [t-497ms] window.py:1705:switch_clip <- window.py:1687:_switch <- library.py:918:release_superseded_movies <- webm_clip.py:1140:cleanup <- webm_clip.py:1197:_reap_retired <- threading.py:1092:join
WARNING:pet.gui_stall_sampler:  [t-46ms] window.py:1705:switch_clip <- window.py:1687:_switch <- library.py:918:release_superseded_movies <- webm_clip.py:1144:cleanup <- webm_clip.py:1165:_retire_grace_wait <- threading.py:1092:join
WARNING:root:GUI 卡顿 573ms state=IDLE anim=余额-分文不剩 physics=None
WARNING:pet.gui_stall_sampler:GUI 冻结现场（573ms，11 个采样点，旧→新）：
WARNING:pet.gui_stall_sampler:  [t-609ms] verify_multi.py:309:<module> <- verify_multi.py:245:main
WARNING:pet.gui_stall_sampler:  [t-552ms] window.py:1705:switch_clip <- window.py:1669:_switch <- webm_clip.py:1634:start <- threading.py:979:start <- threading.py:659:wait <- threading.py:359:wait
WARNING:pet.gui_stall_sampler:  [t-497ms] window.py:1705:switch_clip <- window.py:1687:_switch <- library.py:918:release_superseded_movies <- webm_clip.py:1140:cleanup <- webm_clip.py:1197:_reap_retired <- threading.py:1092:join
WARNING:pet.gui_stall_sampler:  [t-46ms] window.py:1705:switch_clip <- window.py:1687:_switch <- library.py:918:release_superseded_movies <- webm_clip.py:1144:cleanup <- webm_clip.py:1165:_retire_grace_wait <- threading.py:1092:join
WARNING:root:GUI 卡顿 132ms state=IDLE anim=待机呼吸休闲 physics=None
WARNING:pet.gui_stall_sampler:GUI 冻结现场（132ms，1 个采样点，旧→新）：
WARNING:pet.gui_stall_sampler:  [t-139ms] verify_multi.py:309:<module> <- verify_multi.py:245:main
WARNING:root:GUI 卡顿 137ms state=IDLE anim=东张西望 physics=None
WARNING:pet.gui_stall_sampler:GUI 冻结现场（137ms，1 个采样点，旧→新）：
WARNING:pet.gui_stall_sampler:  [t-139ms] verify_multi.py:309:<module> <- verify_multi.py:245:main
WARNING:root:GUI 卡顿 137ms state=IDLE anim=余额-分文不剩 physics=None
WARNING:pet.gui_stall_sampler:GUI 冻结现场（137ms，1 个采样点，旧→新）：
WARNING:pet.gui_stall_sampler:  [t-139ms] verify_multi.py:309:<module> <- verify_multi.py:245:main
WARNING:root:GUI 卡顿 217ms state=IDLE anim=待机呼吸休闲 physics=None
WARNING:pet.gui_stall_sampler:GUI 冻结现场（217ms，2 个采样点，旧→新）：
WARNING:pet.gui_stall_sampler:  [t-237ms] verify_multi.py:309:<module> <- verify_multi.py:245:main
WARNING:pet.gui_stall_sampler:  [t-9ms] verify_multi.py:309:<module> <- verify_multi.py:245:main <- webm_clip.py:2499:_poll <- webm_clip.py:2750:_process_frame
WARNING:root:GUI 卡顿 219ms state=IDLE anim=东张西望 physics=None
WARNING:pet.gui_stall_sampler:GUI 冻结现场（219ms，2 个采样点，旧→新）：
WARNING:pet.gui_stall_sampler:  [t-237ms] verify_multi.py:309:<module> <- verify_multi.py:245:main
WARNING:pet.gui_stall_sampler:  [t-9ms] verify_multi.py:309:<module> <- verify_multi.py:245:main <- webm_clip.py:2499:_poll <- webm_clip.py:2750:_process_frame
WARNING:root:GUI 卡顿 219ms state=IDLE anim=余额-分文不剩 physics=None
WARNING:pet.gui_stall_sampler:GUI 冻结现场（219ms，2 个采样点，旧→新）：
WARNING:pet.gui_stall_sampler:  [t-237ms] verify_multi.py:309:<module> <- verify_multi.py:245:main
WARNING:pet.gui_stall_sampler:  [t-9ms] verify_multi.py:309:<module> <- verify_multi.py:245:main <- webm_clip.py:2499:_poll <- webm_clip.py:2750:_process_frame
WARNING:root:GUI 卡顿 332ms state=IDLE anim=待机呼吸休闲 physics=None
WARNING:pet.gui_stall_sampler:GUI 冻结现场（332ms，1 个采样点，旧→新）：
WARNING:pet.gui_stall_sampler:  [t-378ms] verify_multi.py:309:<module> <- verify_multi.py:245:main
WARNING:root:GUI 卡顿 345ms state=IDLE anim=东张西望 physics=None
WARNING:pet.gui_stall_sampler:GUI 冻结现场（345ms，1 个采样点，旧→新）：
WARNING:pet.gui_stall_sampler:  [t-378ms] verify_multi.py:309:<module> <- verify_multi.py:245:main
WARNING:root:GUI 卡顿 345ms state=IDLE anim=余额-分文不剩 physics=None
WARNING:pet.gui_stall_sampler:GUI 冻结现场（345ms，1 个采样点，旧→新）：
WARNING:pet.gui_stall_sampler:  [t-378ms] verify_multi.py:309:<module> <- verify_multi.py:245:main
WARNING:root:GUI 卡顿 103ms state=IDLE anim=待机呼吸休闲 physics=None
WARNING:pet.gui_stall_sampler:GUI 冻结现场（103ms，1 个采样点，旧→新）：
WARNING:pet.gui_stall_sampler:  [t-107ms] verify_multi.py:309:<module> <- verify_multi.py:245:main
WARNING:root:GUI 卡顿 104ms state=IDLE anim=东张西望 physics=None
WARNING:pet.gui_stall_sampler:GUI 冻结现场（104ms，1 个采样点，旧→新）：
WARNING:pet.gui_stall_sampler:  [t-107ms] verify_multi.py:309:<module> <- verify_multi.py:245:main
WARNING:root:GUI 卡顿 104ms state=IDLE anim=余额-分文不剩 physics=None
WARNING:pet.gui_stall_sampler:GUI 冻结现场（104ms，1 个采样点，旧→新）：
WARNING:pet.gui_stall_sampler:  [t-107ms] verify_multi.py:309:<module> <- verify_multi.py:245:main
WARNING:root:GUI 卡顿 103ms state=IDLE anim=待机呼吸休闲 physics=None
WARNING:pet.gui_stall_sampler:GUI 冻结现场（103ms，2 个采样点，旧→新）：
WARNING:pet.gui_stall_sampler:  [t-104ms] verify_multi.py:309:<module> <- verify_multi.py:245:main
WARNING:pet.gui_stall_sampler:  [t-28ms] webm_clip.py:2499:_poll <- webm_clip.py:2750:_process_frame <- window_optional_services.py:62:<lambda> <- verify_multi.py:93:observed_frame <- window.py:1917:_on_frame <- window.py:2099:_rebuild_frame
WARNING:root:GUI 卡顿 104ms state=IDLE anim=东张西望 physics=None
WARNING:pet.gui_stall_sampler:GUI 冻结现场（104ms，2 个采样点，旧→新）：
WARNING:pet.gui_stall_sampler:  [t-105ms] verify_multi.py:309:<module> <- verify_multi.py:245:main
WARNING:pet.gui_stall_sampler:  [t-29ms] webm_clip.py:2499:_poll <- webm_clip.py:2750:_process_frame <- window_optional_services.py:62:<lambda> <- verify_multi.py:93:observed_frame <- window.py:1917:_on_frame <- window.py:2099:_rebuild_frame
WARNING:root:GUI 卡顿 105ms state=IDLE anim=余额-分文不剩 physics=None
WARNING:pet.gui_stall_sampler:GUI 冻结现场（105ms，2 个采样点，旧→新）：
WARNING:pet.gui_stall_sampler:  [t-105ms] verify_multi.py:309:<module> <- verify_multi.py:245:main
WARNING:pet.gui_stall_sampler:  [t-29ms] webm_clip.py:2499:_poll <- webm_clip.py:2750:_process_frame <- window_optional_services.py:62:<lambda> <- verify_multi.py:93:observed_frame <- window.py:1917:_on_frame <- window.py:2099:_rebuild_frame
WARNING:root:GUI 卡顿 118ms state=IDLE anim=待机呼吸休闲 physics=None
WARNING:pet.gui_stall_sampler:GUI 冻结现场（118ms，1 个采样点，旧→新）：
WARNING:pet.gui_stall_sampler:  [t-131ms] verify_multi.py:309:<module> <- verify_multi.py:245:main
WARNING:root:GUI 卡顿 120ms state=IDLE anim=东张西望 physics=None
WARNING:pet.gui_stall_sampler:GUI 冻结现场（120ms，1 个采样点，旧→新）：
WARNING:pet.gui_stall_sampler:  [t-131ms] verify_multi.py:309:<module> <- verify_multi.py:245:main
WARNING:root:GUI 卡顿 120ms state=IDLE anim=余额-分文不剩 physics=None
WARNING:pet.gui_stall_sampler:GUI 冻结现场（120ms，1 个采样点，旧→新）：
WARNING:pet.gui_stall_sampler:  [t-132ms] verify_multi.py:309:<module> <- verify_multi.py:245:main
WARNING:root:GUI 卡顿 153ms state=IDLE anim=待机呼吸休闲 physics=None
WARNING:pet.gui_stall_sampler:GUI 冻结现场（153ms，3 个采样点，旧→新）：
WARNING:pet.gui_stall_sampler:  [t-198ms] verify_multi.py:309:<module> <- verify_multi.py:245:main
WARNING:pet.gui_stall_sampler:  [t-115ms] verify_multi.py:309:<module> <- verify_multi.py:245:main <- webm_clip.py:2499:_poll <- webm_clip.py:2724:_process_frame
WARNING:pet.gui_stall_sampler:  [t-30ms] webm_clip.py:2750:_process_frame <- window_optional_services.py:62:<lambda> <- verify_multi.py:93:observed_frame <- window.py:1917:_on_frame <- window.py:2124:_rebuild_frame <- window.py:2263:_sync_mask
WARNING:root:GUI 卡顿 154ms state=IDLE anim=东张西望 physics=None
WARNING:pet.gui_stall_sampler:GUI 冻结现场（154ms，3 个采样点，旧→新）：
WARNING:pet.gui_stall_sampler:  [t-199ms] verify_multi.py:309:<module> <- verify_multi.py:245:main
WARNING:pet.gui_stall_sampler:  [t-115ms] verify_multi.py:309:<module> <- verify_multi.py:245:main <- webm_clip.py:2499:_poll <- webm_clip.py:2724:_process_frame
WARNING:pet.gui_stall_sampler:  [t-30ms] webm_clip.py:2750:_process_frame <- window_optional_services.py:62:<lambda> <- verify_multi.py:93:observed_frame <- window.py:1917:_on_frame <- window.py:2124:_rebuild_frame <- window.py:2263:_sync_mask
WARNING:root:GUI 卡顿 154ms state=IDLE anim=余额-分文不剩 physics=None
WARNING:pet.gui_stall_sampler:GUI 冻结现场（154ms，3 个采样点，旧→新）：
WARNING:pet.gui_stall_sampler:  [t-199ms] verify_multi.py:309:<module> <- verify_multi.py:245:main
WARNING:pet.gui_stall_sampler:  [t-115ms] verify_multi.py:309:<module> <- verify_multi.py:245:main <- webm_clip.py:2499:_poll <- webm_clip.py:2724:_process_frame
WARNING:pet.gui_stall_sampler:  [t-30ms] webm_clip.py:2750:_process_frame <- window_optional_services.py:62:<lambda> <- verify_multi.py:93:observed_frame <- window.py:1917:_on_frame <- window.py:2124:_rebuild_frame <- window.py:2263:_sync_mask
WARNING:root:GUI 卡顿 106ms state=IDLE anim=待机呼吸休闲 physics=None
WARNING:pet.gui_stall_sampler:GUI 冻结现场（106ms，2 个采样点，旧→新）：
WARNING:pet.gui_stall_sampler:  [t-143ms] verify_multi.py:309:<module> <- verify_multi.py:245:main
WARNING:pet.gui_stall_sampler:  [t-13ms] window_optional_services.py:62:<lambda> <- verify_multi.py:93:observed_frame <- window.py:1917:_on_frame <- window.py:2068:_rebuild_frame <- window.py:1993:_frame_signature <- window.py:2034:_frame_content_fingerprint
WARNING:root:GUI 卡顿 107ms state=IDLE anim=东张西望 physics=None
WARNING:pet.gui_stall_sampler:GUI 冻结现场（107ms，2 个采样点，旧→新）：
WARNING:pet.gui_stall_sampler:  [t-143ms] verify_multi.py:309:<module> <- verify_multi.py:245:main
WARNING:pet.gui_stall_sampler:  [t-13ms] window_optional_services.py:62:<lambda> <- verify_multi.py:93:observed_frame <- window.py:1917:_on_frame <- window.py:2068:_rebuild_frame <- window.py:1993:_frame_signature <- window.py:2034:_frame_content_fingerprint
WARNING:root:GUI 卡顿 107ms state=IDLE anim=余额-分文不剩 physics=None
WARNING:pet.gui_stall_sampler:GUI 冻结现场（107ms，2 个采样点，旧→新）：
WARNING:pet.gui_stall_sampler:  [t-143ms] verify_multi.py:309:<module> <- verify_multi.py:245:main
WARNING:pet.gui_stall_sampler:  [t-13ms] window_optional_services.py:62:<lambda> <- verify_multi.py:93:observed_frame <- window.py:1917:_on_frame <- window.py:2068:_rebuild_frame <- window.py:1993:_frame_signature <- window.py:2034:_frame_content_fingerprint
{'max_first_frame_decoders': 1, 'steady_mib': 1007.5192413330078, 'peak_mib': 1467.8483047485352, 'growth_mib': -323.51583099365234, 'playback': {0: {'fps': 14.87191243051178, 'forward_gaps': 0, 'frames': 520, 'ten_second_bins': [{'start': 0, 'fps': 6.331934054079407, 'frames': 55}, {'start': 10, 'fps': 11.203502893381712, 'frames': 110}, {'start': 20, 'fps': 7.523383489223263, 'frames': 75}, {'start': 30, 'fps': 17.81132075471698, 'frames': 178}, {'start': 40, 'fps': 23.002421307506054, 'frames': 229}]}, 1: {'fps': 20.341717973953447, 'forward_gaps': 0, 'frames': 712, 'ten_second_bins': [{'start': 0, 'fps': 16.47136335827568, 'frames': 141}, {'start': 10, 'fps': 22.957853791554715, 'frames': 230}, {'start': 20, 'fps': 19.25655579864297, 'frames': 192}, {'start': 30, 'fps': 17.93910725381332, 'frames': 180}, {'start': 40, 'fps': 22.93185818456124, 'frames': 229}]}, 2: {'fps': 10.185309693496565, 'forward_gaps': 0, 'frames': 357, 'ten_second_bins': [{'start': 0, 'fps': 5.924170616113744, 'frames': 51}, {'start': 10, 'fps': 10.960016237061092, 'frames': 109}, {'start': 20, 'fps': 7.3838062003742495, 'frames': 74}, {'start': 30, 'fps': 11.625127659112144, 'frames': 108}, {'start': 40, 'fps': 13.072158313892686, 'frames': 131}]}}, 'queue_drops': 0, 'duplicate_first_images': [], 'lifecycle': {}, 'shared_process_enabled': True, 'source_widths': [1280, 1280, 2560], 'actions': {0: '待机呼吸休闲', 1: '东张西望', 2: '余额-分文不剩'}, 'initial_decode_routes': {0: {'idle_eligible': True, 'broker_active': True, 'feed': False, 'publish': True, 'path': '/Users/ray/Library/Caches/seeky8-baseline-3bc58a7/assets/characters_hq/shenshen/videos/idle/待机呼吸休闲.webm'}, 1: {'idle_eligible': False, 'broker_active': True, 'feed': False, 'publish': False, 'path': '/Users/ray/Library/Caches/seeky8-baseline-3bc58a7/assets/characters/shenshen/videos/turn/东张西望.webm'}, 2: {'idle_eligible': False, 'broker_active': True, 'feed': False, 'publish': False, 'path': '/Users/ray/Library/Caches/seeky8-baseline-3bc58a7/assets/characters_hq/shenshen/videos/events/balance/余额-分文不剩.webm'}}, 'live_ffmpeg_after_cleanup': []} ['Pet 0: fps=14.87, skipped source frames=0', 'Pet 1: fps=20.34, skipped source frames=0', 'Pet 2: fps=10.19, skipped source frames=0']
