QSystemTrayIcon::setVisible: No Icon set
WARNING:root:GUI 卡顿 1110ms state=IDLE anim=待机呼吸休闲 physics=None
WARNING:pet.gui_stall_sampler:GUI 冻结现场（1110ms，7 个采样点，旧→新）：
WARNING:pet.gui_stall_sampler:  [t-799ms] window.py:1050:_write_runtime_marker <- window_placement.py:211:write_runtime_marker <- slot_manager.py:596:write_runtime_marker <- _local.py:555:write_text <- _abc.py:651:write_text <- _local.py:537:open
WARNING:pet.gui_stall_sampler:  [t-739ms] inspect.py:1256:getsource <- inspect.py:1238:getsourcelines <- inspect.py:1074:findsource <- linecache.py:41:getlines <- linecache.py:148:updatecache <- tokenize.py:455:open
WARNING:pet.gui_stall_sampler:  [t-649ms] verify_seeky_multi.py:308:<module> <- verify_seeky_multi.py:113:main <- app.py:2627:spawn_pet <- app.py:2768:spawn_in_process_window <- app.py:537:_build_window <- file_eater.py:150:eventFilter
WARNING:pet.gui_stall_sampler:  [t-173ms] verify_seeky_multi.py:308:<module> <- verify_seeky_multi.py:244:main
WARNING:root:GUI 卡顿 738ms state=IDLE anim=待机呼吸休闲 physics=None
WARNING:pet.gui_stall_sampler:GUI 冻结现场（738ms，7 个采样点，旧→新）：
WARNING:pet.gui_stall_sampler:  [t-762ms] inspect.py:1256:getsource <- inspect.py:1238:getsourcelines <- inspect.py:1074:findsource <- linecache.py:41:getlines <- linecache.py:148:updatecache <- tokenize.py:455:open
WARNING:pet.gui_stall_sampler:  [t-673ms] verify_seeky_multi.py:308:<module> <- verify_seeky_multi.py:113:main <- app.py:2627:spawn_pet <- app.py:2768:spawn_in_process_window <- app.py:537:_build_window <- file_eater.py:150:eventFilter
WARNING:pet.gui_stall_sampler:  [t-196ms] verify_seeky_multi.py:308:<module> <- verify_seeky_multi.py:244:main
WARNING:pet.gui_stall_sampler:  [t-5ms] verify_seeky_multi.py:308:<module> <- verify_seeky_multi.py:244:main <- webm_clip.py:2439:_poll <- webm_clip.py:2663:_process_frame
WARNING:root:GUI 卡顿 676ms state=IDLE anim=待机呼吸休闲 physics=None
WARNING:pet.gui_stall_sampler:GUI 冻结现场（676ms，6 个采样点，旧→新）：
WARNING:pet.gui_stall_sampler:  [t-697ms] verify_seeky_multi.py:308:<module> <- verify_seeky_multi.py:113:main <- app.py:2627:spawn_pet <- app.py:2768:spawn_in_process_window <- app.py:537:_build_window <- file_eater.py:150:eventFilter
WARNING:pet.gui_stall_sampler:  [t-220ms] verify_seeky_multi.py:308:<module> <- verify_seeky_multi.py:244:main
WARNING:pet.gui_stall_sampler:  [t-29ms] verify_seeky_multi.py:308:<module> <- verify_seeky_multi.py:244:main <- webm_clip.py:2439:_poll <- webm_clip.py:2663:_process_frame
WARNING:root:GUI 卡顿 138ms state=IDLE anim=待机呼吸休闲 physics=None
WARNING:pet.gui_stall_sampler:GUI 冻结现场（138ms，3 个采样点，旧→新）：
WARNING:pet.gui_stall_sampler:  [t-143ms] verify_seeky_multi.py:308:<module> <- verify_seeky_multi.py:244:main
WARNING:root:GUI 卡顿 138ms state=IDLE anim=待机呼吸休闲 physics=None
WARNING:pet.gui_stall_sampler:GUI 冻结现场（138ms，3 个采样点，旧→新）：
WARNING:pet.gui_stall_sampler:  [t-143ms] verify_seeky_multi.py:308:<module> <- verify_seeky_multi.py:244:main
WARNING:root:GUI 卡顿 138ms state=IDLE anim=待机呼吸休闲 physics=None
WARNING:pet.gui_stall_sampler:GUI 冻结现场（138ms，3 个采样点，旧→新）：
WARNING:pet.gui_stall_sampler:  [t-143ms] verify_seeky_multi.py:308:<module> <- verify_seeky_multi.py:244:main
{'max_first_frame_decoders': 2, 'steady_mib': 1203.3009719848633, 'peak_mib': 1816.1761779785156, 'growth_mib': 795.4081840515137, 'playback': {0: {'fps': 21.922749328928347, 'forward_gaps': 0, 'frames': 1360, 'ten_second_bins': [{'start': 0, 'fps': 23.223611762268717, 'frames': 214}, {'start': 10, 'fps': 23.654405131803145, 'frames': 237}, {'start': 20, 'fps': 22.839779450235447, 'frames': 228}, {'start': 30, 'fps': 23.337807247741335, 'frames': 234}, {'start': 40, 'fps': 20.57881686860676, 'frames': 206}, {'start': 50, 'fps': 20.448043837382638, 'frames': 204}, {'start': 60, 'fps': 22.44431695804019, 'frames': 224}, {'start': 70, 'fps': 20.767702710837305, 'frames': 208}, {'start': 80, 'fps': 23.389347306711613, 'frames': 234}, {'start': 90, 'fps': 23.579677139805316, 'frames': 235}]}, 1: {'fps': 21.924372217073888, 'forward_gaps': 0, 'frames': 1359, 'ten_second_bins': [{'start': 0, 'fps': 23.254290580374686, 'frames': 214}, {'start': 10, 'fps': 23.638997304148386, 'frames': 236}, {'start': 20, 'fps': 22.4044045250869, 'frames': 224}, {'start': 30, 'fps': 23.46099859635052, 'frames': 235}, {'start': 40, 'fps': 20.37395746560012, 'frames': 204}, {'start': 50, 'fps': 20.565138058610632, 'frames': 205}, {'start': 60, 'fps': 22.280879592922318, 'frames': 223}, {'start': 70, 'fps': 20.960980328926134, 'frames': 209}, {'start': 80, 'fps': 23.48973077154732, 'frames': 235}, {'start': 90, 'fps': 23.550869878938524, 'frames': 236}]}, 2: {'fps': 22.093010120180168, 'forward_gaps': 0, 'frames': 1370, 'ten_second_bins': [{'start': 0, 'fps': 23.300078760829617, 'frames': 214}, {'start': 10, 'fps': 23.42579652735188, 'frames': 234}, {'start': 20, 'fps': 22.750734137125793, 'frames': 228}, {'start': 30, 'fps': 23.28300441469954, 'frames': 232}, {'start': 40, 'fps': 20.97993354681336, 'frames': 210}, {'start': 50, 'fps': 20.419807212996595, 'frames': 205}, {'start': 60, 'fps': 22.66043588607341, 'frames': 226}, {'start': 70, 'fps': 20.870542433424976, 'frames': 209}, {'start': 80, 'fps': 23.78538954847907, 'frames': 238}, {'start': 90, 'fps': 23.46593928940321, 'frames': 235}]}}, 'queue_drops': 0, 'duplicate_first_images': [], 'lifecycle': {}, 'shared_process_enabled': True, 'source_widths': [2560, 2560, 2560], 'actions': {0: '待机呼吸休闲', 1: '待机呼吸休闲', 2: '待机呼吸休闲'}, 'initial_decode_routes': {0: {'idle_eligible': True, 'broker_active': True, 'feed': False, 'publish': True, 'path': '/Users/ray/Library/Caches/seeky-native-v6-baseline/assets/characters_hq/shenshen/videos/idle/待机呼吸休闲.webm'}, 1: {'idle_eligible': True, 'broker_active': True, 'feed': True, 'publish': False, 'path': '/Users/ray/Library/Caches/seeky-native-v6-baseline/assets/characters_hq/shenshen/videos/idle/待机呼吸休闲.webm'}, 2: {'idle_eligible': True, 'broker_active': True, 'feed': True, 'publish': False, 'path': '/Users/ray/Library/Caches/seeky-native-v6-baseline/assets/characters_hq/shenshen/videos/idle/待机呼吸休闲.webm'}}, 'live_ffmpeg_after_cleanup': []} ['Pet 0: fps=21.92, skipped source frames=0', 'Pet 1: fps=21.92, skipped source frames=0']
