QSystemTrayIcon::setVisible: No Icon set
WARNING:root:GUI 卡顿 1173ms state=IDLE anim=待机呼吸休闲 physics=None
WARNING:pet.gui_stall_sampler:GUI 冻结现场（1173ms，11 个采样点，旧→新）：
WARNING:pet.gui_stall_sampler:  [t-1062ms] app.py:572:_create_ui <- app.py:537:_build_window <- window.py:4539:moveEvent <- window.py:1454:_submit_collision_state <- collision_client.py:244:_submit_collision_state <- collision_client.py:199:_collision_state
WARNING:pet.gui_stall_sampler:  [t-923ms] verify_seeky_multi.py:57:main <- app.py:1703:start <- app.py:1812:_create_ui_with_character_fallback <- app.py:572:_create_ui <- app.py:537:_build_window <- file_eater.py:150:eventFilter
WARNING:pet.gui_stall_sampler:  [t-845ms] verify_seeky_multi.py:308:<module> <- verify_seeky_multi.py:57:main <- app.py:1719:start <- app.py:1613:_install_config_watcher <- app.py:1623:_watch_config_file
WARNING:pet.gui_stall_sampler:  [t-754ms] window_placement.py:400:_move_towards <- window.py:938:_move_window_towards <- window_placement.py:132:move_window_towards <- window.py:2270:_sync_mask <- window_optional_services.py:42:effects_coverage <- frame_edges.py:17:coverage_region
WARNING:pet.gui_stall_sampler:  [t-694ms] app.py:2775:spawn_in_process_window <- app.py:652:_apply_spawn_offset <- window.py:938:_move_window_towards <- window_placement.py:142:move_window_towards <- window.py:2291:_sync_mask <- window_optional_services.py:44:effects_coverage
WARNING:pet.gui_stall_sampler:  [t-605ms] verify_seeky_multi.py:308:<module> <- verify_seeky_multi.py:151:main <- threading.py:979:start <- threading.py:659:wait <- threading.py:359:wait
WARNING:pet.gui_stall_sampler:  [t-553ms] verify_seeky_multi.py:308:<module> <- verify_seeky_multi.py:244:main
WARNING:root:GUI 卡顿 822ms state=IDLE anim=待机呼吸休闲 physics=None
WARNING:pet.gui_stall_sampler:GUI 冻结现场（822ms，9 个采样点，旧→新）：
WARNING:pet.gui_stall_sampler:  [t-786ms] window_placement.py:400:_move_towards <- window.py:938:_move_window_towards <- window_placement.py:132:move_window_towards <- window.py:2270:_sync_mask <- window_optional_services.py:42:effects_coverage <- frame_edges.py:17:coverage_region
WARNING:pet.gui_stall_sampler:  [t-726ms] app.py:2775:spawn_in_process_window <- app.py:652:_apply_spawn_offset <- window.py:938:_move_window_towards <- window_placement.py:142:move_window_towards <- window.py:2291:_sync_mask <- window_optional_services.py:44:effects_coverage
WARNING:pet.gui_stall_sampler:  [t-637ms] verify_seeky_multi.py:308:<module> <- verify_seeky_multi.py:151:main <- threading.py:979:start <- threading.py:659:wait <- threading.py:359:wait
WARNING:pet.gui_stall_sampler:  [t-585ms] verify_seeky_multi.py:308:<module> <- verify_seeky_multi.py:244:main
WARNING:pet.gui_stall_sampler:  [t-0ms] verify_seeky_multi.py:244:main <- window.py:1090:apply_current_native_window <- platform_mac.py:48:_mac_set_window_level <- util.py:78:find_library <- dyld.py:131:dyld_find <- <frozen genericpath>:39:isfile
WARNING:root:GUI 卡顿 734ms state=IDLE anim=待机呼吸休闲 physics=None
WARNING:pet.gui_stall_sampler:GUI 冻结现场（734ms，8 个采样点，旧→新）：
WARNING:pet.gui_stall_sampler:  [t-744ms] app.py:2775:spawn_in_process_window <- app.py:652:_apply_spawn_offset <- window.py:938:_move_window_towards <- window_placement.py:142:move_window_towards <- window.py:2291:_sync_mask <- window_optional_services.py:44:effects_coverage
WARNING:pet.gui_stall_sampler:  [t-655ms] verify_seeky_multi.py:308:<module> <- verify_seeky_multi.py:151:main <- threading.py:979:start <- threading.py:659:wait <- threading.py:359:wait
WARNING:pet.gui_stall_sampler:  [t-602ms] verify_seeky_multi.py:308:<module> <- verify_seeky_multi.py:244:main
WARNING:pet.gui_stall_sampler:  [t-18ms] verify_seeky_multi.py:244:main <- window.py:1090:apply_current_native_window <- platform_mac.py:48:_mac_set_window_level <- util.py:78:find_library <- dyld.py:131:dyld_find <- <frozen genericpath>:39:isfile
{'max_first_frame_decoders': 2, 'steady_mib': 948.6125564575195, 'peak_mib': 1723.5042572021484, 'growth_mib': -443.4697570800781, 'playback': {0: {'fps': 23.26215855396869, 'forward_gaps': 0, 'frames': 1442, 'ten_second_bins': [{'start': 0, 'fps': 23.337606416198273, 'frames': 214}, {'start': 10, 'fps': 23.573549474360004, 'frames': 236}, {'start': 20, 'fps': 23.38512184351038, 'frames': 234}, {'start': 30, 'fps': 23.596797289393546, 'frames': 235}, {'start': 40, 'fps': 23.589167051454492, 'frames': 236}, {'start': 50, 'fps': 22.779500456593514, 'frames': 228}, {'start': 60, 'fps': 23.104664128502094, 'frames': 231}, {'start': 70, 'fps': 23.13470205307962, 'frames': 232}, {'start': 80, 'fps': 23.236163920574562, 'frames': 232}, {'start': 90, 'fps': 23.59039779687957, 'frames': 234}]}, 1: {'fps': 23.369353684751133, 'forward_gaps': 0, 'frames': 1448, 'ten_second_bins': [{'start': 0, 'fps': 23.39142753599315, 'frames': 214}, {'start': 10, 'fps': 23.553806355501425, 'frames': 235}, {'start': 20, 'fps': 22.804902551737992, 'frames': 228}, {'start': 30, 'fps': 23.66341796013316, 'frames': 237}, {'start': 40, 'fps': 23.703346591137354, 'frames': 237}, {'start': 50, 'fps': 23.186252860641584, 'frames': 232}, {'start': 60, 'fps': 22.883065527866147, 'frames': 229}, {'start': 70, 'fps': 23.179175022927247, 'frames': 231}, {'start': 80, 'fps': 23.488080301129223, 'frames': 235}, {'start': 90, 'fps': 23.688526249721626, 'frames': 235}]}, 2: {'fps': 23.26452458677619, 'forward_gaps': 0, 'frames': 1442, 'ten_second_bins': [{'start': 0, 'fps': 23.3169454801421, 'frames': 213}, {'start': 10, 'fps': 23.23125659978881, 'frames': 232}, {'start': 20, 'fps': 23.203487554493037, 'frames': 232}, {'start': 30, 'fps': 23.234060529253803, 'frames': 232}, {'start': 40, 'fps': 23.657962006916954, 'frames': 237}, {'start': 50, 'fps': 22.781786613944053, 'frames': 228}, {'start': 60, 'fps': 22.98248089833276, 'frames': 229}, {'start': 70, 'fps': 23.16509391389804, 'frames': 232}, {'start': 80, 'fps': 23.17206512253106, 'frames': 232}, {'start': 90, 'fps': 23.787014729651432, 'frames': 235}]}}, 'queue_drops': 0, 'duplicate_first_images': [], 'lifecycle': {}, 'shared_process_enabled': True, 'source_widths': [2560, 2560, 2560], 'actions': {0: '待机呼吸休闲', 1: '待机呼吸休闲', 2: '待机呼吸休闲'}, 'initial_decode_routes': {0: {'idle_eligible': True, 'broker_active': True, 'feed': False, 'publish': True, 'path': '/Users/ray/Library/Caches/seeky-native-v6-baseline/assets/characters_hq/shenshen/videos/idle/待机呼吸休闲.webm'}, 1: {'idle_eligible': True, 'broker_active': True, 'feed': True, 'publish': False, 'path': '/Users/ray/Library/Caches/seeky-native-v6-baseline/assets/characters_hq/shenshen/videos/idle/待机呼吸休闲.webm'}, 2: {'idle_eligible': True, 'broker_active': True, 'feed': True, 'publish': False, 'path': '/Users/ray/Library/Caches/seeky-native-v6-baseline/assets/characters_hq/shenshen/videos/idle/待机呼吸休闲.webm'}}, 'live_ffmpeg_after_cleanup': []} []
