QSystemTrayIcon::setVisible: No Icon set
WARNING:root:GUI 卡顿 1224ms state=IDLE anim=待机呼吸休闲 physics=None
WARNING:pet.gui_stall_sampler:GUI 冻结现场（1224ms，11 个采样点，旧→新）：
WARNING:pet.gui_stall_sampler:  [t-1037ms] app.py:572:_create_ui <- app.py:537:_build_window <- window.py:1131:showEvent <- window.py:1454:_submit_collision_state <- collision_client.py:244:_submit_collision_state <- collision_client.py:199:_collision_state
WARNING:pet.gui_stall_sampler:  [t-899ms] verify_seeky_multi.py:57:main <- app.py:1703:start <- app.py:1812:_create_ui_with_character_fallback <- app.py:572:_create_ui <- app.py:539:_build_window <- app.py:3135:_build_tray
WARNING:pet.gui_stall_sampler:  [t-823ms] verify_seeky_multi.py:113:main <- app.py:2627:spawn_pet <- app.py:2740:spawn_in_process_window <- slot_manager.py:196:acquire_pet_slot <- slot_manager.py:128:_try_acquire_slot_lock <- slot_manager.py:100:_open_lock_file
WARNING:pet.gui_stall_sampler:  [t-768ms] inspect.py:1256:getsource <- inspect.py:1238:getsourcelines <- inspect.py:1074:findsource <- linecache.py:41:getlines <- linecache.py:148:updatecache <- tokenize.py:455:open
WARNING:pet.gui_stall_sampler:  [t-691ms] verify_seeky_multi.py:308:<module> <- verify_seeky_multi.py:113:main <- app.py:2627:spawn_pet <- app.py:2768:spawn_in_process_window <- app.py:537:_build_window <- file_eater.py:150:eventFilter
WARNING:pet.gui_stall_sampler:  [t-535ms] verify_seeky_multi.py:308:<module> <- verify_seeky_multi.py:244:main
WARNING:root:GUI 卡顿 768ms state=IDLE anim=待机呼吸休闲 physics=None
WARNING:pet.gui_stall_sampler:GUI 冻结现场（768ms，9 个采样点，旧→新）：
WARNING:pet.gui_stall_sampler:  [t-791ms] inspect.py:1256:getsource <- inspect.py:1238:getsourcelines <- inspect.py:1074:findsource <- linecache.py:41:getlines <- linecache.py:148:updatecache <- tokenize.py:455:open
WARNING:pet.gui_stall_sampler:  [t-714ms] verify_seeky_multi.py:308:<module> <- verify_seeky_multi.py:113:main <- app.py:2627:spawn_pet <- app.py:2768:spawn_in_process_window <- app.py:537:_build_window <- file_eater.py:150:eventFilter
WARNING:pet.gui_stall_sampler:  [t-558ms] verify_seeky_multi.py:308:<module> <- verify_seeky_multi.py:244:main
WARNING:pet.gui_stall_sampler:  [t-0ms] verify_seeky_multi.py:308:<module> <- verify_seeky_multi.py:244:main <- window.py:1090:apply_current_native_window <- platform_mac.py:60:_mac_set_window_level
WARNING:root:GUI 卡顿 704ms state=IDLE anim=待机呼吸休闲 physics=None
WARNING:pet.gui_stall_sampler:GUI 冻结现场（704ms，8 个采样点，旧→新）：
WARNING:pet.gui_stall_sampler:  [t-740ms] verify_seeky_multi.py:308:<module> <- verify_seeky_multi.py:113:main <- app.py:2627:spawn_pet <- app.py:2768:spawn_in_process_window <- app.py:537:_build_window <- file_eater.py:150:eventFilter
WARNING:pet.gui_stall_sampler:  [t-584ms] verify_seeky_multi.py:308:<module> <- verify_seeky_multi.py:244:main
WARNING:pet.gui_stall_sampler:  [t-26ms] verify_seeky_multi.py:308:<module> <- verify_seeky_multi.py:244:main <- window.py:1090:apply_current_native_window <- platform_mac.py:60:_mac_set_window_level
WARNING:root:GUI 卡顿 114ms state=IDLE anim=待机呼吸休闲 physics=None
WARNING:pet.gui_stall_sampler:GUI 冻结现场（114ms，3 个采样点，旧→新）：
WARNING:pet.gui_stall_sampler:  [t-149ms] verify_seeky_multi.py:308:<module> <- verify_seeky_multi.py:244:main
WARNING:pet.gui_stall_sampler:  [t-91ms] verify_seeky_multi.py:308:<module> <- verify_seeky_multi.py:244:main <- window.py:1090:apply_current_native_window <- platform_mac.py:60:_mac_set_window_level
WARNING:pet.gui_stall_sampler:  [t-21ms] window.py:1917:_on_frame <- window.py:2124:_rebuild_frame <- window.py:2270:_sync_mask <- window_optional_services.py:42:effects_coverage <- frame_edges.py:28:coverage_region <- Image.py:2046:point
WARNING:root:GUI 卡顿 200ms state=IDLE anim=待机呼吸休闲 physics=None
WARNING:pet.gui_stall_sampler:GUI 冻结现场（200ms，3 个采样点，旧→新）：
WARNING:pet.gui_stall_sampler:  [t-223ms] verify_seeky_multi.py:308:<module> <- verify_seeky_multi.py:244:main
WARNING:pet.gui_stall_sampler:  [t-141ms] verify_seeky_multi.py:308:<module> <- verify_seeky_multi.py:244:main <- webm_clip.py:2439:_poll <- webm_clip.py:2664:_process_frame
WARNING:pet.gui_stall_sampler:  [t-7ms] webm_clip.py:2439:_poll <- webm_clip.py:2690:_process_frame <- window_optional_services.py:62:<lambda> <- verify_seeky_multi.py:92:observed_frame <- window.py:1917:_on_frame <- window.py:2106:_rebuild_frame
WARNING:root:GUI 卡顿 201ms state=IDLE anim=待机呼吸休闲 physics=None
WARNING:pet.gui_stall_sampler:GUI 冻结现场（201ms，3 个采样点，旧→新）：
WARNING:pet.gui_stall_sampler:  [t-223ms] verify_seeky_multi.py:308:<module> <- verify_seeky_multi.py:244:main
WARNING:pet.gui_stall_sampler:  [t-142ms] verify_seeky_multi.py:308:<module> <- verify_seeky_multi.py:244:main <- webm_clip.py:2439:_poll <- webm_clip.py:2664:_process_frame
WARNING:pet.gui_stall_sampler:  [t-7ms] webm_clip.py:2439:_poll <- webm_clip.py:2690:_process_frame <- window_optional_services.py:62:<lambda> <- verify_seeky_multi.py:92:observed_frame <- window.py:1917:_on_frame <- window.py:2106:_rebuild_frame
WARNING:root:GUI 卡顿 201ms state=IDLE anim=待机呼吸休闲 physics=None
WARNING:pet.gui_stall_sampler:GUI 冻结现场（201ms，3 个采样点，旧→新）：
WARNING:pet.gui_stall_sampler:  [t-224ms] verify_seeky_multi.py:308:<module> <- verify_seeky_multi.py:244:main
WARNING:pet.gui_stall_sampler:  [t-142ms] verify_seeky_multi.py:308:<module> <- verify_seeky_multi.py:244:main <- webm_clip.py:2439:_poll <- webm_clip.py:2664:_process_frame
WARNING:pet.gui_stall_sampler:  [t-8ms] webm_clip.py:2439:_poll <- webm_clip.py:2690:_process_frame <- window_optional_services.py:62:<lambda> <- verify_seeky_multi.py:92:observed_frame <- window.py:1917:_on_frame <- window.py:2106:_rebuild_frame
{'max_first_frame_decoders': 2, 'steady_mib': 1126.792335510254, 'peak_mib': 2049.114433288574, 'growth_mib': -648.7048988342285, 'playback': {0: {'fps': 21.26234047190449, 'forward_gaps': 0, 'frames': 1318, 'ten_second_bins': [{'start': 0, 'fps': 20.893726412514358, 'frames': 192}, {'start': 10, 'fps': 18.386231425385056, 'frames': 184}, {'start': 20, 'fps': 22.39023263752924, 'frames': 224}, {'start': 30, 'fps': 21.091113610798654, 'frames': 211}, {'start': 40, 'fps': 16.27731725697061, 'frames': 163}, {'start': 50, 'fps': 22.767110591743396, 'frames': 227}, {'start': 60, 'fps': 22.936472008450263, 'frames': 229}, {'start': 70, 'fps': 23.67790029196058, 'frames': 237}, {'start': 80, 'fps': 20.875988598498534, 'frames': 209}, {'start': 90, 'fps': 22.79208000321296, 'frames': 228}]}, 1: {'fps': 21.343666916186987, 'forward_gaps': 0, 'frames': 1324, 'ten_second_bins': [{'start': 0, 'fps': 20.82922230261571, 'frames': 191}, {'start': 10, 'fps': 18.46055060598764, 'frames': 185}, {'start': 20, 'fps': 22.32614270629054, 'frames': 223}, {'start': 30, 'fps': 21.479258463731174, 'frames': 215}, {'start': 40, 'fps': 16.06167683906199, 'frames': 161}, {'start': 50, 'fps': 22.68694038880374, 'frames': 226}, {'start': 60, 'fps': 23.29738306119582, 'frames': 233}, {'start': 70, 'fps': 23.587746416670008, 'frames': 236}, {'start': 80, 'fps': 21.295189497051833, 'frames': 213}, {'start': 90, 'fps': 22.888832871187287, 'frames': 228}]}, 2: {'fps': 21.382831764721068, 'forward_gaps': 0, 'frames': 1326, 'ten_second_bins': [{'start': 0, 'fps': 20.76900253843364, 'frames': 190}, {'start': 10, 'fps': 18.259159677354628, 'frames': 183}, {'start': 20, 'fps': 22.41273606239384, 'frames': 224}, {'start': 30, 'fps': 21.246243967584302, 'frames': 211}, {'start': 40, 'fps': 16.065870067275824, 'frames': 161}, {'start': 50, 'fps': 22.774681809478707, 'frames': 227}, {'start': 60, 'fps': 23.366829131315573, 'frames': 234}, {'start': 70, 'fps': 23.584432267517702, 'frames': 236}, {'start': 80, 'fps': 21.57171081811217, 'frames': 215}, {'start': 90, 'fps': 22.794826478149105, 'frames': 228}]}}, 'queue_drops': 0, 'duplicate_first_images': [], 'lifecycle': {}, 'shared_process_enabled': True, 'source_widths': [2560, 2560, 2560], 'actions': {0: '待机呼吸休闲', 1: '待机呼吸休闲', 2: '待机呼吸休闲'}, 'initial_decode_routes': {0: {'idle_eligible': True, 'broker_active': True, 'feed': False, 'publish': True, 'path': '/Users/ray/Library/Caches/seeky-native-v6-baseline/assets/characters_hq/shenshen/videos/idle/待机呼吸休闲.webm'}, 1: {'idle_eligible': True, 'broker_active': True, 'feed': True, 'publish': False, 'path': '/Users/ray/Library/Caches/seeky-native-v6-baseline/assets/characters_hq/shenshen/videos/idle/待机呼吸休闲.webm'}, 2: {'idle_eligible': True, 'broker_active': True, 'feed': True, 'publish': False, 'path': '/Users/ray/Library/Caches/seeky-native-v6-baseline/assets/characters_hq/shenshen/videos/idle/待机呼吸休闲.webm'}}, 'live_ffmpeg_after_cleanup': []} ['Pet 0: fps=21.26, skipped source frames=0', 'Pet 1: fps=21.34, skipped source frames=0', 'Pet 2: fps=21.38, skipped source frames=0']
