QSystemTrayIcon::setVisible: No Icon set
WARNING:root:GUI 卡顿 997ms state=IDLE anim=待机呼吸休闲 physics=None
WARNING:pet.gui_stall_sampler:GUI 冻结现场（997ms，8 个采样点，旧→新）：
WARNING:pet.gui_stall_sampler:  [t-942ms] <frozen importlib._bootstrap>:1360:_find_and_load <- <frozen importlib._bootstrap>:1331:_find_and_load_unlocked <- <frozen importlib._bootstrap>:935:_load_unlocked <- <frozen importlib._bootstrap_external>:1022:exec_module <- <frozen importlib._bootstrap_external>:1118:get_code <- <frozen importlib._bootstrap_external>:1218:get_data
WARNING:pet.gui_stall_sampler:  [t-746ms] app.py:539:_build_window <- app.py:3174:_build_tray <- catalog.py:229:list_available_characters <- catalog.py:195:external_character_dirs <- _abc.py:746:cwd <- _local.py:649:absolute
WARNING:pet.gui_stall_sampler:  [t-680ms] window.py:746:__init__ <- window.py:1669:_switch <- webm_clip.py:1634:start <- threading.py:979:start <- threading.py:659:wait <- threading.py:359:wait
WARNING:pet.gui_stall_sampler:  [t-613ms] app.py:2768:spawn_in_process_window <- app.py:537:_build_window <- window.py:4539:moveEvent <- window.py:1454:_submit_collision_state <- collision_client.py:255:_submit_collision_state <- collision_ipc.py:1261:submit_state
WARNING:pet.gui_stall_sampler:  [t-531ms] verify_seeky_multi.py:308:<module> <- verify_seeky_multi.py:113:main <- app.py:2627:spawn_pet <- app.py:2768:spawn_in_process_window <- app.py:537:_build_window <- file_eater.py:153:eventFilter
WARNING:pet.gui_stall_sampler:  [t-144ms] verify_seeky_multi.py:308:<module> <- verify_seeky_multi.py:244:main
WARNING:root:GUI 卡顿 706ms state=IDLE anim=待机呼吸休闲 physics=None
WARNING:pet.gui_stall_sampler:GUI 冻结现场（706ms，6 个采样点，旧→新）：
WARNING:pet.gui_stall_sampler:  [t-696ms] window.py:746:__init__ <- window.py:1669:_switch <- webm_clip.py:1634:start <- threading.py:979:start <- threading.py:659:wait <- threading.py:359:wait
WARNING:pet.gui_stall_sampler:  [t-629ms] app.py:2768:spawn_in_process_window <- app.py:537:_build_window <- window.py:4539:moveEvent <- window.py:1454:_submit_collision_state <- collision_client.py:255:_submit_collision_state <- collision_ipc.py:1261:submit_state
WARNING:pet.gui_stall_sampler:  [t-547ms] verify_seeky_multi.py:308:<module> <- verify_seeky_multi.py:113:main <- app.py:2627:spawn_pet <- app.py:2768:spawn_in_process_window <- app.py:537:_build_window <- file_eater.py:153:eventFilter
WARNING:pet.gui_stall_sampler:  [t-160ms] verify_seeky_multi.py:308:<module> <- verify_seeky_multi.py:244:main
WARNING:root:GUI 卡顿 620ms state=IDLE anim=待机呼吸休闲 physics=None
WARNING:pet.gui_stall_sampler:GUI 冻结现场（620ms，5 个采样点，旧→新）：
WARNING:pet.gui_stall_sampler:  [t-641ms] app.py:2768:spawn_in_process_window <- app.py:537:_build_window <- window.py:4539:moveEvent <- window.py:1454:_submit_collision_state <- collision_client.py:255:_submit_collision_state <- collision_ipc.py:1261:submit_state
WARNING:pet.gui_stall_sampler:  [t-560ms] verify_seeky_multi.py:308:<module> <- verify_seeky_multi.py:113:main <- app.py:2627:spawn_pet <- app.py:2768:spawn_in_process_window <- app.py:537:_build_window <- file_eater.py:153:eventFilter
WARNING:pet.gui_stall_sampler:  [t-172ms] verify_seeky_multi.py:308:<module> <- verify_seeky_multi.py:244:main
WARNING:root:GUI 卡顿 119ms state=IDLE anim=待机呼吸休闲 physics=None
WARNING:pet.gui_stall_sampler:GUI 冻结现场（119ms，2 个采样点，旧→新）：
WARNING:pet.gui_stall_sampler:  [t-145ms] verify_seeky_multi.py:308:<module> <- verify_seeky_multi.py:244:main
WARNING:pet.gui_stall_sampler:  [t-20ms] webm_clip.py:2499:_poll <- webm_clip.py:2750:_process_frame <- window_optional_services.py:62:<lambda> <- verify_seeky_multi.py:92:observed_frame <- window.py:1917:_on_frame <- window.py:2106:_rebuild_frame
WARNING:root:GUI 卡顿 120ms state=IDLE anim=待机呼吸休闲 physics=None
WARNING:pet.gui_stall_sampler:GUI 冻结现场（120ms，2 个采样点，旧→新）：
WARNING:pet.gui_stall_sampler:  [t-145ms] verify_seeky_multi.py:308:<module> <- verify_seeky_multi.py:244:main
WARNING:pet.gui_stall_sampler:  [t-21ms] webm_clip.py:2499:_poll <- webm_clip.py:2750:_process_frame <- window_optional_services.py:62:<lambda> <- verify_seeky_multi.py:92:observed_frame <- window.py:1917:_on_frame <- window.py:2106:_rebuild_frame
WARNING:root:GUI 卡顿 121ms state=IDLE anim=待机呼吸休闲 physics=None
WARNING:pet.gui_stall_sampler:GUI 冻结现场（121ms，2 个采样点，旧→新）：
WARNING:pet.gui_stall_sampler:  [t-146ms] verify_seeky_multi.py:308:<module> <- verify_seeky_multi.py:244:main
WARNING:pet.gui_stall_sampler:  [t-21ms] webm_clip.py:2499:_poll <- webm_clip.py:2750:_process_frame <- window_optional_services.py:62:<lambda> <- verify_seeky_multi.py:92:observed_frame <- window.py:1917:_on_frame <- window.py:2106:_rebuild_frame
{'max_first_frame_decoders': 2, 'steady_mib': 971.5031585693359, 'peak_mib': 1626.8165969848633, 'growth_mib': 435.04785919189453, 'playback': {0: {'fps': 23.346881085799385, 'forward_gaps': 0, 'frames': 1448, 'ten_second_bins': [{'start': 0, 'fps': 23.68741307371349, 'frames': 219}, {'start': 10, 'fps': 23.364485981308416, 'frames': 234}, {'start': 20, 'fps': 23.79279188836462, 'frames': 238}, {'start': 30, 'fps': 23.457941114552945, 'frames': 235}, {'start': 40, 'fps': 23.0977032848951, 'frames': 231}, {'start': 50, 'fps': 23.590351044500437, 'frames': 236}, {'start': 60, 'fps': 23.38450373446494, 'frames': 233}, {'start': 70, 'fps': 22.983660524308483, 'frames': 230}, {'start': 80, 'fps': 23.63450637931377, 'frames': 237}, {'start': 90, 'fps': 23.285351397121083, 'frames': 232}]}, 1: {'fps': 23.340010362577218, 'forward_gaps': 0, 'frames': 1447, 'ten_second_bins': [{'start': 0, 'fps': 23.710600160971048, 'frames': 219}, {'start': 10, 'fps': 23.45276872964169, 'frames': 235}, {'start': 20, 'fps': 23.295511597549957, 'frames': 233}, {'start': 30, 'fps': 23.385591264026328, 'frames': 234}, {'start': 40, 'fps': 23.001898409956105, 'frames': 230}, {'start': 50, 'fps': 23.592719387191657, 'frames': 236}, {'start': 60, 'fps': 23.37972486177867, 'frames': 234}, {'start': 70, 'fps': 22.972523652631274, 'frames': 229}, {'start': 80, 'fps': 23.773459991373315, 'frames': 238}, {'start': 90, 'fps': 23.193236811984175, 'frames': 232}]}, 2: {'fps': 23.497818059751594, 'forward_gaps': 0, 'frames': 1457, 'ten_second_bins': [{'start': 0, 'fps': 23.647360104615046, 'frames': 218}, {'start': 10, 'fps': 23.21934744587178, 'frames': 232}, {'start': 20, 'fps': 23.586325952987934, 'frames': 236}, {'start': 30, 'fps': 23.48595860850713, 'frames': 235}, {'start': 40, 'fps': 23.488316068417245, 'frames': 235}, {'start': 50, 'fps': 23.590351044500437, 'frames': 236}, {'start': 60, 'fps': 23.686217832911815, 'frames': 237}, {'start': 70, 'fps': 22.86883519393375, 'frames': 229}, {'start': 80, 'fps': 23.77666058817009, 'frames': 237}, {'start': 90, 'fps': 23.49114564510302, 'frames': 235}]}}, 'queue_drops': 0, 'duplicate_first_images': [], 'lifecycle': {}, 'shared_process_enabled': True, 'source_widths': [2560, 2560, 2560], 'actions': {0: '待机呼吸休闲', 1: '待机呼吸休闲', 2: '待机呼吸休闲'}, 'initial_decode_routes': {0: {'idle_eligible': True, 'broker_active': True, 'feed': False, 'publish': True, 'path': '/Users/ray/Library/Caches/seeky-native-v6/assets/characters_hq/shenshen/videos/idle/待机呼吸休闲.webm'}, 1: {'idle_eligible': True, 'broker_active': True, 'feed': True, 'publish': False, 'path': '/Users/ray/Library/Caches/seeky-native-v6/assets/characters_hq/shenshen/videos/idle/待机呼吸休闲.webm'}, 2: {'idle_eligible': True, 'broker_active': True, 'feed': True, 'publish': False, 'path': '/Users/ray/Library/Caches/seeky-native-v6/assets/characters_hq/shenshen/videos/idle/待机呼吸休闲.webm'}}, 'live_ffmpeg_after_cleanup': []} []
