QSystemTrayIcon::setVisible: No Icon set
WARNING:root:GUI 卡顿 968ms state=IDLE anim=待机呼吸休闲 physics=None
WARNING:pet.gui_stall_sampler:GUI 冻结现场（968ms，13 个采样点，旧→新）：
WARNING:pet.gui_stall_sampler:  [t-850ms] verify_seeky_multi.py:57:main <- app.py:1703:start <- app.py:1812:_create_ui_with_character_fallback <- app.py:572:_create_ui <- app.py:537:_build_window <- enum.py:695:__call__
WARNING:pet.gui_stall_sampler:  [t-780ms] verify_seeky_multi.py:57:main <- app.py:1703:start <- app.py:1812:_create_ui_with_character_fallback <- app.py:572:_create_ui <- app.py:537:_build_window <- file_eater.py:150:eventFilter
WARNING:pet.gui_stall_sampler:  [t-650ms] app.py:1707:start <- multi_window_shared.py:442:start <- multi_window_shared.py:354:start <- threading.py:979:start <- threading.py:659:wait <- threading.py:359:wait
WARNING:pet.gui_stall_sampler:  [t-585ms] verify_seeky_multi.py:308:<module> <- verify_seeky_multi.py:57:main <- app.py:1719:start <- app.py:1613:_install_config_watcher <- app.py:1623:_watch_config_file
WARNING:pet.gui_stall_sampler:  [t-532ms] <frozen importlib._bootstrap>:1360:_find_and_load <- <frozen importlib._bootstrap>:1331:_find_and_load_unlocked <- <frozen importlib._bootstrap>:935:_load_unlocked <- <frozen importlib._bootstrap_external>:1022:exec_module <- <frozen importlib._bootstrap_external>:1118:get_code <- <frozen importlib._bootstrap_external>:1218:get_data
WARNING:pet.gui_stall_sampler:  [t-479ms] verify_seeky_multi.py:308:<module> <- verify_seeky_multi.py:113:main <- app.py:2627:spawn_pet <- app.py:2768:spawn_in_process_window <- app.py:537:_build_window <- file_eater.py:150:eventFilter
WARNING:pet.gui_stall_sampler:  [t-374ms] _local.py:515:stat <- _local.py:167:__fspath__ <- _local.py:233:__str__ <- _local.py:295:drive <- _local.py:286:_raw_path <- <frozen posixpath>:72:join
WARNING:pet.gui_stall_sampler:  [t-320ms] verify_seeky_multi.py:308:<module> <- verify_seeky_multi.py:113:main <- app.py:2627:spawn_pet <- app.py:2768:spawn_in_process_window <- app.py:548:_build_window <- settings_commands.py:26:__init__
WARNING:pet.gui_stall_sampler:  [t-259ms] verify_seeky_multi.py:308:<module> <- verify_seeky_multi.py:244:main
WARNING:pet.gui_stall_sampler:  [t-91ms] verify_seeky_multi.py:244:main <- window.py:1090:apply_current_native_window <- platform_mac.py:48:_mac_set_window_level <- util.py:78:find_library <- dyld.py:131:dyld_find <- <frozen genericpath>:39:isfile
WARNING:pet.gui_stall_sampler:  [t-25ms] verify_seeky_multi.py:308:<module> <- verify_seeky_multi.py:244:main
WARNING:root:GUI 卡顿 567ms state=IDLE anim=待机呼吸休闲 physics=None
WARNING:pet.gui_stall_sampler:GUI 冻结现场（567ms，10 个采样点，旧→新）：
WARNING:pet.gui_stall_sampler:  [t-602ms] <frozen importlib._bootstrap>:1360:_find_and_load <- <frozen importlib._bootstrap>:1331:_find_and_load_unlocked <- <frozen importlib._bootstrap>:935:_load_unlocked <- <frozen importlib._bootstrap_external>:1022:exec_module <- <frozen importlib._bootstrap_external>:1118:get_code <- <frozen importlib._bootstrap_external>:1218:get_data
WARNING:pet.gui_stall_sampler:  [t-549ms] verify_seeky_multi.py:308:<module> <- verify_seeky_multi.py:113:main <- app.py:2627:spawn_pet <- app.py:2768:spawn_in_process_window <- app.py:537:_build_window <- file_eater.py:150:eventFilter
WARNING:pet.gui_stall_sampler:  [t-445ms] _local.py:515:stat <- _local.py:167:__fspath__ <- _local.py:233:__str__ <- _local.py:295:drive <- _local.py:286:_raw_path <- <frozen posixpath>:72:join
WARNING:pet.gui_stall_sampler:  [t-390ms] verify_seeky_multi.py:308:<module> <- verify_seeky_multi.py:113:main <- app.py:2627:spawn_pet <- app.py:2768:spawn_in_process_window <- app.py:548:_build_window <- settings_commands.py:26:__init__
WARNING:pet.gui_stall_sampler:  [t-329ms] verify_seeky_multi.py:308:<module> <- verify_seeky_multi.py:244:main
WARNING:pet.gui_stall_sampler:  [t-161ms] verify_seeky_multi.py:244:main <- window.py:1090:apply_current_native_window <- platform_mac.py:48:_mac_set_window_level <- util.py:78:find_library <- dyld.py:131:dyld_find <- <frozen genericpath>:39:isfile
WARNING:pet.gui_stall_sampler:  [t-95ms] verify_seeky_multi.py:308:<module> <- verify_seeky_multi.py:244:main
WARNING:pet.gui_stall_sampler:  [t-13ms] webm_clip.py:2499:_poll <- webm_clip.py:2750:_process_frame <- window_optional_services.py:62:<lambda> <- verify_seeky_multi.py:92:observed_frame <- window.py:1917:_on_frame <- window.py:2106:_rebuild_frame
WARNING:root:GUI 卡顿 519ms state=IDLE anim=待机呼吸休闲 physics=None
WARNING:pet.gui_stall_sampler:GUI 冻结现场（519ms，9 个采样点，旧→新）：
WARNING:pet.gui_stall_sampler:  [t-509ms] _local.py:515:stat <- _local.py:167:__fspath__ <- _local.py:233:__str__ <- _local.py:295:drive <- _local.py:286:_raw_path <- <frozen posixpath>:72:join
WARNING:pet.gui_stall_sampler:  [t-454ms] verify_seeky_multi.py:308:<module> <- verify_seeky_multi.py:113:main <- app.py:2627:spawn_pet <- app.py:2768:spawn_in_process_window <- app.py:548:_build_window <- settings_commands.py:26:__init__
WARNING:pet.gui_stall_sampler:  [t-393ms] verify_seeky_multi.py:308:<module> <- verify_seeky_multi.py:244:main
WARNING:pet.gui_stall_sampler:  [t-225ms] verify_seeky_multi.py:244:main <- window.py:1090:apply_current_native_window <- platform_mac.py:48:_mac_set_window_level <- util.py:78:find_library <- dyld.py:131:dyld_find <- <frozen genericpath>:39:isfile
WARNING:pet.gui_stall_sampler:  [t-159ms] verify_seeky_multi.py:308:<module> <- verify_seeky_multi.py:244:main
WARNING:pet.gui_stall_sampler:  [t-77ms] webm_clip.py:2499:_poll <- webm_clip.py:2750:_process_frame <- window_optional_services.py:62:<lambda> <- verify_seeky_multi.py:92:observed_frame <- window.py:1917:_on_frame <- window.py:2106:_rebuild_frame
WARNING:pet.gui_stall_sampler:  [t-9ms] webm_clip.py:2499:_poll <- webm_clip.py:2750:_process_frame <- window_optional_services.py:62:<lambda> <- verify_seeky_multi.py:92:observed_frame <- window.py:1917:_on_frame <- window.py:2124:_rebuild_frame
WARNING:root:GUI 卡顿 241ms state=IDLE anim=待机呼吸休闲 physics=None
WARNING:pet.gui_stall_sampler:GUI 冻结现场（241ms，4 个采样点，旧→新）：
WARNING:pet.gui_stall_sampler:  [t-266ms] verify_seeky_multi.py:308:<module> <- verify_seeky_multi.py:244:main
WARNING:pet.gui_stall_sampler:  [t-184ms] webm_clip.py:2499:_poll <- webm_clip.py:2750:_process_frame <- window_optional_services.py:62:<lambda> <- verify_seeky_multi.py:92:observed_frame <- window.py:1917:_on_frame <- window.py:2106:_rebuild_frame
WARNING:pet.gui_stall_sampler:  [t-116ms] webm_clip.py:2499:_poll <- webm_clip.py:2750:_process_frame <- window_optional_services.py:62:<lambda> <- verify_seeky_multi.py:92:observed_frame <- window.py:1917:_on_frame <- window.py:2124:_rebuild_frame
WARNING:pet.gui_stall_sampler:  [t-50ms] verify_seeky_multi.py:308:<module> <- verify_seeky_multi.py:244:main
WARNING:root:GUI 卡顿 171ms state=IDLE anim=待机呼吸休闲 physics=None
WARNING:pet.gui_stall_sampler:GUI 冻结现场（171ms，3 个采样点，旧→新）：
WARNING:pet.gui_stall_sampler:  [t-184ms] webm_clip.py:2499:_poll <- webm_clip.py:2750:_process_frame <- window_optional_services.py:62:<lambda> <- verify_seeky_multi.py:92:observed_frame <- window.py:1917:_on_frame <- window.py:2106:_rebuild_frame
WARNING:pet.gui_stall_sampler:  [t-116ms] webm_clip.py:2499:_poll <- webm_clip.py:2750:_process_frame <- window_optional_services.py:62:<lambda> <- verify_seeky_multi.py:92:observed_frame <- window.py:1917:_on_frame <- window.py:2124:_rebuild_frame
WARNING:pet.gui_stall_sampler:  [t-50ms] verify_seeky_multi.py:308:<module> <- verify_seeky_multi.py:244:main
WARNING:root:GUI 卡顿 107ms state=IDLE anim=待机呼吸休闲 physics=None
WARNING:pet.gui_stall_sampler:GUI 冻结现场（107ms，2 个采样点，旧→新）：
WARNING:pet.gui_stall_sampler:  [t-116ms] webm_clip.py:2499:_poll <- webm_clip.py:2750:_process_frame <- window_optional_services.py:62:<lambda> <- verify_seeky_multi.py:92:observed_frame <- window.py:1917:_on_frame <- window.py:2124:_rebuild_frame
WARNING:pet.gui_stall_sampler:  [t-50ms] verify_seeky_multi.py:308:<module> <- verify_seeky_multi.py:244:main
WARNING:root:GUI 卡顿 449ms state=IDLE anim=待机呼吸休闲 physics=None
WARNING:pet.gui_stall_sampler:GUI 冻结现场（449ms，4 个采样点，旧→新）：
WARNING:pet.gui_stall_sampler:  [t-499ms] verify_seeky_multi.py:308:<module> <- verify_seeky_multi.py:244:main
WARNING:pet.gui_stall_sampler:  [t-147ms] verify_seeky_multi.py:308:<module> <- verify_seeky_multi.py:244:main <- webm_clip.py:2499:_poll <- webm_clip.py:2724:_process_frame
WARNING:pet.gui_stall_sampler:  [t-96ms] verify_seeky_multi.py:308:<module> <- verify_seeky_multi.py:244:main
WARNING:root:GUI 卡顿 449ms state=IDLE anim=待机呼吸休闲 physics=None
WARNING:pet.gui_stall_sampler:GUI 冻结现场（449ms，4 个采样点，旧→新）：
WARNING:pet.gui_stall_sampler:  [t-499ms] verify_seeky_multi.py:308:<module> <- verify_seeky_multi.py:244:main
WARNING:pet.gui_stall_sampler:  [t-147ms] verify_seeky_multi.py:308:<module> <- verify_seeky_multi.py:244:main <- webm_clip.py:2499:_poll <- webm_clip.py:2724:_process_frame
WARNING:pet.gui_stall_sampler:  [t-96ms] verify_seeky_multi.py:308:<module> <- verify_seeky_multi.py:244:main
WARNING:root:GUI 卡顿 449ms state=IDLE anim=待机呼吸休闲 physics=None
WARNING:pet.gui_stall_sampler:GUI 冻结现场（449ms，4 个采样点，旧→新）：
WARNING:pet.gui_stall_sampler:  [t-499ms] verify_seeky_multi.py:308:<module> <- verify_seeky_multi.py:244:main
WARNING:pet.gui_stall_sampler:  [t-147ms] verify_seeky_multi.py:308:<module> <- verify_seeky_multi.py:244:main <- webm_clip.py:2499:_poll <- webm_clip.py:2724:_process_frame
WARNING:pet.gui_stall_sampler:  [t-96ms] verify_seeky_multi.py:308:<module> <- verify_seeky_multi.py:244:main
WARNING:root:GUI 卡顿 114ms state=IDLE anim=待机呼吸休闲 physics=None
WARNING:pet.gui_stall_sampler:GUI 冻结现场（114ms，2 个采样点，旧→新）：
WARNING:pet.gui_stall_sampler:  [t-137ms] verify_seeky_multi.py:308:<module> <- verify_seeky_multi.py:244:main
WARNING:pet.gui_stall_sampler:  [t-48ms] verify_seeky_multi.py:308:<module> <- verify_seeky_multi.py:244:main <- webm_clip.py:2499:_poll <- webm_clip.py:2724:_process_frame
WARNING:root:GUI 卡顿 114ms state=IDLE anim=待机呼吸休闲 physics=None
WARNING:pet.gui_stall_sampler:GUI 冻结现场（114ms，2 个采样点，旧→新）：
WARNING:pet.gui_stall_sampler:  [t-137ms] verify_seeky_multi.py:308:<module> <- verify_seeky_multi.py:244:main
WARNING:pet.gui_stall_sampler:  [t-48ms] verify_seeky_multi.py:308:<module> <- verify_seeky_multi.py:244:main <- webm_clip.py:2499:_poll <- webm_clip.py:2724:_process_frame
WARNING:root:GUI 卡顿 114ms state=IDLE anim=待机呼吸休闲 physics=None
WARNING:pet.gui_stall_sampler:GUI 冻结现场（114ms，2 个采样点，旧→新）：
WARNING:pet.gui_stall_sampler:  [t-137ms] verify_seeky_multi.py:308:<module> <- verify_seeky_multi.py:244:main
WARNING:pet.gui_stall_sampler:  [t-48ms] verify_seeky_multi.py:308:<module> <- verify_seeky_multi.py:244:main <- webm_clip.py:2499:_poll <- webm_clip.py:2724:_process_frame
{'max_first_frame_decoders': 2, 'steady_mib': 854.2060775756836, 'peak_mib': 1586.894676208496, 'growth_mib': 338.5242729187012, 'playback': {0: {'fps': 23.39806420984301, 'forward_gaps': 0, 'frames': 1450, 'ten_second_bins': [{'start': 0, 'fps': 22.164443118366652, 'frames': 209}, {'start': 10, 'fps': 23.79080223391601, 'frames': 237}, {'start': 20, 'fps': 23.590351044500437, 'frames': 236}, {'start': 30, 'fps': 23.576860565443344, 'frames': 236}, {'start': 40, 'fps': 23.466409940130557, 'frames': 235}, {'start': 50, 'fps': 23.591771993052987, 'frames': 236}, {'start': 60, 'fps': 23.58490566037738, 'frames': 235}, {'start': 70, 'fps': 23.386530161597893, 'frames': 234}, {'start': 80, 'fps': 23.695254924797684, 'frames': 237}, {'start': 90, 'fps': 22.47326283684813, 'frames': 225}]}, 1: {'fps': 23.590732281519305, 'forward_gaps': 0, 'frames': 1462, 'ten_second_bins': [{'start': 0, 'fps': 22.279145858446704, 'frames': 208}, {'start': 10, 'fps': 23.784434743338856, 'frames': 238}, {'start': 20, 'fps': 23.573549474360007, 'frames': 236}, {'start': 30, 'fps': 23.394278944144908, 'frames': 234}, {'start': 40, 'fps': 23.598879304284967, 'frames': 236}, {'start': 50, 'fps': 23.752969121140147, 'frames': 238}, {'start': 60, 'fps': 23.488376781789967, 'frames': 234}, {'start': 70, 'fps': 23.690497701218664, 'frames': 237}, {'start': 80, 'fps': 23.597694455043907, 'frames': 236}, {'start': 90, 'fps': 23.26350938060909, 'frames': 233}]}, 2: {'fps': 23.414630997679513, 'forward_gaps': 0, 'frames': 1452, 'ten_second_bins': [{'start': 0, 'fps': 22.41011594799121, 'frames': 208}, {'start': 10, 'fps': 23.629773514628432, 'frames': 237}, {'start': 20, 'fps': 23.39146061098896, 'frames': 234}, {'start': 30, 'fps': 23.3743728212465, 'frames': 233}, {'start': 40, 'fps': 23.48360162177352, 'frames': 235}, {'start': 50, 'fps': 23.783241344706482, 'frames': 238}, {'start': 60, 'fps': 23.481952012523724, 'frames': 235}, {'start': 70, 'fps': 23.389112518696233, 'frames': 234}, {'start': 80, 'fps': 23.690497701218664, 'frames': 237}, {'start': 90, 'fps': 22.571543732366, 'frames': 225}]}}, 'queue_drops': 0, 'duplicate_first_images': [], 'lifecycle': {}, 'shared_process_enabled': True, 'source_widths': [2560, 2560, 2560], 'actions': {0: '待机呼吸休闲', 1: '待机呼吸休闲', 2: '待机呼吸休闲'}, 'initial_decode_routes': {0: {'idle_eligible': True, 'broker_active': True, 'feed': False, 'publish': True, 'path': '/Users/ray/Library/Caches/seeky-native-v6/assets/characters_hq/shenshen/videos/idle/待机呼吸休闲.webm'}, 1: {'idle_eligible': True, 'broker_active': True, 'feed': True, 'publish': False, 'path': '/Users/ray/Library/Caches/seeky-native-v6/assets/characters_hq/shenshen/videos/idle/待机呼吸休闲.webm'}, 2: {'idle_eligible': True, 'broker_active': True, 'feed': True, 'publish': False, 'path': '/Users/ray/Library/Caches/seeky-native-v6/assets/characters_hq/shenshen/videos/idle/待机呼吸休闲.webm'}}, 'live_ffmpeg_after_cleanup': []} []
