QSystemTrayIcon::setVisible: No Icon set
WARNING:root:GUI 卡顿 1356ms state=IDLE anim=待机呼吸休闲 physics=None
WARNING:pet.gui_stall_sampler:GUI 冻结现场（1356ms，14 个采样点，旧→新）：
WARNING:pet.gui_stall_sampler:  [t-1236ms] verify_seeky_multi.py:57:main <- app.py:1703:start <- app.py:1812:_create_ui_with_character_fallback <- app.py:572:_create_ui <- app.py:537:_build_window <- enum.py:695:__call__
WARNING:pet.gui_stall_sampler:  [t-1047ms] app.py:539:_build_window <- app.py:3174:_build_tray <- catalog.py:229:list_available_characters <- catalog.py:195:external_character_dirs <- _abc.py:746:cwd <- _local.py:649:absolute
WARNING:pet.gui_stall_sampler:  [t-994ms] feature.py:159:_mod_uses_pyside <- inspect.py:1256:getsource <- inspect.py:1238:getsourcelines <- inspect.py:1074:findsource <- linecache.py:41:getlines <- linecache.py:103:updatecache
WARNING:pet.gui_stall_sampler:  [t-939ms] app.py:2768:spawn_in_process_window <- app.py:504:_build_window <- app.py:404:_create_library <- library.py:204:__init__ <- _local.py:670:resolve <- <frozen posixpath>:445:realpath
WARNING:pet.gui_stall_sampler:  [t-874ms] verify_seeky_multi.py:308:<module> <- verify_seeky_multi.py:113:main <- app.py:2627:spawn_pet <- app.py:2768:spawn_in_process_window <- app.py:537:_build_window <- file_eater.py:150:eventFilter
WARNING:pet.gui_stall_sampler:  [t-780ms] app.py:2768:spawn_in_process_window <- app.py:504:_build_window <- app.py:404:_create_library <- library.py:208:__init__ <- _abc.py:482:is_file <- _local.py:515:stat
WARNING:pet.gui_stall_sampler:  [t-680ms] verify_seeky_multi.py:102:play <- window.py:1705:switch_clip <- window.py:1665:_switch <- window.py:2068:_rebuild_frame <- window.py:1993:_frame_signature <- window.py:2034:_frame_content_fingerprint
WARNING:pet.gui_stall_sampler:  [t-626ms] verify_seeky_multi.py:308:<module> <- verify_seeky_multi.py:244:main
WARNING:root:GUI 卡顿 951ms state=IDLE anim=东张西望 physics=None
WARNING:pet.gui_stall_sampler:GUI 冻结现场（951ms，11 个采样点，旧→新）：
WARNING:pet.gui_stall_sampler:  [t-957ms] app.py:2768:spawn_in_process_window <- app.py:504:_build_window <- app.py:404:_create_library <- library.py:204:__init__ <- _local.py:670:resolve <- <frozen posixpath>:445:realpath
WARNING:pet.gui_stall_sampler:  [t-892ms] verify_seeky_multi.py:308:<module> <- verify_seeky_multi.py:113:main <- app.py:2627:spawn_pet <- app.py:2768:spawn_in_process_window <- app.py:537:_build_window <- file_eater.py:150:eventFilter
WARNING:pet.gui_stall_sampler:  [t-798ms] app.py:2768:spawn_in_process_window <- app.py:504:_build_window <- app.py:404:_create_library <- library.py:208:__init__ <- _abc.py:482:is_file <- _local.py:515:stat
WARNING:pet.gui_stall_sampler:  [t-698ms] verify_seeky_multi.py:102:play <- window.py:1705:switch_clip <- window.py:1665:_switch <- window.py:2068:_rebuild_frame <- window.py:1993:_frame_signature <- window.py:2034:_frame_content_fingerprint
WARNING:pet.gui_stall_sampler:  [t-644ms] verify_seeky_multi.py:308:<module> <- verify_seeky_multi.py:244:main
WARNING:root:GUI 卡顿 823ms state=IDLE anim=余额-分文不剩 physics=None
WARNING:pet.gui_stall_sampler:GUI 冻结现场（823ms，9 个采样点，旧→新）：
WARNING:pet.gui_stall_sampler:  [t-799ms] app.py:2768:spawn_in_process_window <- app.py:504:_build_window <- app.py:404:_create_library <- library.py:208:__init__ <- _abc.py:482:is_file <- _local.py:515:stat
WARNING:pet.gui_stall_sampler:  [t-698ms] verify_seeky_multi.py:102:play <- window.py:1705:switch_clip <- window.py:1665:_switch <- window.py:2068:_rebuild_frame <- window.py:1993:_frame_signature <- window.py:2034:_frame_content_fingerprint
WARNING:pet.gui_stall_sampler:  [t-645ms] verify_seeky_multi.py:308:<module> <- verify_seeky_multi.py:244:main
WARNING:root:GUI 卡顿 111ms state=IDLE anim=待机呼吸休闲 physics=None
WARNING:pet.gui_stall_sampler:GUI 冻结现场（111ms，3 个采样点，旧→新）：
WARNING:pet.gui_stall_sampler:  [t-139ms] window_optional_services.py:62:<lambda> <- verify_seeky_multi.py:92:observed_frame <- window.py:1917:_on_frame <- window.py:2124:_rebuild_frame <- window.py:2270:_sync_mask <- window_optional_services.py:42:effects_coverage
WARNING:pet.gui_stall_sampler:  [t-88ms] verify_seeky_multi.py:308:<module> <- verify_seeky_multi.py:244:main
WARNING:root:GUI 卡顿 112ms state=IDLE anim=东张西望 physics=None
WARNING:pet.gui_stall_sampler:GUI 冻结现场（112ms，3 个采样点，旧→新）：
WARNING:pet.gui_stall_sampler:  [t-139ms] window_optional_services.py:62:<lambda> <- verify_seeky_multi.py:92:observed_frame <- window.py:1917:_on_frame <- window.py:2124:_rebuild_frame <- window.py:2270:_sync_mask <- window_optional_services.py:42:effects_coverage
WARNING:pet.gui_stall_sampler:  [t-88ms] verify_seeky_multi.py:308:<module> <- verify_seeky_multi.py:244:main
WARNING:root:GUI 卡顿 113ms state=IDLE anim=余额-分文不剩 physics=None
WARNING:pet.gui_stall_sampler:GUI 冻结现场（113ms，3 个采样点，旧→新）：
WARNING:pet.gui_stall_sampler:  [t-140ms] window_optional_services.py:62:<lambda> <- verify_seeky_multi.py:92:observed_frame <- window.py:1917:_on_frame <- window.py:2124:_rebuild_frame <- window.py:2270:_sync_mask <- window_optional_services.py:42:effects_coverage
WARNING:pet.gui_stall_sampler:  [t-89ms] verify_seeky_multi.py:308:<module> <- verify_seeky_multi.py:244:main
WARNING:root:GUI 卡顿 530ms state=IDLE anim=待机呼吸休闲 physics=None
WARNING:pet.gui_stall_sampler:GUI 冻结现场（530ms，10 个采样点，旧→新）：
WARNING:pet.gui_stall_sampler:  [t-537ms] verify_seeky_multi.py:308:<module> <- verify_seeky_multi.py:244:main
WARNING:pet.gui_stall_sampler:  [t-482ms] window.py:1705:switch_clip <- window.py:1687:_switch <- library.py:918:release_superseded_movies <- webm_clip.py:1140:cleanup <- webm_clip.py:1197:_reap_retired <- threading.py:1092:join
WARNING:root:GUI 卡顿 531ms state=IDLE anim=东张西望 physics=None
WARNING:pet.gui_stall_sampler:GUI 冻结现场（531ms，10 个采样点，旧→新）：
WARNING:pet.gui_stall_sampler:  [t-537ms] verify_seeky_multi.py:308:<module> <- verify_seeky_multi.py:244:main
WARNING:pet.gui_stall_sampler:  [t-482ms] window.py:1705:switch_clip <- window.py:1687:_switch <- library.py:918:release_superseded_movies <- webm_clip.py:1140:cleanup <- webm_clip.py:1197:_reap_retired <- threading.py:1092:join
WARNING:root:GUI 卡顿 531ms state=IDLE anim=余额-分文不剩 physics=None
WARNING:pet.gui_stall_sampler:GUI 冻结现场（531ms，10 个采样点，旧→新）：
WARNING:pet.gui_stall_sampler:  [t-537ms] verify_seeky_multi.py:308:<module> <- verify_seeky_multi.py:244:main
WARNING:pet.gui_stall_sampler:  [t-482ms] window.py:1705:switch_clip <- window.py:1687:_switch <- library.py:918:release_superseded_movies <- webm_clip.py:1140:cleanup <- webm_clip.py:1197:_reap_retired <- threading.py:1092:join
WARNING:root:GUI 卡顿 521ms state=IDLE anim=待机呼吸休闲 physics=None
WARNING:pet.gui_stall_sampler:GUI 冻结现场（521ms，11 个采样点，旧→新）：
WARNING:pet.gui_stall_sampler:  [t-557ms] verify_seeky_multi.py:308:<module> <- verify_seeky_multi.py:244:main
WARNING:pet.gui_stall_sampler:  [t-503ms] window.py:1705:switch_clip <- window.py:1687:_switch <- library.py:918:release_superseded_movies <- webm_clip.py:1140:cleanup <- webm_clip.py:1197:_reap_retired <- threading.py:1092:join
WARNING:pet.gui_stall_sampler:  [t-13ms] window.py:1705:switch_clip <- window.py:1687:_switch <- library.py:918:release_superseded_movies <- webm_clip.py:1144:cleanup <- webm_clip.py:1165:_retire_grace_wait <- threading.py:1092:join
WARNING:root:GUI 卡顿 521ms state=IDLE anim=东张西望 physics=None
WARNING:pet.gui_stall_sampler:GUI 冻结现场（521ms，11 个采样点，旧→新）：
WARNING:pet.gui_stall_sampler:  [t-557ms] verify_seeky_multi.py:308:<module> <- verify_seeky_multi.py:244:main
WARNING:pet.gui_stall_sampler:  [t-504ms] window.py:1705:switch_clip <- window.py:1687:_switch <- library.py:918:release_superseded_movies <- webm_clip.py:1140:cleanup <- webm_clip.py:1197:_reap_retired <- threading.py:1092:join
WARNING:pet.gui_stall_sampler:  [t-13ms] window.py:1705:switch_clip <- window.py:1687:_switch <- library.py:918:release_superseded_movies <- webm_clip.py:1144:cleanup <- webm_clip.py:1165:_retire_grace_wait <- threading.py:1092:join
WARNING:root:GUI 卡顿 522ms state=IDLE anim=余额-分文不剩 physics=None
WARNING:pet.gui_stall_sampler:GUI 冻结现场（522ms，11 个采样点，旧→新）：
WARNING:pet.gui_stall_sampler:  [t-558ms] verify_seeky_multi.py:308:<module> <- verify_seeky_multi.py:244:main
WARNING:pet.gui_stall_sampler:  [t-504ms] window.py:1705:switch_clip <- window.py:1687:_switch <- library.py:918:release_superseded_movies <- webm_clip.py:1140:cleanup <- webm_clip.py:1197:_reap_retired <- threading.py:1092:join
WARNING:pet.gui_stall_sampler:  [t-13ms] window.py:1705:switch_clip <- window.py:1687:_switch <- library.py:918:release_superseded_movies <- webm_clip.py:1144:cleanup <- webm_clip.py:1165:_retire_grace_wait <- threading.py:1092:join
WARNING:root:GUI 卡顿 564ms state=IDLE anim=待机呼吸休闲 physics=None
WARNING:pet.gui_stall_sampler:GUI 冻结现场（564ms，11 个采样点，旧→新）：
WARNING:pet.gui_stall_sampler:  [t-577ms] window.py:1705:switch_clip <- window.py:1687:_switch <- library.py:918:release_superseded_movies <- webm_clip.py:1144:cleanup <- webm_clip.py:1165:_retire_grace_wait <- threading.py:1092:join
WARNING:pet.gui_stall_sampler:  [t-521ms] window.py:1705:switch_clip <- window.py:1687:_switch <- library.py:918:release_superseded_movies <- webm_clip.py:1140:cleanup <- webm_clip.py:1197:_reap_retired <- threading.py:1092:join
WARNING:pet.gui_stall_sampler:  [t-26ms] verify_seeky_multi.py:244:main <- webm_clip.py:2499:_poll <- webm_clip.py:2733:_process_frame <- webm_clip.py:1940:_store_first_frame <- webm_clip.py:502:_first_image_key <- _local.py:515:stat
WARNING:root:GUI 卡顿 564ms state=IDLE anim=东张西望 physics=None
WARNING:pet.gui_stall_sampler:GUI 冻结现场（564ms，11 个采样点，旧→新）：
WARNING:pet.gui_stall_sampler:  [t-577ms] window.py:1705:switch_clip <- window.py:1687:_switch <- library.py:918:release_superseded_movies <- webm_clip.py:1144:cleanup <- webm_clip.py:1165:_retire_grace_wait <- threading.py:1092:join
WARNING:pet.gui_stall_sampler:  [t-521ms] window.py:1705:switch_clip <- window.py:1687:_switch <- library.py:918:release_superseded_movies <- webm_clip.py:1140:cleanup <- webm_clip.py:1197:_reap_retired <- threading.py:1092:join
WARNING:pet.gui_stall_sampler:  [t-26ms] verify_seeky_multi.py:244:main <- webm_clip.py:2499:_poll <- webm_clip.py:2733:_process_frame <- webm_clip.py:1940:_store_first_frame <- webm_clip.py:502:_first_image_key <- _local.py:515:stat
WARNING:root:GUI 卡顿 564ms state=IDLE anim=余额-分文不剩 physics=None
WARNING:pet.gui_stall_sampler:GUI 冻结现场（564ms，11 个采样点，旧→新）：
WARNING:pet.gui_stall_sampler:  [t-577ms] window.py:1705:switch_clip <- window.py:1687:_switch <- library.py:918:release_superseded_movies <- webm_clip.py:1144:cleanup <- webm_clip.py:1165:_retire_grace_wait <- threading.py:1092:join
WARNING:pet.gui_stall_sampler:  [t-522ms] window.py:1705:switch_clip <- window.py:1687:_switch <- library.py:918:release_superseded_movies <- webm_clip.py:1140:cleanup <- webm_clip.py:1197:_reap_retired <- threading.py:1092:join
WARNING:pet.gui_stall_sampler:  [t-26ms] verify_seeky_multi.py:244:main <- webm_clip.py:2499:_poll <- webm_clip.py:2733:_process_frame <- webm_clip.py:1940:_store_first_frame <- webm_clip.py:502:_first_image_key <- _local.py:515:stat
WARNING:root:GUI 卡顿 559ms state=IDLE anim=待机呼吸休闲 physics=None
WARNING:pet.gui_stall_sampler:GUI 冻结现场（559ms，11 个采样点，旧→新）：
WARNING:pet.gui_stall_sampler:  [t-569ms] verify_seeky_multi.py:308:<module> <- verify_seeky_multi.py:244:main
WARNING:pet.gui_stall_sampler:  [t-512ms] window.py:1705:switch_clip <- window.py:1687:_switch <- library.py:918:release_superseded_movies <- webm_clip.py:1140:cleanup <- webm_clip.py:1197:_reap_retired <- threading.py:1092:join
WARNING:pet.gui_stall_sampler:  [t-3ms] verify_seeky_multi.py:308:<module> <- verify_seeky_multi.py:244:main <- webm_clip.py:2499:_poll <- webm_clip.py:2750:_process_frame
WARNING:root:GUI 卡顿 560ms state=IDLE anim=东张西望 physics=None
WARNING:pet.gui_stall_sampler:GUI 冻结现场（560ms，11 个采样点，旧→新）：
WARNING:pet.gui_stall_sampler:  [t-569ms] verify_seeky_multi.py:308:<module> <- verify_seeky_multi.py:244:main
WARNING:pet.gui_stall_sampler:  [t-512ms] window.py:1705:switch_clip <- window.py:1687:_switch <- library.py:918:release_superseded_movies <- webm_clip.py:1140:cleanup <- webm_clip.py:1197:_reap_retired <- threading.py:1092:join
WARNING:pet.gui_stall_sampler:  [t-4ms] verify_seeky_multi.py:308:<module> <- verify_seeky_multi.py:244:main <- webm_clip.py:2499:_poll <- webm_clip.py:2750:_process_frame
WARNING:root:GUI 卡顿 560ms state=IDLE anim=余额-分文不剩 physics=None
WARNING:pet.gui_stall_sampler:GUI 冻结现场（560ms，11 个采样点，旧→新）：
WARNING:pet.gui_stall_sampler:  [t-569ms] verify_seeky_multi.py:308:<module> <- verify_seeky_multi.py:244:main
WARNING:pet.gui_stall_sampler:  [t-512ms] window.py:1705:switch_clip <- window.py:1687:_switch <- library.py:918:release_superseded_movies <- webm_clip.py:1140:cleanup <- webm_clip.py:1197:_reap_retired <- threading.py:1092:join
WARNING:pet.gui_stall_sampler:  [t-4ms] verify_seeky_multi.py:308:<module> <- verify_seeky_multi.py:244:main <- webm_clip.py:2499:_poll <- webm_clip.py:2750:_process_frame
WARNING:root:GUI 卡顿 542ms state=IDLE anim=待机呼吸休闲 physics=None
WARNING:pet.gui_stall_sampler:GUI 冻结现场（542ms，11 个采样点，旧→新）：
WARNING:pet.gui_stall_sampler:  [t-592ms] verify_seeky_multi.py:308:<module> <- verify_seeky_multi.py:244:main <- webm_clip.py:2499:_poll <- webm_clip.py:2750:_process_frame
WARNING:pet.gui_stall_sampler:  [t-528ms] webm_clip.py:2750:_process_frame <- window_optional_services.py:62:<lambda> <- verify_seeky_multi.py:92:observed_frame <- window.py:1917:_on_frame <- window.py:2068:_rebuild_frame <- window.py:1990:_frame_signature
WARNING:pet.gui_stall_sampler:  [t-468ms] window.py:1705:switch_clip <- window.py:1687:_switch <- library.py:918:release_superseded_movies <- webm_clip.py:1140:cleanup <- webm_clip.py:1197:_reap_retired <- threading.py:1092:join
WARNING:pet.gui_stall_sampler:  [t-13ms] window.py:1705:switch_clip <- window.py:1687:_switch <- library.py:918:release_superseded_movies <- webm_clip.py:1144:cleanup <- webm_clip.py:1165:_retire_grace_wait <- threading.py:1092:join
WARNING:root:GUI 卡顿 542ms state=IDLE anim=东张西望 physics=None
WARNING:pet.gui_stall_sampler:GUI 冻结现场（542ms，11 个采样点，旧→新）：
WARNING:pet.gui_stall_sampler:  [t-592ms] verify_seeky_multi.py:308:<module> <- verify_seeky_multi.py:244:main <- webm_clip.py:2499:_poll <- webm_clip.py:2750:_process_frame
WARNING:pet.gui_stall_sampler:  [t-529ms] webm_clip.py:2750:_process_frame <- window_optional_services.py:62:<lambda> <- verify_seeky_multi.py:92:observed_frame <- window.py:1917:_on_frame <- window.py:2068:_rebuild_frame <- window.py:1990:_frame_signature
WARNING:pet.gui_stall_sampler:  [t-468ms] window.py:1705:switch_clip <- window.py:1687:_switch <- library.py:918:release_superseded_movies <- webm_clip.py:1140:cleanup <- webm_clip.py:1197:_reap_retired <- threading.py:1092:join
WARNING:pet.gui_stall_sampler:  [t-13ms] window.py:1705:switch_clip <- window.py:1687:_switch <- library.py:918:release_superseded_movies <- webm_clip.py:1144:cleanup <- webm_clip.py:1165:_retire_grace_wait <- threading.py:1092:join
WARNING:root:GUI 卡顿 542ms state=IDLE anim=余额-分文不剩 physics=None
WARNING:pet.gui_stall_sampler:GUI 冻结现场（542ms，11 个采样点，旧→新）：
WARNING:pet.gui_stall_sampler:  [t-592ms] verify_seeky_multi.py:308:<module> <- verify_seeky_multi.py:244:main <- webm_clip.py:2499:_poll <- webm_clip.py:2750:_process_frame
WARNING:pet.gui_stall_sampler:  [t-529ms] webm_clip.py:2750:_process_frame <- window_optional_services.py:62:<lambda> <- verify_seeky_multi.py:92:observed_frame <- window.py:1917:_on_frame <- window.py:2068:_rebuild_frame <- window.py:1990:_frame_signature
WARNING:pet.gui_stall_sampler:  [t-468ms] window.py:1705:switch_clip <- window.py:1687:_switch <- library.py:918:release_superseded_movies <- webm_clip.py:1140:cleanup <- webm_clip.py:1197:_reap_retired <- threading.py:1092:join
WARNING:pet.gui_stall_sampler:  [t-13ms] window.py:1705:switch_clip <- window.py:1687:_switch <- library.py:918:release_superseded_movies <- webm_clip.py:1144:cleanup <- webm_clip.py:1165:_retire_grace_wait <- threading.py:1092:join
WARNING:root:GUI 卡顿 544ms state=IDLE anim=待机呼吸休闲 physics=None
WARNING:pet.gui_stall_sampler:GUI 冻结现场（544ms，11 个采样点，旧→新）：
WARNING:pet.gui_stall_sampler:  [t-575ms] window_optional_services.py:62:<lambda> <- verify_seeky_multi.py:92:observed_frame <- window.py:1919:_on_frame <- window.py:2126:_rebuild_frame <- window.py:2291:_sync_mask <- window_optional_services.py:44:effects_coverage
WARNING:pet.gui_stall_sampler:  [t-516ms] window.py:1705:switch_clip <- window.py:1687:_switch <- library.py:918:release_superseded_movies <- webm_clip.py:1140:cleanup <- webm_clip.py:1197:_reap_retired <- threading.py:1092:join
WARNING:pet.gui_stall_sampler:  [t-3ms] window_optional_services.py:62:<lambda> <- verify_seeky_multi.py:92:observed_frame <- window.py:1919:_on_frame <- window.py:2126:_rebuild_frame <- window.py:2291:_sync_mask <- window_optional_services.py:44:effects_coverage
WARNING:root:GUI 卡顿 544ms state=IDLE anim=东张西望 physics=None
WARNING:pet.gui_stall_sampler:GUI 冻结现场（544ms，11 个采样点，旧→新）：
WARNING:pet.gui_stall_sampler:  [t-575ms] window_optional_services.py:62:<lambda> <- verify_seeky_multi.py:92:observed_frame <- window.py:1919:_on_frame <- window.py:2126:_rebuild_frame <- window.py:2291:_sync_mask <- window_optional_services.py:44:effects_coverage
WARNING:pet.gui_stall_sampler:  [t-517ms] window.py:1705:switch_clip <- window.py:1687:_switch <- library.py:918:release_superseded_movies <- webm_clip.py:1140:cleanup <- webm_clip.py:1197:_reap_retired <- threading.py:1092:join
WARNING:pet.gui_stall_sampler:  [t-3ms] window_optional_services.py:62:<lambda> <- verify_seeky_multi.py:92:observed_frame <- window.py:1919:_on_frame <- window.py:2126:_rebuild_frame <- window.py:2291:_sync_mask <- window_optional_services.py:44:effects_coverage
WARNING:root:GUI 卡顿 544ms state=IDLE anim=余额-分文不剩 physics=None
WARNING:pet.gui_stall_sampler:GUI 冻结现场（544ms，11 个采样点，旧→新）：
WARNING:pet.gui_stall_sampler:  [t-575ms] window_optional_services.py:62:<lambda> <- verify_seeky_multi.py:92:observed_frame <- window.py:1919:_on_frame <- window.py:2126:_rebuild_frame <- window.py:2291:_sync_mask <- window_optional_services.py:44:effects_coverage
WARNING:pet.gui_stall_sampler:  [t-517ms] window.py:1705:switch_clip <- window.py:1687:_switch <- library.py:918:release_superseded_movies <- webm_clip.py:1140:cleanup <- webm_clip.py:1197:_reap_retired <- threading.py:1092:join
WARNING:pet.gui_stall_sampler:  [t-3ms] window_optional_services.py:62:<lambda> <- verify_seeky_multi.py:92:observed_frame <- window.py:1919:_on_frame <- window.py:2126:_rebuild_frame <- window.py:2291:_sync_mask <- window_optional_services.py:44:effects_coverage
WARNING:root:GUI 卡顿 529ms state=IDLE anim=待机呼吸休闲 physics=None
WARNING:pet.gui_stall_sampler:GUI 冻结现场（529ms，10 个采样点，旧→新）：
WARNING:pet.gui_stall_sampler:  [t-542ms] verify_seeky_multi.py:308:<module> <- verify_seeky_multi.py:244:main
WARNING:pet.gui_stall_sampler:  [t-482ms] window.py:1705:switch_clip <- window.py:1687:_switch <- library.py:918:release_superseded_movies <- webm_clip.py:1140:cleanup <- webm_clip.py:1197:_reap_retired <- threading.py:1092:join
WARNING:root:GUI 卡顿 530ms state=IDLE anim=东张西望 physics=None
WARNING:pet.gui_stall_sampler:GUI 冻结现场（530ms，10 个采样点，旧→新）：
WARNING:pet.gui_stall_sampler:  [t-542ms] verify_seeky_multi.py:308:<module> <- verify_seeky_multi.py:244:main
WARNING:pet.gui_stall_sampler:  [t-482ms] window.py:1705:switch_clip <- window.py:1687:_switch <- library.py:918:release_superseded_movies <- webm_clip.py:1140:cleanup <- webm_clip.py:1197:_reap_retired <- threading.py:1092:join
WARNING:root:GUI 卡顿 530ms state=IDLE anim=余额-分文不剩 physics=None
WARNING:pet.gui_stall_sampler:GUI 冻结现场（530ms，10 个采样点，旧→新）：
WARNING:pet.gui_stall_sampler:  [t-542ms] verify_seeky_multi.py:308:<module> <- verify_seeky_multi.py:244:main
WARNING:pet.gui_stall_sampler:  [t-482ms] window.py:1705:switch_clip <- window.py:1687:_switch <- library.py:918:release_superseded_movies <- webm_clip.py:1140:cleanup <- webm_clip.py:1197:_reap_retired <- threading.py:1092:join
WARNING:root:GUI 卡顿 553ms state=IDLE anim=待机呼吸休闲 physics=None
WARNING:pet.gui_stall_sampler:GUI 冻结现场（553ms，11 个采样点，旧→新）：
WARNING:pet.gui_stall_sampler:  [t-567ms] verify_seeky_multi.py:308:<module> <- verify_seeky_multi.py:244:main
WARNING:pet.gui_stall_sampler:  [t-509ms] window.py:1705:switch_clip <- window.py:1687:_switch <- library.py:918:release_superseded_movies <- webm_clip.py:1140:cleanup <- webm_clip.py:1197:_reap_retired <- threading.py:1092:join
WARNING:pet.gui_stall_sampler:  [t-7ms] verify_seeky_multi.py:308:<module> <- verify_seeky_multi.py:244:main
WARNING:root:GUI 卡顿 553ms state=IDLE anim=东张西望 physics=None
WARNING:pet.gui_stall_sampler:GUI 冻结现场（553ms，11 个采样点，旧→新）：
WARNING:pet.gui_stall_sampler:  [t-567ms] verify_seeky_multi.py:308:<module> <- verify_seeky_multi.py:244:main
WARNING:pet.gui_stall_sampler:  [t-509ms] window.py:1705:switch_clip <- window.py:1687:_switch <- library.py:918:release_superseded_movies <- webm_clip.py:1140:cleanup <- webm_clip.py:1197:_reap_retired <- threading.py:1092:join
WARNING:pet.gui_stall_sampler:  [t-7ms] verify_seeky_multi.py:308:<module> <- verify_seeky_multi.py:244:main
WARNING:root:GUI 卡顿 553ms state=IDLE anim=余额-分文不剩 physics=None
WARNING:pet.gui_stall_sampler:GUI 冻结现场（553ms，11 个采样点，旧→新）：
WARNING:pet.gui_stall_sampler:  [t-567ms] verify_seeky_multi.py:308:<module> <- verify_seeky_multi.py:244:main
WARNING:pet.gui_stall_sampler:  [t-509ms] window.py:1705:switch_clip <- window.py:1687:_switch <- library.py:918:release_superseded_movies <- webm_clip.py:1140:cleanup <- webm_clip.py:1197:_reap_retired <- threading.py:1092:join
WARNING:pet.gui_stall_sampler:  [t-7ms] verify_seeky_multi.py:308:<module> <- verify_seeky_multi.py:244:main
WARNING:root:GUI 卡顿 556ms state=IDLE anim=待机呼吸休闲 physics=None
WARNING:pet.gui_stall_sampler:GUI 冻结现场（556ms，11 个采样点，旧→新）：
WARNING:pet.gui_stall_sampler:  [t-579ms] webm_clip.py:2499:_poll <- webm_clip.py:2750:_process_frame <- window_optional_services.py:62:<lambda> <- verify_seeky_multi.py:92:observed_frame <- window.py:1917:_on_frame <- window.py:2124:_rebuild_frame
WARNING:pet.gui_stall_sampler:  [t-524ms] window.py:1705:switch_clip <- window.py:1687:_switch <- library.py:918:release_superseded_movies <- webm_clip.py:1140:cleanup <- webm_clip.py:1197:_reap_retired <- threading.py:1092:join
WARNING:pet.gui_stall_sampler:  [t-9ms] window_optional_services.py:62:<lambda> <- verify_seeky_multi.py:92:observed_frame <- window.py:1919:_on_frame <- window.py:2126:_rebuild_frame <- window.py:2291:_sync_mask <- window_optional_services.py:44:effects_coverage
WARNING:root:GUI 卡顿 557ms state=IDLE anim=东张西望 physics=None
WARNING:pet.gui_stall_sampler:GUI 冻结现场（557ms，11 个采样点，旧→新）：
WARNING:pet.gui_stall_sampler:  [t-579ms] webm_clip.py:2499:_poll <- webm_clip.py:2750:_process_frame <- window_optional_services.py:62:<lambda> <- verify_seeky_multi.py:92:observed_frame <- window.py:1917:_on_frame <- window.py:2124:_rebuild_frame
WARNING:pet.gui_stall_sampler:  [t-524ms] window.py:1705:switch_clip <- window.py:1687:_switch <- library.py:918:release_superseded_movies <- webm_clip.py:1140:cleanup <- webm_clip.py:1197:_reap_retired <- threading.py:1092:join
WARNING:pet.gui_stall_sampler:  [t-9ms] window_optional_services.py:62:<lambda> <- verify_seeky_multi.py:92:observed_frame <- window.py:1919:_on_frame <- window.py:2126:_rebuild_frame <- window.py:2291:_sync_mask <- window_optional_services.py:44:effects_coverage
WARNING:root:GUI 卡顿 557ms state=IDLE anim=余额-分文不剩 physics=None
WARNING:pet.gui_stall_sampler:GUI 冻结现场（557ms，11 个采样点，旧→新）：
WARNING:pet.gui_stall_sampler:  [t-579ms] webm_clip.py:2499:_poll <- webm_clip.py:2750:_process_frame <- window_optional_services.py:62:<lambda> <- verify_seeky_multi.py:92:observed_frame <- window.py:1917:_on_frame <- window.py:2124:_rebuild_frame
WARNING:pet.gui_stall_sampler:  [t-524ms] window.py:1705:switch_clip <- window.py:1687:_switch <- library.py:918:release_superseded_movies <- webm_clip.py:1140:cleanup <- webm_clip.py:1197:_reap_retired <- threading.py:1092:join
WARNING:pet.gui_stall_sampler:  [t-9ms] window_optional_services.py:62:<lambda> <- verify_seeky_multi.py:92:observed_frame <- window.py:1919:_on_frame <- window.py:2126:_rebuild_frame <- window.py:2291:_sync_mask <- window_optional_services.py:44:effects_coverage
WARNING:root:GUI 卡顿 212ms state=IDLE anim=待机呼吸休闲 physics=None
WARNING:pet.gui_stall_sampler:GUI 冻结现场（212ms，5 个采样点，旧→新）：
WARNING:pet.gui_stall_sampler:  [t-250ms] verify_seeky_multi.py:308:<module> <- verify_seeky_multi.py:244:main
WARNING:pet.gui_stall_sampler:  [t-189ms] verify_seeky_multi.py:244:main <- verify_seeky_multi.py:208:close_child <- app.py:437:wrapper <- app.py:1051:_request_exit_window <- app.py:2877:_on_window_exit_requested <- collision_ipc.py:1283:stop
WARNING:pet.gui_stall_sampler:  [t-129ms] app.py:2886:_on_window_exit_requested <- window.py:4637:closeEvent <- library.py:563:shutdown <- webm_clip.py:1140:cleanup <- webm_clip.py:1197:_reap_retired <- threading.py:1092:join
WARNING:pet.gui_stall_sampler:  [t-5ms] verify_seeky_multi.py:208:close_child <- app.py:437:wrapper <- app.py:1051:_request_exit_window <- app.py:2896:_on_window_exit_requested <- app.py:2987:_refresh_tray_menu <- app.py:3174:_build_tray
WARNING:root:GUI 卡顿 212ms state=IDLE anim=东张西望 physics=None
WARNING:pet.gui_stall_sampler:GUI 冻结现场（212ms，5 个采样点，旧→新）：
WARNING:pet.gui_stall_sampler:  [t-250ms] verify_seeky_multi.py:308:<module> <- verify_seeky_multi.py:244:main
WARNING:pet.gui_stall_sampler:  [t-189ms] verify_seeky_multi.py:244:main <- verify_seeky_multi.py:208:close_child <- app.py:437:wrapper <- app.py:1051:_request_exit_window <- app.py:2877:_on_window_exit_requested <- collision_ipc.py:1283:stop
WARNING:pet.gui_stall_sampler:  [t-129ms] app.py:2886:_on_window_exit_requested <- window.py:4637:closeEvent <- library.py:563:shutdown <- webm_clip.py:1140:cleanup <- webm_clip.py:1197:_reap_retired <- threading.py:1092:join
WARNING:pet.gui_stall_sampler:  [t-5ms] verify_seeky_multi.py:208:close_child <- app.py:437:wrapper <- app.py:1051:_request_exit_window <- app.py:2896:_on_window_exit_requested <- app.py:2987:_refresh_tray_menu <- app.py:3174:_build_tray
{'max_first_frame_decoders': 2, 'steady_mib': 1309.269847869873, 'peak_mib': 1723.3795547485352, 'growth_mib': 588.6100845336914, 'playback': {0: {'fps': 21.434232330267296, 'forward_gaps': 0, 'frames': 1072, 'ten_second_bins': [{'start': 0, 'fps': 23.41841651166439, 'frames': 210}, {'start': 10, 'fps': 22.536283416300243, 'frames': 226}, {'start': 20, 'fps': 23.79924284265387, 'frames': 238}, {'start': 30, 'fps': 23.791836488846954, 'frames': 238}, {'start': 40, 'fps': 23.803545422588265, 'frames': 238}, {'start': 50, 'fps': 20.859575754522083, 'frames': 208}, {'start': 60, 'fps': 20.18964201052673, 'frames': 202}, {'start': 70, 'fps': 19.36584386915514, 'frames': 194}, {'start': 80, 'fps': 21.996123057762425, 'frames': 220}, {'start': 90, 'fps': 23.39240506329114, 'frames': 232}]}, 1: {'fps': 21.462105969148226, 'forward_gaps': 0, 'frames': 1073, 'ten_second_bins': [{'start': 0, 'fps': 23.567701026878403, 'frames': 211}, {'start': 10, 'fps': 22.54667161023318, 'frames': 226}, {'start': 20, 'fps': 23.78849319468422, 'frames': 238}, {'start': 30, 'fps': 23.789363332123703, 'frames': 237}, {'start': 40, 'fps': 23.793508488359244, 'frames': 238}, {'start': 50, 'fps': 21.016603116462004, 'frames': 211}, {'start': 60, 'fps': 20.18720874176442, 'frames': 202}, {'start': 70, 'fps': 19.385100591597098, 'frames': 194}, {'start': 80, 'fps': 22.077280562920237, 'frames': 220}, {'start': 90, 'fps': 23.107561645501622, 'frames': 229}]}, 2: {'fps': 21.4496523435546, 'forward_gaps': 0, 'frames': 1073, 'ten_second_bins': [{'start': 0, 'fps': 23.483673790422255, 'frames': 210}, {'start': 10, 'fps': 22.465374239035594, 'frames': 225}, {'start': 20, 'fps': 23.794702917612096, 'frames': 238}, {'start': 30, 'fps': 23.791597650956188, 'frames': 238}, {'start': 40, 'fps': 23.796614253870725, 'frames': 238}, {'start': 50, 'fps': 20.726222696219974, 'frames': 207}, {'start': 60, 'fps': 20.110810566219865, 'frames': 201}, {'start': 70, 'fps': 19.561226639381267, 'frames': 196}, {'start': 80, 'fps': 22.511129097531356, 'frames': 179}, {'start': 90, 'fps': 23.383141325424862, 'frames': 206}]}}, 'queue_drops': 0, 'duplicate_first_images': [], 'lifecycle': {'windows_after_close': 2, 'windows_after_respawn': 3}, 'shared_process_enabled': True, 'source_widths': [2560, 2560, 2560], 'actions': {0: '待机呼吸休闲', 1: '东张西望', 2: '余额-分文不剩'}, 'initial_decode_routes': {0: {'idle_eligible': True, 'broker_active': True, 'feed': False, 'publish': True, 'path': '/Users/ray/Library/Caches/seeky-native-v6/assets/characters_hq/shenshen/videos/idle/待机呼吸休闲.webm'}, 1: {'idle_eligible': False, 'broker_active': True, 'feed': False, 'publish': False, 'path': '/Users/ray/Library/Caches/seeky-native-v6/assets/characters/shenshen/videos/turn/东张西望.webm'}, 2: {'idle_eligible': False, 'broker_active': True, 'feed': False, 'publish': False, 'path': '/Users/ray/Library/Caches/seeky-native-v6/assets/characters_hq/shenshen/videos/events/balance/余额-分文不剩.webm'}}, 'live_ffmpeg_after_cleanup': []} ['Pet 0: fps=21.43, skipped source frames=0', 'Pet 1: fps=21.46, skipped source frames=0', 'Pet 2: fps=21.45, skipped source frames=0']
