QSystemTrayIcon::setVisible: No Icon set
WARNING:root:GUI 卡顿 1205ms state=IDLE anim=待机呼吸休闲 physics=None
WARNING:pet.gui_stall_sampler:GUI 冻结现场（1205ms，11 个采样点，旧→新）：
WARNING:pet.gui_stall_sampler:  [t-1080ms] app.py:572:_create_ui <- app.py:537:_build_window <- window.py:4539:moveEvent <- window.py:1454:_submit_collision_state <- collision_client.py:244:_submit_collision_state <- collision_client.py:199:_collision_state
WARNING:pet.gui_stall_sampler:  [t-951ms] verify_seeky_multi.py:57:main <- app.py:1703:start <- app.py:1812:_create_ui_with_character_fallback <- app.py:572:_create_ui <- app.py:537:_build_window <- file_eater.py:150:eventFilter
WARNING:pet.gui_stall_sampler:  [t-789ms] verify_seeky_multi.py:308:<module> <- verify_seeky_multi.py:57:main <- app.py:1719:start <- app.py:1613:_install_config_watcher <- app.py:1623:_watch_config_file
WARNING:pet.gui_stall_sampler:  [t-714ms] window.py:746:__init__ <- window.py:1669:_switch <- webm_clip.py:1634:start <- threading.py:979:start <- threading.py:659:wait <- threading.py:359:wait
WARNING:pet.gui_stall_sampler:  [t-652ms] verify_seeky_multi.py:308:<module> <- verify_seeky_multi.py:113:main <- app.py:2627:spawn_pet <- app.py:2775:spawn_in_process_window <- app.py:2987:_refresh_tray_menu <- app.py:3246:_build_tray
WARNING:pet.gui_stall_sampler:  [t-576ms] app.py:2768:spawn_in_process_window <- app.py:548:_build_window <- settings_commands.py:28:__init__ <- settings_commands.py:12:endpoint <- _local.py:670:resolve <- <frozen posixpath>:445:realpath
WARNING:pet.gui_stall_sampler:  [t-521ms] verify_seeky_multi.py:308:<module> <- verify_seeky_multi.py:244:main
WARNING:root:GUI 卡顿 765ms state=IDLE anim=待机呼吸休闲 physics=None
WARNING:pet.gui_stall_sampler:GUI 冻结现场（765ms，9 个采样点，旧→新）：
WARNING:pet.gui_stall_sampler:  [t-812ms] verify_seeky_multi.py:308:<module> <- verify_seeky_multi.py:57:main <- app.py:1719:start <- app.py:1613:_install_config_watcher <- app.py:1623:_watch_config_file
WARNING:pet.gui_stall_sampler:  [t-737ms] window.py:746:__init__ <- window.py:1669:_switch <- webm_clip.py:1634:start <- threading.py:979:start <- threading.py:659:wait <- threading.py:359:wait
WARNING:pet.gui_stall_sampler:  [t-675ms] verify_seeky_multi.py:308:<module> <- verify_seeky_multi.py:113:main <- app.py:2627:spawn_pet <- app.py:2775:spawn_in_process_window <- app.py:2987:_refresh_tray_menu <- app.py:3246:_build_tray
WARNING:pet.gui_stall_sampler:  [t-599ms] app.py:2768:spawn_in_process_window <- app.py:548:_build_window <- settings_commands.py:28:__init__ <- settings_commands.py:12:endpoint <- _local.py:670:resolve <- <frozen posixpath>:445:realpath
WARNING:pet.gui_stall_sampler:  [t-544ms] verify_seeky_multi.py:308:<module> <- verify_seeky_multi.py:244:main
WARNING:root:GUI 卡顿 679ms state=IDLE anim=待机呼吸休闲 physics=None
WARNING:pet.gui_stall_sampler:GUI 冻结现场（679ms，7 个采样点，旧→新）：
WARNING:pet.gui_stall_sampler:  [t-691ms] verify_seeky_multi.py:308:<module> <- verify_seeky_multi.py:113:main <- app.py:2627:spawn_pet <- app.py:2775:spawn_in_process_window <- app.py:2987:_refresh_tray_menu <- app.py:3246:_build_tray
WARNING:pet.gui_stall_sampler:  [t-615ms] app.py:2768:spawn_in_process_window <- app.py:548:_build_window <- settings_commands.py:28:__init__ <- settings_commands.py:12:endpoint <- _local.py:670:resolve <- <frozen posixpath>:445:realpath
WARNING:pet.gui_stall_sampler:  [t-560ms] verify_seeky_multi.py:308:<module> <- verify_seeky_multi.py:244:main
WARNING:root:GUI 卡顿 125ms state=IDLE anim=待机呼吸休闲 physics=None
WARNING:pet.gui_stall_sampler:GUI 冻结现场（125ms，3 个采样点，旧→新）：
WARNING:pet.gui_stall_sampler:  [t-150ms] webm_clip.py:2499:_poll <- webm_clip.py:2750:_process_frame <- window_optional_services.py:62:<lambda> <- verify_seeky_multi.py:92:observed_frame <- window.py:1917:_on_frame <- window.py:2124:_rebuild_frame
WARNING:pet.gui_stall_sampler:  [t-94ms] verify_seeky_multi.py:308:<module> <- verify_seeky_multi.py:244:main
WARNING:root:GUI 卡顿 125ms state=IDLE anim=待机呼吸休闲 physics=None
WARNING:pet.gui_stall_sampler:GUI 冻结现场（125ms，3 个采样点，旧→新）：
WARNING:pet.gui_stall_sampler:  [t-150ms] webm_clip.py:2499:_poll <- webm_clip.py:2750:_process_frame <- window_optional_services.py:62:<lambda> <- verify_seeky_multi.py:92:observed_frame <- window.py:1917:_on_frame <- window.py:2124:_rebuild_frame
WARNING:pet.gui_stall_sampler:  [t-94ms] verify_seeky_multi.py:308:<module> <- verify_seeky_multi.py:244:main
WARNING:root:GUI 卡顿 126ms state=IDLE anim=待机呼吸休闲 physics=None
WARNING:pet.gui_stall_sampler:GUI 冻结现场（126ms，3 个采样点，旧→新）：
WARNING:pet.gui_stall_sampler:  [t-150ms] webm_clip.py:2499:_poll <- webm_clip.py:2750:_process_frame <- window_optional_services.py:62:<lambda> <- verify_seeky_multi.py:92:observed_frame <- window.py:1917:_on_frame <- window.py:2124:_rebuild_frame
WARNING:pet.gui_stall_sampler:  [t-94ms] verify_seeky_multi.py:308:<module> <- verify_seeky_multi.py:244:main
{'max_first_frame_decoders': 2, 'steady_mib': 1307.433692932129, 'peak_mib': 1913.676773071289, 'growth_mib': -572.0946655273438, 'playback': {0: {'fps': 22.701054380884003, 'forward_gaps': 0, 'frames': 1408, 'ten_second_bins': [{'start': 0, 'fps': 23.60928269124063, 'frames': 218}, {'start': 10, 'fps': 23.789687120444075, 'frames': 238}, {'start': 20, 'fps': 23.423441536899457, 'frames': 234}, {'start': 30, 'fps': 22.591041898852378, 'frames': 226}, {'start': 40, 'fps': 23.07244748510322, 'frames': 231}, {'start': 50, 'fps': 21.96539945791812, 'frames': 219}, {'start': 60, 'fps': 22.577667175082293, 'frames': 226}, {'start': 70, 'fps': 23.293874313483343, 'frames': 233}, {'start': 80, 'fps': 21.76398611919041, 'frames': 218}, {'start': 90, 'fps': 23.796799532130727, 'frames': 237}]}, 1: {'fps': 22.567387380988514, 'forward_gaps': 0, 'frames': 1399, 'ten_second_bins': [{'start': 0, 'fps': 23.648906374306605, 'frames': 218}, {'start': 10, 'fps': 23.784328546233308, 'frames': 237}, {'start': 20, 'fps': 23.46970502392104, 'frames': 235}, {'start': 30, 'fps': 21.699165184894962, 'frames': 217}, {'start': 40, 'fps': 23.163700175482585, 'frames': 232}, {'start': 50, 'fps': 21.55107302188341, 'frames': 215}, {'start': 60, 'fps': 22.496058168378987, 'frames': 225}, {'start': 70, 'fps': 22.996354726303238, 'frames': 230}, {'start': 80, 'fps': 21.87874938245465, 'frames': 218}, {'start': 90, 'fps': 23.752251934902716, 'frames': 237}]}, 2: {'fps': 22.485440152894537, 'forward_gaps': 0, 'frames': 1394, 'ten_second_bins': [{'start': 0, 'fps': 23.58181579981659, 'frames': 217}, {'start': 10, 'fps': 23.628539253539255, 'frames': 236}, {'start': 20, 'fps': 23.41826222423237, 'frames': 234}, {'start': 30, 'fps': 21.695895859699867, 'frames': 217}, {'start': 40, 'fps': 23.095847768238187, 'frames': 231}, {'start': 50, 'fps': 21.37139861690761, 'frames': 213}, {'start': 60, 'fps': 22.588773881353713, 'frames': 226}, {'start': 70, 'fps': 22.701019536939377, 'frames': 227}, {'start': 80, 'fps': 21.88227736288444, 'frames': 219}, {'start': 90, 'fps': 23.60067256852297, 'frames': 234}]}}, 'queue_drops': 0, 'duplicate_first_images': [], 'lifecycle': {}, 'shared_process_enabled': True, 'source_widths': [2560, 2560, 2560], 'actions': {0: '待机呼吸休闲', 1: '待机呼吸休闲', 2: '待机呼吸休闲'}, 'initial_decode_routes': {0: {'idle_eligible': True, 'broker_active': True, 'feed': False, 'publish': True, 'path': '/Users/ray/Library/Caches/seeky-native-v6/assets/characters_hq/shenshen/videos/idle/待机呼吸休闲.webm'}, 1: {'idle_eligible': True, 'broker_active': True, 'feed': True, 'publish': False, 'path': '/Users/ray/Library/Caches/seeky-native-v6/assets/characters_hq/shenshen/videos/idle/待机呼吸休闲.webm'}, 2: {'idle_eligible': True, 'broker_active': True, 'feed': True, 'publish': False, 'path': '/Users/ray/Library/Caches/seeky-native-v6/assets/characters_hq/shenshen/videos/idle/待机呼吸休闲.webm'}}, 'live_ffmpeg_after_cleanup': []} []
