QSystemTrayIcon::setVisible: No Icon set
WARNING:root:GUI 卡顿 1117ms state=IDLE anim=待机呼吸休闲 physics=None
WARNING:pet.gui_stall_sampler:GUI 冻结现场（1117ms，11 个采样点，旧→新）：
WARNING:pet.gui_stall_sampler:  [t-974ms] window.py:1095:_schedule_macos_window_level <- window.py:1090:apply_current_native_window <- platform_mac.py:48:_mac_set_window_level <- util.py:78:find_library <- dyld.py:131:dyld_find <- <frozen genericpath>:39:isfile
WARNING:pet.gui_stall_sampler:  [t-872ms] verify_seeky_multi.py:57:main <- app.py:1703:start <- app.py:1812:_create_ui_with_character_fallback <- app.py:572:_create_ui <- app.py:537:_build_window <- file_eater.py:150:eventFilter
WARNING:pet.gui_stall_sampler:  [t-813ms] <frozen importlib._bootstrap>:1360:_find_and_load <- <frozen importlib._bootstrap>:1331:_find_and_load_unlocked <- <frozen importlib._bootstrap>:935:_load_unlocked <- <frozen importlib._bootstrap_external>:1022:exec_module <- <frozen importlib._bootstrap_external>:1118:get_code <- <frozen importlib._bootstrap_external>:1218:get_data
WARNING:pet.gui_stall_sampler:  [t-725ms] verify_seeky_multi.py:308:<module> <- verify_seeky_multi.py:113:main <- app.py:2627:spawn_pet <- app.py:2768:spawn_in_process_window <- app.py:537:_build_window <- file_eater.py:150:eventFilter
WARNING:pet.gui_stall_sampler:  [t-608ms] verify_seeky_multi.py:308:<module> <- verify_seeky_multi.py:151:main <- threading.py:979:start <- threading.py:659:wait <- threading.py:359:wait
WARNING:pet.gui_stall_sampler:  [t-556ms] verify_seeky_multi.py:308:<module> <- verify_seeky_multi.py:244:main
WARNING:root:GUI 卡顿 816ms state=IDLE anim=待机呼吸休闲 physics=None
WARNING:pet.gui_stall_sampler:GUI 冻结现场（816ms，9 个采样点，旧→新）：
WARNING:pet.gui_stall_sampler:  [t-831ms] <frozen importlib._bootstrap>:1360:_find_and_load <- <frozen importlib._bootstrap>:1331:_find_and_load_unlocked <- <frozen importlib._bootstrap>:935:_load_unlocked <- <frozen importlib._bootstrap_external>:1022:exec_module <- <frozen importlib._bootstrap_external>:1118:get_code <- <frozen importlib._bootstrap_external>:1218:get_data
WARNING:pet.gui_stall_sampler:  [t-743ms] verify_seeky_multi.py:308:<module> <- verify_seeky_multi.py:113:main <- app.py:2627:spawn_pet <- app.py:2768:spawn_in_process_window <- app.py:537:_build_window <- file_eater.py:150:eventFilter
WARNING:pet.gui_stall_sampler:  [t-626ms] verify_seeky_multi.py:308:<module> <- verify_seeky_multi.py:151:main <- threading.py:979:start <- threading.py:659:wait <- threading.py:359:wait
WARNING:pet.gui_stall_sampler:  [t-574ms] verify_seeky_multi.py:308:<module> <- verify_seeky_multi.py:244:main
WARNING:root:GUI 卡顿 719ms state=IDLE anim=待机呼吸休闲 physics=None
WARNING:pet.gui_stall_sampler:GUI 冻结现场（719ms，8 个采样点，旧→新）：
WARNING:pet.gui_stall_sampler:  [t-755ms] verify_seeky_multi.py:308:<module> <- verify_seeky_multi.py:113:main <- app.py:2627:spawn_pet <- app.py:2768:spawn_in_process_window <- app.py:537:_build_window <- file_eater.py:150:eventFilter
WARNING:pet.gui_stall_sampler:  [t-639ms] verify_seeky_multi.py:308:<module> <- verify_seeky_multi.py:151:main <- threading.py:979:start <- threading.py:659:wait <- threading.py:359:wait
WARNING:pet.gui_stall_sampler:  [t-586ms] verify_seeky_multi.py:308:<module> <- verify_seeky_multi.py:244:main
WARNING:root:GUI 卡顿 108ms state=IDLE anim=待机呼吸休闲 physics=None
WARNING:pet.gui_stall_sampler:GUI 冻结现场（108ms，1 个采样点，旧→新）：
WARNING:pet.gui_stall_sampler:  [t-124ms] verify_seeky_multi.py:92:observed_frame <- window.py:1917:_on_frame <- window.py:2124:_rebuild_frame <- window.py:2270:_sync_mask <- window_optional_services.py:42:effects_coverage <- frame_edges.py:32:coverage_region
WARNING:root:GUI 卡顿 109ms state=IDLE anim=待机呼吸休闲 physics=None
WARNING:pet.gui_stall_sampler:GUI 冻结现场（109ms，1 个采样点，旧→新）：
WARNING:pet.gui_stall_sampler:  [t-125ms] verify_seeky_multi.py:92:observed_frame <- window.py:1917:_on_frame <- window.py:2124:_rebuild_frame <- window.py:2270:_sync_mask <- window_optional_services.py:42:effects_coverage <- frame_edges.py:32:coverage_region
WARNING:root:GUI 卡顿 109ms state=IDLE anim=待机呼吸休闲 physics=None
WARNING:pet.gui_stall_sampler:GUI 冻结现场（109ms，1 个采样点，旧→新）：
WARNING:pet.gui_stall_sampler:  [t-125ms] verify_seeky_multi.py:92:observed_frame <- window.py:1917:_on_frame <- window.py:2124:_rebuild_frame <- window.py:2270:_sync_mask <- window_optional_services.py:42:effects_coverage <- frame_edges.py:32:coverage_region
WARNING:root:GUI 卡顿 182ms state=IDLE anim=待机呼吸休闲 physics=None
WARNING:pet.gui_stall_sampler:GUI 冻结现场（182ms，2 个采样点，旧→新）：
WARNING:pet.gui_stall_sampler:  [t-186ms] verify_seeky_multi.py:308:<module> <- verify_seeky_multi.py:244:main <- webm_clip.py:2499:_poll <- webm_clip.py:2723:_process_frame
WARNING:pet.gui_stall_sampler:  [t-14ms] verify_seeky_multi.py:308:<module> <- verify_seeky_multi.py:244:main
WARNING:root:GUI 卡顿 183ms state=IDLE anim=待机呼吸休闲 physics=None
WARNING:pet.gui_stall_sampler:GUI 冻结现场（183ms，2 个采样点，旧→新）：
WARNING:pet.gui_stall_sampler:  [t-186ms] verify_seeky_multi.py:308:<module> <- verify_seeky_multi.py:244:main <- webm_clip.py:2499:_poll <- webm_clip.py:2723:_process_frame
WARNING:pet.gui_stall_sampler:  [t-15ms] verify_seeky_multi.py:308:<module> <- verify_seeky_multi.py:244:main
WARNING:root:GUI 卡顿 183ms state=IDLE anim=待机呼吸休闲 physics=None
WARNING:pet.gui_stall_sampler:GUI 冻结现场（183ms，2 个采样点，旧→新）：
WARNING:pet.gui_stall_sampler:  [t-186ms] verify_seeky_multi.py:308:<module> <- verify_seeky_multi.py:244:main <- webm_clip.py:2499:_poll <- webm_clip.py:2723:_process_frame
WARNING:pet.gui_stall_sampler:  [t-15ms] verify_seeky_multi.py:308:<module> <- verify_seeky_multi.py:244:main
WARNING:root:GUI 卡顿 111ms state=IDLE anim=待机呼吸休闲 physics=None
WARNING:pet.gui_stall_sampler:GUI 冻结现场（111ms，2 个采样点，旧→新）：
WARNING:pet.gui_stall_sampler:  [t-125ms] verify_seeky_multi.py:308:<module> <- verify_seeky_multi.py:244:main
WARNING:root:GUI 卡顿 110ms state=IDLE anim=待机呼吸休闲 physics=None
WARNING:pet.gui_stall_sampler:GUI 冻结现场（110ms，2 个采样点，旧→新）：
WARNING:pet.gui_stall_sampler:  [t-125ms] verify_seeky_multi.py:308:<module> <- verify_seeky_multi.py:244:main
WARNING:root:GUI 卡顿 110ms state=IDLE anim=待机呼吸休闲 physics=None
WARNING:pet.gui_stall_sampler:GUI 冻结现场（110ms，2 个采样点，旧→新）：
WARNING:pet.gui_stall_sampler:  [t-125ms] verify_seeky_multi.py:308:<module> <- verify_seeky_multi.py:244:main
WARNING:root:GUI 卡顿 102ms state=IDLE anim=待机呼吸休闲 physics=None
WARNING:pet.gui_stall_sampler:GUI 冻结现场（102ms，2 个采样点，旧→新）：
WARNING:pet.gui_stall_sampler:  [t-102ms] verify_seeky_multi.py:308:<module> <- verify_seeky_multi.py:244:main
WARNING:pet.gui_stall_sampler:  [t-0ms] verify_seeky_multi.py:92:observed_frame <- window.py:1917:_on_frame <- window.py:2124:_rebuild_frame <- window.py:2270:_sync_mask <- window_optional_services.py:42:effects_coverage <- frame_edges.py:18:coverage_region
WARNING:root:GUI 卡顿 102ms state=IDLE anim=待机呼吸休闲 physics=None
WARNING:pet.gui_stall_sampler:GUI 冻结现场（102ms，2 个采样点，旧→新）：
WARNING:pet.gui_stall_sampler:  [t-102ms] verify_seeky_multi.py:308:<module> <- verify_seeky_multi.py:244:main
WARNING:pet.gui_stall_sampler:  [t-0ms] verify_seeky_multi.py:92:observed_frame <- window.py:1917:_on_frame <- window.py:2124:_rebuild_frame <- window.py:2270:_sync_mask <- window_optional_services.py:42:effects_coverage <- frame_edges.py:18:coverage_region
WARNING:root:GUI 卡顿 102ms state=IDLE anim=待机呼吸休闲 physics=None
WARNING:pet.gui_stall_sampler:GUI 冻结现场（102ms，2 个采样点，旧→新）：
WARNING:pet.gui_stall_sampler:  [t-102ms] verify_seeky_multi.py:308:<module> <- verify_seeky_multi.py:244:main
WARNING:pet.gui_stall_sampler:  [t-0ms] verify_seeky_multi.py:92:observed_frame <- window.py:1917:_on_frame <- window.py:2124:_rebuild_frame <- window.py:2270:_sync_mask <- window_optional_services.py:42:effects_coverage <- frame_edges.py:18:coverage_region
WARNING:root:GUI 卡顿 108ms state=IDLE anim=待机呼吸休闲 physics=None
WARNING:pet.gui_stall_sampler:GUI 冻结现场（108ms，2 个采样点，旧→新）：
WARNING:pet.gui_stall_sampler:  [t-113ms] verify_seeky_multi.py:92:observed_frame <- window.py:1917:_on_frame <- window.py:2124:_rebuild_frame <- window.py:2270:_sync_mask <- window_optional_services.py:42:effects_coverage <- frame_edges.py:18:coverage_region
WARNING:pet.gui_stall_sampler:  [t-2ms] webm_clip.py:2499:_poll <- webm_clip.py:2750:_process_frame <- window_optional_services.py:62:<lambda> <- verify_seeky_multi.py:92:observed_frame <- window.py:1919:_on_frame <- window.py:2126:_rebuild_frame
WARNING:root:GUI 卡顿 108ms state=IDLE anim=待机呼吸休闲 physics=None
WARNING:pet.gui_stall_sampler:GUI 冻结现场（108ms，2 个采样点，旧→新）：
WARNING:pet.gui_stall_sampler:  [t-113ms] verify_seeky_multi.py:92:observed_frame <- window.py:1917:_on_frame <- window.py:2124:_rebuild_frame <- window.py:2270:_sync_mask <- window_optional_services.py:42:effects_coverage <- frame_edges.py:18:coverage_region
WARNING:pet.gui_stall_sampler:  [t-3ms] webm_clip.py:2499:_poll <- webm_clip.py:2750:_process_frame <- window_optional_services.py:62:<lambda> <- verify_seeky_multi.py:92:observed_frame <- window.py:1919:_on_frame <- window.py:2126:_rebuild_frame
WARNING:root:GUI 卡顿 108ms state=IDLE anim=待机呼吸休闲 physics=None
WARNING:pet.gui_stall_sampler:GUI 冻结现场（108ms，2 个采样点，旧→新）：
WARNING:pet.gui_stall_sampler:  [t-113ms] verify_seeky_multi.py:92:observed_frame <- window.py:1917:_on_frame <- window.py:2124:_rebuild_frame <- window.py:2270:_sync_mask <- window_optional_services.py:42:effects_coverage <- frame_edges.py:18:coverage_region
WARNING:pet.gui_stall_sampler:  [t-3ms] webm_clip.py:2499:_poll <- webm_clip.py:2750:_process_frame <- window_optional_services.py:62:<lambda> <- verify_seeky_multi.py:92:observed_frame <- window.py:1919:_on_frame <- window.py:2126:_rebuild_frame
WARNING:root:GUI 卡顿 137ms state=IDLE anim=待机呼吸休闲 physics=None
WARNING:pet.gui_stall_sampler:GUI 冻结现场（137ms，2 个采样点，旧→新）：
WARNING:pet.gui_stall_sampler:  [t-145ms] verify_seeky_multi.py:92:observed_frame <- window.py:1917:_on_frame <- window.py:2124:_rebuild_frame <- window.py:2270:_sync_mask <- window_optional_services.py:42:effects_coverage <- frame_edges.py:32:coverage_region
WARNING:pet.gui_stall_sampler:  [t-3ms] verify_seeky_multi.py:308:<module> <- verify_seeky_multi.py:244:main <- webm_clip.py:2499:_poll <- webm_clip.py:2750:_process_frame
WARNING:root:GUI 卡顿 138ms state=IDLE anim=待机呼吸休闲 physics=None
WARNING:pet.gui_stall_sampler:GUI 冻结现场（138ms，2 个采样点，旧→新）：
WARNING:pet.gui_stall_sampler:  [t-145ms] verify_seeky_multi.py:92:observed_frame <- window.py:1917:_on_frame <- window.py:2124:_rebuild_frame <- window.py:2270:_sync_mask <- window_optional_services.py:42:effects_coverage <- frame_edges.py:32:coverage_region
WARNING:pet.gui_stall_sampler:  [t-3ms] verify_seeky_multi.py:308:<module> <- verify_seeky_multi.py:244:main <- webm_clip.py:2499:_poll <- webm_clip.py:2750:_process_frame
WARNING:root:GUI 卡顿 138ms state=IDLE anim=待机呼吸休闲 physics=None
WARNING:pet.gui_stall_sampler:GUI 冻结现场（138ms，2 个采样点，旧→新）：
WARNING:pet.gui_stall_sampler:  [t-145ms] verify_seeky_multi.py:92:observed_frame <- window.py:1917:_on_frame <- window.py:2124:_rebuild_frame <- window.py:2270:_sync_mask <- window_optional_services.py:42:effects_coverage <- frame_edges.py:32:coverage_region
WARNING:pet.gui_stall_sampler:  [t-3ms] verify_seeky_multi.py:308:<module> <- verify_seeky_multi.py:244:main <- webm_clip.py:2499:_poll <- webm_clip.py:2750:_process_frame
WARNING:root:GUI 卡顿 119ms state=IDLE anim=待机呼吸休闲 physics=None
WARNING:pet.gui_stall_sampler:GUI 冻结现场（119ms，2 个采样点，旧→新）：
WARNING:pet.gui_stall_sampler:  [t-139ms] verify_seeky_multi.py:308:<module> <- verify_seeky_multi.py:244:main
WARNING:pet.gui_stall_sampler:  [t-16ms] webm_clip.py:2499:_poll <- webm_clip.py:2750:_process_frame <- window_optional_services.py:62:<lambda> <- verify_seeky_multi.py:92:observed_frame <- window.py:1917:_on_frame <- window.py:2106:_rebuild_frame
WARNING:root:GUI 卡顿 120ms state=IDLE anim=待机呼吸休闲 physics=None
WARNING:pet.gui_stall_sampler:GUI 冻结现场（120ms，2 个采样点，旧→新）：
WARNING:pet.gui_stall_sampler:  [t-139ms] verify_seeky_multi.py:308:<module> <- verify_seeky_multi.py:244:main
WARNING:pet.gui_stall_sampler:  [t-17ms] webm_clip.py:2499:_poll <- webm_clip.py:2750:_process_frame <- window_optional_services.py:62:<lambda> <- verify_seeky_multi.py:92:observed_frame <- window.py:1917:_on_frame <- window.py:2106:_rebuild_frame
WARNING:root:GUI 卡顿 120ms state=IDLE anim=待机呼吸休闲 physics=None
WARNING:pet.gui_stall_sampler:GUI 冻结现场（120ms，2 个采样点，旧→新）：
WARNING:pet.gui_stall_sampler:  [t-139ms] verify_seeky_multi.py:308:<module> <- verify_seeky_multi.py:244:main
WARNING:pet.gui_stall_sampler:  [t-17ms] webm_clip.py:2499:_poll <- webm_clip.py:2750:_process_frame <- window_optional_services.py:62:<lambda> <- verify_seeky_multi.py:92:observed_frame <- window.py:1917:_on_frame <- window.py:2106:_rebuild_frame
WARNING:root:GUI 卡顿 115ms state=IDLE anim=待机呼吸休闲 physics=None
WARNING:pet.gui_stall_sampler:GUI 冻结现场（115ms，2 个采样点，旧→新）：
WARNING:pet.gui_stall_sampler:  [t-128ms] verify_seeky_multi.py:308:<module> <- verify_seeky_multi.py:244:main
WARNING:pet.gui_stall_sampler:  [t-49ms] verify_seeky_multi.py:92:observed_frame <- window.py:1917:_on_frame <- window.py:2124:_rebuild_frame <- window.py:2270:_sync_mask <- window_optional_services.py:42:effects_coverage <- frame_edges.py:18:coverage_region
WARNING:root:GUI 卡顿 117ms state=IDLE anim=待机呼吸休闲 physics=None
WARNING:pet.gui_stall_sampler:GUI 冻结现场（117ms，2 个采样点，旧→新）：
WARNING:pet.gui_stall_sampler:  [t-128ms] verify_seeky_multi.py:308:<module> <- verify_seeky_multi.py:244:main
WARNING:pet.gui_stall_sampler:  [t-49ms] verify_seeky_multi.py:92:observed_frame <- window.py:1917:_on_frame <- window.py:2124:_rebuild_frame <- window.py:2270:_sync_mask <- window_optional_services.py:42:effects_coverage <- frame_edges.py:18:coverage_region
WARNING:root:GUI 卡顿 117ms state=IDLE anim=待机呼吸休闲 physics=None
WARNING:pet.gui_stall_sampler:GUI 冻结现场（117ms，2 个采样点，旧→新）：
WARNING:pet.gui_stall_sampler:  [t-128ms] verify_seeky_multi.py:308:<module> <- verify_seeky_multi.py:244:main
WARNING:pet.gui_stall_sampler:  [t-49ms] verify_seeky_multi.py:92:observed_frame <- window.py:1917:_on_frame <- window.py:2124:_rebuild_frame <- window.py:2270:_sync_mask <- window_optional_services.py:42:effects_coverage <- frame_edges.py:18:coverage_region
WARNING:root:GUI 卡顿 111ms state=IDLE anim=待机呼吸休闲 physics=None
WARNING:pet.gui_stall_sampler:GUI 冻结现场（111ms，3 个采样点，旧→新）：
WARNING:pet.gui_stall_sampler:  [t-117ms] verify_seeky_multi.py:308:<module> <- verify_seeky_multi.py:244:main
WARNING:pet.gui_stall_sampler:  [t-61ms] verify_seeky_multi.py:308:<module> <- verify_seeky_multi.py:244:main <- webm_clip.py:2499:_poll <- webm_clip.py:2724:_process_frame
WARNING:pet.gui_stall_sampler:  [t-10ms] verify_seeky_multi.py:308:<module> <- verify_seeky_multi.py:244:main
WARNING:root:GUI 卡顿 112ms state=IDLE anim=待机呼吸休闲 physics=None
WARNING:pet.gui_stall_sampler:GUI 冻结现场（112ms，3 个采样点，旧→新）：
WARNING:pet.gui_stall_sampler:  [t-118ms] verify_seeky_multi.py:308:<module> <- verify_seeky_multi.py:244:main
WARNING:pet.gui_stall_sampler:  [t-61ms] verify_seeky_multi.py:308:<module> <- verify_seeky_multi.py:244:main <- webm_clip.py:2499:_poll <- webm_clip.py:2724:_process_frame
WARNING:pet.gui_stall_sampler:  [t-10ms] verify_seeky_multi.py:308:<module> <- verify_seeky_multi.py:244:main
WARNING:root:GUI 卡顿 112ms state=IDLE anim=待机呼吸休闲 physics=None
WARNING:pet.gui_stall_sampler:GUI 冻结现场（112ms，3 个采样点，旧→新）：
WARNING:pet.gui_stall_sampler:  [t-118ms] verify_seeky_multi.py:308:<module> <- verify_seeky_multi.py:244:main
WARNING:pet.gui_stall_sampler:  [t-61ms] verify_seeky_multi.py:308:<module> <- verify_seeky_multi.py:244:main <- webm_clip.py:2499:_poll <- webm_clip.py:2724:_process_frame
WARNING:pet.gui_stall_sampler:  [t-10ms] verify_seeky_multi.py:308:<module> <- verify_seeky_multi.py:244:main
WARNING:root:GUI 卡顿 102ms state=IDLE anim=待机呼吸休闲 physics=None
WARNING:pet.gui_stall_sampler:GUI 冻结现场（102ms，2 个采样点，旧→新）：
WARNING:pet.gui_stall_sampler:  [t-120ms] verify_seeky_multi.py:308:<module> <- verify_seeky_multi.py:244:main
WARNING:pet.gui_stall_sampler:  [t-47ms] webm_clip.py:2499:_poll <- webm_clip.py:2750:_process_frame <- window_optional_services.py:62:<lambda> <- verify_seeky_multi.py:92:observed_frame <- window.py:1917:_on_frame <- window.py:2106:_rebuild_frame
WARNING:root:GUI 卡顿 104ms state=IDLE anim=待机呼吸休闲 physics=None
WARNING:pet.gui_stall_sampler:GUI 冻结现场（104ms，2 个采样点，旧→新）：
WARNING:pet.gui_stall_sampler:  [t-121ms] verify_seeky_multi.py:308:<module> <- verify_seeky_multi.py:244:main
WARNING:pet.gui_stall_sampler:  [t-48ms] webm_clip.py:2499:_poll <- webm_clip.py:2750:_process_frame <- window_optional_services.py:62:<lambda> <- verify_seeky_multi.py:92:observed_frame <- window.py:1917:_on_frame <- window.py:2106:_rebuild_frame
WARNING:root:GUI 卡顿 104ms state=IDLE anim=待机呼吸休闲 physics=None
WARNING:pet.gui_stall_sampler:GUI 冻结现场（104ms，2 个采样点，旧→新）：
WARNING:pet.gui_stall_sampler:  [t-121ms] verify_seeky_multi.py:308:<module> <- verify_seeky_multi.py:244:main
WARNING:pet.gui_stall_sampler:  [t-48ms] webm_clip.py:2499:_poll <- webm_clip.py:2750:_process_frame <- window_optional_services.py:62:<lambda> <- verify_seeky_multi.py:92:observed_frame <- window.py:1917:_on_frame <- window.py:2106:_rebuild_frame
WARNING:root:GUI 卡顿 111ms state=IDLE anim=待机呼吸休闲 physics=None
WARNING:pet.gui_stall_sampler:GUI 冻结现场（111ms，2 个采样点，旧→新）：
WARNING:pet.gui_stall_sampler:  [t-144ms] verify_seeky_multi.py:308:<module> <- verify_seeky_multi.py:244:main
WARNING:pet.gui_stall_sampler:  [t-78ms] verify_seeky_multi.py:308:<module> <- verify_seeky_multi.py:244:main <- webm_clip.py:2499:_poll <- webm_clip.py:2724:_process_frame
WARNING:root:GUI 卡顿 117ms state=IDLE anim=待机呼吸休闲 physics=None
WARNING:pet.gui_stall_sampler:GUI 冻结现场（117ms，2 个采样点，旧→新）：
WARNING:pet.gui_stall_sampler:  [t-148ms] verify_seeky_multi.py:308:<module> <- verify_seeky_multi.py:244:main
WARNING:pet.gui_stall_sampler:  [t-82ms] verify_seeky_multi.py:308:<module> <- verify_seeky_multi.py:244:main <- webm_clip.py:2499:_poll <- webm_clip.py:2724:_process_frame
WARNING:root:GUI 卡顿 118ms state=IDLE anim=待机呼吸休闲 physics=None
WARNING:pet.gui_stall_sampler:GUI 冻结现场（118ms，2 个采样点，旧→新）：
WARNING:pet.gui_stall_sampler:  [t-149ms] verify_seeky_multi.py:308:<module> <- verify_seeky_multi.py:244:main
WARNING:pet.gui_stall_sampler:  [t-83ms] verify_seeky_multi.py:308:<module> <- verify_seeky_multi.py:244:main <- webm_clip.py:2499:_poll <- webm_clip.py:2724:_process_frame
WARNING:root:GUI 卡顿 116ms state=IDLE anim=待机呼吸休闲 physics=None
WARNING:pet.gui_stall_sampler:GUI 冻结现场（116ms，2 个采样点，旧→新）：
WARNING:pet.gui_stall_sampler:  [t-155ms] verify_seeky_multi.py:308:<module> <- verify_seeky_multi.py:244:main
WARNING:pet.gui_stall_sampler:  [t-38ms] verify_seeky_multi.py:308:<module> <- verify_seeky_multi.py:244:main <- webm_clip.py:2499:_poll <- webm_clip.py:2724:_process_frame
WARNING:root:GUI 卡顿 117ms state=IDLE anim=待机呼吸休闲 physics=None
WARNING:pet.gui_stall_sampler:GUI 冻结现场（117ms，2 个采样点，旧→新）：
WARNING:pet.gui_stall_sampler:  [t-155ms] verify_seeky_multi.py:308:<module> <- verify_seeky_multi.py:244:main
WARNING:pet.gui_stall_sampler:  [t-38ms] verify_seeky_multi.py:308:<module> <- verify_seeky_multi.py:244:main <- webm_clip.py:2499:_poll <- webm_clip.py:2724:_process_frame
WARNING:root:GUI 卡顿 117ms state=IDLE anim=待机呼吸休闲 physics=None
WARNING:pet.gui_stall_sampler:GUI 冻结现场（117ms，2 个采样点，旧→新）：
WARNING:pet.gui_stall_sampler:  [t-155ms] verify_seeky_multi.py:308:<module> <- verify_seeky_multi.py:244:main
WARNING:pet.gui_stall_sampler:  [t-38ms] verify_seeky_multi.py:308:<module> <- verify_seeky_multi.py:244:main <- webm_clip.py:2499:_poll <- webm_clip.py:2724:_process_frame
WARNING:root:GUI 卡顿 104ms state=IDLE anim=待机呼吸休闲 physics=None
WARNING:pet.gui_stall_sampler:GUI 冻结现场（104ms，2 个采样点，旧→新）：
WARNING:pet.gui_stall_sampler:  [t-151ms] verify_seeky_multi.py:308:<module> <- verify_seeky_multi.py:244:main
WARNING:pet.gui_stall_sampler:  [t-33ms] window_optional_services.py:62:<lambda> <- verify_seeky_multi.py:92:observed_frame <- window.py:1917:_on_frame <- window.py:2124:_rebuild_frame <- window.py:2270:_sync_mask <- window_optional_services.py:42:effects_coverage
WARNING:root:GUI 卡顿 105ms state=IDLE anim=待机呼吸休闲 physics=None
WARNING:pet.gui_stall_sampler:GUI 冻结现场（105ms，2 个采样点，旧→新）：
WARNING:pet.gui_stall_sampler:  [t-151ms] verify_seeky_multi.py:308:<module> <- verify_seeky_multi.py:244:main
WARNING:pet.gui_stall_sampler:  [t-34ms] window_optional_services.py:62:<lambda> <- verify_seeky_multi.py:92:observed_frame <- window.py:1917:_on_frame <- window.py:2124:_rebuild_frame <- window.py:2270:_sync_mask <- window_optional_services.py:42:effects_coverage
WARNING:root:GUI 卡顿 105ms state=IDLE anim=待机呼吸休闲 physics=None
WARNING:pet.gui_stall_sampler:GUI 冻结现场（105ms，2 个采样点，旧→新）：
WARNING:pet.gui_stall_sampler:  [t-151ms] verify_seeky_multi.py:308:<module> <- verify_seeky_multi.py:244:main
WARNING:pet.gui_stall_sampler:  [t-34ms] window_optional_services.py:62:<lambda> <- verify_seeky_multi.py:92:observed_frame <- window.py:1917:_on_frame <- window.py:2124:_rebuild_frame <- window.py:2270:_sync_mask <- window_optional_services.py:42:effects_coverage
WARNING:root:GUI 卡顿 162ms state=IDLE anim=待机呼吸休闲 physics=None
WARNING:pet.gui_stall_sampler:GUI 冻结现场（162ms，3 个采样点，旧→新）：
WARNING:pet.gui_stall_sampler:  [t-205ms] verify_seeky_multi.py:308:<module> <- verify_seeky_multi.py:244:main
WARNING:pet.gui_stall_sampler:  [t-113ms] webm_clip.py:2750:_process_frame <- window_optional_services.py:62:<lambda> <- verify_seeky_multi.py:92:observed_frame <- window.py:1917:_on_frame <- window.py:2068:_rebuild_frame <- window.py:1990:_frame_signature
WARNING:pet.gui_stall_sampler:  [t-51ms] verify_seeky_multi.py:308:<module> <- verify_seeky_multi.py:244:main <- webm_clip.py:2499:_poll <- webm_clip.py:2724:_process_frame
WARNING:root:GUI 卡顿 163ms state=IDLE anim=待机呼吸休闲 physics=None
WARNING:pet.gui_stall_sampler:GUI 冻结现场（163ms，3 个采样点，旧→新）：
WARNING:pet.gui_stall_sampler:  [t-206ms] verify_seeky_multi.py:308:<module> <- verify_seeky_multi.py:244:main
WARNING:pet.gui_stall_sampler:  [t-114ms] webm_clip.py:2750:_process_frame <- window_optional_services.py:62:<lambda> <- verify_seeky_multi.py:92:observed_frame <- window.py:1917:_on_frame <- window.py:2068:_rebuild_frame <- window.py:1990:_frame_signature
WARNING:pet.gui_stall_sampler:  [t-51ms] verify_seeky_multi.py:308:<module> <- verify_seeky_multi.py:244:main <- webm_clip.py:2499:_poll <- webm_clip.py:2724:_process_frame
WARNING:root:GUI 卡顿 163ms state=IDLE anim=待机呼吸休闲 physics=None
WARNING:pet.gui_stall_sampler:GUI 冻结现场（163ms，3 个采样点，旧→新）：
WARNING:pet.gui_stall_sampler:  [t-206ms] verify_seeky_multi.py:308:<module> <- verify_seeky_multi.py:244:main
WARNING:pet.gui_stall_sampler:  [t-114ms] webm_clip.py:2750:_process_frame <- window_optional_services.py:62:<lambda> <- verify_seeky_multi.py:92:observed_frame <- window.py:1917:_on_frame <- window.py:2068:_rebuild_frame <- window.py:1990:_frame_signature
WARNING:pet.gui_stall_sampler:  [t-52ms] verify_seeky_multi.py:308:<module> <- verify_seeky_multi.py:244:main <- webm_clip.py:2499:_poll <- webm_clip.py:2724:_process_frame
{'max_first_frame_decoders': 2, 'steady_mib': 1182.0195274353027, 'peak_mib': 2432.615852355957, 'growth_mib': -313.0469779968262, 'playback': {0: {'fps': 21.845548452087957, 'forward_gaps': 0, 'frames': 11295, 'ten_second_bins': [{'start': 0, 'fps': 23.71333216230459, 'frames': 217}, {'start': 10, 'fps': 23.465468657554574, 'frames': 235}, {'start': 20, 'fps': 22.96350012086052, 'frames': 229}, {'start': 30, 'fps': 23.375502874283942, 'frames': 234}, {'start': 40, 'fps': 22.212617973123734, 'frames': 222}, {'start': 50, 'fps': 22.984583266420426, 'frames': 230}, {'start': 60, 'fps': 23.600775310576168, 'frames': 236}, {'start': 70, 'fps': 22.387984780186127, 'frames': 224}, {'start': 80, 'fps': 21.172769801580888, 'frames': 211}, {'start': 90, 'fps': 23.19114118485648, 'frames': 232}, {'start': 100, 'fps': 23.575441412520057, 'frames': 236}, {'start': 110, 'fps': 22.375197798764322, 'frames': 223}, {'start': 120, 'fps': 20.182141315152673, 'frames': 202}, {'start': 130, 'fps': 22.348944187771256, 'frames': 224}, {'start': 140, 'fps': 22.56453456886692, 'frames': 226}, {'start': 150, 'fps': 23.368235246921017, 'frames': 234}, {'start': 160, 'fps': 23.500346479467318, 'frames': 235}, {'start': 170, 'fps': 23.37343085695861, 'frames': 233}, {'start': 180, 'fps': 23.79159765095618, 'frames': 238}, {'start': 190, 'fps': 23.391460610988943, 'frames': 234}, {'start': 200, 'fps': 23.6871687811145, 'frames': 237}, {'start': 210, 'fps': 23.81727872323098, 'frames': 235}, {'start': 220, 'fps': 23.597087329478132, 'frames': 234}, {'start': 230, 'fps': 23.778097953672976, 'frames': 237}, {'start': 240, 'fps': 21.160519084581928, 'frames': 212}, {'start': 250, 'fps': 22.657925742424727, 'frames': 226}, {'start': 260, 'fps': 19.78765933083553, 'frames': 198}, {'start': 270, 'fps': 21.381463375460598, 'frames': 214}, {'start': 280, 'fps': 23.68187681393097, 'frames': 236}, {'start': 290, 'fps': 23.591535156406948, 'frames': 236}, {'start': 300, 'fps': 23.289197626911186, 'frames': 233}, {'start': 310, 'fps': 22.589454238785606, 'frames': 226}, {'start': 320, 'fps': 23.280317093974297, 'frames': 233}, {'start': 330, 'fps': 21.458797104065138, 'frames': 215}, {'start': 340, 'fps': 23.505303760848623, 'frames': 235}, {'start': 350, 'fps': 23.80426267049672, 'frames': 238}, {'start': 360, 'fps': 22.689624014858765, 'frames': 227}, {'start': 370, 'fps': 17.110978363218436, 'frames': 170}, {'start': 380, 'fps': 11.761985664451679, 'frames': 118}, {'start': 390, 'fps': 14.36316556077038, 'frames': 143}, {'start': 400, 'fps': 13.638734004572955, 'frames': 137}, {'start': 410, 'fps': 16.56876035547529, 'frames': 166}, {'start': 420, 'fps': 19.47458767077907, 'frames': 195}, {'start': 430, 'fps': 20.46261560374745, 'frames': 205}, {'start': 440, 'fps': 20.54655870445345, 'frames': 204}, {'start': 450, 'fps': 22.583559168925103, 'frames': 226}, {'start': 460, 'fps': 23.794702917612128, 'frames': 238}, {'start': 470, 'fps': 23.785150840007212, 'frames': 238}, {'start': 480, 'fps': 22.68438591560602, 'frames': 227}, {'start': 490, 'fps': 22.48341346395128, 'frames': 225}, {'start': 500, 'fps': 23.481480738161387, 'frames': 235}, {'start': 510, 'fps': 23.627351424176307, 'frames': 236}, {'start': 520, 'fps': 23.564954682779305, 'frames': 235}, {'start': 530, 'fps': 20.425327405983563, 'frames': 205}, {'start': 540, 'fps': 23.587272909766217, 'frames': 236}, {'start': 550, 'fps': 21.375455357411678, 'frames': 214}, {'start': 560, 'fps': 23.7944640221681, 'frames': 238}, {'start': 570, 'fps': 17.683465959328185, 'frames': 177}, {'start': 580, 'fps': 23.12022517088867, 'frames': 231}, {'start': 590, 'fps': 23.785389548478967, 'frames': 238}, {'start': 600, 'fps': 23.680276136101423, 'frames': 237}, {'start': 610, 'fps': 23.470395068195014, 'frames': 234}]}, 1: {'fps': 21.837862431332315, 'forward_gaps': 0, 'frames': 11290, 'ten_second_bins': [{'start': 0, 'fps': 23.739133301827692, 'frames': 217}, {'start': 10, 'fps': 23.51881505204163, 'frames': 236}, {'start': 20, 'fps': 23.00248264680549, 'frames': 228}, {'start': 30, 'fps': 23.662468917943375, 'frames': 237}, {'start': 40, 'fps': 22.11522029775129, 'frames': 221}, {'start': 50, 'fps': 23.388642956806297, 'frames': 234}, {'start': 60, 'fps': 23.493975903614455, 'frames': 235}, {'start': 70, 'fps': 23.05794693651513, 'frames': 230}, {'start': 80, 'fps': 21.07481559536354, 'frames': 211}, {'start': 90, 'fps': 23.59035104450045, 'frames': 236}, {'start': 100, 'fps': 23.48529900918246, 'frames': 234}, {'start': 110, 'fps': 22.779043280182233, 'frames': 228}, {'start': 120, 'fps': 20.25996950974886, 'frames': 203}, {'start': 130, 'fps': 22.729787084251054, 'frames': 227}, {'start': 140, 'fps': 22.487092610519532, 'frames': 224}, {'start': 150, 'fps': 23.69121116297746, 'frames': 237}, {'start': 160, 'fps': 23.588693487513044, 'frames': 236}, {'start': 170, 'fps': 23.79422513152084, 'frames': 238}, {'start': 180, 'fps': 23.798525897214425, 'frames': 238}, {'start': 190, 'fps': 23.795897466791175, 'frames': 238}, {'start': 200, 'fps': 23.692162512172313, 'frames': 237}, {'start': 210, 'fps': 23.787299388756797, 'frames': 238}, {'start': 220, 'fps': 23.820292477008895, 'frames': 238}, {'start': 230, 'fps': 23.78960313700191, 'frames': 237}, {'start': 240, 'fps': 21.569237251577594, 'frames': 216}, {'start': 250, 'fps': 22.472135555131942, 'frames': 225}, {'start': 260, 'fps': 19.872092319486708, 'frames': 198}, {'start': 270, 'fps': 21.485943775100445, 'frames': 215}, {'start': 280, 'fps': 23.78443474333875, 'frames': 238}, {'start': 290, 'fps': 23.654879320022527, 'frames': 237}, {'start': 300, 'fps': 22.889957533105033, 'frames': 229}, {'start': 310, 'fps': 22.76481727708614, 'frames': 227}, {'start': 320, 'fps': 22.976050727909357, 'frames': 230}, {'start': 330, 'fps': 21.470638400337073, 'frames': 215}, {'start': 340, 'fps': 23.192771084337263, 'frames': 232}, {'start': 350, 'fps': 23.719784913814763, 'frames': 237}, {'start': 360, 'fps': 22.584919296555043, 'frames': 226}, {'start': 370, 'fps': 17.219026010858045, 'frames': 171}, {'start': 380, 'fps': 11.876006441223858, 'frames': 119}, {'start': 390, 'fps': 14.420846695306665, 'frames': 144}, {'start': 400, 'fps': 13.395240157519968, 'frames': 134}, {'start': 410, 'fps': 16.732015603108582, 'frames': 167}, {'start': 420, 'fps': 19.25325591710017, 'frames': 192}, {'start': 430, 'fps': 20.748967563449714, 'frames': 208}, {'start': 440, 'fps': 20.38336797501787, 'frames': 204}, {'start': 450, 'fps': 22.582693994414914, 'frames': 225}, {'start': 460, 'fps': 23.597694455043907, 'frames': 236}, {'start': 470, 'fps': 23.77211007695721, 'frames': 237}, {'start': 480, 'fps': 22.185859275395668, 'frames': 222}, {'start': 490, 'fps': 22.489056664391004, 'frames': 225}, {'start': 500, 'fps': 23.29340656030682, 'frames': 233}, {'start': 510, 'fps': 23.501054534498223, 'frames': 235}, {'start': 520, 'fps': 23.09236947791156, 'frames': 231}, {'start': 530, 'fps': 20.403445468525202, 'frames': 204}, {'start': 540, 'fps': 23.10884264887621, 'frames': 231}, {'start': 550, 'fps': 21.177934800064175, 'frames': 212}, {'start': 560, 'fps': 23.38629543013708, 'frames': 234}, {'start': 570, 'fps': 17.67281198537977, 'frames': 177}, {'start': 580, 'fps': 22.979047924861536, 'frames': 230}, {'start': 590, 'fps': 23.782764018785418, 'frames': 238}, {'start': 600, 'fps': 23.687168781114703, 'frames': 237}, {'start': 610, 'fps': 23.774025869363573, 'frames': 237}]}, 2: {'fps': 21.759920891303697, 'forward_gaps': 0, 'frames': 11250, 'ten_second_bins': [{'start': 0, 'fps': 23.767867164031294, 'frames': 217}, {'start': 10, 'fps': 23.305106028187126, 'frames': 233}, {'start': 20, 'fps': 22.85691371515072, 'frames': 229}, {'start': 30, 'fps': 23.371751276418603, 'frames': 234}, {'start': 40, 'fps': 21.968719767816847, 'frames': 219}, {'start': 50, 'fps': 23.084212011854596, 'frames': 230}, {'start': 60, 'fps': 23.386999638655798, 'frames': 234}, {'start': 70, 'fps': 22.68373828006853, 'frames': 226}, {'start': 80, 'fps': 20.692079754909344, 'frames': 207}, {'start': 90, 'fps': 23.203021415082958, 'frames': 232}, {'start': 100, 'fps': 23.579226200032124, 'frames': 236}, {'start': 110, 'fps': 22.36194258094925, 'frames': 224}, {'start': 120, 'fps': 20.076289901626144, 'frames': 201}, {'start': 130, 'fps': 22.338948258165768, 'frames': 223}, {'start': 140, 'fps': 22.40704105938881, 'frames': 223}, {'start': 150, 'fps': 23.390051699041308, 'frames': 234}, {'start': 160, 'fps': 23.396393139735654, 'frames': 234}, {'start': 170, 'fps': 23.389112518696198, 'frames': 234}, {'start': 180, 'fps': 23.774652408562865, 'frames': 238}, {'start': 190, 'fps': 23.389816896884025, 'frames': 234}, {'start': 200, 'fps': 23.68856094512318, 'frames': 236}, {'start': 210, 'fps': 23.80976711390879, 'frames': 234}, {'start': 220, 'fps': 23.71646105614586, 'frames': 234}, {'start': 230, 'fps': 23.785047670879433, 'frames': 237}, {'start': 240, 'fps': 21.278517730425275, 'frames': 213}, {'start': 250, 'fps': 22.46830364307498, 'frames': 225}, {'start': 260, 'fps': 19.701745877788532, 'frames': 196}, {'start': 270, 'fps': 21.677170727791033, 'frames': 217}, {'start': 280, 'fps': 23.498694516971216, 'frames': 235}, {'start': 290, 'fps': 23.788254423912605, 'frames': 238}, {'start': 300, 'fps': 22.993814764238067, 'frames': 230}, {'start': 310, 'fps': 22.663684954722758, 'frames': 227}, {'start': 320, 'fps': 22.988044209321686, 'frames': 230}, {'start': 330, 'fps': 21.355194575173233, 'frames': 212}, {'start': 340, 'fps': 23.09607969151675, 'frames': 231}, {'start': 350, 'fps': 23.738218531836242, 'frames': 238}, {'start': 360, 'fps': 22.48318779484099, 'frames': 225}, {'start': 370, 'fps': 17.33416644830994, 'frames': 173}, {'start': 380, 'fps': 11.788531874376591, 'frames': 118}, {'start': 390, 'fps': 14.44217113972801, 'frames': 145}, {'start': 400, 'fps': 13.48346263370267, 'frames': 135}, {'start': 410, 'fps': 16.632729178847256, 'frames': 166}, {'start': 420, 'fps': 19.06979545135199, 'frames': 191}, {'start': 430, 'fps': 20.97509082515404, 'frames': 210}, {'start': 440, 'fps': 20.372350081691152, 'frames': 203}, {'start': 450, 'fps': 22.491766406940293, 'frames': 225}, {'start': 460, 'fps': 23.780377676546692, 'frames': 238}, {'start': 470, 'fps': 23.76845314505774, 'frames': 238}, {'start': 480, 'fps': 22.296767973002876, 'frames': 223}, {'start': 490, 'fps': 22.515730856602943, 'frames': 225}, {'start': 500, 'fps': 23.185089277648963, 'frames': 232}, {'start': 510, 'fps': 23.718116218769485, 'frames': 237}, {'start': 520, 'fps': 22.884213907178612, 'frames': 229}, {'start': 530, 'fps': 20.510964316954855, 'frames': 205}, {'start': 540, 'fps': 23.203953712632615, 'frames': 232}, {'start': 550, 'fps': 21.26421793817336, 'frames': 213}, {'start': 560, 'fps': 23.40885115788398, 'frames': 234}, {'start': 570, 'fps': 17.47338823056844, 'frames': 175}, {'start': 580, 'fps': 23.08147761598444, 'frames': 231}, {'start': 590, 'fps': 23.424383476258868, 'frames': 234}, {'start': 600, 'fps': 23.685266961059682, 'frames': 237}, {'start': 610, 'fps': 23.36870398972956, 'frames': 234}]}}, 'queue_drops': 0, 'duplicate_first_images': [], 'lifecycle': {}, 'shared_process_enabled': True, 'source_widths': [2560, 2560, 2560], 'actions': {0: '待机呼吸休闲', 1: '待机呼吸休闲', 2: '待机呼吸休闲'}, 'initial_decode_routes': {0: {'idle_eligible': True, 'broker_active': True, 'feed': False, 'publish': True, 'path': '/Users/ray/Library/Caches/seeky-native-v6/assets/characters_hq/shenshen/videos/idle/待机呼吸休闲.webm'}, 1: {'idle_eligible': True, 'broker_active': True, 'feed': True, 'publish': False, 'path': '/Users/ray/Library/Caches/seeky-native-v6/assets/characters_hq/shenshen/videos/idle/待机呼吸休闲.webm'}, 2: {'idle_eligible': True, 'broker_active': True, 'feed': True, 'publish': False, 'path': '/Users/ray/Library/Caches/seeky-native-v6/assets/characters_hq/shenshen/videos/idle/待机呼吸休闲.webm'}}, 'live_ffmpeg_after_cleanup': []} ['Pet 0: fps=21.85, skipped source frames=0', 'Pet 1: fps=21.84, skipped source frames=0', 'Pet 2: fps=21.76, skipped source frames=0']
