QSystemTrayIcon::setVisible: No Icon set
WARNING:root:GUI 卡顿 969ms state=IDLE anim=待机呼吸休闲 physics=None
WARNING:pet.gui_stall_sampler:GUI 冻结现场（969ms，7 个采样点，旧→新）：
WARNING:pet.gui_stall_sampler:  [t-844ms] verify_seeky_multi.py:68:main <- app.py:1703:start <- app.py:1812:_create_ui_with_character_fallback <- app.py:572:_create_ui <- app.py:537:_build_window <- enum.py:695:__call__
WARNING:pet.gui_stall_sampler:  [t-756ms] verify_seeky_multi.py:68:main <- app.py:1703:start <- app.py:1812:_create_ui_with_character_fallback <- app.py:572:_create_ui <- app.py:537:_build_window <- file_eater.py:150:eventFilter
WARNING:pet.gui_stall_sampler:  [t-556ms] verify_seeky_multi.py:337:<module> <- verify_seeky_multi.py:68:main <- app.py:1719:start <- app.py:1613:_install_config_watcher <- app.py:1623:_watch_config_file
WARNING:pet.gui_stall_sampler:  [t-190ms] verify_seeky_multi.py:337:<module> <- verify_seeky_multi.py:267:main
WARNING:root:GUI 卡顿 184ms state=IDLE anim=待机呼吸休闲 physics=None
WARNING:pet.gui_stall_sampler:GUI 冻结现场（184ms，3 个采样点，旧→新）：
WARNING:pet.gui_stall_sampler:  [t-191ms] verify_seeky_multi.py:337:<module> <- verify_seeky_multi.py:267:main
WARNING:root:GUI 卡顿 148ms state=IDLE anim=待机呼吸休闲 physics=None
WARNING:pet.gui_stall_sampler:GUI 冻结现场（148ms，1 个采样点，旧→新）：
WARNING:pet.gui_stall_sampler:  [t-51ms] verify_seeky_multi.py:337:<module> <- verify_seeky_multi.py:267:main <- webm_clip.py:2508:_poll <- webm_clip.py:2733:_process_frame
WARNING:root:GUI 卡顿 230ms state=IDLE anim=待机呼吸休闲 physics=None
WARNING:pet.gui_stall_sampler:GUI 冻结现场（230ms，1 个采样点，旧→新）：
WARNING:pet.gui_stall_sampler:  [t-4ms] verify_seeky_multi.py:337:<module> <- verify_seeky_multi.py:267:main <- webm_clip.py:2508:_poll <- webm_clip.py:2733:_process_frame
WARNING:root:GUI 卡顿 473ms state=IDLE anim=待机呼吸休闲 physics=None
WARNING:pet.gui_stall_sampler:GUI 冻结现场（473ms，3 个采样点，旧→新）：
WARNING:pet.gui_stall_sampler:  [t-380ms] verify_seeky_multi.py:337:<module> <- verify_seeky_multi.py:267:main
WARNING:root:GUI 卡顿 314ms state=IDLE anim=待机呼吸休闲 physics=None
WARNING:pet.gui_stall_sampler:GUI 冻结现场（314ms，1 个采样点，旧→新）：
WARNING:pet.gui_stall_sampler:  [t-50ms] verify_seeky_multi.py:337:<module> <- verify_seeky_multi.py:267:main
WARNING:root:GUI 卡顿 104ms state=IDLE anim=待机呼吸休闲 physics=None
WARNING:pet.gui_stall_sampler:GUI 冻结现场（104ms，1 个采样点，旧→新）：
WARNING:pet.gui_stall_sampler:  [t-11ms] window.py:1095:_schedule_macos_window_level <- window.py:1090:apply_current_native_window <- platform_mac.py:48:_mac_set_window_level <- util.py:78:find_library <- dyld.py:131:dyld_find <- <frozen genericpath>:39:isfile
WARNING:root:GUI 卡顿 351ms state=IDLE anim=待机呼吸休闲 physics=None
WARNING:root:GUI 卡顿 149ms state=IDLE anim=待机呼吸休闲 physics=None
WARNING:pet.gui_stall_sampler:GUI 冻结现场（149ms，1 个采样点，旧→新）：
WARNING:pet.gui_stall_sampler:  [t-170ms] verify_seeky_multi.py:337:<module> <- verify_seeky_multi.py:267:main
WARNING:root:GUI 卡顿 196ms state=IDLE anim=待机呼吸休闲 physics=None
WARNING:root:GUI 卡顿 136ms state=IDLE anim=待机呼吸休闲 physics=None
WARNING:pet.gui_stall_sampler:GUI 冻结现场（136ms，2 个采样点，旧→新）：
WARNING:pet.gui_stall_sampler:  [t-166ms] verify_seeky_multi.py:337:<module> <- verify_seeky_multi.py:267:main
WARNING:pet.gui_stall_sampler:  [t-5ms] verify_seeky_multi.py:337:<module> <- verify_seeky_multi.py:267:main <- webm_clip.py:2508:_poll <- webm_clip.py:2733:_process_frame
WARNING:root:GUI 卡顿 265ms state=IDLE anim=待机呼吸休闲 physics=None
WARNING:root:GUI 卡顿 114ms state=IDLE anim=待机呼吸休闲 physics=None
WARNING:pet.gui_stall_sampler:GUI 冻结现场（114ms，2 个采样点，旧→新）：
WARNING:pet.gui_stall_sampler:  [t-104ms] verify_seeky_multi.py:337:<module> <- verify_seeky_multi.py:267:main <- webm_clip.py:2508:_poll <- webm_clip.py:2759:_process_frame
WARNING:pet.gui_stall_sampler:  [t-1ms] verify_seeky_multi.py:337:<module> <- verify_seeky_multi.py:267:main <- todo_reminder.py:324:_on_tick
WARNING:root:GUI 卡顿 320ms state=IDLE anim=待机呼吸休闲 physics=None
WARNING:pet.gui_stall_sampler:GUI 冻结现场（320ms，2 个采样点，旧→新）：
WARNING:pet.gui_stall_sampler:  [t-346ms] verify_seeky_multi.py:337:<module> <- verify_seeky_multi.py:267:main
WARNING:pet.gui_stall_sampler:  [t-25ms] webm_clip.py:2508:_poll <- webm_clip.py:2759:_process_frame <- window_optional_services.py:126:<lambda> <- verify_seeky_multi.py:108:observed_frame <- window.py:1917:_on_frame <- window.py:2124:_rebuild_frame
WARNING:root:GUI 卡顿 649ms state=IDLE anim=待机呼吸休闲 physics=None
WARNING:pet.gui_stall_sampler:GUI 冻结现场（649ms，4 个采样点，旧→新）：
WARNING:pet.gui_stall_sampler:  [t-635ms] webm_clip.py:2759:_process_frame <- window_optional_services.py:126:<lambda> <- verify_seeky_multi.py:108:observed_frame <- window.py:1917:_on_frame <- window.py:2068:_rebuild_frame <- window.py:1990:_frame_signature
WARNING:pet.gui_stall_sampler:  [t-547ms] webm_clip.py:2508:_poll <- webm_clip.py:2759:_process_frame <- window_optional_services.py:126:<lambda> <- verify_seeky_multi.py:108:observed_frame <- window.py:1917:_on_frame <- window.py:2121:_rebuild_frame
WARNING:pet.gui_stall_sampler:  [t-406ms] webm_clip.py:2508:_poll <- webm_clip.py:2759:_process_frame <- window_optional_services.py:126:<lambda> <- verify_seeky_multi.py:108:observed_frame <- window.py:1917:_on_frame <- window.py:2124:_rebuild_frame
WARNING:root:GUI 卡顿 269ms state=IDLE anim=待机呼吸休闲 physics=None
WARNING:pet.gui_stall_sampler:GUI 冻结现场（269ms，2 个采样点，旧→新）：
WARNING:pet.gui_stall_sampler:  [t-180ms] webm_clip.py:2508:_poll <- webm_clip.py:2759:_process_frame <- window_optional_services.py:126:<lambda> <- verify_seeky_multi.py:108:observed_frame <- window.py:1917:_on_frame <- window.py:2106:_rebuild_frame
WARNING:pet.gui_stall_sampler:  [t--71ms] verify_seeky_multi.py:108:observed_frame <- window.py:1917:_on_frame <- window.py:2124:_rebuild_frame <- window.py:2270:_sync_mask <- window_optional_services.py:45:effects_coverage <- frame_edges.py:38:coverage_region
WARNING:root:GUI 卡顿 149ms state=IDLE anim=待机呼吸休闲 physics=None
WARNING:pet.gui_stall_sampler:GUI 冻结现场（149ms，1 个采样点，旧→新）：
WARNING:pet.gui_stall_sampler:  [t-21ms] verify_seeky_multi.py:108:observed_frame <- window.py:1917:_on_frame <- window.py:2124:_rebuild_frame <- window.py:2270:_sync_mask <- window_optional_services.py:45:effects_coverage <- frame_edges.py:38:coverage_region
WARNING:root:GUI 卡顿 5143ms state=IDLE anim=待机呼吸休闲 physics=None
WARNING:pet.gui_stall_sampler:GUI 冻结现场（5143ms，4 个采样点，旧→新）：
WARNING:pet.gui_stall_sampler:  [t-5065ms] verify_seeky_multi.py:337:<module> <- verify_seeky_multi.py:267:main <- webm_clip.py:2508:_poll <- webm_clip.py:2732:_process_frame
WARNING:pet.gui_stall_sampler:  [t-133ms] verify_seeky_multi.py:337:<module> <- verify_seeky_multi.py:267:main <- dsh_state.py:374:_schedule_online_probe <- threading.py:979:start <- threading.py:656:wait <- threading.py:369:wait
WARNING:pet.gui_stall_sampler:  [t-67ms] verify_seeky_multi.py:337:<module> <- verify_seeky_multi.py:267:main
WARNING:pet.gui_stall_sampler:  [t-1ms] __init__.py:1531:warning <- __init__.py:1664:_log <- __init__.py:1680:handle <- __init__.py:1736:callHandlers <- __init__.py:1026:handle <- __init__.py:1153:emit
WARNING:root:GUI 卡顿 2035ms state=IDLE anim=待机呼吸休闲 physics=None
WARNING:pet.gui_stall_sampler:GUI 冻结现场（2035ms，6 个采样点，旧→新）：
WARNING:pet.gui_stall_sampler:  [t-2068ms] verify_seeky_multi.py:337:<module> <- verify_seeky_multi.py:267:main
WARNING:pet.gui_stall_sampler:  [t-2001ms] __init__.py:1531:warning <- __init__.py:1664:_log <- __init__.py:1680:handle <- __init__.py:1736:callHandlers <- __init__.py:1026:handle <- __init__.py:1153:emit
WARNING:pet.gui_stall_sampler:  [t-1240ms] verify_seeky_multi.py:337:<module> <- verify_seeky_multi.py:267:main <- webm_clip.py:2508:_poll <- webm_clip.py:2732:_process_frame
WARNING:pet.gui_stall_sampler:  [t-445ms] window_optional_services.py:126:<lambda> <- verify_seeky_multi.py:108:observed_frame <- window.py:1917:_on_frame <- window.py:2054:_rebuild_frame <- window.py:1010:_screen_available <- window_placement.py:315:screen_available
WARNING:pet.gui_stall_sampler:  [t-144ms] verify_seeky_multi.py:108:observed_frame <- window.py:1917:_on_frame <- window.py:2124:_rebuild_frame <- window.py:2270:_sync_mask <- window_optional_services.py:45:effects_coverage <- frame_edges.py:27:coverage_region
WARNING:pet.gui_stall_sampler:  [t-22ms] webm_clip.py:2759:_process_frame <- window_optional_services.py:126:<lambda> <- verify_seeky_multi.py:108:observed_frame <- window.py:1918:_on_frame <- window.py:2126:_rebuild_frame <- window.py:2291:_sync_mask
WARNING:root:GUI 卡顿 102ms state=IDLE anim=待机呼吸休闲 physics=None
WARNING:pet.gui_stall_sampler:GUI 冻结现场（102ms，1 个采样点，旧→新）：
WARNING:pet.gui_stall_sampler:  [t-101ms] verify_seeky_multi.py:337:<module> <- verify_seeky_multi.py:267:main
WARNING:root:GUI 卡顿 126ms state=IDLE anim=待机呼吸休闲 physics=None
WARNING:pet.gui_stall_sampler:GUI 冻结现场（126ms，2 个采样点，旧→新）：
WARNING:pet.gui_stall_sampler:  [t-62ms] webm_clip.py:2508:_poll <- webm_clip.py:2759:_process_frame <- window_optional_services.py:126:<lambda> <- verify_seeky_multi.py:108:observed_frame <- window.py:1917:_on_frame <- window.py:2106:_rebuild_frame
WARNING:pet.gui_stall_sampler:  [t-1ms] __init__.py:1531:warning <- __init__.py:1664:_log <- __init__.py:1680:handle <- __init__.py:1736:callHandlers <- __init__.py:1026:handle <- __init__.py:1153:emit
WARNING:root:GUI 卡顿 118ms state=IDLE anim=待机呼吸休闲 physics=None
WARNING:pet.gui_stall_sampler:GUI 冻结现场（118ms，2 个采样点，旧→新）：
WARNING:pet.gui_stall_sampler:  [t-166ms] verify_seeky_multi.py:337:<module> <- verify_seeky_multi.py:267:main
WARNING:pet.gui_stall_sampler:  [t-0ms] webm_clip.py:2759:_process_frame <- window_optional_services.py:126:<lambda> <- verify_seeky_multi.py:108:observed_frame <- window.py:1917:_on_frame <- window.py:2068:_rebuild_frame <- window.py:1990:_frame_signature
{'max_first_frame_decoders': 1, 'steady_mib': 246.2362060546875, 'peak_mib': 272.2674560546875, 'growth_mib': -21.359329223632812, 'playback': {0: {'fps': 22.527509186727595, 'forward_gaps': 0, 'frames': 5302, 'ten_second_bins': [{'start': 0, 'fps': 23.1651205542627, 'frames': 219}, {'start': 10, 'fps': 23.700966115652676, 'frames': 237}, {'start': 20, 'fps': 23.799720830278865, 'frames': 238}, {'start': 30, 'fps': 23.7939862456704, 'frames': 238}, {'start': 40, 'fps': 23.799242842653864, 'frames': 238}, {'start': 50, 'fps': 23.794941817853243, 'frames': 238}, {'start': 60, 'fps': 23.776321993599453, 'frames': 238}, {'start': 70, 'fps': 23.798286925000234, 'frames': 238}, {'start': 80, 'fps': 23.795658547360386, 'frames': 238}, {'start': 90, 'fps': 23.698110176129166, 'frames': 237}, {'start': 100, 'fps': 23.800915883345386, 'frames': 238}, {'start': 110, 'fps': 23.794941817853243, 'frames': 238}, {'start': 120, 'fps': 23.797092135914543, 'frames': 238}, {'start': 130, 'fps': 21.288132870082162, 'frames': 213}, {'start': 140, 'fps': 22.130347748237167, 'frames': 221}, {'start': 150, 'fps': 23.801872012212268, 'frames': 238}, {'start': 160, 'fps': 22.45096368757082, 'frames': 225}, {'start': 170, 'fps': 21.44539981071661, 'frames': 214}, {'start': 180, 'fps': 23.497750642673562, 'frames': 235}, {'start': 190, 'fps': 23.601249359753282, 'frames': 236}, {'start': 200, 'fps': 23.626163714234035, 'frames': 236}, {'start': 210, 'fps': 19.738108992875045, 'frames': 165}, {'start': 220, 'fps': 18.33918930499617, 'frames': 108}, {'start': 230, 'fps': 23.535328136786532, 'frames': 235}, {'start': 240, 'fps': 23.127729609948155, 'frames': 216}, {'start': 250, 'fps': 0, 'frames': 0}, {'start': 260, 'fps': 0, 'frames': 0}, {'start': 270, 'fps': 0, 'frames': 0}, {'start': 280, 'fps': 0, 'frames': 0}, {'start': 290, 'fps': 0, 'frames': 0}, {'start': 300, 'fps': 0, 'frames': 0}, {'start': 310, 'fps': 0, 'frames': 0}, {'start': 320, 'fps': 0, 'frames': 0}, {'start': 330, 'fps': 0, 'frames': 0}, {'start': 340, 'fps': 0, 'frames': 0}, {'start': 350, 'fps': 0, 'frames': 0}, {'start': 360, 'fps': 0, 'frames': 0}, {'start': 370, 'fps': 0, 'frames': 0}, {'start': 380, 'fps': 0, 'frames': 0}, {'start': 390, 'fps': 0, 'frames': 0}, {'start': 400, 'fps': 0, 'frames': 0}, {'start': 410, 'fps': 0, 'frames': 0}, {'start': 420, 'fps': 0, 'frames': 0}, {'start': 430, 'fps': 0, 'frames': 0}, {'start': 440, 'fps': 0, 'frames': 0}, {'start': 450, 'fps': 0, 'frames': 0}, {'start': 460, 'fps': 0, 'frames': 0}, {'start': 470, 'fps': 0, 'frames': 0}, {'start': 480, 'fps': 0, 'frames': 0}, {'start': 490, 'fps': 0, 'frames': 0}, {'start': 500, 'fps': 0, 'frames': 0}, {'start': 510, 'fps': 0, 'frames': 0}, {'start': 520, 'fps': 0, 'frames': 0}, {'start': 530, 'fps': 0, 'frames': 0}, {'start': 540, 'fps': 0, 'frames': 0}, {'start': 550, 'fps': 0, 'frames': 0}, {'start': 560, 'fps': 0, 'frames': 0}, {'start': 570, 'fps': 0, 'frames': 0}, {'start': 580, 'fps': 0, 'frames': 0}, {'start': 590, 'fps': 0, 'frames': 0}, {'start': 600, 'fps': 0, 'frames': 0}, {'start': 610, 'fps': 0, 'frames': 0}]}}, 'queue_drops': 0, 'duplicate_first_images': [], 'lifecycle': {}, 'shared_process_enabled': True, 'source_widths': [1280], 'actions': {0: '待机呼吸休闲'}, 'initial_decode_routes': {0: {'idle_eligible': True, 'logical_scale': 0.72, 'screen_dpr': 2.0, 'hq_catalog_entries': 106, 'broker_active': True, 'feed': False, 'publish': True, 'path': '/Users/ray/Library/Caches/seeky8-candidate/assets/characters/shenshen/videos/idle/待机呼吸休闲.webm'}}, 'live_ffmpeg_after_cleanup': []} ['Memory samples did not cover the requested observation duration', 'Pet 0: no delivered frames in the final three seconds']
