QSystemTrayIcon::setVisible: No Icon set
WARNING:root:GUI 卡顿 1005ms state=IDLE anim=待机呼吸休闲 physics=None
WARNING:pet.gui_stall_sampler:GUI 冻结现场（1005ms，8 个采样点，旧→新）：
WARNING:pet.gui_stall_sampler:  [t-913ms] verify_seeky_multi.py:68:main <- app.py:1703:start <- app.py:1812:_create_ui_with_character_fallback <- app.py:572:_create_ui <- app.py:537:_build_window <- enum.py:695:__call__
WARNING:pet.gui_stall_sampler:  [t-763ms] <frozen importlib._bootstrap>:1360:_find_and_load <- <frozen importlib._bootstrap>:1331:_find_and_load_unlocked <- <frozen importlib._bootstrap>:935:_load_unlocked <- <frozen importlib._bootstrap_external>:1022:exec_module <- <frozen importlib._bootstrap_external>:1159:get_code <- <frozen importlib._bootstrap_external>:1218:get_data
WARNING:pet.gui_stall_sampler:  [t-590ms] verify_seeky_multi.py:337:<module> <- verify_seeky_multi.py:68:main <- app.py:1719:start <- app.py:1613:_install_config_watcher <- app.py:1623:_watch_config_file
WARNING:pet.gui_stall_sampler:  [t-539ms] verify_seeky_multi.py:337:<module> <- verify_seeky_multi.py:267:main
WARNING:root:GUI 卡顿 422ms state=IDLE anim=待机呼吸休闲 physics=None
WARNING:pet.gui_stall_sampler:GUI 冻结现场（422ms，2 个采样点，旧→新）：
WARNING:pet.gui_stall_sampler:  [t-459ms] verify_seeky_multi.py:337:<module> <- verify_seeky_multi.py:267:main
WARNING:pet.gui_stall_sampler:  [t-245ms] verify_seeky_multi.py:337:<module> <- verify_seeky_multi.py:267:main <- webm_clip.py:2499:_poll <- webm_clip.py:2724:_process_frame
WARNING:root:GUI 卡顿 218ms state=IDLE anim=待机呼吸休闲 physics=None
WARNING:pet.gui_stall_sampler:GUI 冻结现场（218ms，1 个采样点，旧→新）：
WARNING:pet.gui_stall_sampler:  [t-51ms] verify_seeky_multi.py:337:<module> <- verify_seeky_multi.py:267:main
WARNING:root:GUI 卡顿 213ms state=IDLE anim=待机呼吸休闲 physics=None
WARNING:pet.gui_stall_sampler:GUI 冻结现场（213ms，1 个采样点，旧→新）：
WARNING:pet.gui_stall_sampler:  [t-4ms] verify_seeky_multi.py:337:<module> <- verify_seeky_multi.py:267:main <- webm_clip.py:2499:_poll <- webm_clip.py:2724:_process_frame
WARNING:root:GUI 卡顿 123ms state=IDLE anim=待机呼吸休闲 physics=None
WARNING:pet.gui_stall_sampler:GUI 冻结现场（123ms，2 个采样点，旧→新）：
WARNING:pet.gui_stall_sampler:  [t-172ms] verify_seeky_multi.py:337:<module> <- verify_seeky_multi.py:267:main
WARNING:pet.gui_stall_sampler:  [t-15ms] verify_seeky_multi.py:337:<module> <- verify_seeky_multi.py:267:main <- webm_clip.py:2499:_poll <- webm_clip.py:2750:_process_frame
WARNING:root:GUI 卡顿 107ms state=IDLE anim=待机呼吸休闲 physics=None
WARNING:pet.gui_stall_sampler:GUI 冻结现场（107ms，2 个采样点，旧→新）：
WARNING:pet.gui_stall_sampler:  [t-114ms] verify_seeky_multi.py:337:<module> <- verify_seeky_multi.py:267:main
WARNING:pet.gui_stall_sampler:  [t-1ms] webm_clip.py:2499:_poll <- webm_clip.py:2750:_process_frame <- window_optional_services.py:62:<lambda> <- verify_seeky_multi.py:108:observed_frame <- window.py:1919:_on_frame <- window.py:2106:_rebuild_frame
WARNING:root:GUI 卡顿 124ms state=IDLE anim=待机呼吸休闲 physics=None
WARNING:pet.gui_stall_sampler:GUI 冻结现场（124ms，2 个采样点，旧→新）：
WARNING:pet.gui_stall_sampler:  [t-168ms] verify_seeky_multi.py:337:<module> <- verify_seeky_multi.py:267:main <- webm_clip.py:2499:_poll <- webm_clip.py:2750:_process_frame
WARNING:pet.gui_stall_sampler:  [t-4ms] webm_clip.py:2499:_poll <- webm_clip.py:2750:_process_frame <- window_optional_services.py:62:<lambda> <- verify_seeky_multi.py:108:observed_frame <- window.py:1917:_on_frame <- window.py:2106:_rebuild_frame
WARNING:root:GUI 卡顿 161ms state=IDLE anim=待机呼吸休闲 physics=None
WARNING:pet.gui_stall_sampler:GUI 冻结现场（161ms，1 个采样点，旧→新）：
WARNING:pet.gui_stall_sampler:  [t-1ms] verify_seeky_multi.py:337:<module> <- verify_seeky_multi.py:267:main <- webm_clip.py:2499:_poll <- webm_clip.py:2724:_process_frame
WARNING:root:GUI 卡顿 123ms state=IDLE anim=待机呼吸休闲 physics=None
{'max_first_frame_decoders': 2, 'steady_mib': 248.2127914428711, 'peak_mib': 420.98744201660156, 'growth_mib': -49.101585388183594, 'playback': {0: {'fps': 23.765694747776504, 'forward_gaps': 0, 'frames': 14378, 'ten_second_bins': [{'start': 0, 'fps': 22.30665784361859, 'frames': 210}, {'start': 10, 'fps': 23.770837094541736, 'frames': 238}, {'start': 20, 'fps': 23.690022083918894, 'frames': 237}, {'start': 30, 'fps': 23.37433037057844, 'frames': 234}, {'start': 40, 'fps': 23.799959831291428, 'frames': 238}, {'start': 50, 'fps': 23.801393938176634, 'frames': 238}, {'start': 60, 'fps': 23.60788804838111, 'frames': 236}, {'start': 70, 'fps': 23.798525897214457, 'frames': 238}, {'start': 80, 'fps': 23.81359082825077, 'frames': 238}, {'start': 90, 'fps': 23.799959831291428, 'frames': 238}, {'start': 100, 'fps': 23.797331084134093, 'frames': 238}, {'start': 110, 'fps': 23.78753814035651, 'frames': 238}, {'start': 120, 'fps': 23.80091588334542, 'frames': 238}, {'start': 130, 'fps': 23.649464616375482, 'frames': 236}, {'start': 140, 'fps': 23.80091588334542, 'frames': 238}, {'start': 150, 'fps': 23.785866979797078, 'frames': 238}, {'start': 160, 'fps': 23.798764874228077, 'frames': 238}, {'start': 170, 'fps': 23.802828217901364, 'frames': 238}, {'start': 180, 'fps': 23.80091588334542, 'frames': 238}, {'start': 190, 'fps': 23.794464022168032, 'frames': 238}, {'start': 200, 'fps': 23.602908681852874, 'frames': 236}, {'start': 210, 'fps': 23.799959831291428, 'frames': 238}, {'start': 220, 'fps': 23.793986245670407, 'frames': 238}, {'start': 230, 'fps': 23.803784500421834, 'frames': 238}, {'start': 240, 'fps': 23.799481834066384, 'frames': 238}, {'start': 250, 'fps': 23.797092135914575, 'frames': 238}, {'start': 260, 'fps': 23.80019883710422, 'frames': 238}, {'start': 270, 'fps': 23.794941817853207, 'frames': 238}, {'start': 280, 'fps': 23.80163297279389, 'frames': 238}, {'start': 290, 'fps': 23.799481834066455, 'frames': 238}, {'start': 300, 'fps': 23.782764018785418, 'frames': 238}, {'start': 310, 'fps': 23.41920374707263, 'frames': 234}, {'start': 320, 'fps': 23.79733108413416, 'frames': 238}, {'start': 330, 'fps': 23.800676863131073, 'frames': 238}, {'start': 340, 'fps': 23.799481834066455, 'frames': 238}, {'start': 350, 'fps': 23.792314179014667, 'frames': 238}, {'start': 360, 'fps': 23.80139393817675, 'frames': 238}, {'start': 370, 'fps': 23.791358817860644, 'frames': 238}, {'start': 380, 'fps': 23.79995983129136, 'frames': 238}, {'start': 390, 'fps': 23.53059480114635, 'frames': 235}, {'start': 400, 'fps': 23.796853192493487, 'frames': 238}, {'start': 410, 'fps': 23.793508488359176, 'frames': 238}, {'start': 420, 'fps': 23.78252536300961, 'frames': 238}, {'start': 430, 'fps': 23.78897075060725, 'frames': 238}, {'start': 440, 'fps': 23.794464022167965, 'frames': 238}, {'start': 450, 'fps': 23.799481834066317, 'frames': 238}, {'start': 460, 'fps': 23.797570037152315, 'frames': 238}, {'start': 470, 'fps': 23.76773805345236, 'frames': 238}, {'start': 480, 'fps': 23.799720830278865, 'frames': 238}, {'start': 490, 'fps': 23.801872012212268, 'frames': 238}, {'start': 500, 'fps': 23.800676863130935, 'frames': 238}, {'start': 510, 'fps': 23.79440025004288, 'frames': 237}, {'start': 520, 'fps': 23.78992591997739, 'frames': 238}, {'start': 530, 'fps': 23.796375320046344, 'frames': 238}, {'start': 540, 'fps': 23.699300067282042, 'frames': 237}, {'start': 550, 'fps': 23.797092135914507, 'frames': 238}, {'start': 560, 'fps': 23.796375320046344, 'frames': 238}, {'start': 570, 'fps': 23.789209535759152, 'frames': 238}, {'start': 580, 'fps': 23.694779116466048, 'frames': 237}, {'start': 590, 'fps': 23.797570037152454, 'frames': 238}, {'start': 600, 'fps': 23.799481834066317, 'frames': 238}, {'start': 610, 'fps': 23.811279803609846, 'frames': 227}]}}, 'queue_drops': 0, 'duplicate_first_images': [], 'lifecycle': {}, 'shared_process_enabled': True, 'source_widths': [1280], 'actions': {0: '待机呼吸休闲'}, 'initial_decode_routes': {0: {'idle_eligible': True, 'logical_scale': 0.72, 'screen_dpr': 2.0, 'hq_catalog_entries': 106, 'broker_active': True, 'feed': False, 'publish': True, 'path': '/Users/ray/Library/Caches/seeky8-baseline-3bc58a7/assets/characters/shenshen/videos/idle/待机呼吸休闲.webm'}}, 'live_ffmpeg_after_cleanup': []} []
