QSystemTrayIcon::setVisible: No Icon set
WARNING:root:GUI 卡顿 1007ms state=IDLE anim=待机呼吸休闲 physics=None
WARNING:pet.gui_stall_sampler:GUI 冻结现场（1007ms，4 个采样点，旧→新）：
WARNING:pet.gui_stall_sampler:  [t-851ms] app.py:1812:_create_ui_with_character_fallback <- app.py:572:_create_ui <- app.py:537:_build_window <- window.py:1127:showEvent <- window.py:2172:_arm_dpr_change_watch <- window.py:2187:_wire_screen_dpi_signals
WARNING:pet.gui_stall_sampler:  [t-661ms] window.py:1050:_write_runtime_marker <- window_placement.py:215:write_runtime_marker <- slot_manager.py:596:write_runtime_marker <- _local.py:555:write_text <- _abc.py:651:write_text <- _local.py:537:open
WARNING:pet.gui_stall_sampler:  [t-96ms] verify_seeky_multi.py:319:<module> <- verify_seeky_multi.py:255:main
WARNING:root:GUI 卡顿 116ms state=IDLE anim=待机呼吸休闲 physics=None
WARNING:pet.gui_stall_sampler:GUI 冻结现场（116ms，2 个采样点，旧→新）：
WARNING:pet.gui_stall_sampler:  [t-163ms] verify_seeky_multi.py:319:<module> <- verify_seeky_multi.py:255:main
WARNING:pet.gui_stall_sampler:  [t-36ms] __init__.py:1531:warning <- __init__.py:1664:_log <- __init__.py:1680:handle <- __init__.py:1736:callHandlers <- __init__.py:1026:handle <- __init__.py:1153:emit
WARNING:root:GUI 卡顿 135ms state=IDLE anim=待机呼吸休闲 physics=None
WARNING:root:GUI 卡顿 1067ms state=IDLE anim=待机呼吸休闲 physics=None
WARNING:pet.gui_stall_sampler:GUI 冻结现场（1067ms，4 个采样点，旧→新）：
WARNING:pet.gui_stall_sampler:  [t-1075ms] verify_seeky_multi.py:319:<module> <- verify_seeky_multi.py:255:main
WARNING:pet.gui_stall_sampler:  [t-1023ms] __init__.py:1531:warning <- __init__.py:1664:_log <- __init__.py:1680:handle <- __init__.py:1736:callHandlers <- __init__.py:1026:handle <- __init__.py:1153:emit
WARNING:pet.gui_stall_sampler:  [t-463ms] webm_clip.py:2508:_poll <- webm_clip.py:2759:_process_frame <- window_optional_services.py:62:<lambda> <- verify_seeky_multi.py:102:observed_frame <- window.py:1917:_on_frame <- window.py:2106:_rebuild_frame
WARNING:pet.gui_stall_sampler:  [t-14ms] verify_seeky_multi.py:319:<module> <- verify_seeky_multi.py:255:main
WARNING:root:GUI 卡顿 183ms state=IDLE anim=待机呼吸休闲 physics=None
WARNING:pet.gui_stall_sampler:GUI 冻结现场（183ms，2 个采样点，旧→新）：
WARNING:pet.gui_stall_sampler:  [t-197ms] verify_seeky_multi.py:319:<module> <- verify_seeky_multi.py:255:main
WARNING:pet.gui_stall_sampler:  [t-12ms] webm_clip.py:2508:_poll <- webm_clip.py:2759:_process_frame <- window_optional_services.py:62:<lambda> <- verify_seeky_multi.py:102:observed_frame <- window.py:1917:_on_frame <- window.py:2124:_rebuild_frame
WARNING:root:GUI 卡顿 170ms state=IDLE anim=待机呼吸休闲 physics=None
WARNING:pet.gui_stall_sampler:GUI 冻结现场（170ms，3 个采样点，旧→新）：
WARNING:pet.gui_stall_sampler:  [t-187ms] verify_seeky_multi.py:319:<module> <- verify_seeky_multi.py:255:main
{'max_first_frame_decoders': 2, 'steady_mib': 226.9080810546875, 'peak_mib': 262.7830810546875, 'growth_mib': 15.2734375, 'playback': {0: {'fps': 22.677251319694076, 'forward_gaps': 0, 'frames': 782, 'ten_second_bins': [{'start': 0, 'fps': 23.816931478044438, 'frames': 223}, {'start': 10, 'fps': 23.80019883710421, 'frames': 238}, {'start': 20, 'fps': 23.80019883710421, 'frames': 238}, {'start': 30, 'fps': 20.716634653096936, 'frames': 207}, {'start': 40, 'fps': 22.873260802578862, 'frames': 194}, {'start': 50, 'fps': 0, 'frames': 0}, {'start': 60, 'fps': 0, 'frames': 0}, {'start': 70, 'fps': 0, 'frames': 0}, {'start': 80, 'fps': 0, 'frames': 0}, {'start': 90, 'fps': 0, 'frames': 0}, {'start': 100, 'fps': 0, 'frames': 0}, {'start': 110, 'fps': 0, 'frames': 0}, {'start': 120, 'fps': 0, 'frames': 0}, {'start': 130, 'fps': 0, 'frames': 0}, {'start': 140, 'fps': 0, 'frames': 0}, {'start': 150, 'fps': 0, 'frames': 0}, {'start': 160, 'fps': 0, 'frames': 0}, {'start': 170, 'fps': 0, 'frames': 0}, {'start': 180, 'fps': 0, 'frames': 0}, {'start': 190, 'fps': 0, 'frames': 0}, {'start': 200, 'fps': 0, 'frames': 0}, {'start': 210, 'fps': 0, 'frames': 0}, {'start': 220, 'fps': 0, 'frames': 0}, {'start': 230, 'fps': 0, 'frames': 0}, {'start': 240, 'fps': 0, 'frames': 0}, {'start': 250, 'fps': 0, 'frames': 0}, {'start': 260, 'fps': 0, 'frames': 0}, {'start': 270, 'fps': 0, 'frames': 0}, {'start': 280, 'fps': 0, 'frames': 0}, {'start': 290, 'fps': 0, 'frames': 0}, {'start': 300, 'fps': 0, 'frames': 0}, {'start': 310, 'fps': 0, 'frames': 0}, {'start': 320, 'fps': 0, 'frames': 0}, {'start': 330, 'fps': 0, 'frames': 0}, {'start': 340, 'fps': 0, 'frames': 0}, {'start': 350, 'fps': 0, 'frames': 0}, {'start': 360, 'fps': 0, 'frames': 0}, {'start': 370, 'fps': 0, 'frames': 0}, {'start': 380, 'fps': 0, 'frames': 0}, {'start': 390, 'fps': 0, 'frames': 0}, {'start': 400, 'fps': 0, 'frames': 0}, {'start': 410, 'fps': 0, 'frames': 0}, {'start': 420, 'fps': 0, 'frames': 0}, {'start': 430, 'fps': 0, 'frames': 0}, {'start': 440, 'fps': 0, 'frames': 0}, {'start': 450, 'fps': 0, 'frames': 0}, {'start': 460, 'fps': 0, 'frames': 0}, {'start': 470, 'fps': 0, 'frames': 0}, {'start': 480, 'fps': 0, 'frames': 0}, {'start': 490, 'fps': 0, 'frames': 0}, {'start': 500, 'fps': 0, 'frames': 0}, {'start': 510, 'fps': 0, 'frames': 0}, {'start': 520, 'fps': 0, 'frames': 0}, {'start': 530, 'fps': 0, 'frames': 0}, {'start': 540, 'fps': 0, 'frames': 0}, {'start': 550, 'fps': 0, 'frames': 0}, {'start': 560, 'fps': 0, 'frames': 0}, {'start': 570, 'fps': 0, 'frames': 0}, {'start': 580, 'fps': 0, 'frames': 0}, {'start': 590, 'fps': 0, 'frames': 0}, {'start': 600, 'fps': 0, 'frames': 0}, {'start': 610, 'fps': 0, 'frames': 0}]}}, 'queue_drops': 0, 'duplicate_first_images': [], 'lifecycle': {}, 'shared_process_enabled': True, 'source_widths': [], 'actions': {0: '待机呼吸休闲'}, 'initial_decode_routes': {0: {'idle_eligible': True, 'broker_active': True, 'feed': False, 'publish': True, 'path': '/Users/ray/Library/Caches/seeky8-candidate/assets/characters/shenshen/videos/idle/待机呼吸休闲.webm'}}, 'live_ffmpeg_after_cleanup': []} []
