QSystemTrayIcon::setVisible: No Icon set
WARNING:root:GUI 卡顿 2727ms state=IDLE anim=待机呼吸休闲 physics=None
WARNING:pet.gui_stall_sampler:GUI 冻结现场（2727ms，16 个采样点，旧→新）：
WARNING:pet.gui_stall_sampler:  [t-2540ms] <frozen importlib._bootstrap>:1360:_find_and_load <- <frozen importlib._bootstrap>:1331:_find_and_load_unlocked <- <frozen importlib._bootstrap>:935:_load_unlocked <- <frozen importlib._bootstrap_external>:1022:exec_module <- <frozen importlib._bootstrap_external>:1118:get_code <- <frozen importlib._bootstrap_external>:1217:get_data
WARNING:pet.gui_stall_sampler:  [t-2342ms] verify_seeky_multi.py:67:main <- app.py:1703:start <- app.py:1812:_create_ui_with_character_fallback <- app.py:572:_create_ui <- app.py:539:_build_window <- app.py:3147:_build_tray
WARNING:pet.gui_stall_sampler:  [t-829ms] verify_seeky_multi.py:319:<module> <- verify_seeky_multi.py:255:main
WARNING:root:GUI 卡顿 162ms state=IDLE anim=待机呼吸休闲 physics=None
WARNING:pet.gui_stall_sampler:GUI 冻结现场（162ms，4 个采样点，旧→新）：
WARNING:pet.gui_stall_sampler:  [t-185ms] verify_seeky_multi.py:319:<module> <- verify_seeky_multi.py:255:main
WARNING:pet.gui_stall_sampler:  [t-111ms] verify_seeky_multi.py:319:<module> <- verify_seeky_multi.py:255:main <- webm_clip.py:2508:_poll <- webm_clip.py:2733:_process_frame
WARNING:pet.gui_stall_sampler:  [t-52ms] verify_seeky_multi.py:319:<module> <- verify_seeky_multi.py:255:main <- library.py:713:_warm_low_priority_background <- library.py:887:movie <- webm_clip.py:1083:__init__ <- enum.py:209:__get__
WARNING:pet.gui_stall_sampler:  [t-0ms] verify_seeky_multi.py:319:<module> <- verify_seeky_multi.py:255:main
WARNING:root:GUI 卡顿 162ms state=IDLE anim=待机呼吸休闲 physics=None
WARNING:pet.gui_stall_sampler:GUI 冻结现场（162ms，4 个采样点，旧→新）：
WARNING:pet.gui_stall_sampler:  [t-184ms] verify_seeky_multi.py:319:<module> <- verify_seeky_multi.py:255:main <- webm_clip.py:2508:_poll <- webm_clip.py:2759:_process_frame
WARNING:pet.gui_stall_sampler:  [t-131ms] verify_seeky_multi.py:319:<module> <- verify_seeky_multi.py:255:main
WARNING:root:GUI 卡顿 196ms state=IDLE anim=待机呼吸休闲 physics=None
WARNING:pet.gui_stall_sampler:GUI 冻结现场（196ms，4 个采样点，旧→新）：
WARNING:pet.gui_stall_sampler:  [t-209ms] verify_seeky_multi.py:319:<module> <- verify_seeky_multi.py:255:main
{'max_first_frame_decoders': 1, 'steady_mib': 586.291145324707, 'peak_mib': 666.2833557128906, 'growth_mib': -6.109375, 'playback': {0: {'fps': 23.789847995392286, 'forward_gaps': 0, 'frames': 476, 'ten_second_bins': [{'start': 0, 'fps': 22.64468903049134, 'frames': 173}, {'start': 10, 'fps': 23.789209535759095, 'frames': 238}, {'start': 20, 'fps': 23.76756130721587, 'frames': 237}, {'start': 30, 'fps': 23.780499990008188, 'frames': 120}]}}, 'queue_drops': 0, 'duplicate_first_images': [], 'lifecycle': {}, 'shared_process_enabled': True, 'source_widths': [2560], 'actions': {0: '待机呼吸休闲'}, 'initial_decode_routes': {0: {'idle_eligible': True, 'broker_active': True, 'feed': False, 'publish': True, 'path': '/Users/ray/Library/Caches/seeky8-candidate/assets/characters_hq/shenshen/videos/idle/待机呼吸休闲.webm'}}, 'live_ffmpeg_after_cleanup': []} []
