QSystemTrayIcon::setVisible: No Icon set
WARNING:root:GUI 卡顿 1594ms state=IDLE anim=待机呼吸休闲 physics=None
WARNING:pet.gui_stall_sampler:GUI 冻结现场（1594ms，8 个采样点，旧→新）：
WARNING:pet.gui_stall_sampler:  [t-1397ms] <frozen importlib._bootstrap>:1360:_find_and_load <- <frozen importlib._bootstrap>:1331:_find_and_load_unlocked <- <frozen importlib._bootstrap>:935:_load_unlocked <- <frozen importlib._bootstrap_external>:1022:exec_module <- <frozen importlib._bootstrap_external>:1118:get_code <- <frozen importlib._bootstrap_external>:1217:get_data
WARNING:pet.gui_stall_sampler:  [t-1244ms] app.py:572:_create_ui <- app.py:537:_build_window <- window.py:4548:moveEvent <- window.py:1454:_submit_collision_state <- collision_client.py:255:_submit_collision_state <- collision_ipc.py:1261:submit_state
WARNING:pet.gui_stall_sampler:  [t-881ms] verify_seeky_multi.py:319:<module> <- verify_seeky_multi.py:67:main <- app.py:1719:start <- app.py:1613:_install_config_watcher <- app.py:1623:_watch_config_file
WARNING:pet.gui_stall_sampler:  [t-796ms] verify_seeky_multi.py:319:<module> <- verify_seeky_multi.py:255:main
WARNING:root:GUI 卡顿 140ms state=IDLE anim=待机呼吸休闲 physics=None
WARNING:pet.gui_stall_sampler:GUI 冻结现场（140ms，2 个采样点，旧→新）：
WARNING:pet.gui_stall_sampler:  [t-128ms] verify_seeky_multi.py:319:<module> <- verify_seeky_multi.py:255:main
WARNING:root:GUI 卡顿 239ms state=IDLE anim=待机呼吸休闲 physics=None
WARNING:pet.gui_stall_sampler:GUI 冻结现场（239ms，2 个采样点，旧→新）：
WARNING:pet.gui_stall_sampler:  [t-249ms] verify_seeky_multi.py:319:<module> <- verify_seeky_multi.py:255:main
WARNING:pet.gui_stall_sampler:  [t-27ms] verify_seeky_multi.py:102:observed_frame <- window.py:1917:_on_frame <- window.py:2124:_rebuild_frame <- window.py:2270:_sync_mask <- window_optional_services.py:42:effects_coverage <- frame_edges.py:26:coverage_region
WARNING:root:GUI 卡顿 123ms state=IDLE anim=待机呼吸休闲 physics=None
WARNING:pet.gui_stall_sampler:GUI 冻结现场（123ms，2 个采样点，旧→新）：
WARNING:pet.gui_stall_sampler:  [t-139ms] verify_seeky_multi.py:319:<module> <- verify_seeky_multi.py:255:main
WARNING:pet.gui_stall_sampler:  [t-44ms] verify_seeky_multi.py:319:<module> <- verify_seeky_multi.py:255:main <- webm_clip.py:2508:_poll <- webm_clip.py:2733:_process_frame
WARNING:root:GUI 卡顿 108ms state=IDLE anim=待机呼吸休闲 physics=None
WARNING:pet.gui_stall_sampler:GUI 冻结现场（108ms，1 个采样点，旧→新）：
WARNING:pet.gui_stall_sampler:  [t-155ms] verify_seeky_multi.py:319:<module> <- verify_seeky_multi.py:255:main
WARNING:root:GUI 卡顿 123ms state=IDLE anim=待机呼吸休闲 physics=None
WARNING:pet.gui_stall_sampler:GUI 冻结现场（123ms，1 个采样点，旧→新）：
WARNING:pet.gui_stall_sampler:  [t-166ms] verify_seeky_multi.py:319:<module> <- verify_seeky_multi.py:255:main
WARNING:root:GUI 卡顿 329ms state=IDLE anim=待机呼吸休闲 physics=None
WARNING:pet.gui_stall_sampler:GUI 冻结现场（329ms，1 个采样点，旧→新）：
WARNING:pet.gui_stall_sampler:  [t-345ms] verify_seeky_multi.py:319:<module> <- verify_seeky_multi.py:255:main
WARNING:root:GUI 卡顿 248ms state=IDLE anim=待机呼吸休闲 physics=None
WARNING:pet.gui_stall_sampler:GUI 冻结现场（248ms，2 个采样点，旧→新）：
WARNING:pet.gui_stall_sampler:  [t-286ms] verify_seeky_multi.py:319:<module> <- verify_seeky_multi.py:255:main
WARNING:pet.gui_stall_sampler:  [t-55ms] verify_seeky_multi.py:319:<module> <- verify_seeky_multi.py:255:main <- webm_clip.py:2508:_poll <- webm_clip.py:2759:_process_frame
WARNING:root:GUI 卡顿 141ms state=IDLE anim=待机呼吸休闲 physics=None
WARNING:pet.gui_stall_sampler:GUI 冻结现场（141ms，3 个采样点，旧→新）：
WARNING:pet.gui_stall_sampler:  [t-171ms] verify_seeky_multi.py:319:<module> <- verify_seeky_multi.py:255:main
WARNING:pet.gui_stall_sampler:  [t-110ms] verify_seeky_multi.py:319:<module> <- verify_seeky_multi.py:255:main <- webm_clip.py:2508:_poll <- webm_clip.py:2732:_process_frame
WARNING:pet.gui_stall_sampler:  [t-6ms] verify_seeky_multi.py:319:<module> <- verify_seeky_multi.py:255:main
WARNING:root:GUI 卡顿 113ms state=IDLE anim=待机呼吸休闲 physics=None
WARNING:pet.gui_stall_sampler:GUI 冻结现场（113ms，1 个采样点，旧→新）：
WARNING:pet.gui_stall_sampler:  [t-82ms] webm_clip.py:2508:_poll <- webm_clip.py:2759:_process_frame <- window_optional_services.py:62:<lambda> <- verify_seeky_multi.py:102:observed_frame <- window.py:1917:_on_frame <- window.py:2106:_rebuild_frame
WARNING:root:GUI 卡顿 260ms state=IDLE anim=待机呼吸休闲 physics=None
WARNING:pet.gui_stall_sampler:GUI 冻结现场（260ms，3 个采样点，旧→新）：
WARNING:pet.gui_stall_sampler:  [t-309ms] verify_seeky_multi.py:319:<module> <- verify_seeky_multi.py:255:main
WARNING:pet.gui_stall_sampler:  [t-221ms] verify_seeky_multi.py:319:<module> <- verify_seeky_multi.py:255:main <- webm_clip.py:2508:_poll <- webm_clip.py:2732:_process_frame
WARNING:pet.gui_stall_sampler:  [t-20ms] verify_seeky_multi.py:319:<module> <- verify_seeky_multi.py:255:main
WARNING:root:GUI 卡顿 117ms state=IDLE anim=待机呼吸休闲 physics=None
WARNING:pet.gui_stall_sampler:GUI 冻结现场（117ms，1 个采样点，旧→新）：
WARNING:pet.gui_stall_sampler:  [t-124ms] verify_seeky_multi.py:319:<module> <- verify_seeky_multi.py:255:main
WARNING:root:GUI 卡顿 129ms state=IDLE anim=待机呼吸休闲 physics=None
WARNING:pet.gui_stall_sampler:GUI 冻结现场（129ms，1 个采样点，旧→新）：
WARNING:pet.gui_stall_sampler:  [t-153ms] verify_seeky_multi.py:319:<module> <- verify_seeky_multi.py:255:main
WARNING:root:GUI 卡顿 188ms state=IDLE anim=待机呼吸休闲 physics=None
WARNING:pet.gui_stall_sampler:GUI 冻结现场（188ms，2 个采样点，旧→新）：
WARNING:pet.gui_stall_sampler:  [t-210ms] verify_seeky_multi.py:319:<module> <- verify_seeky_multi.py:255:main
WARNING:pet.gui_stall_sampler:  [t-10ms] verify_seeky_multi.py:319:<module> <- verify_seeky_multi.py:255:main <- webm_clip.py:2508:_poll <- webm_clip.py:2733:_process_frame
WARNING:root:GUI 卡顿 346ms state=IDLE anim=待机呼吸休闲 physics=None
WARNING:pet.gui_stall_sampler:GUI 冻结现场（346ms，2 个采样点，旧→新）：
WARNING:pet.gui_stall_sampler:  [t-364ms] verify_seeky_multi.py:319:<module> <- verify_seeky_multi.py:255:main
WARNING:pet.gui_stall_sampler:  [t-2ms] verify_seeky_multi.py:319:<module> <- verify_seeky_multi.py:255:main <- webm_clip.py:2508:_poll <- webm_clip.py:2733:_process_frame
WARNING:root:GUI 卡顿 184ms state=IDLE anim=待机呼吸休闲 physics=None
WARNING:pet.gui_stall_sampler:GUI 冻结现场（184ms，1 个采样点，旧→新）：
WARNING:pet.gui_stall_sampler:  [t-184ms] verify_seeky_multi.py:319:<module> <- verify_seeky_multi.py:255:main <- webm_clip.py:2508:_poll <- webm_clip.py:2733:_process_frame
{'max_first_frame_decoders': 2, 'steady_mib': 627.798957824707, 'peak_mib': 674.4087219238281, 'growth_mib': 37.15625, 'playback': {0: {'fps': 10.228555304740405, 'forward_gaps': 0, 'frames': 204, 'ten_second_bins': [{'start': 0, 'fps': 11.247920929509041, 'frames': 95}, {'start': 10, 'fps': 14.824974535332855, 'frames': 148}, {'start': 20, 'fps': 10.36686628755473, 'frames': 104}, {'start': 30, 'fps': 4.867621849273027, 'frames': 24}]}}, 'queue_drops': 0, 'duplicate_first_images': [], 'lifecycle': {}, 'shared_process_enabled': True, 'source_widths': [2560], 'actions': {0: '待机呼吸休闲'}, 'initial_decode_routes': {0: {'idle_eligible': True, 'broker_active': True, 'feed': False, 'publish': True, 'path': '/Users/ray/Library/Caches/seeky8-candidate/assets/characters_hq/shenshen/videos/idle/待机呼吸休闲.webm'}}, 'live_ffmpeg_after_cleanup': []} ['Pet 0: fps=10.23, skipped source frames=0']
