QSystemTrayIcon::setVisible: No Icon set
WARNING:root:GUI 卡顿 1203ms state=IDLE anim=待机呼吸休闲 physics=None
WARNING:pet.gui_stall_sampler:GUI 冻结现场（1203ms，9 个采样点，旧→新）：
WARNING:pet.gui_stall_sampler:  [t-1055ms] app.py:537:_build_window <- window.py:4544:moveEvent <- window.py:1454:_submit_collision_state <- collision_client.py:244:_submit_collision_state <- collision_client.py:199:_collision_state <- window.py:2310:collision_content_rect
WARNING:pet.gui_stall_sampler:  [t-858ms] verify_seeky_multi.py:319:<module> <- verify_seeky_multi.py:255:main <- app.py:1728:start <- app.py:1613:_install_config_watcher <- app.py:1633:_config_signature <- _local.py:515:stat
WARNING:pet.gui_stall_sampler:  [t-807ms] verify_seeky_multi.py:319:<module> <- verify_seeky_multi.py:255:main
WARNING:pet.gui_stall_sampler:  [t-143ms] verify_seeky_multi.py:319:<module> <- verify_seeky_multi.py:255:main <- window.py:1090:apply_current_native_window <- platform_mac.py:78:_mac_set_window_level
WARNING:pet.gui_stall_sampler:  [t-91ms] verify_seeky_multi.py:319:<module> <- verify_seeky_multi.py:255:main
WARNING:root:GUI 卡顿 363ms state=IDLE anim=待机呼吸休闲 physics=None
WARNING:pet.gui_stall_sampler:GUI 冻结现场（363ms，4 个采样点，旧→新）：
WARNING:pet.gui_stall_sampler:  [t-401ms] verify_seeky_multi.py:319:<module> <- verify_seeky_multi.py:255:main
WARNING:pet.gui_stall_sampler:  [t-289ms] verify_seeky_multi.py:319:<module> <- verify_seeky_multi.py:255:main <- webm_clip.py:2499:_poll <- webm_clip.py:2724:_process_frame
WARNING:pet.gui_stall_sampler:  [t-130ms] <frozen importlib._bootstrap>:1331:_find_and_load_unlocked <- <frozen importlib._bootstrap>:1280:_find_spec <- <frozen importlib._bootstrap_external>:1573:find_spec <- <frozen importlib._bootstrap_external>:1537:_get_spec <- <frozen importlib._bootstrap_external>:1666:find_spec <- <frozen importlib._bootstrap_external>:152:_path_stat
WARNING:pet.gui_stall_sampler:  [t-10ms] verify_seeky_multi.py:319:<module> <- verify_seeky_multi.py:255:main
WARNING:root:GUI 卡顿 181ms state=IDLE anim=待机呼吸休闲 physics=None
WARNING:pet.gui_stall_sampler:GUI 冻结现场（181ms，2 个采样点，旧→新）：
WARNING:pet.gui_stall_sampler:  [t-203ms] verify_seeky_multi.py:319:<module> <- verify_seeky_multi.py:255:main
WARNING:pet.gui_stall_sampler:  [t-10ms] verify_seeky_multi.py:319:<module> <- verify_seeky_multi.py:255:main <- webm_clip.py:2499:_poll <- webm_clip.py:2724:_process_frame
WARNING:root:GUI 卡顿 190ms state=IDLE anim=待机呼吸休闲 physics=None
WARNING:pet.gui_stall_sampler:GUI 冻结现场（190ms，2 个采样点，旧→新）：
WARNING:pet.gui_stall_sampler:  [t-214ms] verify_seeky_multi.py:319:<module> <- verify_seeky_multi.py:255:main
WARNING:pet.gui_stall_sampler:  [t-6ms] webm_clip.py:2499:_poll <- webm_clip.py:2750:_process_frame <- window_optional_services.py:62:<lambda> <- verify_seeky_multi.py:102:observed_frame <- window.py:1917:_on_frame <- window.py:2106:_rebuild_frame
WARNING:root:GUI 卡顿 112ms state=IDLE anim=待机呼吸休闲 physics=None
WARNING:pet.gui_stall_sampler:GUI 冻结现场（112ms，1 个采样点，旧→新）：
WARNING:pet.gui_stall_sampler:  [t-161ms] verify_seeky_multi.py:319:<module> <- verify_seeky_multi.py:255:main
WARNING:root:GUI 卡顿 217ms state=IDLE anim=待机呼吸休闲 physics=None
WARNING:pet.gui_stall_sampler:GUI 冻结现场（217ms，1 个采样点，旧→新）：
WARNING:pet.gui_stall_sampler:  [t-243ms] verify_seeky_multi.py:319:<module> <- verify_seeky_multi.py:255:main
WARNING:root:GUI 卡顿 253ms state=IDLE anim=待机呼吸休闲 physics=None
WARNING:pet.gui_stall_sampler:GUI 冻结现场（253ms，1 个采样点，旧→新）：
WARNING:pet.gui_stall_sampler:  [t-284ms] verify_seeky_multi.py:319:<module> <- verify_seeky_multi.py:255:main <- webm_clip.py:2499:_poll <- webm_clip.py:2723:_process_frame
{'max_first_frame_decoders': 2, 'steady_mib': 611.1739349365234, 'peak_mib': 726.0814666748047, 'growth_mib': 13.171875, 'playback': {0: {'fps': 20.40508619389858, 'forward_gaps': 0, 'frames': 407, 'ten_second_bins': [{'start': 0, 'fps': 22.035212047392314, 'frames': 200}, {'start': 10, 'fps': 23.78562826174227, 'frames': 238}, {'start': 20, 'fps': 19.92212261160917, 'frames': 199}, {'start': 30, 'fps': 17.601455581045805, 'frames': 90}]}}, 'queue_drops': 0, 'duplicate_first_images': [], 'lifecycle': {}, 'shared_process_enabled': True, 'source_widths': [2560], 'actions': {0: '待机呼吸休闲'}, 'initial_decode_routes': {0: {'idle_eligible': True, 'broker_active': True, 'feed': False, 'publish': True, 'path': '/Users/ray/Library/Caches/seeky8-baseline-3bc58a7/assets/characters_hq/shenshen/videos/idle/待机呼吸休闲.webm'}}, 'live_ffmpeg_after_cleanup': []} ['Pet 0: fps=20.41, skipped source frames=0']
