已生成: /Users/ray/Documents/New project/dsr-pet/assets/icon.ico（尺寸 (256, 128, 96, 64, 48, 40, 32, 24, 20, 16)）
预览图: /Users/ray/Documents/New project/dsr-pet/assets/icon-preview.png
已生成 iconset: /Users/ray/Documents/New project/dsr-pet/assets/icon.iconset（10 个尺寸）
已生成: /Users/ray/Documents/New project/dsr-pet/assets/icon.icns
==> 构建 seeky· pet.app
75 INFO: PyInstaller: 6.22.3, contrib hooks: 2026.8
75 INFO: Python: 3.13.2
93 INFO: Platform: macOS-26.6.2-arm64-arm-64bit-Mach-O
93 INFO: Python environment: /Users/ray/Library/Caches/dsr-pet-runtime-20261002
94 INFO: wrote /Users/ray/Documents/New project/dsr-pet/seeky· pet.spec
102 INFO: Removing temporary files and cleaning cache in /Users/ray/Library/Application Support/pyinstaller
525 WARNING: collect_data_files - skipping data collection for module 'PySide6.QtMultimedia' as it is not a package.
599 WARNING: collect_dynamic_libs - skipping library collection for module 'PySide6.QtMultimedia' as it is not a package.
1261 INFO: Module search paths (PYTHONPATH):
['/Users/ray/Documents/New project/dsr-pet',
 '/Library/Frameworks/Python.framework/Versions/3.13/lib/python313.zip',
 '/Library/Frameworks/Python.framework/Versions/3.13/lib/python3.13',
 '/Library/Frameworks/Python.framework/Versions/3.13/lib/python3.13/lib-dynload',
 '/Users/ray/Library/Caches/dsr-pet-runtime-20261002/lib/python3.13/site-packages',
 '/Users/ray/Documents/New project/dsr-pet/packaging',
 '/Users/ray/Documents/New project/dsr-pet']
1396 INFO: Appending 'datas' from .spec
1413 INFO: checking Analysis
1413 INFO: Building Analysis because Analysis-00.toc is non existent
1413 INFO: Looking for Python shared library...
1416 INFO: Using Python shared library: /Library/Frameworks/Python.framework/Versions/3.13/Python
1416 INFO: Running Analysis Analysis-00.toc
1416 INFO: Target bytecode optimization level: 0
1416 INFO: Initializing module dependency graph...
1417 INFO: Initializing module graph hook caches...
1425 INFO: Analyzing modules for base_library.zip ...
1819 INFO: Processing standard module hook 'hook-encodings.py' from '/Users/ray/Library/Caches/dsr-pet-runtime-20261002/lib/python3.13/site-packages/PyInstaller/hooks'
2176 INFO: Processing standard module hook 'hook-heapq.py' from '/Users/ray/Library/Caches/dsr-pet-runtime-20261002/lib/python3.13/site-packages/PyInstaller/hooks'
2290 INFO: Processing standard module hook 'hook-math.py' from '/Users/ray/Library/Caches/dsr-pet-runtime-20261002/lib/python3.13/site-packages/PyInstaller/hooks'
3007 INFO: Processing standard module hook 'hook-pickle.py' from '/Users/ray/Library/Caches/dsr-pet-runtime-20261002/lib/python3.13/site-packages/PyInstaller/hooks'
3883 INFO: Caching module dependency graph...
3912 INFO: Analyzing /Users/ray/Documents/New project/dsr-pet/packaging/pet_entry_no_chat.py
3919 INFO: Processing standard module hook 'hook-PySide6.py' from '/Users/ray/Library/Caches/dsr-pet-runtime-20261002/lib/python3.13/site-packages/PyInstaller/hooks'
4156 INFO: Processing standard module hook 'hook-shiboken6.py' from '/Users/ray/Library/Caches/dsr-pet-runtime-20261002/lib/python3.13/site-packages/PyInstaller/hooks'
4265 INFO: Processing standard module hook 'hook-PySide6.QtNetwork.py' from '/Users/ray/Library/Caches/dsr-pet-runtime-20261002/lib/python3.13/site-packages/PyInstaller/hooks'
4866 INFO: Processing standard module hook 'hook-PySide6.QtCore.py' from '/Users/ray/Library/Caches/dsr-pet-runtime-20261002/lib/python3.13/site-packages/PyInstaller/hooks'
5471 INFO: Processing standard module hook 'hook-PySide6.QtGui.py' from '/Users/ray/Library/Caches/dsr-pet-runtime-20261002/lib/python3.13/site-packages/PyInstaller/hooks'
6122 INFO: Processing standard module hook 'hook-PySide6.QtWidgets.py' from '/Users/ray/Library/Caches/dsr-pet-runtime-20261002/lib/python3.13/site-packages/PyInstaller/hooks'
6351 INFO: Processing standard module hook 'hook-_ctypes.py' from '/Users/ray/Library/Caches/dsr-pet-runtime-20261002/lib/python3.13/site-packages/PyInstaller/hooks'
6755 INFO: Processing standard module hook 'hook-multiprocessing.util.py' from '/Users/ray/Library/Caches/dsr-pet-runtime-20261002/lib/python3.13/site-packages/PyInstaller/hooks'
6804 INFO: Processing standard module hook 'hook-xml.py' from '/Users/ray/Library/Caches/dsr-pet-runtime-20261002/lib/python3.13/site-packages/PyInstaller/hooks'
7221 INFO: Processing standard module hook 'hook-psutil.py' from '/Users/ray/Library/Caches/dsr-pet-runtime-20261002/lib/python3.13/site-packages/_pyinstaller_hooks_contrib/stdhooks'
7393 INFO: Processing standard module hook 'hook-platform.py' from '/Users/ray/Library/Caches/dsr-pet-runtime-20261002/lib/python3.13/site-packages/PyInstaller/hooks'
7465 INFO: Processing standard module hook 'hook-PySide6.QtMultimedia.py' from '/Users/ray/Library/Caches/dsr-pet-runtime-20261002/lib/python3.13/site-packages/PyInstaller/hooks'
7641 INFO: Processing standard module hook 'hook-webbrowser.py' from '/Users/ray/Library/Caches/dsr-pet-runtime-20261002/lib/python3.13/site-packages/PyInstaller/hooks'
7754 INFO: Processing standard module hook 'hook-PIL.py' from '/Users/ray/Library/Caches/dsr-pet-runtime-20261002/lib/python3.13/site-packages/PyInstaller/hooks'
7829 INFO: Processing standard module hook 'hook-PIL.Image.py' from '/Users/ray/Library/Caches/dsr-pet-runtime-20261002/lib/python3.13/site-packages/PyInstaller/hooks'
8097 INFO: Processing standard module hook 'hook-xml.etree.cElementTree.py' from '/Users/ray/Library/Caches/dsr-pet-runtime-20261002/lib/python3.13/site-packages/PyInstaller/hooks'
8206 INFO: Processing standard module hook 'hook-PIL.ImageFilter.py' from '/Users/ray/Library/Caches/dsr-pet-runtime-20261002/lib/python3.13/site-packages/PyInstaller/hooks'
8686 INFO: Processing standard module hook 'hook-sqlite3.py' from '/Users/ray/Library/Caches/dsr-pet-runtime-20261002/lib/python3.13/site-packages/PyInstaller/hooks'
9099 INFO: Processing standard module hook 'hook-imageio_ffmpeg.py' from '/Users/ray/Library/Caches/dsr-pet-runtime-20261002/lib/python3.13/site-packages/_pyinstaller_hooks_contrib/stdhooks'
9347 INFO: Processing standard module hook 'hook-zoneinfo.py' from '/Users/ray/Library/Caches/dsr-pet-runtime-20261002/lib/python3.13/site-packages/_pyinstaller_hooks_contrib/stdhooks'
9359 INFO: Processing standard module hook 'hook-sysconfig.py' from '/Users/ray/Library/Caches/dsr-pet-runtime-20261002/lib/python3.13/site-packages/PyInstaller/hooks'
9367 INFO: Processing standard module hook 'hook-_osx_support.py' from '/Users/ray/Library/Caches/dsr-pet-runtime-20261002/lib/python3.13/site-packages/PyInstaller/hooks'
9725 INFO: Processing pre-safe-import-module hook 'hook-typing_extensions.py' from '/Users/ray/Library/Caches/dsr-pet-runtime-20261002/lib/python3.13/site-packages/PyInstaller/hooks/pre_safe_import_module'
9726 INFO: SetuptoolsInfo: initializing cached setuptools info...
10314 INFO: Processing pre-safe-import-module hook 'hook-backports.py' from '/Users/ray/Library/Caches/dsr-pet-runtime-20261002/lib/python3.13/site-packages/PyInstaller/hooks/pre_safe_import_module'
10314 INFO: Setuptools: 'backports' appears to be a full setuptools-vendored copy - creating alias to 'setuptools._vendor.backports'!
10317 INFO: Processing standard module hook 'hook-setuptools.py' from '/Users/ray/Library/Caches/dsr-pet-runtime-20261002/lib/python3.13/site-packages/PyInstaller/hooks'
10324 INFO: Processing pre-safe-import-module hook 'hook-distutils.py' from '/Users/ray/Library/Caches/dsr-pet-runtime-20261002/lib/python3.13/site-packages/PyInstaller/hooks/pre_safe_import_module'
10339 INFO: Processing pre-safe-import-module hook 'hook-jaraco.py' from '/Users/ray/Library/Caches/dsr-pet-runtime-20261002/lib/python3.13/site-packages/PyInstaller/hooks/pre_safe_import_module'
10340 INFO: Setuptools: 'jaraco' appears to be a partial setuptools-vendored copy - extending search paths to ['/Users/ray/Library/Caches/dsr-pet-runtime-20261002/lib/python3.13/site-packages/jaraco', '/Users/ray/Library/Caches/dsr-pet-runtime-20261002/lib/python3.13/site-packages/setuptools/_vendor/jaraco']!
10340 INFO: Processing pre-safe-import-module hook 'hook-jaraco.functools.py' from '/Users/ray/Library/Caches/dsr-pet-runtime-20261002/lib/python3.13/site-packages/PyInstaller/hooks/pre_safe_import_module'
10354 INFO: Processing pre-safe-import-module hook 'hook-more_itertools.py' from '/Users/ray/Library/Caches/dsr-pet-runtime-20261002/lib/python3.13/site-packages/PyInstaller/hooks/pre_safe_import_module'
10438 INFO: Processing pre-safe-import-module hook 'hook-packaging.py' from '/Users/ray/Library/Caches/dsr-pet-runtime-20261002/lib/python3.13/site-packages/PyInstaller/hooks/pre_safe_import_module'
10607 INFO: Processing pre-safe-import-module hook 'hook-jaraco.text.py' from '/Users/ray/Library/Caches/dsr-pet-runtime-20261002/lib/python3.13/site-packages/PyInstaller/hooks/pre_safe_import_module'
10607 INFO: Setuptools: 'jaraco.text' appears to be a setuptools-vendored copy - creating alias to 'setuptools._vendor.jaraco.text'!
10613 INFO: Processing standard module hook 'hook-setuptools._vendor.jaraco.text.py' from '/Users/ray/Library/Caches/dsr-pet-runtime-20261002/lib/python3.13/site-packages/PyInstaller/hooks'
10614 INFO: Processing pre-safe-import-module hook 'hook-importlib_resources.py' from '/Users/ray/Library/Caches/dsr-pet-runtime-20261002/lib/python3.13/site-packages/PyInstaller/hooks/pre_safe_import_module'
10614 INFO: Processing pre-safe-import-module hook 'hook-jaraco.context.py' from '/Users/ray/Library/Caches/dsr-pet-runtime-20261002/lib/python3.13/site-packages/PyInstaller/hooks/pre_safe_import_module'
10991 INFO: Processing pre-safe-import-module hook 'hook-tomli.py' from '/Users/ray/Library/Caches/dsr-pet-runtime-20261002/lib/python3.13/site-packages/PyInstaller/hooks/pre_safe_import_module'
10992 INFO: Setuptools: 'tomli' appears to be a setuptools-vendored copy - creating alias to 'setuptools._vendor.tomli'!
11346 INFO: Processing pre-safe-import-module hook 'hook-wheel.py' from '/Users/ray/Library/Caches/dsr-pet-runtime-20261002/lib/python3.13/site-packages/PyInstaller/hooks/pre_safe_import_module'
11347 INFO: Setuptools: 'wheel' appears to be a setuptools-vendored copy - creating alias to 'setuptools._vendor.wheel'!
11721 INFO: Processing standard module hook 'hook-certifi.py' from '/Users/ray/Library/Caches/dsr-pet-runtime-20261002/lib/python3.13/site-packages/_pyinstaller_hooks_contrib/stdhooks'
11993 INFO: Analyzing hidden import 'imageio_ffmpeg.binaries'
11994 INFO: Analyzing hidden import 'certifi.__main__'
11994 INFO: Analyzing hidden import 'certifi.tests'
11994 INFO: Analyzing hidden import 'certifi.tests.test_certify'
12047 INFO: Processing standard module hook 'hook-difflib.py' from '/Users/ray/Library/Caches/dsr-pet-runtime-20261002/lib/python3.13/site-packages/PyInstaller/hooks'
12085 INFO: Analyzing hidden import 'edge_tts.__main__'
12144 INFO: Analyzing hidden import 'psutil._psaix'
12159 INFO: Analyzing hidden import 'psutil._psbsd'
12174 INFO: Analyzing hidden import 'psutil._pslinux'
12214 INFO: Analyzing hidden import 'psutil._pssunos'
12226 INFO: Analyzing hidden import 'psutil._pswindows'
12243 INFO: Processing module hooks (post-graph stage)...
12557 INFO: Processing standard module hook 'hook-PySide6.QtConcurrent.py' from '/Users/ray/Library/Caches/dsr-pet-runtime-20261002/lib/python3.13/site-packages/PyInstaller/hooks'
12645 INFO: Processing standard module hook 'hook-PySide6.QtMultimediaWidgets.py' from '/Users/ray/Library/Caches/dsr-pet-runtime-20261002/lib/python3.13/site-packages/PyInstaller/hooks'
12891 INFO: Processing standard module hook 'hook-PIL.SpiderImagePlugin.py' from '/Users/ray/Library/Caches/dsr-pet-runtime-20261002/lib/python3.13/site-packages/PyInstaller/hooks'
12973 INFO: Processing standard module hook 'hook-PySide6.QtDBus.py' from '/Users/ray/Library/Caches/dsr-pet-runtime-20261002/lib/python3.13/site-packages/PyInstaller/hooks'
13071 INFO: Performing binary vs. data reclassification (488 entries)
13204 INFO: Looking for ctypes DLLs
13217 WARNING: Library winmm required via ctypes not found
13258 INFO: Analyzing run-time hooks ...
13260 INFO: Including run-time hook 'pyi_rth_inspect.py' from '/Users/ray/Library/Caches/dsr-pet-runtime-20261002/lib/python3.13/site-packages/PyInstaller/hooks/rthooks'
13262 INFO: Including run-time hook 'pyi_rth_pkgutil.py' from '/Users/ray/Library/Caches/dsr-pet-runtime-20261002/lib/python3.13/site-packages/PyInstaller/hooks/rthooks'
13263 INFO: Including run-time hook 'pyi_rth_multiprocessing.py' from '/Users/ray/Library/Caches/dsr-pet-runtime-20261002/lib/python3.13/site-packages/PyInstaller/hooks/rthooks'
13264 INFO: Including run-time hook 'pyi_rth_pyside6.py' from '/Users/ray/Library/Caches/dsr-pet-runtime-20261002/lib/python3.13/site-packages/PyInstaller/hooks/rthooks'
13265 INFO: Processing pre-find-module-path hook 'hook-_pyi_rth_utils.py' from '/Users/ray/Library/Caches/dsr-pet-runtime-20261002/lib/python3.13/site-packages/PyInstaller/hooks/pre_find_module_path'
13266 INFO: Processing standard module hook 'hook-_pyi_rth_utils.py' from '/Users/ray/Library/Caches/dsr-pet-runtime-20261002/lib/python3.13/site-packages/PyInstaller/hooks'
13278 INFO: Creating base_library.zip...
13289 INFO: Looking for dynamic libraries
13955 INFO: Warnings written to /Users/ray/Documents/New project/dsr-pet/build/.pyinstaller/macos/seeky· pet/warn-seeky· pet.txt
13979 INFO: Graph cross-reference written to /Users/ray/Documents/New project/dsr-pet/build/.pyinstaller/macos/seeky· pet/xref-seeky· pet.html
14226 INFO: checking PYZ
14226 INFO: Building PYZ because PYZ-00.toc is non existent
14226 INFO: Building PYZ (ZlibArchive) /Users/ray/Documents/New project/dsr-pet/build/.pyinstaller/macos/seeky· pet/PYZ-00.pyz
14657 INFO: Building PYZ (ZlibArchive) /Users/ray/Documents/New project/dsr-pet/build/.pyinstaller/macos/seeky· pet/PYZ-00.pyz completed successfully.
14662 INFO: EXE target arch: arm64
14662 INFO: Code signing identity: None
14664 INFO: checking PKG
14664 INFO: Building PKG because PKG-00.toc is non existent
14664 INFO: Building PKG (CArchive) seeky· pet.pkg
14675 INFO: Building PKG (CArchive) seeky· pet.pkg completed successfully.
14676 INFO: Bootloader /Users/ray/Library/Caches/dsr-pet-runtime-20261002/lib/python3.13/site-packages/PyInstaller/bootloader/Darwin-64bit/runw
14676 INFO: checking EXE
14676 INFO: Building EXE because EXE-00.toc is non existent
14676 INFO: Building EXE from EXE-00.toc
14676 INFO: Copying bootloader EXE to /Users/ray/Documents/New project/dsr-pet/build/.pyinstaller/macos/seeky· pet/seeky· pet
14677 INFO: Converting EXE to target arch (arm64)
14742 INFO: Removing signature(s) from EXE
14794 INFO: Modifying Mach-O image UUID(s) in EXE
14810 INFO: Appending PKG archive to EXE
14814 INFO: Fixing EXE headers for code signing
14822 INFO: Rewriting the executable's macOS SDK version (26.2.0) to match the SDK version of the Python library (14.5.0) in order to avoid inconsistent behavior and potential UI issues in the frozen application.
14822 INFO: Re-signing the EXE
14841 INFO: Building EXE from EXE-00.toc completed successfully.
14846 INFO: checking COLLECT
14847 INFO: Building COLLECT because COLLECT-00.toc is non existent
14847 INFO: Removing dir /Users/ray/Library/Caches/dsr-pet-build/macos/seeky· pet
14943 INFO: Building COLLECT COLLECT-00.toc
28178 INFO: Building COLLECT COLLECT-00.toc completed successfully.
28205 INFO: checking BUNDLE
28206 INFO: Building BUNDLE because BUNDLE-00.toc is non existent
28207 INFO: Removing dir /Users/ray/Library/Caches/dsr-pet-build/macos/seeky· pet.app
28328 INFO: Building BUNDLE BUNDLE-00.toc
34367 INFO: Signing the BUNDLE...
39835 INFO: Building BUNDLE BUNDLE-00.toc completed successfully.
39850 INFO: Build complete! The results are available in: /Users/ray/Library/Caches/dsr-pet-build/macos
[encoding-check] 扫描产物目录: /Users/ray/Library/Caches/dsr-pet-build/macos/seeky· pet.app
[encoding-check] PASS: 中文编码检查全部通过（字面量/资源/文件名原样保持 UTF-8）
bridge zero-dependency smoke: import + envelope + source bans OK
[bridge] running zero-dependency import smoke on bundle copy...
[bridge] zero-dependency bundle OK
/Users/ray/Library/Caches/dsr-pet-build/macos/seeky· pet.app: replacing existing signature
macOS 构建完成：/Users/ray/Library/Caches/dsr-pet-build/macos
