QSystemTrayIcon::setVisible: No Icon set
WARNING:root:GUI 卡顿 1325ms state=IDLE anim=待机呼吸休闲 physics=None
WARNING:pet.gui_stall_sampler:GUI 冻结现场（1325ms，13 个采样点，旧→新）：
WARNING:pet.gui_stall_sampler:  [t-1219ms] verify_seeky_multi.py:57:main <- app.py:1703:start <- app.py:1812:_create_ui_with_character_fallback <- app.py:572:_create_ui <- app.py:537:_build_window <- enum.py:695:__call__
WARNING:pet.gui_stall_sampler:  [t-1127ms] app.py:572:_create_ui <- app.py:537:_build_window <- window.py:1132:showEvent <- window.py:1095:_schedule_macos_window_level <- window.py:1090:apply_current_native_window <- platform_mac.py:78:_mac_set_window_level
WARNING:pet.gui_stall_sampler:  [t-1012ms] <frozen importlib._bootstrap>:1360:_find_and_load <- <frozen importlib._bootstrap>:1331:_find_and_load_unlocked <- <frozen importlib._bootstrap>:935:_load_unlocked <- <frozen importlib._bootstrap_external>:1022:exec_module <- <frozen importlib._bootstrap_external>:1118:get_code <- <frozen importlib._bootstrap_external>:1217:get_data
WARNING:pet.gui_stall_sampler:  [t-948ms] verify_seeky_multi.py:113:main <- app.py:2627:spawn_pet <- app.py:2740:spawn_in_process_window <- slot_manager.py:196:acquire_pet_slot <- slot_manager.py:125:_try_acquire_slot_lock <- _local.py:722:mkdir
WARNING:pet.gui_stall_sampler:  [t-897ms] <frozen importlib._bootstrap>:1360:_find_and_load <- <frozen importlib._bootstrap>:1331:_find_and_load_unlocked <- <frozen importlib._bootstrap>:935:_load_unlocked <- <frozen importlib._bootstrap_external>:1022:exec_module <- <frozen importlib._bootstrap_external>:1118:get_code <- <frozen importlib._bootstrap_external>:1218:get_data
WARNING:pet.gui_stall_sampler:  [t-767ms] window.py:1138:showEvent <- window.py:1050:_write_runtime_marker <- window_placement.py:211:write_runtime_marker <- slot_manager.py:596:write_runtime_marker <- _local.py:555:write_text <- _abc.py:651:write_text
WARNING:pet.gui_stall_sampler:  [t-682ms] app.py:2775:spawn_in_process_window <- app.py:2987:_refresh_tray_menu <- app.py:3234:_build_tray <- catalog.py:230:list_available_characters <- _abc.py:465:is_dir <- _local.py:515:stat
WARNING:pet.gui_stall_sampler:  [t-631ms] verify_seeky_multi.py:308:<module> <- verify_seeky_multi.py:244:main
WARNING:root:GUI 卡顿 888ms state=IDLE anim=待机呼吸休闲 physics=None
WARNING:pet.gui_stall_sampler:GUI 冻结现场（888ms，9 个采样点，旧→新）：
WARNING:pet.gui_stall_sampler:  [t-914ms] <frozen importlib._bootstrap>:1360:_find_and_load <- <frozen importlib._bootstrap>:1331:_find_and_load_unlocked <- <frozen importlib._bootstrap>:935:_load_unlocked <- <frozen importlib._bootstrap_external>:1022:exec_module <- <frozen importlib._bootstrap_external>:1118:get_code <- <frozen importlib._bootstrap_external>:1218:get_data
WARNING:pet.gui_stall_sampler:  [t-783ms] window.py:1138:showEvent <- window.py:1050:_write_runtime_marker <- window_placement.py:211:write_runtime_marker <- slot_manager.py:596:write_runtime_marker <- _local.py:555:write_text <- _abc.py:651:write_text
WARNING:pet.gui_stall_sampler:  [t-699ms] app.py:2775:spawn_in_process_window <- app.py:2987:_refresh_tray_menu <- app.py:3234:_build_tray <- catalog.py:230:list_available_characters <- _abc.py:465:is_dir <- _local.py:515:stat
WARNING:pet.gui_stall_sampler:  [t-647ms] verify_seeky_multi.py:308:<module> <- verify_seeky_multi.py:244:main
WARNING:root:GUI 卡顿 793ms state=IDLE anim=待机呼吸休闲 physics=None
WARNING:pet.gui_stall_sampler:GUI 冻结现场（793ms，8 个采样点，旧→新）：
WARNING:pet.gui_stall_sampler:  [t-802ms] window.py:1138:showEvent <- window.py:1050:_write_runtime_marker <- window_placement.py:211:write_runtime_marker <- slot_manager.py:596:write_runtime_marker <- _local.py:555:write_text <- _abc.py:651:write_text
WARNING:pet.gui_stall_sampler:  [t-717ms] app.py:2775:spawn_in_process_window <- app.py:2987:_refresh_tray_menu <- app.py:3234:_build_tray <- catalog.py:230:list_available_characters <- _abc.py:465:is_dir <- _local.py:515:stat
WARNING:pet.gui_stall_sampler:  [t-666ms] verify_seeky_multi.py:308:<module> <- verify_seeky_multi.py:244:main
WARNING:root:GUI 卡顿 125ms state=IDLE anim=待机呼吸休闲 physics=None
WARNING:pet.gui_stall_sampler:GUI 冻结现场（125ms，4 个采样点，旧→新）：
WARNING:pet.gui_stall_sampler:  [t-163ms] verify_seeky_multi.py:308:<module> <- verify_seeky_multi.py:244:main
WARNING:root:GUI 卡顿 126ms state=IDLE anim=待机呼吸休闲 physics=None
WARNING:pet.gui_stall_sampler:GUI 冻结现场（126ms，4 个采样点，旧→新）：
WARNING:pet.gui_stall_sampler:  [t-163ms] verify_seeky_multi.py:308:<module> <- verify_seeky_multi.py:244:main
WARNING:root:GUI 卡顿 126ms state=IDLE anim=待机呼吸休闲 physics=None
WARNING:pet.gui_stall_sampler:GUI 冻结现场（126ms，4 个采样点，旧→新）：
WARNING:pet.gui_stall_sampler:  [t-163ms] verify_seeky_multi.py:308:<module> <- verify_seeky_multi.py:244:main
{'max_first_frame_decoders': 2, 'steady_mib': 1077.8242263793945, 'peak_mib': 1715.8009948730469, 'growth_mib': 447.5313529968262, 'playback': {0: {'fps': 23.28204184959123, 'forward_gaps': 0, 'frames': 1444, 'ten_second_bins': [{'start': 0, 'fps': 23.552415233524417, 'frames': 213}, {'start': 10, 'fps': 23.659859444394318, 'frames': 237}, {'start': 20, 'fps': 23.708108976934824, 'frames': 237}, {'start': 30, 'fps': 23.48525146281, 'frames': 235}, {'start': 40, 'fps': 23.69121116297746, 'frames': 237}, {'start': 50, 'fps': 23.283239091651307, 'frames': 232}, {'start': 60, 'fps': 23.40602931278692, 'frames': 234}, {'start': 70, 'fps': 23.270276234227353, 'frames': 233}, {'start': 80, 'fps': 23.48925918490262, 'frames': 235}, {'start': 90, 'fps': 22.273055622441596, 'frames': 223}]}, 1: {'fps': 23.490463452646384, 'forward_gaps': 0, 'frames': 1457, 'ten_second_bins': [{'start': 0, 'fps': 23.577823499972194, 'frames': 213}, {'start': 10, 'fps': 23.74892278092871, 'frames': 238}, {'start': 20, 'fps': 23.617378370501395, 'frames': 236}, {'start': 30, 'fps': 23.781570787802167, 'frames': 238}, {'start': 40, 'fps': 23.690259890181594, 'frames': 237}, {'start': 50, 'fps': 23.78792460437456, 'frames': 237}, {'start': 60, 'fps': 23.40132774915384, 'frames': 234}, {'start': 70, 'fps': 23.778468947526807, 'frames': 238}, {'start': 80, 'fps': 23.48784453857428, 'frames': 235}, {'start': 90, 'fps': 22.475066722854333, 'frames': 225}]}, 2: {'fps': 23.238951001180517, 'forward_gaps': 0, 'frames': 1440, 'ten_second_bins': [{'start': 0, 'fps': 23.408761565042916, 'frames': 211}, {'start': 10, 'fps': 23.401327749153833, 'frames': 234}, {'start': 20, 'fps': 23.70453700820618, 'frames': 237}, {'start': 30, 'fps': 23.488316068417245, 'frames': 235}, {'start': 40, 'fps': 23.691448993113422, 'frames': 237}, {'start': 50, 'fps': 23.27191020252581, 'frames': 233}, {'start': 60, 'fps': 23.38606070338847, 'frames': 234}, {'start': 70, 'fps': 23.176372192384036, 'frames': 231}, {'start': 80, 'fps': 23.49350414650308, 'frames': 235}, {'start': 90, 'fps': 21.96655867277851, 'frames': 220}]}}, 'queue_drops': 0, 'duplicate_first_images': [], 'lifecycle': {}, 'shared_process_enabled': True, 'source_widths': [2560, 2560, 2560], 'actions': {0: '待机呼吸休闲', 1: '待机呼吸休闲', 2: '待机呼吸休闲'}, 'initial_decode_routes': {0: {'idle_eligible': True, 'broker_active': True, 'feed': False, 'publish': True, 'path': '/Users/ray/Library/Caches/seeky-native-v6/assets/characters_hq/shenshen/videos/idle/待机呼吸休闲.webm'}, 1: {'idle_eligible': True, 'broker_active': True, 'feed': True, 'publish': False, 'path': '/Users/ray/Library/Caches/seeky-native-v6/assets/characters_hq/shenshen/videos/idle/待机呼吸休闲.webm'}, 2: {'idle_eligible': True, 'broker_active': True, 'feed': True, 'publish': False, 'path': '/Users/ray/Library/Caches/seeky-native-v6/assets/characters_hq/shenshen/videos/idle/待机呼吸休闲.webm'}}, 'live_ffmpeg_after_cleanup': []} []
